

================================================================
== Vitis HLS Report for 'AXIvideo2MultiPixStream'
================================================================
* Date:           Wed Jan 21 12:52:47 2026

* Version:        2025.2 (Build 6295257 on Nov 14 2025)
* Project:        prj
* Solution:       sol (Vivado IP Flow Target)
* Product family: zynquplus
* Target device:  xczu2cg-sfvc784-1-e


================================================================
== Performance Estimates
================================================================
+ Timing: 
    * Summary: 
    +--------+---------+----------+------------+
    |  Clock |  Target | Estimated| Uncertainty|
    +--------+---------+----------+------------+
    |ap_clk  |  5.00 ns|  3.177 ns|     1.35 ns|
    +--------+---------+----------+------------+

+ Latency: 
    * Summary: 
    +---------+---------+-----------+----------+------+---------+---------+
    |  Latency (cycles) |  Latency (absolute)  |    Interval    | Pipeline|
    |   min   |   max   |    min    |    max   |  min |   max   |   Type  |
    +---------+---------+-----------+----------+------+---------+---------+
    |     2630|  1046526|  13.150 us|  5.233 ms|  2630|  1046526|       no|
    +---------+---------+-----------+----------+------+---------+---------+

    + Detail: 
        * Instance: 
        +-----------------------------------------------------------------+------------------------------------------------------+---------+---------+-----------+-----------+-----+-----+-------------------+
        |                                                                 |                                                      |  Latency (cycles) |   Latency (absolute)  |  Interval |      Pipeline     |
        |                             Instance                            |                        Module                        |   min   |   max   |    min    |    max    | min | max |        Type       |
        +-----------------------------------------------------------------+------------------------------------------------------+---------+---------+-----------+-----------+-----+-----+-------------------+
        |grp_AXIvideo2MultiPixStream_Pipeline_loop_wait_for_start_fu_150  |AXIvideo2MultiPixStream_Pipeline_loop_wait_for_start  |        2|        2|  10.000 ns|  10.000 ns|    0|    0|  loop pipeline stp|
        |grp_AXIvideo2MultiPixStream_Pipeline_loop_width_fu_170           |AXIvideo2MultiPixStream_Pipeline_loop_width           |       35|      963|   0.175 us|   4.815 us|    0|    0|  loop pipeline stp|
        |grp_AXIvideo2MultiPixStream_Pipeline_loop_wait_for_eol_fu_199    |AXIvideo2MultiPixStream_Pipeline_loop_wait_for_eol    |        2|        2|  10.000 ns|  10.000 ns|    0|    0|  loop pipeline stp|
        |grp_reg_unsigned_short_s_fu_233                                  |reg_unsigned_short_s                                  |        1|        1|   5.000 ns|   5.000 ns|    1|    1|                yes|
        |grp_reg_unsigned_short_s_fu_239                                  |reg_unsigned_short_s                                  |        1|        1|   5.000 ns|   5.000 ns|    1|    1|                yes|
        +-----------------------------------------------------------------+------------------------------------------------------+---------+---------+-----------+-----------+-----+-----+-------------------+

        * Loop: 
        +---------------+---------+---------+----------+-----------+-----------+-----------+----------+
        |               |  Latency (cycles) | Iteration|  Initiation Interval  |    Trip   |          |
        |   Loop Name   |   min   |   max   |  Latency |  achieved |   target  |   Count   | Pipelined|
        +---------------+---------+---------+----------+-----------+-----------+-----------+----------+
        |- loop_height  |     2624|  1046520|  41 ~ 969|          -|          -|  64 ~ 1080|        no|
        +---------------+---------+---------+----------+-----------+-----------+-----------+----------+

============================================================
+ Verbose Summary: Synthesis Manager
============================================================
InlineROM: 1
ExposeGlobal: 0
============================================================
+ Verbose Summary: CDFG Model
============================================================
IsTopModel: 0
ResetActiveHigh: 1
IsCombinational: 2
IsDatapathOnly: 0
HasWiredReturn: 1
HasMFsm: 0
HasVarLatency: 1
IsPipeline: 0
IsRtlPipelined: 0
IsInstanceOverlapped: 0
IsDontTouch: 0
HasImplIP: 0
IsGatedGlobalClock: 0


============================================================
+ Verbose Summary: Schedule
============================================================
* Number of FSM states : 8
* Pipeline : 0
* Dataflow Pipeline: 0

* FSM state transitions: 
1 --> 2 
2 --> 3 
3 --> 4 
4 --> 5 
5 --> 6 
6 --> 7 
7 --> 8 
8 --> 5 

* FSM state operations: 

State 1 <SV = 0> <Delay = 0.48>
ST_1 : Operation 9 [1/1] (0.00ns)   --->   "%i = alloca i32 1" [C:/TFG_Vivado/vivado/axu2cga_trd.runs/bd_d92b_csc_0_synth_1/prj/sol/.autopilot/db/v_csc.cpp:541->C:/TFG_Vivado/vivado/axu2cga_trd.runs/bd_d92b_csc_0_synth_1/prj/sol/.autopilot/db/v_csc.cpp:446]   --->   Operation 9 'alloca' 'i' <Predicate = true> <Delay = 0.00>
ST_1 : Operation 10 [1/1] (0.00ns)   --->   "%p_0_0_0_0179416_lcssa432_i = alloca i32 1"   --->   Operation 10 'alloca' 'p_0_0_0_0179416_lcssa432_i' <Predicate = true> <Delay = 0.00>
ST_1 : Operation 11 [1/1] (0.00ns)   --->   "%p_0_0_0_0179415_i_loc = alloca i64 1"   --->   Operation 11 'alloca' 'p_0_0_0_0179415_i_loc' <Predicate = true> <Delay = 0.00>
ST_1 : Operation 12 [1/1] (0.00ns)   --->   "%p_4_0_0_0187424_i_loc = alloca i64 1"   --->   Operation 12 'alloca' 'p_4_0_0_0187424_i_loc' <Predicate = true> <Delay = 0.00>
ST_1 : Operation 13 [1/1] (0.00ns)   --->   "%axi_last_loc = alloca i64 1"   --->   Operation 13 'alloca' 'axi_last_loc' <Predicate = true> <Delay = 0.00>
ST_1 : Operation 14 [1/1] (0.48ns)   --->   "%store_ln541 = store i11 0, i11 %i" [C:/TFG_Vivado/vivado/axu2cga_trd.runs/bd_d92b_csc_0_synth_1/prj/sol/.autopilot/db/v_csc.cpp:541->C:/TFG_Vivado/vivado/axu2cga_trd.runs/bd_d92b_csc_0_synth_1/prj/sol/.autopilot/db/v_csc.cpp:446]   --->   Operation 14 'store' 'store_ln541' <Predicate = true> <Delay = 0.48>

State 2 <SV = 1> <Delay = 0.62>
ST_2 : Operation 15 [2/2] (0.62ns)   --->   "%call_ln0 = call void @AXIvideo2MultiPixStream_Pipeline_loop_wait_for_start, i48 %s_axis_video_V_data_V, i6 %s_axis_video_V_keep_V, i6 %s_axis_video_V_strb_V, i1 %s_axis_video_V_user_V, i1 %s_axis_video_V_last_V, i1 %s_axis_video_V_id_V, i1 %s_axis_video_V_dest_V, i1 %axi_last_loc, i48 %p_0_0_0_0179416_lcssa432_i"   --->   Operation 15 'call' 'call_ln0' <Predicate = true> <Delay = 0.62> <CoreType = "Generic">   --->   Generic Core

State 3 <SV = 2> <Delay = 0.97>
ST_3 : Operation 16 [1/1] (0.00ns)   --->   "%height_read = read i16 @_ssdm_op_Read.ap_auto.i16P0A, i16 %height" [C:/TFG_Vivado/vivado/axu2cga_trd.runs/bd_d92b_csc_0_synth_1/prj/sol/.autopilot/db/v_csc.cpp:372]   --->   Operation 16 'read' 'height_read' <Predicate = true> <Delay = 0.00>
ST_3 : Operation 17 [1/1] (0.00ns)   --->   "%trunc_ln371 = trunc i16 %height_read" [C:/TFG_Vivado/vivado/axu2cga_trd.runs/bd_d92b_csc_0_synth_1/prj/sol/.autopilot/db/v_csc.cpp:371]   --->   Operation 17 'trunc' 'trunc_ln371' <Predicate = true> <Delay = 0.00>
ST_3 : Operation 18 [1/1] (0.00ns)   --->   "%width_read = read i16 @_ssdm_op_Read.ap_auto.i16P0A, i16 %width" [C:/TFG_Vivado/vivado/axu2cga_trd.runs/bd_d92b_csc_0_synth_1/prj/sol/.autopilot/db/v_csc.cpp:371]   --->   Operation 18 'read' 'width_read' <Predicate = true> <Delay = 0.00>
ST_3 : Operation 19 [1/1] (0.00ns)   --->   "%trunc_ln369 = trunc i16 %width_read" [C:/TFG_Vivado/vivado/axu2cga_trd.runs/bd_d92b_csc_0_synth_1/prj/sol/.autopilot/db/v_csc.cpp:369]   --->   Operation 19 'trunc' 'trunc_ln369' <Predicate = true> <Delay = 0.00>
ST_3 : Operation 20 [2/2] (0.00ns)   --->   "%tmp = call i11 @reg<unsigned short>, i11 %trunc_ln371" [C:/TFG_Vivado/vivado/axu2cga_trd.runs/bd_d92b_csc_0_synth_1/prj/sol/.autopilot/db/v_csc.cpp:520->C:/TFG_Vivado/vivado/axu2cga_trd.runs/bd_d92b_csc_0_synth_1/prj/sol/.autopilot/db/v_csc.cpp:446]   --->   Operation 20 'call' 'tmp' <Predicate = true> <Delay = 0.00> <CoreType = "Generic">   --->   Generic Core
ST_3 : Operation 21 [2/2] (0.00ns)   --->   "%cols = call i11 @reg<unsigned short>, i11 %trunc_ln369" [C:/TFG_Vivado/vivado/axu2cga_trd.runs/bd_d92b_csc_0_synth_1/prj/sol/.autopilot/db/v_csc.cpp:521->C:/TFG_Vivado/vivado/axu2cga_trd.runs/bd_d92b_csc_0_synth_1/prj/sol/.autopilot/db/v_csc.cpp:446]   --->   Operation 21 'call' 'cols' <Predicate = true> <Delay = 0.00> <CoreType = "Generic">   --->   Generic Core
ST_3 : Operation 22 [1/2] (0.97ns)   --->   "%call_ln0 = call void @AXIvideo2MultiPixStream_Pipeline_loop_wait_for_start, i48 %s_axis_video_V_data_V, i6 %s_axis_video_V_keep_V, i6 %s_axis_video_V_strb_V, i1 %s_axis_video_V_user_V, i1 %s_axis_video_V_last_V, i1 %s_axis_video_V_id_V, i1 %s_axis_video_V_dest_V, i1 %axi_last_loc, i48 %p_0_0_0_0179416_lcssa432_i"   --->   Operation 22 'call' 'call_ln0' <Predicate = true> <Delay = 0.97> <CoreType = "Generic">   --->   Generic Core

State 4 <SV = 3> <Delay = 0.48>
ST_4 : Operation 23 [1/1] (0.00ns)   --->   "%specaxissidechannel_ln0 = specaxissidechannel void @_ssdm_op_SpecAXISSideChannel, i48 %s_axis_video_V_data_V, i6 %s_axis_video_V_keep_V, i6 %s_axis_video_V_strb_V, i1 %s_axis_video_V_user_V, i1 %s_axis_video_V_last_V, i1 %s_axis_video_V_id_V, i1 %s_axis_video_V_dest_V, void @empty_36"   --->   Operation 23 'specaxissidechannel' 'specaxissidechannel_ln0' <Predicate = true> <Delay = 0.00>
ST_4 : Operation 24 [1/1] (0.00ns)   --->   "%specstablecontent_ln0 = specstablecontent void @_ssdm_op_SpecStableContent, i16 %height, i1 1, void "   --->   Operation 24 'specstablecontent' 'specstablecontent_ln0' <Predicate = true> <Delay = 0.00>
ST_4 : Operation 25 [1/1] (0.00ns)   --->   "%specstablecontent_ln0 = specstablecontent void @_ssdm_op_SpecStableContent, i16 %width, i1 1, void "   --->   Operation 25 'specstablecontent' 'specstablecontent_ln0' <Predicate = true> <Delay = 0.00>
ST_4 : Operation 26 [1/1] (0.00ns)   --->   "%specstablecontent_ln0 = specstablecontent void @_ssdm_op_SpecStableContent, i8 %InVideoFormat, i1 1, void "   --->   Operation 26 'specstablecontent' 'specstablecontent_ln0' <Predicate = true> <Delay = 0.00>
ST_4 : Operation 27 [1/1] (0.00ns)   --->   "%specinterface_ln0 = specinterface void @_ssdm_op_SpecInterface, i48 %stream_in, void @empty_34, i32 0, i32 0, void @empty_49, i32 0, i32 0, void @empty_49, void @empty_49, void @empty_49, i32 0, i32 0, i32 0, i32 0, void @empty_49, void @empty_49, i32 4294967295, i32 0, i32 0, i32 0"   --->   Operation 27 'specinterface' 'specinterface_ln0' <Predicate = true> <Delay = 0.00>
ST_4 : Operation 28 [1/1] (0.00ns)   --->   "%specinterface_ln0 = specinterface void @_ssdm_op_SpecInterface, i1 %s_axis_video_V_dest_V, i1 %s_axis_video_V_id_V, i1 %s_axis_video_V_last_V, i1 %s_axis_video_V_user_V, i6 %s_axis_video_V_strb_V, i6 %s_axis_video_V_keep_V, i48 %s_axis_video_V_data_V, void @empty_8, i32 1, i32 1, void @empty_48, i32 0, i32 0, void @empty_49, void @empty_49, void @empty_49, i32 0, i32 0, i32 0, i32 0, void @empty_49, void @empty_49, i32 4294967295, i32 0, i32 0, i32 0"   --->   Operation 28 'specinterface' 'specinterface_ln0' <Predicate = true> <Delay = 0.00>
ST_4 : Operation 29 [1/1] (0.00ns)   --->   "%InVideoFormat_read = read i8 @_ssdm_op_Read.ap_auto.i8P0A, i8 %InVideoFormat" [C:/TFG_Vivado/vivado/axu2cga_trd.runs/bd_d92b_csc_0_synth_1/prj/sol/.autopilot/db/v_csc.cpp:369]   --->   Operation 29 'read' 'InVideoFormat_read' <Predicate = true> <Delay = 0.00>
ST_4 : Operation 30 [1/2] (0.00ns)   --->   "%tmp = call i11 @reg<unsigned short>, i11 %trunc_ln371" [C:/TFG_Vivado/vivado/axu2cga_trd.runs/bd_d92b_csc_0_synth_1/prj/sol/.autopilot/db/v_csc.cpp:520->C:/TFG_Vivado/vivado/axu2cga_trd.runs/bd_d92b_csc_0_synth_1/prj/sol/.autopilot/db/v_csc.cpp:446]   --->   Operation 30 'call' 'tmp' <Predicate = true> <Delay = 0.00> <CoreType = "Generic">   --->   Generic Core
ST_4 : Operation 31 [1/2] (0.00ns)   --->   "%cols = call i11 @reg<unsigned short>, i11 %trunc_ln369" [C:/TFG_Vivado/vivado/axu2cga_trd.runs/bd_d92b_csc_0_synth_1/prj/sol/.autopilot/db/v_csc.cpp:521->C:/TFG_Vivado/vivado/axu2cga_trd.runs/bd_d92b_csc_0_synth_1/prj/sol/.autopilot/db/v_csc.cpp:446]   --->   Operation 31 'call' 'cols' <Predicate = true> <Delay = 0.00> <CoreType = "Generic">   --->   Generic Core
ST_4 : Operation 32 [1/1] (0.00ns)   --->   "%fence_ln531 = fence void @_ssdm_op_Fence, i48 %s_axis_video_V_data_V, i6 %s_axis_video_V_keep_V, i6 %s_axis_video_V_strb_V, i1 %s_axis_video_V_user_V, i1 %s_axis_video_V_last_V, i1 %s_axis_video_V_id_V, i1 %s_axis_video_V_dest_V, i32 4294967295, i48 %s_axis_video_V_data_V, i6 %s_axis_video_V_keep_V, i6 %s_axis_video_V_strb_V, i1 %s_axis_video_V_user_V, i1 %s_axis_video_V_last_V, i1 %s_axis_video_V_id_V, i1 %s_axis_video_V_dest_V, i48 %stream_in, i32 0" [C:/TFG_Vivado/vivado/axu2cga_trd.runs/bd_d92b_csc_0_synth_1/prj/sol/.autopilot/db/v_csc.cpp:531->C:/TFG_Vivado/vivado/axu2cga_trd.runs/bd_d92b_csc_0_synth_1/prj/sol/.autopilot/db/v_csc.cpp:446]   --->   Operation 32 'fence' 'fence_ln531' <Predicate = true> <Delay = 0.00>
ST_4 : Operation 33 [1/1] (0.00ns)   --->   "%axi_last_loc_load = load i1 %axi_last_loc"   --->   Operation 33 'load' 'axi_last_loc_load' <Predicate = true> <Delay = 0.00>
ST_4 : Operation 34 [1/1] (0.00ns)   --->   "%trunc_ln = partselect i10 @_ssdm_op_PartSelect.i10.i11.i32.i32, i11 %cols, i32 1, i32 10" [C:/TFG_Vivado/vivado/axu2cga_trd.runs/bd_d92b_csc_0_synth_1/prj/sol/.autopilot/db/v_csc.cpp:531->C:/TFG_Vivado/vivado/axu2cga_trd.runs/bd_d92b_csc_0_synth_1/prj/sol/.autopilot/db/v_csc.cpp:446]   --->   Operation 34 'partselect' 'trunc_ln' <Predicate = true> <Delay = 0.00>
ST_4 : Operation 35 [1/1] (0.48ns)   --->   "%br_ln541 = br void %loop_width.i" [C:/TFG_Vivado/vivado/axu2cga_trd.runs/bd_d92b_csc_0_synth_1/prj/sol/.autopilot/db/v_csc.cpp:541->C:/TFG_Vivado/vivado/axu2cga_trd.runs/bd_d92b_csc_0_synth_1/prj/sol/.autopilot/db/v_csc.cpp:446]   --->   Operation 35 'br' 'br_ln541' <Predicate = true> <Delay = 0.48>

State 5 <SV = 4> <Delay = 2.37>
ST_5 : Operation 36 [1/1] (0.00ns)   --->   "%p_4_0_0_0187423_lcssa448_i = phi i1 %axi_last_loc_load, void %newFuncRoot, i1 1, void %for.body16.lr.ph.i"   --->   Operation 36 'phi' 'p_4_0_0_0187423_lcssa448_i' <Predicate = true> <Delay = 0.00>
ST_5 : Operation 37 [1/1] (0.00ns)   --->   "%sof = phi i1 1, void %newFuncRoot, i1 0, void %for.body16.lr.ph.i"   --->   Operation 37 'phi' 'sof' <Predicate = true> <Delay = 0.00>
ST_5 : Operation 38 [1/1] (0.00ns)   --->   "%i_3 = load i11 %i" [C:/TFG_Vivado/vivado/axu2cga_trd.runs/bd_d92b_csc_0_synth_1/prj/sol/.autopilot/db/v_csc.cpp:541->C:/TFG_Vivado/vivado/axu2cga_trd.runs/bd_d92b_csc_0_synth_1/prj/sol/.autopilot/db/v_csc.cpp:446]   --->   Operation 38 'load' 'i_3' <Predicate = true> <Delay = 0.00>
ST_5 : Operation 39 [1/1] (0.94ns)   --->   "%icmp_ln541 = icmp_eq  i11 %i_3, i11 %tmp" [C:/TFG_Vivado/vivado/axu2cga_trd.runs/bd_d92b_csc_0_synth_1/prj/sol/.autopilot/db/v_csc.cpp:541->C:/TFG_Vivado/vivado/axu2cga_trd.runs/bd_d92b_csc_0_synth_1/prj/sol/.autopilot/db/v_csc.cpp:446]   --->   Operation 39 'icmp' 'icmp_ln541' <Predicate = true> <Delay = 0.94> <CoreInst = "Cmp">   --->   Core 9 'Cmp' <Latency = 0> <II = 1> <Delay = 0.94> <FuncUnit> <Opcode : 'seteq' 'setne' 'setle' 'setge' 'setlt' 'setgt'> <InPorts = 2> <OutPorts = 1>
ST_5 : Operation 40 [1/1] (0.00ns)   --->   "%speclooptripcount_ln0 = speclooptripcount void @_ssdm_op_SpecLoopTripCount, i64 64, i64 1080, i64 0"   --->   Operation 40 'speclooptripcount' 'speclooptripcount_ln0' <Predicate = true> <Delay = 0.00>
ST_5 : Operation 41 [1/1] (0.94ns)   --->   "%i_4 = add i11 %i_3, i11 1" [C:/TFG_Vivado/vivado/axu2cga_trd.runs/bd_d92b_csc_0_synth_1/prj/sol/.autopilot/db/v_csc.cpp:541->C:/TFG_Vivado/vivado/axu2cga_trd.runs/bd_d92b_csc_0_synth_1/prj/sol/.autopilot/db/v_csc.cpp:446]   --->   Operation 41 'add' 'i_4' <Predicate = true> <Delay = 0.94> <CoreInst = "Adder">   --->   Core 1 'Adder' <Latency = 0> <II = 1> <Delay = 0.94> <FuncUnit> <Opcode : 'add' 'sub'> <InPorts = 2> <OutPorts = 1>
ST_5 : Operation 42 [1/1] (0.00ns)   --->   "%br_ln541 = br i1 %icmp_ln541, void %for.body16.lr.ph.i, void %entry.aft.aft.aft.aft.exitStub" [C:/TFG_Vivado/vivado/axu2cga_trd.runs/bd_d92b_csc_0_synth_1/prj/sol/.autopilot/db/v_csc.cpp:541->C:/TFG_Vivado/vivado/axu2cga_trd.runs/bd_d92b_csc_0_synth_1/prj/sol/.autopilot/db/v_csc.cpp:446]   --->   Operation 42 'br' 'br_ln541' <Predicate = true> <Delay = 0.00>
ST_5 : Operation 43 [1/1] (0.00ns)   --->   "%p_0_0_0_0179416_lcssa432_i_load = load i48 %p_0_0_0_0179416_lcssa432_i"   --->   Operation 43 'load' 'p_0_0_0_0179416_lcssa432_i_load' <Predicate = (!icmp_ln541)> <Delay = 0.00>
ST_5 : Operation 44 [2/2] (1.42ns)   --->   "%call_ln369 = call void @AXIvideo2MultiPixStream_Pipeline_loop_width, i1 %p_4_0_0_0187423_lcssa448_i, i48 %p_0_0_0_0179416_lcssa432_i_load, i1 %sof, i8 %InVideoFormat_read, i10 %trunc_ln, i48 %stream_in, i48 %s_axis_video_V_data_V, i6 %s_axis_video_V_keep_V, i6 %s_axis_video_V_strb_V, i1 %s_axis_video_V_user_V, i1 %s_axis_video_V_last_V, i1 %s_axis_video_V_id_V, i1 %s_axis_video_V_dest_V, i1 %p_4_0_0_0187424_i_loc, i48 %p_0_0_0_0179415_i_loc" [C:/TFG_Vivado/vivado/axu2cga_trd.runs/bd_d92b_csc_0_synth_1/prj/sol/.autopilot/db/v_csc.cpp:369]   --->   Operation 44 'call' 'call_ln369' <Predicate = (!icmp_ln541)> <Delay = 1.42> <CoreType = "Generic">   --->   Generic Core
ST_5 : Operation 45 [1/1] (0.48ns)   --->   "%store_ln541 = store i11 %i_4, i11 %i" [C:/TFG_Vivado/vivado/axu2cga_trd.runs/bd_d92b_csc_0_synth_1/prj/sol/.autopilot/db/v_csc.cpp:541->C:/TFG_Vivado/vivado/axu2cga_trd.runs/bd_d92b_csc_0_synth_1/prj/sol/.autopilot/db/v_csc.cpp:446]   --->   Operation 45 'store' 'store_ln541' <Predicate = (!icmp_ln541)> <Delay = 0.48>
ST_5 : Operation 46 [1/1] (0.00ns)   --->   "%ret_ln0 = ret"   --->   Operation 46 'ret' 'ret_ln0' <Predicate = (icmp_ln541)> <Delay = 0.00>

State 6 <SV = 5> <Delay = 0.00>
ST_6 : Operation 47 [1/2] (0.00ns)   --->   "%call_ln369 = call void @AXIvideo2MultiPixStream_Pipeline_loop_width, i1 %p_4_0_0_0187423_lcssa448_i, i48 %p_0_0_0_0179416_lcssa432_i_load, i1 %sof, i8 %InVideoFormat_read, i10 %trunc_ln, i48 %stream_in, i48 %s_axis_video_V_data_V, i6 %s_axis_video_V_keep_V, i6 %s_axis_video_V_strb_V, i1 %s_axis_video_V_user_V, i1 %s_axis_video_V_last_V, i1 %s_axis_video_V_id_V, i1 %s_axis_video_V_dest_V, i1 %p_4_0_0_0187424_i_loc, i48 %p_0_0_0_0179415_i_loc" [C:/TFG_Vivado/vivado/axu2cga_trd.runs/bd_d92b_csc_0_synth_1/prj/sol/.autopilot/db/v_csc.cpp:369]   --->   Operation 47 'call' 'call_ln369' <Predicate = true> <Delay = 0.00> <CoreType = "Generic">   --->   Generic Core

State 7 <SV = 6> <Delay = 0.62>
ST_7 : Operation 48 [1/1] (0.00ns)   --->   "%fence_ln590 = fence void @_ssdm_op_Fence, i48 %s_axis_video_V_data_V, i6 %s_axis_video_V_keep_V, i6 %s_axis_video_V_strb_V, i1 %s_axis_video_V_user_V, i1 %s_axis_video_V_last_V, i1 %s_axis_video_V_id_V, i1 %s_axis_video_V_dest_V, i48 %stream_in, i32 4294967295, i48 %s_axis_video_V_data_V, i6 %s_axis_video_V_keep_V, i6 %s_axis_video_V_strb_V, i1 %s_axis_video_V_user_V, i1 %s_axis_video_V_last_V, i1 %s_axis_video_V_id_V, i1 %s_axis_video_V_dest_V, i32 0" [C:/TFG_Vivado/vivado/axu2cga_trd.runs/bd_d92b_csc_0_synth_1/prj/sol/.autopilot/db/v_csc.cpp:590->C:/TFG_Vivado/vivado/axu2cga_trd.runs/bd_d92b_csc_0_synth_1/prj/sol/.autopilot/db/v_csc.cpp:446]   --->   Operation 48 'fence' 'fence_ln590' <Predicate = true> <Delay = 0.00>
ST_7 : Operation 49 [1/1] (0.00ns)   --->   "%p_4_0_0_0187424_i_loc_load = load i1 %p_4_0_0_0187424_i_loc"   --->   Operation 49 'load' 'p_4_0_0_0187424_i_loc_load' <Predicate = true> <Delay = 0.00>
ST_7 : Operation 50 [1/1] (0.00ns)   --->   "%p_0_0_0_0179415_i_loc_load = load i48 %p_0_0_0_0179415_i_loc"   --->   Operation 50 'load' 'p_0_0_0_0179415_i_loc_load' <Predicate = true> <Delay = 0.00>
ST_7 : Operation 51 [1/1] (0.00ns)   --->   "%fence_ln590 = fence void @_ssdm_op_Fence, i48 %s_axis_video_V_data_V, i6 %s_axis_video_V_keep_V, i6 %s_axis_video_V_strb_V, i1 %s_axis_video_V_user_V, i1 %s_axis_video_V_last_V, i1 %s_axis_video_V_id_V, i1 %s_axis_video_V_dest_V, i48 %stream_in, i32 4294967295, i48 %s_axis_video_V_data_V, i6 %s_axis_video_V_keep_V, i6 %s_axis_video_V_strb_V, i1 %s_axis_video_V_user_V, i1 %s_axis_video_V_last_V, i1 %s_axis_video_V_id_V, i1 %s_axis_video_V_dest_V, i32 0" [C:/TFG_Vivado/vivado/axu2cga_trd.runs/bd_d92b_csc_0_synth_1/prj/sol/.autopilot/db/v_csc.cpp:590->C:/TFG_Vivado/vivado/axu2cga_trd.runs/bd_d92b_csc_0_synth_1/prj/sol/.autopilot/db/v_csc.cpp:446]   --->   Operation 51 'fence' 'fence_ln590' <Predicate = true> <Delay = 0.00>
ST_7 : Operation 52 [2/2] (0.62ns)   --->   "%call_ln0 = call void @AXIvideo2MultiPixStream_Pipeline_loop_wait_for_eol, i1 %p_4_0_0_0187424_i_loc_load, i48 %p_0_0_0_0179415_i_loc_load, i48 %s_axis_video_V_data_V, i6 %s_axis_video_V_keep_V, i6 %s_axis_video_V_strb_V, i1 %s_axis_video_V_user_V, i1 %s_axis_video_V_last_V, i1 %s_axis_video_V_id_V, i1 %s_axis_video_V_dest_V, i48 %p_0_0_0_0179416_lcssa432_i"   --->   Operation 52 'call' 'call_ln0' <Predicate = true> <Delay = 0.62> <CoreType = "Generic">   --->   Generic Core

State 8 <SV = 7> <Delay = 0.97>
ST_8 : Operation 53 [1/1] (0.00ns)   --->   "%specloopname_ln541 = specloopname void @_ssdm_op_SpecLoopName, void @empty_1" [C:/TFG_Vivado/vivado/axu2cga_trd.runs/bd_d92b_csc_0_synth_1/prj/sol/.autopilot/db/v_csc.cpp:541->C:/TFG_Vivado/vivado/axu2cga_trd.runs/bd_d92b_csc_0_synth_1/prj/sol/.autopilot/db/v_csc.cpp:446]   --->   Operation 53 'specloopname' 'specloopname_ln541' <Predicate = true> <Delay = 0.00>
ST_8 : Operation 54 [1/2] (0.97ns)   --->   "%call_ln0 = call void @AXIvideo2MultiPixStream_Pipeline_loop_wait_for_eol, i1 %p_4_0_0_0187424_i_loc_load, i48 %p_0_0_0_0179415_i_loc_load, i48 %s_axis_video_V_data_V, i6 %s_axis_video_V_keep_V, i6 %s_axis_video_V_strb_V, i1 %s_axis_video_V_user_V, i1 %s_axis_video_V_last_V, i1 %s_axis_video_V_id_V, i1 %s_axis_video_V_dest_V, i48 %p_0_0_0_0179416_lcssa432_i"   --->   Operation 54 'call' 'call_ln0' <Predicate = true> <Delay = 0.97> <CoreType = "Generic">   --->   Generic Core
ST_8 : Operation 55 [1/1] (0.00ns)   --->   "%br_ln541 = br void %loop_width.i" [C:/TFG_Vivado/vivado/axu2cga_trd.runs/bd_d92b_csc_0_synth_1/prj/sol/.autopilot/db/v_csc.cpp:541->C:/TFG_Vivado/vivado/axu2cga_trd.runs/bd_d92b_csc_0_synth_1/prj/sol/.autopilot/db/v_csc.cpp:446]   --->   Operation 55 'br' 'br_ln541' <Predicate = true> <Delay = 0.00>


============================================================
+ Verbose Summary: Binding
============================================================
STG Binding: 
---------------- STG Properties BEGIN ----------------
- Is combinational: 0
- Is one-state seq: 0
- Is datapath-only: 0
- Is pipelined: 0
- Is top level: 0
Port [ Return ] is wired: 1; IO mode=ap_ctrl_hs:ce=0
Port [ height]:  wired=1; compound=0; hidden=0; nouse=0; global=0; static=0; extern=0; dir=0; type=0; pingpong=0; private_global=0; IO mode=ap_none:ce=0
Port [ width]:  wired=1; compound=0; hidden=0; nouse=0; global=0; static=0; extern=0; dir=0; type=0; pingpong=0; private_global=0; IO mode=ap_none:ce=0
Port [ InVideoFormat]:  wired=1; compound=0; hidden=0; nouse=0; global=0; static=0; extern=0; dir=0; type=0; pingpong=0; private_global=0; IO mode=ap_none:ce=0
Port [ s_axis_video_V_data_V]:  wired=1; compound=1; hidden=0; nouse=0; global=0; static=0; extern=0; dir=0; type=0; pingpong=0; private_global=0; IO mode=axis:ce=0
Port [ s_axis_video_V_keep_V]:  wired=1; compound=1; hidden=0; nouse=0; global=0; static=0; extern=0; dir=0; type=0; pingpong=0; private_global=0; IO mode=axis:ce=0
Port [ s_axis_video_V_strb_V]:  wired=1; compound=1; hidden=0; nouse=0; global=0; static=0; extern=0; dir=0; type=0; pingpong=0; private_global=0; IO mode=axis:ce=0
Port [ s_axis_video_V_user_V]:  wired=1; compound=1; hidden=0; nouse=0; global=0; static=0; extern=0; dir=0; type=0; pingpong=0; private_global=0; IO mode=axis:ce=0
Port [ s_axis_video_V_last_V]:  wired=1; compound=1; hidden=0; nouse=0; global=0; static=0; extern=0; dir=0; type=0; pingpong=0; private_global=0; IO mode=axis:ce=0
Port [ s_axis_video_V_id_V]:  wired=1; compound=1; hidden=0; nouse=0; global=0; static=0; extern=0; dir=0; type=0; pingpong=0; private_global=0; IO mode=axis:ce=0
Port [ s_axis_video_V_dest_V]:  wired=1; compound=1; hidden=0; nouse=0; global=0; static=0; extern=0; dir=0; type=0; pingpong=0; private_global=0; IO mode=axis:ce=0
Port [ stream_in]:  wired=1; compound=1; hidden=0; nouse=0; global=0; static=0; extern=0; dir=1; type=3; pingpong=0; private_global=0; IO mode=ap_fifo:ce=0
---------------- STG Properties END ------------------

---------------- Datapath Model BEGIN ----------------

<LifeTime>
<method=bitvector/>
i                               (alloca             ) [ 011111111]
p_0_0_0_0179416_lcssa432_i      (alloca             ) [ 001111111]
p_0_0_0_0179415_i_loc           (alloca             ) [ 001111111]
p_4_0_0_0187424_i_loc           (alloca             ) [ 001111111]
axi_last_loc                    (alloca             ) [ 001110000]
store_ln541                     (store              ) [ 000000000]
height_read                     (read               ) [ 000000000]
trunc_ln371                     (trunc              ) [ 000000000]
width_read                      (read               ) [ 000000000]
trunc_ln369                     (trunc              ) [ 000000000]
call_ln0                        (call               ) [ 000000000]
specaxissidechannel_ln0         (specaxissidechannel) [ 000000000]
specstablecontent_ln0           (specstablecontent  ) [ 000000000]
specstablecontent_ln0           (specstablecontent  ) [ 000000000]
specstablecontent_ln0           (specstablecontent  ) [ 000000000]
specinterface_ln0               (specinterface      ) [ 000000000]
specinterface_ln0               (specinterface      ) [ 000000000]
InVideoFormat_read              (read               ) [ 000001111]
tmp                             (call               ) [ 000001111]
cols                            (call               ) [ 000000000]
fence_ln531                     (fence              ) [ 000000000]
axi_last_loc_load               (load               ) [ 000011111]
trunc_ln                        (partselect         ) [ 000001111]
br_ln541                        (br                 ) [ 000011111]
p_4_0_0_0187423_lcssa448_i      (phi                ) [ 000001100]
sof                             (phi                ) [ 000001100]
i_3                             (load               ) [ 000000000]
icmp_ln541                      (icmp               ) [ 000001111]
speclooptripcount_ln0           (speclooptripcount  ) [ 000000000]
i_4                             (add                ) [ 000000000]
br_ln541                        (br                 ) [ 000000000]
p_0_0_0_0179416_lcssa432_i_load (load               ) [ 000000100]
store_ln541                     (store              ) [ 000000000]
ret_ln0                         (ret                ) [ 000000000]
call_ln369                      (call               ) [ 000000000]
fence_ln590                     (fence              ) [ 000000000]
p_4_0_0_0187424_i_loc_load      (load               ) [ 000000001]
p_0_0_0_0179415_i_loc_load      (load               ) [ 000000001]
fence_ln590                     (fence              ) [ 000000000]
specloopname_ln541              (specloopname       ) [ 000000000]
call_ln0                        (call               ) [ 000000000]
br_ln541                        (br                 ) [ 000011111]
</LifeTime>

<model>

<comp_list>
<comp id="0" class="1000" name="height">
<pin_list>
<pin id="1" dir="1" index="0" bw="1" slack="0"/>
</pin_list>
<bind>
<StgValue><ssdm name="height"/></StgValue>
</bind>
</comp>

<comp id="2" class="1000" name="width">
<pin_list>
<pin id="3" dir="1" index="0" bw="1" slack="0"/>
</pin_list>
<bind>
<StgValue><ssdm name="width"/></StgValue>
</bind>
</comp>

<comp id="4" class="1000" name="InVideoFormat">
<pin_list>
<pin id="5" dir="1" index="0" bw="1" slack="0"/>
</pin_list>
<bind>
<StgValue><ssdm name="InVideoFormat"/></StgValue>
</bind>
</comp>

<comp id="6" class="1000" name="s_axis_video_V_data_V">
<pin_list>
<pin id="7" dir="1" index="0" bw="1" slack="0"/>
</pin_list>
<bind>
<StgValue><ssdm name="s_axis_video_V_data_V"/></StgValue>
</bind>
</comp>

<comp id="8" class="1000" name="s_axis_video_V_keep_V">
<pin_list>
<pin id="9" dir="1" index="0" bw="1" slack="0"/>
</pin_list>
<bind>
<StgValue><ssdm name="s_axis_video_V_keep_V"/></StgValue>
</bind>
</comp>

<comp id="10" class="1000" name="s_axis_video_V_strb_V">
<pin_list>
<pin id="11" dir="1" index="0" bw="1" slack="0"/>
</pin_list>
<bind>
<StgValue><ssdm name="s_axis_video_V_strb_V"/></StgValue>
</bind>
</comp>

<comp id="12" class="1000" name="s_axis_video_V_user_V">
<pin_list>
<pin id="13" dir="1" index="0" bw="1" slack="0"/>
</pin_list>
<bind>
<StgValue><ssdm name="s_axis_video_V_user_V"/></StgValue>
</bind>
</comp>

<comp id="14" class="1000" name="s_axis_video_V_last_V">
<pin_list>
<pin id="15" dir="1" index="0" bw="1" slack="0"/>
</pin_list>
<bind>
<StgValue><ssdm name="s_axis_video_V_last_V"/></StgValue>
</bind>
</comp>

<comp id="16" class="1000" name="s_axis_video_V_id_V">
<pin_list>
<pin id="17" dir="1" index="0" bw="1" slack="0"/>
</pin_list>
<bind>
<StgValue><ssdm name="s_axis_video_V_id_V"/></StgValue>
</bind>
</comp>

<comp id="18" class="1000" name="s_axis_video_V_dest_V">
<pin_list>
<pin id="19" dir="1" index="0" bw="1" slack="0"/>
</pin_list>
<bind>
<StgValue><ssdm name="s_axis_video_V_dest_V"/></StgValue>
</bind>
</comp>

<comp id="20" class="1000" name="stream_in">
<pin_list>
<pin id="21" dir="1" index="0" bw="1" slack="0"/>
</pin_list>
<bind>
<StgValue><ssdm name="stream_in"/></StgValue>
</bind>
</comp>

<comp id="22" class="1001" name="const_22">
<pin_list>
<pin id="23" dir="1" index="0" bw="1" slack="0"/>
</pin_list>
<bind>
<StgValue><ssdm name=""/></StgValue>
</bind>
</comp>

<comp id="24" class="1001" name="const_24">
<pin_list>
<pin id="25" dir="1" index="0" bw="1" slack="0"/>
</pin_list>
<bind>
<StgValue><ssdm name=""/></StgValue>
</bind>
</comp>

<comp id="26" class="1001" name="const_26">
<pin_list>
<pin id="27" dir="1" index="0" bw="1" slack="0"/>
</pin_list>
<bind>
<StgValue><ssdm name=""/></StgValue>
</bind>
</comp>

<comp id="28" class="1001" name="const_28">
<pin_list>
<pin id="29" dir="1" index="0" bw="1" slack="0"/>
</pin_list>
<bind>
<StgValue><ssdm name="AXIvideo2MultiPixStream_Pipeline_loop_wait_for_start"/></StgValue>
</bind>
</comp>

<comp id="30" class="1001" name="const_30">
<pin_list>
<pin id="31" dir="1" index="0" bw="1" slack="0"/>
</pin_list>
<bind>
<StgValue><ssdm name="_ssdm_op_Read.ap_auto.i16P0A"/></StgValue>
</bind>
</comp>

<comp id="32" class="1001" name="const_32">
<pin_list>
<pin id="33" dir="1" index="0" bw="1" slack="0"/>
</pin_list>
<bind>
<StgValue><ssdm name="reg<unsigned short>"/></StgValue>
</bind>
</comp>

<comp id="34" class="1001" name="const_34">
<pin_list>
<pin id="35" dir="1" index="0" bw="1" slack="2147483647"/>
</pin_list>
<bind>
<StgValue><ssdm name="_ssdm_op_SpecAXISSideChannel"/></StgValue>
</bind>
</comp>

<comp id="36" class="1001" name="const_36">
<pin_list>
<pin id="37" dir="1" index="0" bw="1" slack="2147483647"/>
</pin_list>
<bind>
<StgValue><ssdm name="empty_36"/></StgValue>
</bind>
</comp>

<comp id="38" class="1001" name="const_38">
<pin_list>
<pin id="39" dir="1" index="0" bw="1" slack="2147483647"/>
</pin_list>
<bind>
<StgValue><ssdm name="_ssdm_op_SpecStableContent"/></StgValue>
</bind>
</comp>

<comp id="40" class="1001" name="const_40">
<pin_list>
<pin id="41" dir="1" index="0" bw="1" slack="1"/>
</pin_list>
<bind>
<StgValue><ssdm name=""/></StgValue>
</bind>
</comp>

<comp id="42" class="1001" name="const_42">
<pin_list>
<pin id="43" dir="1" index="0" bw="1" slack="2147483647"/>
</pin_list>
<bind>
<StgValue><ssdm name=""/></StgValue>
</bind>
</comp>

<comp id="44" class="1001" name="const_44">
<pin_list>
<pin id="45" dir="1" index="0" bw="1" slack="2147483647"/>
</pin_list>
<bind>
<StgValue><ssdm name="_ssdm_op_SpecInterface"/></StgValue>
</bind>
</comp>

<comp id="46" class="1001" name="const_46">
<pin_list>
<pin id="47" dir="1" index="0" bw="1" slack="2147483647"/>
</pin_list>
<bind>
<StgValue><ssdm name="empty_34"/></StgValue>
</bind>
</comp>

<comp id="48" class="1001" name="const_48">
<pin_list>
<pin id="49" dir="1" index="0" bw="1" slack="0"/>
</pin_list>
<bind>
<StgValue><ssdm name=""/></StgValue>
</bind>
</comp>

<comp id="50" class="1001" name="const_50">
<pin_list>
<pin id="51" dir="1" index="0" bw="1" slack="2147483647"/>
</pin_list>
<bind>
<StgValue><ssdm name="empty_49"/></StgValue>
</bind>
</comp>

<comp id="52" class="1001" name="const_52">
<pin_list>
<pin id="53" dir="1" index="0" bw="1" slack="0"/>
</pin_list>
<bind>
<StgValue><ssdm name=""/></StgValue>
</bind>
</comp>

<comp id="54" class="1001" name="const_54">
<pin_list>
<pin id="55" dir="1" index="0" bw="1" slack="2147483647"/>
</pin_list>
<bind>
<StgValue><ssdm name="empty_8"/></StgValue>
</bind>
</comp>

<comp id="56" class="1001" name="const_56">
<pin_list>
<pin id="57" dir="1" index="0" bw="1" slack="2147483647"/>
</pin_list>
<bind>
<StgValue><ssdm name="empty_48"/></StgValue>
</bind>
</comp>

<comp id="58" class="1001" name="const_58">
<pin_list>
<pin id="59" dir="1" index="0" bw="1" slack="0"/>
</pin_list>
<bind>
<StgValue><ssdm name="_ssdm_op_Read.ap_auto.i8P0A"/></StgValue>
</bind>
</comp>

<comp id="60" class="1001" name="const_60">
<pin_list>
<pin id="61" dir="1" index="0" bw="1" slack="0"/>
</pin_list>
<bind>
<StgValue><ssdm name="_ssdm_op_Fence"/></StgValue>
</bind>
</comp>

<comp id="62" class="1001" name="const_62">
<pin_list>
<pin id="63" dir="1" index="0" bw="1" slack="0"/>
</pin_list>
<bind>
<StgValue><ssdm name="_ssdm_op_PartSelect.i10.i11.i32.i32"/></StgValue>
</bind>
</comp>

<comp id="64" class="1001" name="const_64">
<pin_list>
<pin id="65" dir="1" index="0" bw="1" slack="0"/>
</pin_list>
<bind>
<StgValue><ssdm name=""/></StgValue>
</bind>
</comp>

<comp id="66" class="1001" name="const_66">
<pin_list>
<pin id="67" dir="1" index="0" bw="1" slack="1"/>
</pin_list>
<bind>
<StgValue><ssdm name=""/></StgValue>
</bind>
</comp>

<comp id="68" class="1001" name="const_68">
<pin_list>
<pin id="69" dir="1" index="0" bw="1" slack="2147483647"/>
</pin_list>
<bind>
<StgValue><ssdm name="_ssdm_op_SpecLoopTripCount"/></StgValue>
</bind>
</comp>

<comp id="70" class="1001" name="const_70">
<pin_list>
<pin id="71" dir="1" index="0" bw="1" slack="2147483647"/>
</pin_list>
<bind>
<StgValue><ssdm name=""/></StgValue>
</bind>
</comp>

<comp id="72" class="1001" name="const_72">
<pin_list>
<pin id="73" dir="1" index="0" bw="1" slack="2147483647"/>
</pin_list>
<bind>
<StgValue><ssdm name=""/></StgValue>
</bind>
</comp>

<comp id="74" class="1001" name="const_74">
<pin_list>
<pin id="75" dir="1" index="0" bw="1" slack="2147483647"/>
</pin_list>
<bind>
<StgValue><ssdm name=""/></StgValue>
</bind>
</comp>

<comp id="76" class="1001" name="const_76">
<pin_list>
<pin id="77" dir="1" index="0" bw="1" slack="0"/>
</pin_list>
<bind>
<StgValue><ssdm name=""/></StgValue>
</bind>
</comp>

<comp id="78" class="1001" name="const_78">
<pin_list>
<pin id="79" dir="1" index="0" bw="1" slack="0"/>
</pin_list>
<bind>
<StgValue><ssdm name="AXIvideo2MultiPixStream_Pipeline_loop_width"/></StgValue>
</bind>
</comp>

<comp id="80" class="1001" name="const_80">
<pin_list>
<pin id="81" dir="1" index="0" bw="1" slack="0"/>
</pin_list>
<bind>
<StgValue><ssdm name="AXIvideo2MultiPixStream_Pipeline_loop_wait_for_eol"/></StgValue>
</bind>
</comp>

<comp id="82" class="1001" name="const_82">
<pin_list>
<pin id="83" dir="1" index="0" bw="1" slack="2147483647"/>
</pin_list>
<bind>
<StgValue><ssdm name="_ssdm_op_SpecLoopName"/></StgValue>
</bind>
</comp>

<comp id="84" class="1001" name="const_84">
<pin_list>
<pin id="85" dir="1" index="0" bw="1" slack="2147483647"/>
</pin_list>
<bind>
<StgValue><ssdm name="empty_1"/></StgValue>
</bind>
</comp>

<comp id="86" class="1004" name="i_fu_86">
<pin_list>
<pin id="87" dir="0" index="0" bw="1" slack="0"/>
<pin id="88" dir="1" index="1" bw="11" slack="0"/>
</pin_list>
<bind>
<opcode="alloca(26) " fcode="alloca"/>
<opset="i/1 "/>
</bind>
</comp>

<comp id="90" class="1004" name="p_0_0_0_0179416_lcssa432_i_fu_90">
<pin_list>
<pin id="91" dir="0" index="0" bw="1" slack="0"/>
<pin id="92" dir="1" index="1" bw="48" slack="1"/>
</pin_list>
<bind>
<opcode="alloca(26) " fcode="alloca"/>
<opset="p_0_0_0_0179416_lcssa432_i/1 "/>
</bind>
</comp>

<comp id="94" class="1004" name="p_0_0_0_0179415_i_loc_fu_94">
<pin_list>
<pin id="95" dir="0" index="0" bw="1" slack="0"/>
<pin id="96" dir="1" index="1" bw="48" slack="4"/>
</pin_list>
<bind>
<opcode="alloca(26) " fcode="alloca"/>
<opset="p_0_0_0_0179415_i_loc/1 "/>
</bind>
</comp>

<comp id="98" class="1004" name="p_4_0_0_0187424_i_loc_fu_98">
<pin_list>
<pin id="99" dir="0" index="0" bw="1" slack="0"/>
<pin id="100" dir="1" index="1" bw="1" slack="4"/>
</pin_list>
<bind>
<opcode="alloca(26) " fcode="alloca"/>
<opset="p_4_0_0_0187424_i_loc/1 "/>
</bind>
</comp>

<comp id="102" class="1004" name="axi_last_loc_fu_102">
<pin_list>
<pin id="103" dir="0" index="0" bw="1" slack="0"/>
<pin id="104" dir="1" index="1" bw="1" slack="1"/>
</pin_list>
<bind>
<opcode="alloca(26) " fcode="alloca"/>
<opset="axi_last_loc/1 "/>
</bind>
</comp>

<comp id="106" class="1004" name="height_read_read_fu_106">
<pin_list>
<pin id="107" dir="0" index="0" bw="16" slack="0"/>
<pin id="108" dir="0" index="1" bw="16" slack="0"/>
<pin id="109" dir="1" index="2" bw="16" slack="0"/>
</pin_list>
<bind>
<opcode="read(1150) " fcode="read"/>
<opset="height_read/3 "/>
</bind>
</comp>

<comp id="112" class="1004" name="width_read_read_fu_112">
<pin_list>
<pin id="113" dir="0" index="0" bw="16" slack="0"/>
<pin id="114" dir="0" index="1" bw="16" slack="0"/>
<pin id="115" dir="1" index="2" bw="16" slack="0"/>
</pin_list>
<bind>
<opcode="read(1150) " fcode="read"/>
<opset="width_read/3 "/>
</bind>
</comp>

<comp id="118" class="1004" name="InVideoFormat_read_read_fu_118">
<pin_list>
<pin id="119" dir="0" index="0" bw="8" slack="0"/>
<pin id="120" dir="0" index="1" bw="8" slack="0"/>
<pin id="121" dir="1" index="2" bw="8" slack="1"/>
</pin_list>
<bind>
<opcode="read(1150) " fcode="read"/>
<opset="InVideoFormat_read/4 "/>
</bind>
</comp>

<comp id="124" class="1005" name="p_4_0_0_0187423_lcssa448_i_reg_124">
<pin_list>
<pin id="125" dir="0" index="0" bw="1" slack="1"/>
<pin id="126" dir="1" index="1" bw="1" slack="1"/>
</pin_list>
<bind>
<opset="p_4_0_0_0187423_lcssa448_i (phireg) "/>
</bind>
</comp>

<comp id="128" class="1004" name="p_4_0_0_0187423_lcssa448_i_phi_fu_128">
<pin_list>
<pin id="129" dir="0" index="0" bw="1" slack="2147483647"/>
<pin id="130" dir="0" index="1" bw="0" slack="2147483647"/>
<pin id="131" dir="0" index="2" bw="1" slack="1"/>
<pin id="132" dir="0" index="3" bw="0" slack="2147483647"/>
<pin id="133" dir="1" index="4" bw="1" slack="0"/>
</pin_list>
<bind>
<opcode="phi(47) " fcode="phi"/>
<opset="p_4_0_0_0187423_lcssa448_i/5 "/>
</bind>
</comp>

<comp id="136" class="1005" name="sof_reg_136">
<pin_list>
<pin id="137" dir="0" index="0" bw="1" slack="1"/>
<pin id="138" dir="1" index="1" bw="1" slack="1"/>
</pin_list>
<bind>
<opset="sof (phireg) "/>
</bind>
</comp>

<comp id="141" class="1004" name="sof_phi_fu_141">
<pin_list>
<pin id="142" dir="0" index="0" bw="1" slack="1"/>
<pin id="143" dir="0" index="1" bw="0" slack="2147483647"/>
<pin id="144" dir="0" index="2" bw="1" slack="1"/>
<pin id="145" dir="0" index="3" bw="0" slack="2147483647"/>
<pin id="146" dir="1" index="4" bw="1" slack="0"/>
</pin_list>
<bind>
<opcode="phi(47) " fcode="phi"/>
<opset="sof/5 "/>
</bind>
</comp>

<comp id="150" class="1004" name="grp_AXIvideo2MultiPixStream_Pipeline_loop_wait_for_start_fu_150">
<pin_list>
<pin id="151" dir="0" index="0" bw="0" slack="0"/>
<pin id="152" dir="0" index="1" bw="48" slack="0"/>
<pin id="153" dir="0" index="2" bw="6" slack="0"/>
<pin id="154" dir="0" index="3" bw="6" slack="0"/>
<pin id="155" dir="0" index="4" bw="1" slack="0"/>
<pin id="156" dir="0" index="5" bw="1" slack="0"/>
<pin id="157" dir="0" index="6" bw="1" slack="0"/>
<pin id="158" dir="0" index="7" bw="1" slack="0"/>
<pin id="159" dir="0" index="8" bw="1" slack="1"/>
<pin id="160" dir="0" index="9" bw="48" slack="1"/>
<pin id="161" dir="1" index="10" bw="0" slack="2147483647"/>
</pin_list>
<bind>
<opcode="call(48) " fcode="call"/>
<opset="call_ln0/2 "/>
</bind>
</comp>

<comp id="170" class="1004" name="grp_AXIvideo2MultiPixStream_Pipeline_loop_width_fu_170">
<pin_list>
<pin id="171" dir="0" index="0" bw="0" slack="0"/>
<pin id="172" dir="0" index="1" bw="1" slack="0"/>
<pin id="173" dir="0" index="2" bw="48" slack="0"/>
<pin id="174" dir="0" index="3" bw="1" slack="0"/>
<pin id="175" dir="0" index="4" bw="8" slack="1"/>
<pin id="176" dir="0" index="5" bw="10" slack="1"/>
<pin id="177" dir="0" index="6" bw="48" slack="0"/>
<pin id="178" dir="0" index="7" bw="48" slack="0"/>
<pin id="179" dir="0" index="8" bw="6" slack="0"/>
<pin id="180" dir="0" index="9" bw="6" slack="0"/>
<pin id="181" dir="0" index="10" bw="1" slack="0"/>
<pin id="182" dir="0" index="11" bw="1" slack="0"/>
<pin id="183" dir="0" index="12" bw="1" slack="0"/>
<pin id="184" dir="0" index="13" bw="1" slack="0"/>
<pin id="185" dir="0" index="14" bw="1" slack="4"/>
<pin id="186" dir="0" index="15" bw="48" slack="4"/>
<pin id="187" dir="1" index="16" bw="0" slack="2147483647"/>
</pin_list>
<bind>
<opcode="call(48) " fcode="call"/>
<opset="call_ln369/5 "/>
</bind>
</comp>

<comp id="199" class="1004" name="grp_AXIvideo2MultiPixStream_Pipeline_loop_wait_for_eol_fu_199">
<pin_list>
<pin id="200" dir="0" index="0" bw="0" slack="0"/>
<pin id="201" dir="0" index="1" bw="1" slack="0"/>
<pin id="202" dir="0" index="2" bw="48" slack="0"/>
<pin id="203" dir="0" index="3" bw="48" slack="0"/>
<pin id="204" dir="0" index="4" bw="6" slack="0"/>
<pin id="205" dir="0" index="5" bw="6" slack="0"/>
<pin id="206" dir="0" index="6" bw="1" slack="0"/>
<pin id="207" dir="0" index="7" bw="1" slack="0"/>
<pin id="208" dir="0" index="8" bw="1" slack="0"/>
<pin id="209" dir="0" index="9" bw="1" slack="0"/>
<pin id="210" dir="0" index="10" bw="48" slack="6"/>
<pin id="211" dir="1" index="11" bw="0" slack="2147483647"/>
</pin_list>
<bind>
<opcode="call(48) " fcode="call"/>
<opset="call_ln0/7 "/>
</bind>
</comp>

<comp id="220" class="1004" name="store_ln541_store_fu_220">
<pin_list>
<pin id="221" dir="0" index="0" bw="1" slack="0"/>
<pin id="222" dir="0" index="1" bw="11" slack="0"/>
<pin id="223" dir="1" index="2" bw="0" slack="2147483647"/>
</pin_list>
<bind>
<opcode="store(28) " fcode="store"/>
<opset="store_ln541/1 "/>
</bind>
</comp>

<comp id="225" class="1004" name="trunc_ln371_fu_225">
<pin_list>
<pin id="226" dir="0" index="0" bw="16" slack="0"/>
<pin id="227" dir="1" index="1" bw="11" slack="0"/>
</pin_list>
<bind>
<opcode="trunc(33) " fcode="trunc"/>
<opset="trunc_ln371/3 "/>
</bind>
</comp>

<comp id="229" class="1004" name="trunc_ln369_fu_229">
<pin_list>
<pin id="230" dir="0" index="0" bw="16" slack="0"/>
<pin id="231" dir="1" index="1" bw="11" slack="0"/>
</pin_list>
<bind>
<opcode="trunc(33) " fcode="trunc"/>
<opset="trunc_ln369/3 "/>
</bind>
</comp>

<comp id="233" class="1004" name="grp_reg_unsigned_short_s_fu_233">
<pin_list>
<pin id="234" dir="0" index="0" bw="11" slack="0"/>
<pin id="235" dir="0" index="1" bw="11" slack="0"/>
<pin id="236" dir="1" index="2" bw="11" slack="1"/>
</pin_list>
<bind>
<opcode="call(48) " fcode="call"/>
<opset="tmp/3 "/>
</bind>
</comp>

<comp id="239" class="1004" name="grp_reg_unsigned_short_s_fu_239">
<pin_list>
<pin id="240" dir="0" index="0" bw="11" slack="0"/>
<pin id="241" dir="0" index="1" bw="11" slack="0"/>
<pin id="242" dir="1" index="2" bw="11" slack="0"/>
</pin_list>
<bind>
<opcode="call(48) " fcode="call"/>
<opset="cols/3 "/>
</bind>
</comp>

<comp id="245" class="1004" name="fence_ln531_fu_245">
<pin_list>
<pin id="246" dir="0" index="0" bw="0" slack="0"/>
<pin id="247" dir="0" index="1" bw="48" slack="0"/>
<pin id="248" dir="0" index="2" bw="6" slack="0"/>
<pin id="249" dir="0" index="3" bw="6" slack="0"/>
<pin id="250" dir="0" index="4" bw="1" slack="0"/>
<pin id="251" dir="0" index="5" bw="1" slack="0"/>
<pin id="252" dir="0" index="6" bw="1" slack="0"/>
<pin id="253" dir="0" index="7" bw="1" slack="0"/>
<pin id="254" dir="0" index="8" bw="1" slack="0"/>
<pin id="255" dir="0" index="9" bw="48" slack="0"/>
<pin id="256" dir="0" index="10" bw="6" slack="0"/>
<pin id="257" dir="0" index="11" bw="6" slack="0"/>
<pin id="258" dir="0" index="12" bw="1" slack="0"/>
<pin id="259" dir="0" index="13" bw="1" slack="0"/>
<pin id="260" dir="0" index="14" bw="1" slack="0"/>
<pin id="261" dir="0" index="15" bw="1" slack="0"/>
<pin id="262" dir="0" index="16" bw="48" slack="0"/>
<pin id="263" dir="0" index="17" bw="1" slack="0"/>
<pin id="264" dir="1" index="18" bw="0" slack="2147483647"/>
</pin_list>
<bind>
<opcode="fence(30) " fcode="fence"/>
<opset="fence_ln531/4 "/>
</bind>
</comp>

<comp id="283" class="1004" name="axi_last_loc_load_load_fu_283">
<pin_list>
<pin id="284" dir="0" index="0" bw="1" slack="3"/>
<pin id="285" dir="1" index="1" bw="1" slack="2147483647"/>
</pin_list>
<bind>
<opcode="load(27) " fcode="load"/>
<opset="axi_last_loc_load/4 "/>
</bind>
</comp>

<comp id="286" class="1004" name="trunc_ln_fu_286">
<pin_list>
<pin id="287" dir="0" index="0" bw="10" slack="0"/>
<pin id="288" dir="0" index="1" bw="11" slack="0"/>
<pin id="289" dir="0" index="2" bw="1" slack="0"/>
<pin id="290" dir="0" index="3" bw="5" slack="0"/>
<pin id="291" dir="1" index="4" bw="10" slack="1"/>
</pin_list>
<bind>
<opcode="partselect(1002) " fcode="partselect"/>
<opset="trunc_ln/4 "/>
</bind>
</comp>

<comp id="296" class="1004" name="i_3_load_fu_296">
<pin_list>
<pin id="297" dir="0" index="0" bw="11" slack="4"/>
<pin id="298" dir="1" index="1" bw="11" slack="0"/>
</pin_list>
<bind>
<opcode="load(27) " fcode="load"/>
<opset="i_3/5 "/>
</bind>
</comp>

<comp id="299" class="1004" name="icmp_ln541_fu_299">
<pin_list>
<pin id="300" dir="0" index="0" bw="11" slack="0"/>
<pin id="301" dir="0" index="1" bw="11" slack="1"/>
<pin id="302" dir="1" index="2" bw="1" slack="2147483647"/>
</pin_list>
<bind>
<opcode="icmp(45) " fcode="icmp"/>
<opset="icmp_ln541/5 "/>
</bind>
</comp>

<comp id="304" class="1004" name="i_4_fu_304">
<pin_list>
<pin id="305" dir="0" index="0" bw="11" slack="0"/>
<pin id="306" dir="0" index="1" bw="1" slack="0"/>
<pin id="307" dir="1" index="2" bw="11" slack="0"/>
</pin_list>
<bind>
<opcode="add(8) " fcode="add"/>
<opset="i_4/5 "/>
</bind>
</comp>

<comp id="310" class="1004" name="p_0_0_0_0179416_lcssa432_i_load_load_fu_310">
<pin_list>
<pin id="311" dir="0" index="0" bw="48" slack="4"/>
<pin id="312" dir="1" index="1" bw="48" slack="0"/>
</pin_list>
<bind>
<opcode="load(27) " fcode="load"/>
<opset="p_0_0_0_0179416_lcssa432_i_load/5 "/>
</bind>
</comp>

<comp id="314" class="1004" name="store_ln541_store_fu_314">
<pin_list>
<pin id="315" dir="0" index="0" bw="11" slack="0"/>
<pin id="316" dir="0" index="1" bw="11" slack="4"/>
<pin id="317" dir="1" index="2" bw="0" slack="2147483647"/>
</pin_list>
<bind>
<opcode="store(28) " fcode="store"/>
<opset="store_ln541/5 "/>
</bind>
</comp>

<comp id="319" class="1004" name="fence_ln590_fu_319">
<pin_list>
<pin id="320" dir="0" index="0" bw="0" slack="0"/>
<pin id="321" dir="0" index="1" bw="48" slack="0"/>
<pin id="322" dir="0" index="2" bw="6" slack="0"/>
<pin id="323" dir="0" index="3" bw="6" slack="0"/>
<pin id="324" dir="0" index="4" bw="1" slack="0"/>
<pin id="325" dir="0" index="5" bw="1" slack="0"/>
<pin id="326" dir="0" index="6" bw="1" slack="0"/>
<pin id="327" dir="0" index="7" bw="1" slack="0"/>
<pin id="328" dir="0" index="8" bw="48" slack="0"/>
<pin id="329" dir="0" index="9" bw="1" slack="0"/>
<pin id="330" dir="0" index="10" bw="48" slack="0"/>
<pin id="331" dir="0" index="11" bw="6" slack="0"/>
<pin id="332" dir="0" index="12" bw="6" slack="0"/>
<pin id="333" dir="0" index="13" bw="1" slack="0"/>
<pin id="334" dir="0" index="14" bw="1" slack="0"/>
<pin id="335" dir="0" index="15" bw="1" slack="0"/>
<pin id="336" dir="0" index="16" bw="1" slack="0"/>
<pin id="337" dir="0" index="17" bw="1" slack="0"/>
<pin id="338" dir="1" index="18" bw="0" slack="2147483647"/>
</pin_list>
<bind>
<opcode="fence(30) " fcode="fence"/>
<opset="fence_ln590/7 "/>
</bind>
</comp>

<comp id="357" class="1004" name="p_4_0_0_0187424_i_loc_load_load_fu_357">
<pin_list>
<pin id="358" dir="0" index="0" bw="1" slack="6"/>
<pin id="359" dir="1" index="1" bw="1" slack="0"/>
</pin_list>
<bind>
<opcode="load(27) " fcode="load"/>
<opset="p_4_0_0_0187424_i_loc_load/7 "/>
</bind>
</comp>

<comp id="361" class="1004" name="p_0_0_0_0179415_i_loc_load_load_fu_361">
<pin_list>
<pin id="362" dir="0" index="0" bw="48" slack="6"/>
<pin id="363" dir="1" index="1" bw="48" slack="0"/>
</pin_list>
<bind>
<opcode="load(27) " fcode="load"/>
<opset="p_0_0_0_0179415_i_loc_load/7 "/>
</bind>
</comp>

<comp id="365" class="1004" name="fence_ln590_fu_365">
<pin_list>
<pin id="366" dir="0" index="0" bw="0" slack="0"/>
<pin id="367" dir="0" index="1" bw="48" slack="0"/>
<pin id="368" dir="0" index="2" bw="6" slack="0"/>
<pin id="369" dir="0" index="3" bw="6" slack="0"/>
<pin id="370" dir="0" index="4" bw="1" slack="0"/>
<pin id="371" dir="0" index="5" bw="1" slack="0"/>
<pin id="372" dir="0" index="6" bw="1" slack="0"/>
<pin id="373" dir="0" index="7" bw="1" slack="0"/>
<pin id="374" dir="0" index="8" bw="48" slack="0"/>
<pin id="375" dir="0" index="9" bw="1" slack="0"/>
<pin id="376" dir="0" index="10" bw="48" slack="0"/>
<pin id="377" dir="0" index="11" bw="6" slack="0"/>
<pin id="378" dir="0" index="12" bw="6" slack="0"/>
<pin id="379" dir="0" index="13" bw="1" slack="0"/>
<pin id="380" dir="0" index="14" bw="1" slack="0"/>
<pin id="381" dir="0" index="15" bw="1" slack="0"/>
<pin id="382" dir="0" index="16" bw="1" slack="0"/>
<pin id="383" dir="0" index="17" bw="1" slack="0"/>
<pin id="384" dir="1" index="18" bw="0" slack="2147483647"/>
</pin_list>
<bind>
<opcode="fence(30) " fcode="fence"/>
<opset="fence_ln590/7 "/>
</bind>
</comp>

<comp id="403" class="1005" name="i_reg_403">
<pin_list>
<pin id="404" dir="0" index="0" bw="11" slack="0"/>
<pin id="405" dir="1" index="1" bw="11" slack="0"/>
</pin_list>
<bind>
<opset="i "/>
</bind>
</comp>

<comp id="410" class="1005" name="p_0_0_0_0179416_lcssa432_i_reg_410">
<pin_list>
<pin id="411" dir="0" index="0" bw="48" slack="1"/>
<pin id="412" dir="1" index="1" bw="48" slack="1"/>
</pin_list>
<bind>
<opset="p_0_0_0_0179416_lcssa432_i "/>
</bind>
</comp>

<comp id="417" class="1005" name="p_0_0_0_0179415_i_loc_reg_417">
<pin_list>
<pin id="418" dir="0" index="0" bw="48" slack="4"/>
<pin id="419" dir="1" index="1" bw="48" slack="4"/>
</pin_list>
<bind>
<opset="p_0_0_0_0179415_i_loc "/>
</bind>
</comp>

<comp id="423" class="1005" name="p_4_0_0_0187424_i_loc_reg_423">
<pin_list>
<pin id="424" dir="0" index="0" bw="1" slack="4"/>
<pin id="425" dir="1" index="1" bw="1" slack="4"/>
</pin_list>
<bind>
<opset="p_4_0_0_0187424_i_loc "/>
</bind>
</comp>

<comp id="429" class="1005" name="axi_last_loc_reg_429">
<pin_list>
<pin id="430" dir="0" index="0" bw="1" slack="1"/>
<pin id="431" dir="1" index="1" bw="1" slack="1"/>
</pin_list>
<bind>
<opset="axi_last_loc "/>
</bind>
</comp>

<comp id="435" class="1005" name="InVideoFormat_read_reg_435">
<pin_list>
<pin id="436" dir="0" index="0" bw="8" slack="1"/>
<pin id="437" dir="1" index="1" bw="8" slack="1"/>
</pin_list>
<bind>
<opset="InVideoFormat_read "/>
</bind>
</comp>

<comp id="440" class="1005" name="tmp_reg_440">
<pin_list>
<pin id="441" dir="0" index="0" bw="11" slack="1"/>
<pin id="442" dir="1" index="1" bw="11" slack="1"/>
</pin_list>
<bind>
<opset="tmp "/>
</bind>
</comp>

<comp id="448" class="1005" name="trunc_ln_reg_448">
<pin_list>
<pin id="449" dir="0" index="0" bw="10" slack="1"/>
<pin id="450" dir="1" index="1" bw="10" slack="1"/>
</pin_list>
<bind>
<opset="trunc_ln "/>
</bind>
</comp>

</comp_list>

<net_list>
<net id="89"><net_src comp="22" pin="0"/><net_sink comp="86" pin=0"/></net>

<net id="93"><net_src comp="22" pin="0"/><net_sink comp="90" pin=0"/></net>

<net id="97"><net_src comp="24" pin="0"/><net_sink comp="94" pin=0"/></net>

<net id="101"><net_src comp="24" pin="0"/><net_sink comp="98" pin=0"/></net>

<net id="105"><net_src comp="24" pin="0"/><net_sink comp="102" pin=0"/></net>

<net id="110"><net_src comp="30" pin="0"/><net_sink comp="106" pin=0"/></net>

<net id="111"><net_src comp="0" pin="0"/><net_sink comp="106" pin=1"/></net>

<net id="116"><net_src comp="30" pin="0"/><net_sink comp="112" pin=0"/></net>

<net id="117"><net_src comp="2" pin="0"/><net_sink comp="112" pin=1"/></net>

<net id="122"><net_src comp="58" pin="0"/><net_sink comp="118" pin=0"/></net>

<net id="123"><net_src comp="4" pin="0"/><net_sink comp="118" pin=1"/></net>

<net id="127"><net_src comp="40" pin="0"/><net_sink comp="124" pin=0"/></net>

<net id="134"><net_src comp="124" pin="1"/><net_sink comp="128" pin=2"/></net>

<net id="135"><net_src comp="128" pin="4"/><net_sink comp="124" pin=0"/></net>

<net id="139"><net_src comp="40" pin="0"/><net_sink comp="136" pin=0"/></net>

<net id="140"><net_src comp="66" pin="0"/><net_sink comp="136" pin=0"/></net>

<net id="147"><net_src comp="136" pin="1"/><net_sink comp="141" pin=0"/></net>

<net id="148"><net_src comp="136" pin="1"/><net_sink comp="141" pin=2"/></net>

<net id="149"><net_src comp="141" pin="4"/><net_sink comp="136" pin=0"/></net>

<net id="162"><net_src comp="28" pin="0"/><net_sink comp="150" pin=0"/></net>

<net id="163"><net_src comp="6" pin="0"/><net_sink comp="150" pin=1"/></net>

<net id="164"><net_src comp="8" pin="0"/><net_sink comp="150" pin=2"/></net>

<net id="165"><net_src comp="10" pin="0"/><net_sink comp="150" pin=3"/></net>

<net id="166"><net_src comp="12" pin="0"/><net_sink comp="150" pin=4"/></net>

<net id="167"><net_src comp="14" pin="0"/><net_sink comp="150" pin=5"/></net>

<net id="168"><net_src comp="16" pin="0"/><net_sink comp="150" pin=6"/></net>

<net id="169"><net_src comp="18" pin="0"/><net_sink comp="150" pin=7"/></net>

<net id="188"><net_src comp="78" pin="0"/><net_sink comp="170" pin=0"/></net>

<net id="189"><net_src comp="128" pin="4"/><net_sink comp="170" pin=1"/></net>

<net id="190"><net_src comp="141" pin="4"/><net_sink comp="170" pin=3"/></net>

<net id="191"><net_src comp="20" pin="0"/><net_sink comp="170" pin=6"/></net>

<net id="192"><net_src comp="6" pin="0"/><net_sink comp="170" pin=7"/></net>

<net id="193"><net_src comp="8" pin="0"/><net_sink comp="170" pin=8"/></net>

<net id="194"><net_src comp="10" pin="0"/><net_sink comp="170" pin=9"/></net>

<net id="195"><net_src comp="12" pin="0"/><net_sink comp="170" pin=10"/></net>

<net id="196"><net_src comp="14" pin="0"/><net_sink comp="170" pin=11"/></net>

<net id="197"><net_src comp="16" pin="0"/><net_sink comp="170" pin=12"/></net>

<net id="198"><net_src comp="18" pin="0"/><net_sink comp="170" pin=13"/></net>

<net id="212"><net_src comp="80" pin="0"/><net_sink comp="199" pin=0"/></net>

<net id="213"><net_src comp="6" pin="0"/><net_sink comp="199" pin=3"/></net>

<net id="214"><net_src comp="8" pin="0"/><net_sink comp="199" pin=4"/></net>

<net id="215"><net_src comp="10" pin="0"/><net_sink comp="199" pin=5"/></net>

<net id="216"><net_src comp="12" pin="0"/><net_sink comp="199" pin=6"/></net>

<net id="217"><net_src comp="14" pin="0"/><net_sink comp="199" pin=7"/></net>

<net id="218"><net_src comp="16" pin="0"/><net_sink comp="199" pin=8"/></net>

<net id="219"><net_src comp="18" pin="0"/><net_sink comp="199" pin=9"/></net>

<net id="224"><net_src comp="26" pin="0"/><net_sink comp="220" pin=0"/></net>

<net id="228"><net_src comp="106" pin="2"/><net_sink comp="225" pin=0"/></net>

<net id="232"><net_src comp="112" pin="2"/><net_sink comp="229" pin=0"/></net>

<net id="237"><net_src comp="32" pin="0"/><net_sink comp="233" pin=0"/></net>

<net id="238"><net_src comp="225" pin="1"/><net_sink comp="233" pin=1"/></net>

<net id="243"><net_src comp="32" pin="0"/><net_sink comp="239" pin=0"/></net>

<net id="244"><net_src comp="229" pin="1"/><net_sink comp="239" pin=1"/></net>

<net id="265"><net_src comp="60" pin="0"/><net_sink comp="245" pin=0"/></net>

<net id="266"><net_src comp="6" pin="0"/><net_sink comp="245" pin=1"/></net>

<net id="267"><net_src comp="8" pin="0"/><net_sink comp="245" pin=2"/></net>

<net id="268"><net_src comp="10" pin="0"/><net_sink comp="245" pin=3"/></net>

<net id="269"><net_src comp="12" pin="0"/><net_sink comp="245" pin=4"/></net>

<net id="270"><net_src comp="14" pin="0"/><net_sink comp="245" pin=5"/></net>

<net id="271"><net_src comp="16" pin="0"/><net_sink comp="245" pin=6"/></net>

<net id="272"><net_src comp="18" pin="0"/><net_sink comp="245" pin=7"/></net>

<net id="273"><net_src comp="52" pin="0"/><net_sink comp="245" pin=8"/></net>

<net id="274"><net_src comp="6" pin="0"/><net_sink comp="245" pin=9"/></net>

<net id="275"><net_src comp="8" pin="0"/><net_sink comp="245" pin=10"/></net>

<net id="276"><net_src comp="10" pin="0"/><net_sink comp="245" pin=11"/></net>

<net id="277"><net_src comp="12" pin="0"/><net_sink comp="245" pin=12"/></net>

<net id="278"><net_src comp="14" pin="0"/><net_sink comp="245" pin=13"/></net>

<net id="279"><net_src comp="16" pin="0"/><net_sink comp="245" pin=14"/></net>

<net id="280"><net_src comp="18" pin="0"/><net_sink comp="245" pin=15"/></net>

<net id="281"><net_src comp="20" pin="0"/><net_sink comp="245" pin=16"/></net>

<net id="282"><net_src comp="48" pin="0"/><net_sink comp="245" pin=17"/></net>

<net id="292"><net_src comp="62" pin="0"/><net_sink comp="286" pin=0"/></net>

<net id="293"><net_src comp="239" pin="2"/><net_sink comp="286" pin=1"/></net>

<net id="294"><net_src comp="22" pin="0"/><net_sink comp="286" pin=2"/></net>

<net id="295"><net_src comp="64" pin="0"/><net_sink comp="286" pin=3"/></net>

<net id="303"><net_src comp="296" pin="1"/><net_sink comp="299" pin=0"/></net>

<net id="308"><net_src comp="296" pin="1"/><net_sink comp="304" pin=0"/></net>

<net id="309"><net_src comp="76" pin="0"/><net_sink comp="304" pin=1"/></net>

<net id="313"><net_src comp="310" pin="1"/><net_sink comp="170" pin=2"/></net>

<net id="318"><net_src comp="304" pin="2"/><net_sink comp="314" pin=0"/></net>

<net id="339"><net_src comp="60" pin="0"/><net_sink comp="319" pin=0"/></net>

<net id="340"><net_src comp="6" pin="0"/><net_sink comp="319" pin=1"/></net>

<net id="341"><net_src comp="8" pin="0"/><net_sink comp="319" pin=2"/></net>

<net id="342"><net_src comp="10" pin="0"/><net_sink comp="319" pin=3"/></net>

<net id="343"><net_src comp="12" pin="0"/><net_sink comp="319" pin=4"/></net>

<net id="344"><net_src comp="14" pin="0"/><net_sink comp="319" pin=5"/></net>

<net id="345"><net_src comp="16" pin="0"/><net_sink comp="319" pin=6"/></net>

<net id="346"><net_src comp="18" pin="0"/><net_sink comp="319" pin=7"/></net>

<net id="347"><net_src comp="20" pin="0"/><net_sink comp="319" pin=8"/></net>

<net id="348"><net_src comp="52" pin="0"/><net_sink comp="319" pin=9"/></net>

<net id="349"><net_src comp="6" pin="0"/><net_sink comp="319" pin=10"/></net>

<net id="350"><net_src comp="8" pin="0"/><net_sink comp="319" pin=11"/></net>

<net id="351"><net_src comp="10" pin="0"/><net_sink comp="319" pin=12"/></net>

<net id="352"><net_src comp="12" pin="0"/><net_sink comp="319" pin=13"/></net>

<net id="353"><net_src comp="14" pin="0"/><net_sink comp="319" pin=14"/></net>

<net id="354"><net_src comp="16" pin="0"/><net_sink comp="319" pin=15"/></net>

<net id="355"><net_src comp="18" pin="0"/><net_sink comp="319" pin=16"/></net>

<net id="356"><net_src comp="48" pin="0"/><net_sink comp="319" pin=17"/></net>

<net id="360"><net_src comp="357" pin="1"/><net_sink comp="199" pin=1"/></net>

<net id="364"><net_src comp="361" pin="1"/><net_sink comp="199" pin=2"/></net>

<net id="385"><net_src comp="60" pin="0"/><net_sink comp="365" pin=0"/></net>

<net id="386"><net_src comp="6" pin="0"/><net_sink comp="365" pin=1"/></net>

<net id="387"><net_src comp="8" pin="0"/><net_sink comp="365" pin=2"/></net>

<net id="388"><net_src comp="10" pin="0"/><net_sink comp="365" pin=3"/></net>

<net id="389"><net_src comp="12" pin="0"/><net_sink comp="365" pin=4"/></net>

<net id="390"><net_src comp="14" pin="0"/><net_sink comp="365" pin=5"/></net>

<net id="391"><net_src comp="16" pin="0"/><net_sink comp="365" pin=6"/></net>

<net id="392"><net_src comp="18" pin="0"/><net_sink comp="365" pin=7"/></net>

<net id="393"><net_src comp="20" pin="0"/><net_sink comp="365" pin=8"/></net>

<net id="394"><net_src comp="52" pin="0"/><net_sink comp="365" pin=9"/></net>

<net id="395"><net_src comp="6" pin="0"/><net_sink comp="365" pin=10"/></net>

<net id="396"><net_src comp="8" pin="0"/><net_sink comp="365" pin=11"/></net>

<net id="397"><net_src comp="10" pin="0"/><net_sink comp="365" pin=12"/></net>

<net id="398"><net_src comp="12" pin="0"/><net_sink comp="365" pin=13"/></net>

<net id="399"><net_src comp="14" pin="0"/><net_sink comp="365" pin=14"/></net>

<net id="400"><net_src comp="16" pin="0"/><net_sink comp="365" pin=15"/></net>

<net id="401"><net_src comp="18" pin="0"/><net_sink comp="365" pin=16"/></net>

<net id="402"><net_src comp="48" pin="0"/><net_sink comp="365" pin=17"/></net>

<net id="406"><net_src comp="86" pin="1"/><net_sink comp="403" pin=0"/></net>

<net id="407"><net_src comp="403" pin="1"/><net_sink comp="220" pin=1"/></net>

<net id="408"><net_src comp="403" pin="1"/><net_sink comp="296" pin=0"/></net>

<net id="409"><net_src comp="403" pin="1"/><net_sink comp="314" pin=1"/></net>

<net id="413"><net_src comp="90" pin="1"/><net_sink comp="410" pin=0"/></net>

<net id="414"><net_src comp="410" pin="1"/><net_sink comp="150" pin=9"/></net>

<net id="415"><net_src comp="410" pin="1"/><net_sink comp="310" pin=0"/></net>

<net id="416"><net_src comp="410" pin="1"/><net_sink comp="199" pin=10"/></net>

<net id="420"><net_src comp="94" pin="1"/><net_sink comp="417" pin=0"/></net>

<net id="421"><net_src comp="417" pin="1"/><net_sink comp="170" pin=15"/></net>

<net id="422"><net_src comp="417" pin="1"/><net_sink comp="361" pin=0"/></net>

<net id="426"><net_src comp="98" pin="1"/><net_sink comp="423" pin=0"/></net>

<net id="427"><net_src comp="423" pin="1"/><net_sink comp="170" pin=14"/></net>

<net id="428"><net_src comp="423" pin="1"/><net_sink comp="357" pin=0"/></net>

<net id="432"><net_src comp="102" pin="1"/><net_sink comp="429" pin=0"/></net>

<net id="433"><net_src comp="429" pin="1"/><net_sink comp="150" pin=8"/></net>

<net id="434"><net_src comp="429" pin="1"/><net_sink comp="283" pin=0"/></net>

<net id="438"><net_src comp="118" pin="2"/><net_sink comp="435" pin=0"/></net>

<net id="439"><net_src comp="435" pin="1"/><net_sink comp="170" pin=4"/></net>

<net id="443"><net_src comp="233" pin="2"/><net_sink comp="440" pin=0"/></net>

<net id="444"><net_src comp="440" pin="1"/><net_sink comp="299" pin=1"/></net>

<net id="451"><net_src comp="286" pin="4"/><net_sink comp="448" pin=0"/></net>

<net id="452"><net_src comp="448" pin="1"/><net_sink comp="170" pin=5"/></net>

</net_list>

</model> 
---------------- Datapath Model END ------------------

* FSMD analyzer results:
  - Output states:
	Port: stream_in | {5 6 }
 - Input state : 
	Port: AXIvideo2MultiPixStream : height | {3 }
	Port: AXIvideo2MultiPixStream : width | {3 }
	Port: AXIvideo2MultiPixStream : InVideoFormat | {4 }
	Port: AXIvideo2MultiPixStream : s_axis_video_V_data_V | {2 3 5 6 7 8 }
	Port: AXIvideo2MultiPixStream : s_axis_video_V_keep_V | {2 3 5 6 7 8 }
	Port: AXIvideo2MultiPixStream : s_axis_video_V_strb_V | {2 3 5 6 7 8 }
	Port: AXIvideo2MultiPixStream : s_axis_video_V_user_V | {2 3 5 6 7 8 }
	Port: AXIvideo2MultiPixStream : s_axis_video_V_last_V | {2 3 5 6 7 8 }
	Port: AXIvideo2MultiPixStream : s_axis_video_V_id_V | {2 3 5 6 7 8 }
	Port: AXIvideo2MultiPixStream : s_axis_video_V_dest_V | {2 3 5 6 7 8 }
  - Chain level:
	State 1
		store_ln541 : 1
	State 2
	State 3
		tmp : 1
		cols : 1
	State 4
		trunc_ln : 1
	State 5
		icmp_ln541 : 1
		i_4 : 1
		br_ln541 : 2
		call_ln369 : 1
		store_ln541 : 2
	State 6
	State 7
		call_ln0 : 1
	State 8


============================================================
+ Verbose Summary: Datapath Resource usage 
============================================================

* Functional unit list:
|----------|-----------------------------------------------------------------|---------|---------|
| Operation|                         Functional Unit                         |    FF   |   LUT   |
|----------|-----------------------------------------------------------------|---------|---------|
|          | grp_AXIvideo2MultiPixStream_Pipeline_loop_wait_for_start_fu_150 |    4    |    0    |
|          |      grp_AXIvideo2MultiPixStream_Pipeline_loop_width_fu_170     |    73   |   115   |
|   call   |  grp_AXIvideo2MultiPixStream_Pipeline_loop_wait_for_eol_fu_199  |    2    |    0    |
|          |                 grp_reg_unsigned_short_s_fu_233                 |    11   |    0    |
|          |                 grp_reg_unsigned_short_s_fu_239                 |    11   |    0    |
|----------|-----------------------------------------------------------------|---------|---------|
|   icmp   |                        icmp_ln541_fu_299                        |    0    |    18   |
|----------|-----------------------------------------------------------------|---------|---------|
|    add   |                            i_4_fu_304                           |    0    |    18   |
|----------|-----------------------------------------------------------------|---------|---------|
|          |                     height_read_read_fu_106                     |    0    |    0    |
|   read   |                      width_read_read_fu_112                     |    0    |    0    |
|          |                  InVideoFormat_read_read_fu_118                 |    0    |    0    |
|----------|-----------------------------------------------------------------|---------|---------|
|   trunc  |                        trunc_ln371_fu_225                       |    0    |    0    |
|          |                        trunc_ln369_fu_229                       |    0    |    0    |
|----------|-----------------------------------------------------------------|---------|---------|
|          |                        fence_ln531_fu_245                       |    0    |    0    |
|   fence  |                        fence_ln590_fu_319                       |    0    |    0    |
|          |                        fence_ln590_fu_365                       |    0    |    0    |
|----------|-----------------------------------------------------------------|---------|---------|
|partselect|                         trunc_ln_fu_286                         |    0    |    0    |
|----------|-----------------------------------------------------------------|---------|---------|
|   Total  |                                                                 |   101   |   151   |
|----------|-----------------------------------------------------------------|---------|---------|

Memories:
N/A

* Register list:
+----------------------------------+--------+
|                                  |   FF   |
+----------------------------------+--------+
|    InVideoFormat_read_reg_435    |    8   |
|       axi_last_loc_reg_429       |    1   |
|             i_reg_403            |   11   |
|   p_0_0_0_0179415_i_loc_reg_417  |   48   |
|p_0_0_0_0179416_lcssa432_i_reg_410|   48   |
|p_4_0_0_0187423_lcssa448_i_reg_124|    1   |
|   p_4_0_0_0187424_i_loc_reg_423  |    1   |
|            sof_reg_136           |    1   |
|            tmp_reg_440           |   11   |
|         trunc_ln_reg_448         |   10   |
+----------------------------------+--------+
|               Total              |   140  |
+----------------------------------+--------+

* Multiplexer (MUX) list: 
|------------------------------------|------|------|------|--------||---------||---------||---------|
|                Comp                |  Pin | Size |  BW  | S x BW ||  Delay  ||    FF   ||   LUT   |
|------------------------------------|------|------|------|--------||---------||---------||---------|
| p_4_0_0_0187423_lcssa448_i_reg_124 |  p0  |   2  |   1  |    2   ||    0    ||    9    |
|             sof_reg_136            |  p0  |   3  |   1  |    3   ||    0    ||    9    |
|------------------------------------|------|------|------|--------||---------||---------||---------|
|                Total               |      |      |      |    5   ||  1.036  ||    0    ||    18   |
|------------------------------------|------|------|------|--------||---------||---------||---------|



* Summary:
+-----------+--------+--------+--------+
|           |  Delay |   FF   |   LUT  |
+-----------+--------+--------+--------+
|  Function |    -   |   101  |   151  |
|   Memory  |    -   |    -   |    -   |
|Multiplexer|    1   |    0   |   18   |
|  Register |    -   |   140  |    -   |
+-----------+--------+--------+--------+
|   Total   |    1   |   241  |   169  |
+-----------+--------+--------+--------+
