

================================================================
== Vitis HLS Report for 'Block_entry_proc_1'
================================================================
* Date:           Wed Jan 21 12:52:53 2026

* Version:        2025.2 (Build 6295257 on Nov 14 2025)
* Project:        prj
* Solution:       sol (Vivado IP Flow Target)
* Product family: zynquplus
* Target device:  xczu2cg-sfvc784-1-e


================================================================
== Performance Estimates
================================================================
+ Timing: 
    * Summary: 
    +--------+---------+----------+------------+
    |  Clock |  Target | Estimated| Uncertainty|
    +--------+---------+----------+------------+
    |ap_clk  |  5.00 ns|  1.238 ns|     1.35 ns|
    +--------+---------+----------+------------+

+ Latency: 
    * Summary: 
    +---------+---------+----------+----------+-----+-----+---------+
    |  Latency (cycles) |  Latency (absolute) |  Interval | Pipeline|
    |   min   |   max   |    min   |    max   | min | max |   Type  |
    +---------+---------+----------+----------+-----+-----+---------+
    |        0|        0|      0 ns|      0 ns|    0|    0|       no|
    +---------+---------+----------+----------+-----+-----+---------+

    + Detail: 
        * Instance: 
        N/A

        * Loop: 
        N/A



================================================================
== Utilization Estimates
================================================================
* Summary: 
+-----------------+---------+-----+-------+-------+-----+
|       Name      | BRAM_18K| DSP |   FF  |  LUT  | URAM|
+-----------------+---------+-----+-------+-------+-----+
|DSP              |        -|    -|      -|      -|    -|
|Expression       |        -|    -|      0|     66|    -|
|FIFO             |        -|    -|      -|      -|    -|
|Instance         |        -|    -|      -|      -|    -|
|Memory           |        -|    -|      -|      -|    -|
|Multiplexer      |        -|    -|      0|     27|    -|
|Register         |        -|    -|      4|      -|    -|
+-----------------+---------+-----+-------+-------+-----+
|Total            |        0|    0|      4|     93|    0|
+-----------------+---------+-----+-------+-------+-----+
|Available        |      300|  240|  94464|  47232|    0|
+-----------------+---------+-----+-------+-------+-----+
|Utilization (%)  |        0|    0|     ~0|     ~0|    0|
+-----------------+---------+-----+-------+-------+-----+

+ Detail: 
    * Instance: 
    N/A

    * DSP: 
    N/A

    * Memory: 
    N/A

    * FIFO: 
    N/A

    * Expression: 
    +-----------------------+----------+----+---+----+------------+------------+
    |     Variable Name     | Operation| DSP| FF| LUT| Bitwidth P0| Bitwidth P1|
    +-----------------------+----------+----+---+----+------------+------------+
    |and_ln423_fu_42_p2     |       and|   0|  0|   2|           1|           1|
    |and_ln426_fu_60_p2     |       and|   0|  0|   2|           1|           1|
    |icmp_ln423_1_fu_36_p2  |      icmp|   0|  0|  15|           8|           2|
    |icmp_ln423_fu_30_p2    |      icmp|   0|  0|  15|           8|           2|
    |icmp_ln426_1_fu_54_p2  |      icmp|   0|  0|  15|           8|           2|
    |icmp_ln426_fu_48_p2    |      icmp|   0|  0|  15|           8|           2|
    |ap_block_state1        |        or|   0|  0|   2|           1|           1|
    +-----------------------+----------+----+---+----+------------+------------+
    |Total                  |          |   0|  0|  66|          35|          11|
    +-----------------------+----------+----+---+----+------------+------------+

    * Multiplexer: 
    +-------------+----+-----------+-----+-----------+
    |     Name    | LUT| Input Size| Bits| Total Bits|
    +-------------+----+-----------+-----+-----------+
    |ap_done      |   9|          2|    1|          2|
    |ap_return_0  |   9|          2|    1|          2|
    |ap_return_1  |   9|          2|    1|          2|
    +-------------+----+-----------+-----+-----------+
    |Total        |  27|          6|    3|          6|
    +-------------+----+-----------+-----+-----------+

    * Register: 
    +------------------+---+----+-----+-----------+
    |       Name       | FF| LUT| Bits| Const Bits|
    +------------------+---+----+-----+-----------+
    |ap_CS_fsm         |  1|   0|    1|          0|
    |ap_done_reg       |  1|   0|    1|          0|
    |ap_return_0_preg  |  1|   0|    1|          0|
    |ap_return_1_preg  |  1|   0|    1|          0|
    +------------------+---+----+-----+-----------+
    |Total             |  4|   0|    4|          0|
    +------------------+---+----+-----+-----------+



================================================================
== Interface
================================================================
* Summary: 
+----------------+-----+-----+------------+--------------------+--------------+
|    RTL Ports   | Dir | Bits|  Protocol  |    Source Object   |    C Type    |
+----------------+-----+-----+------------+--------------------+--------------+
|ap_clk          |   in|    1|  ap_ctrl_hs|  Block_entry_proc.1|  return value|
|ap_rst          |   in|    1|  ap_ctrl_hs|  Block_entry_proc.1|  return value|
|ap_start        |   in|    1|  ap_ctrl_hs|  Block_entry_proc.1|  return value|
|ap_done         |  out|    1|  ap_ctrl_hs|  Block_entry_proc.1|  return value|
|ap_continue     |   in|    1|  ap_ctrl_hs|  Block_entry_proc.1|  return value|
|ap_idle         |  out|    1|  ap_ctrl_hs|  Block_entry_proc.1|  return value|
|ap_ready        |  out|    1|  ap_ctrl_hs|  Block_entry_proc.1|  return value|
|ap_return_0     |  out|    1|  ap_ctrl_hs|  Block_entry_proc.1|  return value|
|ap_return_1     |  out|    1|  ap_ctrl_hs|  Block_entry_proc.1|  return value|
|InVideoFormat   |   in|    8|     ap_none|       InVideoFormat|       pointer|
|OutVideoFormat  |   in|    8|     ap_none|      OutVideoFormat|       pointer|
+----------------+-----+-----+------------+--------------------+--------------+

============================================================
+ Verbose Summary: Synthesis Manager
============================================================
InlineROM: 1
ExposeGlobal: 0
============================================================
+ Verbose Summary: CDFG Model
============================================================
IsTopModel: 0
ResetActiveHigh: 1
IsCombinational: 2
IsDatapathOnly: 0
HasWiredReturn: 1
HasMFsm: 0
HasVarLatency: 0
IsPipeline: 0
IsRtlPipelined: 0
IsInstanceOverlapped: 0
IsDontTouch: 0
HasImplIP: 0
IsGatedGlobalClock: 0


============================================================
+ Verbose Summary: Schedule
============================================================
* Number of FSM states : 1
* Pipeline : 0
* Dataflow Pipeline: 0

* FSM state transitions: 
1 --> 

* FSM state operations: 

State 1 <SV = 0> <Delay = 1.23>
ST_1 : Operation 2 [1/1] (0.00ns)   --->   "%specstablecontent_ln0 = specstablecontent void @_ssdm_op_SpecStableContent, i8 %OutVideoFormat, i1 1, void "   --->   Operation 2 'specstablecontent' 'specstablecontent_ln0' <Predicate = true> <Delay = 0.00>
ST_1 : Operation 3 [1/1] (0.00ns)   --->   "%specstablecontent_ln0 = specstablecontent void @_ssdm_op_SpecStableContent, i8 %InVideoFormat, i1 1, void "   --->   Operation 3 'specstablecontent' 'specstablecontent_ln0' <Predicate = true> <Delay = 0.00>
ST_1 : Operation 4 [1/1] (0.00ns)   --->   "%InVideoFormat_read = read i8 @_ssdm_op_Read.ap_auto.i8P0A, i8 %InVideoFormat" [C:/TFG_Vivado/vivado/axu2cga_trd.runs/bd_d92b_csc_0_synth_1/prj/sol/.autopilot/db/v_csc.cpp:369]   --->   Operation 4 'read' 'InVideoFormat_read' <Predicate = true> <Delay = 0.00>
ST_1 : Operation 5 [1/1] (0.00ns)   --->   "%OutVideoFormat_read = read i8 @_ssdm_op_Read.ap_auto.i8P0A, i8 %OutVideoFormat" [C:/TFG_Vivado/vivado/axu2cga_trd.runs/bd_d92b_csc_0_synth_1/prj/sol/.autopilot/db/v_csc.cpp:370]   --->   Operation 5 'read' 'OutVideoFormat_read' <Predicate = true> <Delay = 0.00>
ST_1 : Operation 6 [1/1] (0.90ns)   --->   "%icmp_ln423 = icmp_ne  i8 %InVideoFormat_read, i8 2" [C:/TFG_Vivado/vivado/axu2cga_trd.runs/bd_d92b_csc_0_synth_1/prj/sol/.autopilot/db/v_csc.cpp:423->C:/TFG_Vivado/vivado/axu2cga_trd.runs/bd_d92b_csc_0_synth_1/prj/sol/.autopilot/db/v_csc.cpp:423]   --->   Operation 6 'icmp' 'icmp_ln423' <Predicate = true> <Delay = 0.90> <CoreInst = "Cmp">   --->   Core 9 'Cmp' <Latency = 0> <II = 1> <Delay = 0.90> <FuncUnit> <Opcode : 'seteq' 'setne' 'setle' 'setge' 'setlt' 'setgt'> <InPorts = 2> <OutPorts = 1>
ST_1 : Operation 7 [1/1] (0.90ns)   --->   "%icmp_ln423_1 = icmp_ne  i8 %InVideoFormat_read, i8 3" [C:/TFG_Vivado/vivado/axu2cga_trd.runs/bd_d92b_csc_0_synth_1/prj/sol/.autopilot/db/v_csc.cpp:423->C:/TFG_Vivado/vivado/axu2cga_trd.runs/bd_d92b_csc_0_synth_1/prj/sol/.autopilot/db/v_csc.cpp:423]   --->   Operation 7 'icmp' 'icmp_ln423_1' <Predicate = true> <Delay = 0.90> <CoreInst = "Cmp">   --->   Core 9 'Cmp' <Latency = 0> <II = 1> <Delay = 0.90> <FuncUnit> <Opcode : 'seteq' 'setne' 'setle' 'setge' 'setlt' 'setgt'> <InPorts = 2> <OutPorts = 1>
ST_1 : Operation 8 [1/1] (0.33ns)   --->   "%and_ln423 = and i1 %icmp_ln423_1, i1 %icmp_ln423" [C:/TFG_Vivado/vivado/axu2cga_trd.runs/bd_d92b_csc_0_synth_1/prj/sol/.autopilot/db/v_csc.cpp:423->C:/TFG_Vivado/vivado/axu2cga_trd.runs/bd_d92b_csc_0_synth_1/prj/sol/.autopilot/db/v_csc.cpp:423]   --->   Operation 8 'and' 'and_ln423' <Predicate = true> <Delay = 0.33> <CoreInst = "LogicGate">   --->   Core 74 'LogicGate' <Latency = 0> <II = 1> <Delay = 0.33> <FuncUnit> <Opcode : 'and' 'or' 'xor'> <InPorts = 2> <OutPorts = 1>
ST_1 : Operation 9 [1/1] (0.90ns)   --->   "%icmp_ln426 = icmp_ne  i8 %OutVideoFormat_read, i8 2" [C:/TFG_Vivado/vivado/axu2cga_trd.runs/bd_d92b_csc_0_synth_1/prj/sol/.autopilot/db/v_csc.cpp:426->C:/TFG_Vivado/vivado/axu2cga_trd.runs/bd_d92b_csc_0_synth_1/prj/sol/.autopilot/db/v_csc.cpp:423]   --->   Operation 9 'icmp' 'icmp_ln426' <Predicate = true> <Delay = 0.90> <CoreInst = "Cmp">   --->   Core 9 'Cmp' <Latency = 0> <II = 1> <Delay = 0.90> <FuncUnit> <Opcode : 'seteq' 'setne' 'setle' 'setge' 'setlt' 'setgt'> <InPorts = 2> <OutPorts = 1>
ST_1 : Operation 10 [1/1] (0.90ns)   --->   "%icmp_ln426_1 = icmp_ne  i8 %OutVideoFormat_read, i8 3" [C:/TFG_Vivado/vivado/axu2cga_trd.runs/bd_d92b_csc_0_synth_1/prj/sol/.autopilot/db/v_csc.cpp:426->C:/TFG_Vivado/vivado/axu2cga_trd.runs/bd_d92b_csc_0_synth_1/prj/sol/.autopilot/db/v_csc.cpp:423]   --->   Operation 10 'icmp' 'icmp_ln426_1' <Predicate = true> <Delay = 0.90> <CoreInst = "Cmp">   --->   Core 9 'Cmp' <Latency = 0> <II = 1> <Delay = 0.90> <FuncUnit> <Opcode : 'seteq' 'setne' 'setle' 'setge' 'setlt' 'setgt'> <InPorts = 2> <OutPorts = 1>
ST_1 : Operation 11 [1/1] (0.33ns)   --->   "%and_ln426 = and i1 %icmp_ln426_1, i1 %icmp_ln426" [C:/TFG_Vivado/vivado/axu2cga_trd.runs/bd_d92b_csc_0_synth_1/prj/sol/.autopilot/db/v_csc.cpp:426->C:/TFG_Vivado/vivado/axu2cga_trd.runs/bd_d92b_csc_0_synth_1/prj/sol/.autopilot/db/v_csc.cpp:423]   --->   Operation 11 'and' 'and_ln426' <Predicate = true> <Delay = 0.33> <CoreInst = "LogicGate">   --->   Core 74 'LogicGate' <Latency = 0> <II = 1> <Delay = 0.33> <FuncUnit> <Opcode : 'and' 'or' 'xor'> <InPorts = 2> <OutPorts = 1>
ST_1 : Operation 12 [1/1] (0.00ns)   --->   "%mrv = insertvalue i2 <undef>, i1 %and_ln423" [C:/TFG_Vivado/vivado/axu2cga_trd.runs/bd_d92b_csc_0_synth_1/prj/sol/.autopilot/db/v_csc.cpp:423->C:/TFG_Vivado/vivado/axu2cga_trd.runs/bd_d92b_csc_0_synth_1/prj/sol/.autopilot/db/v_csc.cpp:423]   --->   Operation 12 'insertvalue' 'mrv' <Predicate = true> <Delay = 0.00>
ST_1 : Operation 13 [1/1] (0.00ns)   --->   "%mrv_1 = insertvalue i2 %mrv, i1 %and_ln426" [C:/TFG_Vivado/vivado/axu2cga_trd.runs/bd_d92b_csc_0_synth_1/prj/sol/.autopilot/db/v_csc.cpp:423->C:/TFG_Vivado/vivado/axu2cga_trd.runs/bd_d92b_csc_0_synth_1/prj/sol/.autopilot/db/v_csc.cpp:423]   --->   Operation 13 'insertvalue' 'mrv_1' <Predicate = true> <Delay = 0.00>
ST_1 : Operation 14 [1/1] (0.00ns)   --->   "%ret_ln423 = ret i2 %mrv_1" [C:/TFG_Vivado/vivado/axu2cga_trd.runs/bd_d92b_csc_0_synth_1/prj/sol/.autopilot/db/v_csc.cpp:423->C:/TFG_Vivado/vivado/axu2cga_trd.runs/bd_d92b_csc_0_synth_1/prj/sol/.autopilot/db/v_csc.cpp:423]   --->   Operation 14 'ret' 'ret_ln423' <Predicate = true> <Delay = 0.00>


============================================================
+ Verbose Summary: Binding
============================================================
STG Binding: 
---------------- STG Properties BEGIN ----------------
- Is combinational: 0
- Is one-state seq: 1
- Is datapath-only: 0
- Is pipelined: 0
- Is top level: 0
Port [ Return ] is wired: 1; IO mode=ap_ctrl_hs:ce=0
Port [ InVideoFormat]:  wired=1; compound=0; hidden=0; nouse=0; global=0; static=0; extern=0; dir=0; type=0; pingpong=0; private_global=0; IO mode=ap_none:ce=0
Port [ OutVideoFormat]:  wired=1; compound=0; hidden=0; nouse=0; global=0; static=0; extern=0; dir=0; type=0; pingpong=0; private_global=0; IO mode=ap_none:ce=0
---------------- STG Properties END ------------------

---------------- Datapath Model BEGIN ----------------

<LifeTime>
<method=bitvector/>
specstablecontent_ln0 (specstablecontent) [ 00]
specstablecontent_ln0 (specstablecontent) [ 00]
InVideoFormat_read    (read             ) [ 00]
OutVideoFormat_read   (read             ) [ 00]
icmp_ln423            (icmp             ) [ 00]
icmp_ln423_1          (icmp             ) [ 00]
and_ln423             (and              ) [ 00]
icmp_ln426            (icmp             ) [ 00]
icmp_ln426_1          (icmp             ) [ 00]
and_ln426             (and              ) [ 00]
mrv                   (insertvalue      ) [ 00]
mrv_1                 (insertvalue      ) [ 00]
ret_ln423             (ret              ) [ 00]
</LifeTime>

<model>

<comp_list>
<comp id="0" class="1000" name="InVideoFormat">
<pin_list>
<pin id="1" dir="1" index="0" bw="1" slack="0"/>
</pin_list>
<bind>
<StgValue><ssdm name="InVideoFormat"/></StgValue>
</bind>
</comp>

<comp id="2" class="1000" name="OutVideoFormat">
<pin_list>
<pin id="3" dir="1" index="0" bw="1" slack="0"/>
</pin_list>
<bind>
<StgValue><ssdm name="OutVideoFormat"/></StgValue>
</bind>
</comp>

<comp id="4" class="1001" name="const_4">
<pin_list>
<pin id="5" dir="1" index="0" bw="1" slack="2147483647"/>
</pin_list>
<bind>
<StgValue><ssdm name="_ssdm_op_SpecStableContent"/></StgValue>
</bind>
</comp>

<comp id="6" class="1001" name="const_6">
<pin_list>
<pin id="7" dir="1" index="0" bw="1" slack="2147483647"/>
</pin_list>
<bind>
<StgValue><ssdm name=""/></StgValue>
</bind>
</comp>

<comp id="8" class="1001" name="const_8">
<pin_list>
<pin id="9" dir="1" index="0" bw="1" slack="2147483647"/>
</pin_list>
<bind>
<StgValue><ssdm name=""/></StgValue>
</bind>
</comp>

<comp id="10" class="1001" name="const_10">
<pin_list>
<pin id="11" dir="1" index="0" bw="1" slack="0"/>
</pin_list>
<bind>
<StgValue><ssdm name="_ssdm_op_Read.ap_auto.i8P0A"/></StgValue>
</bind>
</comp>

<comp id="12" class="1001" name="const_12">
<pin_list>
<pin id="13" dir="1" index="0" bw="1" slack="0"/>
</pin_list>
<bind>
<StgValue><ssdm name=""/></StgValue>
</bind>
</comp>

<comp id="14" class="1001" name="const_14">
<pin_list>
<pin id="15" dir="1" index="0" bw="1" slack="0"/>
</pin_list>
<bind>
<StgValue><ssdm name=""/></StgValue>
</bind>
</comp>

<comp id="16" class="1001" name="const_16">
<pin_list>
<pin id="17" dir="1" index="0" bw="1" slack="0"/>
</pin_list>
<bind>
<StgValue><ssdm name=""/></StgValue>
</bind>
</comp>

<comp id="18" class="1004" name="InVideoFormat_read_read_fu_18">
<pin_list>
<pin id="19" dir="0" index="0" bw="8" slack="0"/>
<pin id="20" dir="0" index="1" bw="8" slack="0"/>
<pin id="21" dir="1" index="2" bw="8" slack="0"/>
</pin_list>
<bind>
<opcode="read(1150) " fcode="read"/>
<opset="InVideoFormat_read/1 "/>
</bind>
</comp>

<comp id="24" class="1004" name="OutVideoFormat_read_read_fu_24">
<pin_list>
<pin id="25" dir="0" index="0" bw="8" slack="0"/>
<pin id="26" dir="0" index="1" bw="8" slack="0"/>
<pin id="27" dir="1" index="2" bw="8" slack="0"/>
</pin_list>
<bind>
<opcode="read(1150) " fcode="read"/>
<opset="OutVideoFormat_read/1 "/>
</bind>
</comp>

<comp id="30" class="1004" name="icmp_ln423_fu_30">
<pin_list>
<pin id="31" dir="0" index="0" bw="8" slack="0"/>
<pin id="32" dir="0" index="1" bw="8" slack="0"/>
<pin id="33" dir="1" index="2" bw="1" slack="0"/>
</pin_list>
<bind>
<opcode="icmp(45) " fcode="icmp"/>
<opset="icmp_ln423/1 "/>
</bind>
</comp>

<comp id="36" class="1004" name="icmp_ln423_1_fu_36">
<pin_list>
<pin id="37" dir="0" index="0" bw="8" slack="0"/>
<pin id="38" dir="0" index="1" bw="8" slack="0"/>
<pin id="39" dir="1" index="2" bw="1" slack="0"/>
</pin_list>
<bind>
<opcode="icmp(45) " fcode="icmp"/>
<opset="icmp_ln423_1/1 "/>
</bind>
</comp>

<comp id="42" class="1004" name="and_ln423_fu_42">
<pin_list>
<pin id="43" dir="0" index="0" bw="1" slack="0"/>
<pin id="44" dir="0" index="1" bw="1" slack="0"/>
<pin id="45" dir="1" index="2" bw="1" slack="0"/>
</pin_list>
<bind>
<opcode="and(23) " fcode="and"/>
<opset="and_ln423/1 "/>
</bind>
</comp>

<comp id="48" class="1004" name="icmp_ln426_fu_48">
<pin_list>
<pin id="49" dir="0" index="0" bw="8" slack="0"/>
<pin id="50" dir="0" index="1" bw="8" slack="0"/>
<pin id="51" dir="1" index="2" bw="1" slack="0"/>
</pin_list>
<bind>
<opcode="icmp(45) " fcode="icmp"/>
<opset="icmp_ln426/1 "/>
</bind>
</comp>

<comp id="54" class="1004" name="icmp_ln426_1_fu_54">
<pin_list>
<pin id="55" dir="0" index="0" bw="8" slack="0"/>
<pin id="56" dir="0" index="1" bw="8" slack="0"/>
<pin id="57" dir="1" index="2" bw="1" slack="0"/>
</pin_list>
<bind>
<opcode="icmp(45) " fcode="icmp"/>
<opset="icmp_ln426_1/1 "/>
</bind>
</comp>

<comp id="60" class="1004" name="and_ln426_fu_60">
<pin_list>
<pin id="61" dir="0" index="0" bw="1" slack="0"/>
<pin id="62" dir="0" index="1" bw="1" slack="0"/>
<pin id="63" dir="1" index="2" bw="1" slack="0"/>
</pin_list>
<bind>
<opcode="and(23) " fcode="and"/>
<opset="and_ln426/1 "/>
</bind>
</comp>

<comp id="66" class="1004" name="mrv_fu_66">
<pin_list>
<pin id="67" dir="0" index="0" bw="2" slack="0"/>
<pin id="68" dir="0" index="1" bw="1" slack="0"/>
<pin id="69" dir="1" index="2" bw="2" slack="0"/>
</pin_list>
<bind>
<opcode="insertvalue(57) " fcode="insertvalue"/>
<opset="mrv/1 "/>
</bind>
</comp>

<comp id="72" class="1004" name="mrv_1_fu_72">
<pin_list>
<pin id="73" dir="0" index="0" bw="2" slack="0"/>
<pin id="74" dir="0" index="1" bw="1" slack="0"/>
<pin id="75" dir="1" index="2" bw="2" slack="2147483647"/>
</pin_list>
<bind>
<opcode="insertvalue(57) " fcode="insertvalue"/>
<opset="mrv_1/1 "/>
</bind>
</comp>

</comp_list>

<net_list>
<net id="22"><net_src comp="10" pin="0"/><net_sink comp="18" pin=0"/></net>

<net id="23"><net_src comp="0" pin="0"/><net_sink comp="18" pin=1"/></net>

<net id="28"><net_src comp="10" pin="0"/><net_sink comp="24" pin=0"/></net>

<net id="29"><net_src comp="2" pin="0"/><net_sink comp="24" pin=1"/></net>

<net id="34"><net_src comp="18" pin="2"/><net_sink comp="30" pin=0"/></net>

<net id="35"><net_src comp="12" pin="0"/><net_sink comp="30" pin=1"/></net>

<net id="40"><net_src comp="18" pin="2"/><net_sink comp="36" pin=0"/></net>

<net id="41"><net_src comp="14" pin="0"/><net_sink comp="36" pin=1"/></net>

<net id="46"><net_src comp="36" pin="2"/><net_sink comp="42" pin=0"/></net>

<net id="47"><net_src comp="30" pin="2"/><net_sink comp="42" pin=1"/></net>

<net id="52"><net_src comp="24" pin="2"/><net_sink comp="48" pin=0"/></net>

<net id="53"><net_src comp="12" pin="0"/><net_sink comp="48" pin=1"/></net>

<net id="58"><net_src comp="24" pin="2"/><net_sink comp="54" pin=0"/></net>

<net id="59"><net_src comp="14" pin="0"/><net_sink comp="54" pin=1"/></net>

<net id="64"><net_src comp="54" pin="2"/><net_sink comp="60" pin=0"/></net>

<net id="65"><net_src comp="48" pin="2"/><net_sink comp="60" pin=1"/></net>

<net id="70"><net_src comp="16" pin="0"/><net_sink comp="66" pin=0"/></net>

<net id="71"><net_src comp="42" pin="2"/><net_sink comp="66" pin=1"/></net>

<net id="76"><net_src comp="66" pin="2"/><net_sink comp="72" pin=0"/></net>

<net id="77"><net_src comp="60" pin="2"/><net_sink comp="72" pin=1"/></net>

</net_list>

</model> 
---------------- Datapath Model END ------------------

* FSMD analyzer results:
  - Output states:
	Port: InVideoFormat | {}
	Port: OutVideoFormat | {}
 - Input state : 
	Port: Block_entry_proc.1 : InVideoFormat | {1 }
	Port: Block_entry_proc.1 : OutVideoFormat | {1 }
  - Chain level:
	State 1
		and_ln423 : 1
		and_ln426 : 1
		mrv : 1
		mrv_1 : 2
		ret_ln423 : 3


============================================================
+ Verbose Summary: Datapath Resource usage 
============================================================

* Functional unit list:
|----------|--------------------------------|---------|---------|
| Operation|         Functional Unit        |    FF   |   LUT   |
|----------|--------------------------------|---------|---------|
|          |        icmp_ln423_fu_30        |    0    |    15   |
|   icmp   |       icmp_ln423_1_fu_36       |    0    |    15   |
|          |        icmp_ln426_fu_48        |    0    |    15   |
|          |       icmp_ln426_1_fu_54       |    0    |    15   |
|----------|--------------------------------|---------|---------|
|    and   |         and_ln423_fu_42        |    0    |    2    |
|          |         and_ln426_fu_60        |    0    |    2    |
|----------|--------------------------------|---------|---------|
|   read   |  InVideoFormat_read_read_fu_18 |    0    |    0    |
|          | OutVideoFormat_read_read_fu_24 |    0    |    0    |
|----------|--------------------------------|---------|---------|
|insertvalue|            mrv_fu_66           |    0    |    0    |
|          |           mrv_1_fu_72          |    0    |    0    |
|----------|--------------------------------|---------|---------|
|   Total  |                                |    0    |    64   |
|----------|--------------------------------|---------|---------|

Memories:
N/A

* Register list:
N/A

* Multiplexer (MUX) list: 
|--------|------|------|------|--------|
|  Comp  |  Pin | Size |  BW  | S x BW |
|--------|------|------|------|--------|
|  Total |      |      |      |    0   |
|--------|------|------|------|--------|



* Summary:
+-----------+--------+--------+
|           |   FF   |   LUT  |
+-----------+--------+--------+
|  Function |    0   |   64   |
|   Memory  |    -   |    -   |
|Multiplexer|    -   |    -   |
|  Register |    -   |    -   |
+-----------+--------+--------+
|   Total   |    0   |   64   |
+-----------+--------+--------+
