

================================================================
== Vitis HLS Report for 'MultiPixStream2AXIvideo_Pipeline_VITIS_LOOP_664_2'
================================================================
* Date:           Wed Jan 21 12:52:51 2026

* Version:        2025.2 (Build 6295257 on Nov 14 2025)
* Project:        prj
* Solution:       sol (Vivado IP Flow Target)
* Product family: zynquplus
* Target device:  xczu2cg-sfvc784-1-e


================================================================
== Performance Estimates
================================================================
+ Timing: 
    * Summary: 
    +--------+---------+----------+------------+
    |  Clock |  Target | Estimated| Uncertainty|
    +--------+---------+----------+------------+
    |ap_clk  |  5.00 ns|  2.270 ns|     1.35 ns|
    +--------+---------+----------+------------+

+ Latency: 
    * Summary: 
    +---------+---------+----------+----------+-----+-----+-------------------+
    |  Latency (cycles) |  Latency (absolute) |  Interval |      Pipeline     |
    |   min   |   max   |    min   |    max   | min | max |        Type       |
    +---------+---------+----------+----------+-----+-----+-------------------+
    |       36|      964|  0.180 us|  4.820 us|    0|    0|  loop pipeline stp|
    +---------+---------+----------+----------+-----+-----+-------------------+

    + Detail: 
        * Instance: 
        N/A

        * Loop: 
        +--------------------+---------+---------+----------+-----------+-----------+----------+----------+
        |                    |  Latency (cycles) | Iteration|  Initiation Interval  |   Trip   |          |
        |      Loop Name     |   min   |   max   |  Latency |  achieved |   target  |   Count  | Pipelined|
        +--------------------+---------+---------+----------+-----------+-----------+----------+----------+
        |- VITIS_LOOP_664_2  |       34|      962|         3|          1|          1|  32 ~ 960|       yes|
        +--------------------+---------+---------+----------+-----------+-----------+----------+----------+

============================================================
+ Verbose Summary: Synthesis Manager
============================================================
InlineROM: 1
ExposeGlobal: 0
============================================================
+ Verbose Summary: CDFG Model
============================================================
IsTopModel: 0
ResetActiveHigh: 1
IsCombinational: 0
IsDatapathOnly: 0
HasWiredReturn: 1
HasMFsm: 2
HasVarLatency: 1
IsPipeline: 0
IsRtlPipelined: 0
IsInstanceOverlapped: 0
IsDontTouch: 0
HasImplIP: 0
IsGatedGlobalClock: 0

+ Individual pipeline summary: 
  * Pipeline-0: initiation interval (II) = 1, depth = 3


============================================================
+ Verbose Summary: Schedule
============================================================
* Number of FSM states : 3
* Pipeline : 1
  Pipeline-0 : II = 1, D = 3, States = { 1 2 3 }
* Dataflow Pipeline: 0

* FSM state transitions: 
1 --> 2 
2 --> 3 
3 --> 

* FSM state operations: 

State 1 <SV = 0> <Delay = 1.97>
ST_1 : Operation 6 [1/1] (0.00ns)   --->   "%j = alloca i32 1" [C:/TFG_Vivado/vivado/axu2cga_trd.runs/bd_d92b_csc_0_synth_1/prj/sol/.autopilot/db/v_csc.cpp:664->C:/TFG_Vivado/vivado/axu2cga_trd.runs/bd_d92b_csc_0_synth_1/prj/sol/.autopilot/db/v_csc.cpp:500]   --->   Operation 6 'alloca' 'j' <Predicate = true> <Delay = 0.00>
ST_1 : Operation 7 [1/1] (0.00ns)   --->   "%specaxissidechannel_ln0 = specaxissidechannel void @_ssdm_op_SpecAXISSideChannel, i48 %m_axis_video_V_data_V, i6 %m_axis_video_V_keep_V, i6 %m_axis_video_V_strb_V, i1 %m_axis_video_V_user_V, i1 %m_axis_video_V_last_V, i1 %m_axis_video_V_id_V, i1 %m_axis_video_V_dest_V, void @empty_35"   --->   Operation 7 'specaxissidechannel' 'specaxissidechannel_ln0' <Predicate = true> <Delay = 0.00>
ST_1 : Operation 8 [1/1] (0.00ns)   --->   "%specinterface_ln0 = specinterface void @_ssdm_op_SpecInterface, i48 %m_axis_video_V_data_V, i6 %m_axis_video_V_keep_V, i6 %m_axis_video_V_strb_V, i1 %m_axis_video_V_user_V, i1 %m_axis_video_V_last_V, i1 %m_axis_video_V_id_V, i1 %m_axis_video_V_dest_V, void @empty_8, i32 0, i32 0, void @empty_48, i32 0, i32 0, void @empty_49, void @empty_49, void @empty_49, i32 0, i32 0, i32 0, i32 0, void @empty_49, void @empty_49, i32 4294967295, i32 0, i32 0, i32 0"   --->   Operation 8 'specinterface' 'specinterface_ln0' <Predicate = true> <Delay = 0.00>
ST_1 : Operation 9 [1/1] (0.00ns)   --->   "%specinterface_ln0 = specinterface void @_ssdm_op_SpecInterface, i48 %stream_out_hresampled, void @empty_34, i32 0, i32 0, void @empty_49, i32 0, i32 0, void @empty_49, void @empty_49, void @empty_49, i32 0, i32 0, i32 0, i32 0, void @empty_49, void @empty_49, i32 4294967295, i32 0, i32 0, i32 0"   --->   Operation 9 'specinterface' 'specinterface_ln0' <Predicate = true> <Delay = 0.00>
ST_1 : Operation 10 [1/1] (0.00ns)   --->   "%add_ln677_read = read i10 @_ssdm_op_Read.ap_auto.i10, i10 %add_ln677"   --->   Operation 10 'read' 'add_ln677_read' <Predicate = true> <Delay = 0.00>
ST_1 : Operation 11 [1/1] (0.00ns)   --->   "%trunc_ln9_read = read i10 @_ssdm_op_Read.ap_auto.i10, i10 %trunc_ln9"   --->   Operation 11 'read' 'trunc_ln9_read' <Predicate = true> <Delay = 0.00>
ST_1 : Operation 12 [1/1] (0.00ns)   --->   "%OutVideoFormat_load_read = read i8 @_ssdm_op_Read.ap_auto.i8, i8 %OutVideoFormat_load"   --->   Operation 12 'read' 'OutVideoFormat_load_read' <Predicate = true> <Delay = 0.00>
ST_1 : Operation 13 [1/1] (0.00ns)   --->   "%sof_read = read i1 @_ssdm_op_Read.ap_auto.i1, i1 %sof"   --->   Operation 13 'read' 'sof_read' <Predicate = true> <Delay = 0.00>
ST_1 : Operation 14 [1/1] (0.90ns)   --->   "%icmp_ln697 = icmp_eq  i8 %OutVideoFormat_load_read, i8 0" [C:/TFG_Vivado/vivado/axu2cga_trd.runs/bd_d92b_csc_0_synth_1/prj/sol/.autopilot/db/v_csc.cpp:697->C:/TFG_Vivado/vivado/axu2cga_trd.runs/bd_d92b_csc_0_synth_1/prj/sol/.autopilot/db/v_csc.cpp:500]   --->   Operation 14 'icmp' 'icmp_ln697' <Predicate = true> <Delay = 0.90> <CoreInst = "Cmp">   --->   Core 9 'Cmp' <Latency = 0> <II = 1> <Delay = 0.90> <FuncUnit> <Opcode : 'seteq' 'setne' 'setle' 'setge' 'setlt' 'setgt'> <InPorts = 2> <OutPorts = 1>
ST_1 : Operation 15 [1/1] (0.48ns)   --->   "%store_ln664 = store i10 0, i10 %j" [C:/TFG_Vivado/vivado/axu2cga_trd.runs/bd_d92b_csc_0_synth_1/prj/sol/.autopilot/db/v_csc.cpp:664->C:/TFG_Vivado/vivado/axu2cga_trd.runs/bd_d92b_csc_0_synth_1/prj/sol/.autopilot/db/v_csc.cpp:500]   --->   Operation 15 'store' 'store_ln664' <Predicate = true> <Delay = 0.48>
ST_1 : Operation 16 [1/1] (0.48ns)   --->   "%br_ln664 = br void %for.body34.i" [C:/TFG_Vivado/vivado/axu2cga_trd.runs/bd_d92b_csc_0_synth_1/prj/sol/.autopilot/db/v_csc.cpp:664->C:/TFG_Vivado/vivado/axu2cga_trd.runs/bd_d92b_csc_0_synth_1/prj/sol/.autopilot/db/v_csc.cpp:500]   --->   Operation 16 'br' 'br_ln664' <Predicate = true> <Delay = 0.48>
ST_1 : Operation 17 [1/1] (0.00ns)   --->   "%j_1 = load i10 %j" [C:/TFG_Vivado/vivado/axu2cga_trd.runs/bd_d92b_csc_0_synth_1/prj/sol/.autopilot/db/v_csc.cpp:664->C:/TFG_Vivado/vivado/axu2cga_trd.runs/bd_d92b_csc_0_synth_1/prj/sol/.autopilot/db/v_csc.cpp:500]   --->   Operation 17 'load' 'j_1' <Predicate = true> <Delay = 0.00>
ST_1 : Operation 18 [1/1] (0.93ns)   --->   "%icmp_ln664 = icmp_eq  i10 %j_1, i10 %trunc_ln9_read" [C:/TFG_Vivado/vivado/axu2cga_trd.runs/bd_d92b_csc_0_synth_1/prj/sol/.autopilot/db/v_csc.cpp:664->C:/TFG_Vivado/vivado/axu2cga_trd.runs/bd_d92b_csc_0_synth_1/prj/sol/.autopilot/db/v_csc.cpp:500]   --->   Operation 18 'icmp' 'icmp_ln664' <Predicate = true> <Delay = 0.93> <CoreInst = "Cmp">   --->   Core 9 'Cmp' <Latency = 0> <II = 1> <Delay = 0.93> <FuncUnit> <Opcode : 'seteq' 'setne' 'setle' 'setge' 'setlt' 'setgt'> <InPorts = 2> <OutPorts = 1>
ST_1 : Operation 19 [1/1] (0.93ns)   --->   "%j_2 = add i10 %j_1, i10 1" [C:/TFG_Vivado/vivado/axu2cga_trd.runs/bd_d92b_csc_0_synth_1/prj/sol/.autopilot/db/v_csc.cpp:664->C:/TFG_Vivado/vivado/axu2cga_trd.runs/bd_d92b_csc_0_synth_1/prj/sol/.autopilot/db/v_csc.cpp:500]   --->   Operation 19 'add' 'j_2' <Predicate = true> <Delay = 0.93> <CoreInst = "Adder">   --->   Core 1 'Adder' <Latency = 0> <II = 1> <Delay = 0.93> <FuncUnit> <Opcode : 'add' 'sub'> <InPorts = 2> <OutPorts = 1>
ST_1 : Operation 20 [1/1] (0.00ns)   --->   "%br_ln664 = br i1 %icmp_ln664, void %for.body34.split.i, void %for.inc100.i.exitStub" [C:/TFG_Vivado/vivado/axu2cga_trd.runs/bd_d92b_csc_0_synth_1/prj/sol/.autopilot/db/v_csc.cpp:664->C:/TFG_Vivado/vivado/axu2cga_trd.runs/bd_d92b_csc_0_synth_1/prj/sol/.autopilot/db/v_csc.cpp:500]   --->   Operation 20 'br' 'br_ln664' <Predicate = true> <Delay = 0.00>
ST_1 : Operation 21 [1/1] (0.93ns)   --->   "%icmp_ln677 = icmp_eq  i10 %j_1, i10 %add_ln677_read" [C:/TFG_Vivado/vivado/axu2cga_trd.runs/bd_d92b_csc_0_synth_1/prj/sol/.autopilot/db/v_csc.cpp:677->C:/TFG_Vivado/vivado/axu2cga_trd.runs/bd_d92b_csc_0_synth_1/prj/sol/.autopilot/db/v_csc.cpp:500]   --->   Operation 21 'icmp' 'icmp_ln677' <Predicate = (!icmp_ln664)> <Delay = 0.93> <CoreInst = "Cmp">   --->   Core 9 'Cmp' <Latency = 0> <II = 1> <Delay = 0.93> <FuncUnit> <Opcode : 'seteq' 'setne' 'setle' 'setge' 'setlt' 'setgt'> <InPorts = 2> <OutPorts = 1>
ST_1 : Operation 22 [1/1] (0.90ns)   --->   "%switch_ln697 = switch i8 %OutVideoFormat_load_read, void %sw.default.2.i, i8 0, void %sw.bb.2.i, i8 1, void %for.body53.1.i" [C:/TFG_Vivado/vivado/axu2cga_trd.runs/bd_d92b_csc_0_synth_1/prj/sol/.autopilot/db/v_csc.cpp:697->C:/TFG_Vivado/vivado/axu2cga_trd.runs/bd_d92b_csc_0_synth_1/prj/sol/.autopilot/db/v_csc.cpp:500]   --->   Operation 22 'switch' 'switch_ln697' <Predicate = (!icmp_ln664)> <Delay = 0.90>
ST_1 : Operation 23 [1/1] (0.54ns)   --->   "%br_ln701 = br void %for.body53.1.i" [C:/TFG_Vivado/vivado/axu2cga_trd.runs/bd_d92b_csc_0_synth_1/prj/sol/.autopilot/db/v_csc.cpp:701->C:/TFG_Vivado/vivado/axu2cga_trd.runs/bd_d92b_csc_0_synth_1/prj/sol/.autopilot/db/v_csc.cpp:500]   --->   Operation 23 'br' 'br_ln701' <Predicate = (!icmp_ln664 & OutVideoFormat_load_read == 0)> <Delay = 0.54>
ST_1 : Operation 24 [1/1] (0.54ns)   --->   "%br_ln707 = br void %for.body53.1.i" [C:/TFG_Vivado/vivado/axu2cga_trd.runs/bd_d92b_csc_0_synth_1/prj/sol/.autopilot/db/v_csc.cpp:707->C:/TFG_Vivado/vivado/axu2cga_trd.runs/bd_d92b_csc_0_synth_1/prj/sol/.autopilot/db/v_csc.cpp:500]   --->   Operation 24 'br' 'br_ln707' <Predicate = (!icmp_ln664 & OutVideoFormat_load_read != 0 & OutVideoFormat_load_read != 1)> <Delay = 0.54>
ST_1 : Operation 25 [1/1] (0.90ns)   --->   "%switch_ln697 = switch i8 %OutVideoFormat_load_read, void %sw.default.1.i, i8 0, void %sw.bb.1.i, i8 1, void %for.inc.1.i" [C:/TFG_Vivado/vivado/axu2cga_trd.runs/bd_d92b_csc_0_synth_1/prj/sol/.autopilot/db/v_csc.cpp:697->C:/TFG_Vivado/vivado/axu2cga_trd.runs/bd_d92b_csc_0_synth_1/prj/sol/.autopilot/db/v_csc.cpp:500]   --->   Operation 25 'switch' 'switch_ln697' <Predicate = (!icmp_ln664)> <Delay = 0.90>
ST_1 : Operation 26 [1/1] (0.48ns)   --->   "%br_ln701 = br void %for.inc.1.i" [C:/TFG_Vivado/vivado/axu2cga_trd.runs/bd_d92b_csc_0_synth_1/prj/sol/.autopilot/db/v_csc.cpp:701->C:/TFG_Vivado/vivado/axu2cga_trd.runs/bd_d92b_csc_0_synth_1/prj/sol/.autopilot/db/v_csc.cpp:500]   --->   Operation 26 'br' 'br_ln701' <Predicate = (!icmp_ln664 & OutVideoFormat_load_read == 0)> <Delay = 0.48>
ST_1 : Operation 27 [1/1] (0.48ns)   --->   "%br_ln707 = br void %for.inc.1.i" [C:/TFG_Vivado/vivado/axu2cga_trd.runs/bd_d92b_csc_0_synth_1/prj/sol/.autopilot/db/v_csc.cpp:707->C:/TFG_Vivado/vivado/axu2cga_trd.runs/bd_d92b_csc_0_synth_1/prj/sol/.autopilot/db/v_csc.cpp:500]   --->   Operation 27 'br' 'br_ln707' <Predicate = (!icmp_ln664 & OutVideoFormat_load_read != 0 & OutVideoFormat_load_read != 1)> <Delay = 0.48>
ST_1 : Operation 28 [1/1] (0.90ns)   --->   "%switch_ln697 = switch i8 %OutVideoFormat_load_read, void %sw.default.1.1.i, i8 0, void %sw.bb.1.1.i, i8 1, void %for.inc.1.1.i" [C:/TFG_Vivado/vivado/axu2cga_trd.runs/bd_d92b_csc_0_synth_1/prj/sol/.autopilot/db/v_csc.cpp:697->C:/TFG_Vivado/vivado/axu2cga_trd.runs/bd_d92b_csc_0_synth_1/prj/sol/.autopilot/db/v_csc.cpp:500]   --->   Operation 28 'switch' 'switch_ln697' <Predicate = (!icmp_ln664)> <Delay = 0.90>
ST_1 : Operation 29 [1/1] (0.48ns)   --->   "%br_ln701 = br void %for.inc.1.1.i" [C:/TFG_Vivado/vivado/axu2cga_trd.runs/bd_d92b_csc_0_synth_1/prj/sol/.autopilot/db/v_csc.cpp:701->C:/TFG_Vivado/vivado/axu2cga_trd.runs/bd_d92b_csc_0_synth_1/prj/sol/.autopilot/db/v_csc.cpp:500]   --->   Operation 29 'br' 'br_ln701' <Predicate = (!icmp_ln664 & OutVideoFormat_load_read == 0)> <Delay = 0.48>
ST_1 : Operation 30 [1/1] (0.48ns)   --->   "%br_ln707 = br void %for.inc.1.1.i" [C:/TFG_Vivado/vivado/axu2cga_trd.runs/bd_d92b_csc_0_synth_1/prj/sol/.autopilot/db/v_csc.cpp:707->C:/TFG_Vivado/vivado/axu2cga_trd.runs/bd_d92b_csc_0_synth_1/prj/sol/.autopilot/db/v_csc.cpp:500]   --->   Operation 30 'br' 'br_ln707' <Predicate = (!icmp_ln664 & OutVideoFormat_load_read != 0 & OutVideoFormat_load_read != 1)> <Delay = 0.48>
ST_1 : Operation 31 [1/1] (0.90ns)   --->   "%switch_ln697 = switch i8 %OutVideoFormat_load_read, void %sw.default.1.2.i, i8 0, void %sw.bb.1.2.i, i8 1, void %sw.bb82.1.2.i" [C:/TFG_Vivado/vivado/axu2cga_trd.runs/bd_d92b_csc_0_synth_1/prj/sol/.autopilot/db/v_csc.cpp:697->C:/TFG_Vivado/vivado/axu2cga_trd.runs/bd_d92b_csc_0_synth_1/prj/sol/.autopilot/db/v_csc.cpp:500]   --->   Operation 31 'switch' 'switch_ln697' <Predicate = (!icmp_ln664)> <Delay = 0.90>
ST_1 : Operation 32 [1/1] (0.54ns)   --->   "%br_ln704 = br void %for.inc.1.2.i" [C:/TFG_Vivado/vivado/axu2cga_trd.runs/bd_d92b_csc_0_synth_1/prj/sol/.autopilot/db/v_csc.cpp:704->C:/TFG_Vivado/vivado/axu2cga_trd.runs/bd_d92b_csc_0_synth_1/prj/sol/.autopilot/db/v_csc.cpp:500]   --->   Operation 32 'br' 'br_ln704' <Predicate = (!icmp_ln664 & OutVideoFormat_load_read == 1)> <Delay = 0.54>
ST_1 : Operation 33 [1/1] (0.54ns)   --->   "%br_ln701 = br void %for.inc.1.2.i" [C:/TFG_Vivado/vivado/axu2cga_trd.runs/bd_d92b_csc_0_synth_1/prj/sol/.autopilot/db/v_csc.cpp:701->C:/TFG_Vivado/vivado/axu2cga_trd.runs/bd_d92b_csc_0_synth_1/prj/sol/.autopilot/db/v_csc.cpp:500]   --->   Operation 33 'br' 'br_ln701' <Predicate = (!icmp_ln664 & OutVideoFormat_load_read == 0)> <Delay = 0.54>
ST_1 : Operation 34 [1/1] (0.54ns)   --->   "%br_ln707 = br void %for.inc.1.2.i" [C:/TFG_Vivado/vivado/axu2cga_trd.runs/bd_d92b_csc_0_synth_1/prj/sol/.autopilot/db/v_csc.cpp:707->C:/TFG_Vivado/vivado/axu2cga_trd.runs/bd_d92b_csc_0_synth_1/prj/sol/.autopilot/db/v_csc.cpp:500]   --->   Operation 34 'br' 'br_ln707' <Predicate = (!icmp_ln664 & OutVideoFormat_load_read != 0 & OutVideoFormat_load_read != 1)> <Delay = 0.54>
ST_1 : Operation 35 [1/1] (0.48ns)   --->   "%store_ln664 = store i10 %j_2, i10 %j" [C:/TFG_Vivado/vivado/axu2cga_trd.runs/bd_d92b_csc_0_synth_1/prj/sol/.autopilot/db/v_csc.cpp:664->C:/TFG_Vivado/vivado/axu2cga_trd.runs/bd_d92b_csc_0_synth_1/prj/sol/.autopilot/db/v_csc.cpp:500]   --->   Operation 35 'store' 'store_ln664' <Predicate = (!icmp_ln664)> <Delay = 0.48>
ST_1 : Operation 36 [1/1] (0.00ns)   --->   "%br_ln664 = br void %for.body34.i" [C:/TFG_Vivado/vivado/axu2cga_trd.runs/bd_d92b_csc_0_synth_1/prj/sol/.autopilot/db/v_csc.cpp:664->C:/TFG_Vivado/vivado/axu2cga_trd.runs/bd_d92b_csc_0_synth_1/prj/sol/.autopilot/db/v_csc.cpp:500]   --->   Operation 36 'br' 'br_ln664' <Predicate = (!icmp_ln664)> <Delay = 0.00>

State 2 <SV = 1> <Delay = 2.27>
ST_2 : Operation 37 [1/1] (0.00ns)   --->   "%specpipeline_ln667 = specpipeline void @_ssdm_op_SpecPipeline, i32 1, i32 0, i32 0, i32 0, i32 4294967295, void @empty_49" [C:/TFG_Vivado/vivado/axu2cga_trd.runs/bd_d92b_csc_0_synth_1/prj/sol/.autopilot/db/v_csc.cpp:667->C:/TFG_Vivado/vivado/axu2cga_trd.runs/bd_d92b_csc_0_synth_1/prj/sol/.autopilot/db/v_csc.cpp:500]   --->   Operation 37 'specpipeline' 'specpipeline_ln667' <Predicate = (!icmp_ln664)> <Delay = 0.00>
ST_2 : Operation 38 [1/1] (0.00ns)   --->   "%specloopname_ln664 = specloopname void @_ssdm_op_SpecLoopName, void @empty_46" [C:/TFG_Vivado/vivado/axu2cga_trd.runs/bd_d92b_csc_0_synth_1/prj/sol/.autopilot/db/v_csc.cpp:664->C:/TFG_Vivado/vivado/axu2cga_trd.runs/bd_d92b_csc_0_synth_1/prj/sol/.autopilot/db/v_csc.cpp:500]   --->   Operation 38 'specloopname' 'specloopname_ln664' <Predicate = (!icmp_ln664)> <Delay = 0.00>
ST_2 : Operation 39 [1/1] ( I:1.82ns O:1.82ns )   --->   "%stream_out_hresampled_read = read i48 @_ssdm_op_Read.ap_fifo.volatile.i48P0A, i48 %stream_out_hresampled" [C:/TFG_Vivado/vivado/axu2cga_trd.runs/bd_d92b_csc_0_synth_1/prj/sol/.autopilot/db/v_csc.cpp:685->C:/TFG_Vivado/vivado/axu2cga_trd.runs/bd_d92b_csc_0_synth_1/prj/sol/.autopilot/db/v_csc.cpp:500]   --->   Operation 39 'read' 'stream_out_hresampled_read' <Predicate = (!icmp_ln664)> <Delay = 1.82> <CoreInst = "FIFO_SRL">   --->   Core 80 'FIFO_SRL' <Latency = 0> <II = 1> <Delay = 2.25> <Storage> <Opcode : 'read' 'write' 'nbread' 'nbwrite'> <Ports = 0> <Width = 48> <Depth = 16> <FIFO>
ST_2 : Operation 40 [1/1] (0.00ns)   --->   "%pix_444 = trunc i48 %stream_out_hresampled_read" [C:/TFG_Vivado/vivado/axu2cga_trd.runs/bd_d92b_csc_0_synth_1/prj/sol/.autopilot/db/v_csc.cpp:685->C:/TFG_Vivado/vivado/axu2cga_trd.runs/bd_d92b_csc_0_synth_1/prj/sol/.autopilot/db/v_csc.cpp:500]   --->   Operation 40 'trunc' 'pix_444' <Predicate = (!icmp_ln664)> <Delay = 0.00>
ST_2 : Operation 41 [1/1] (0.00ns)   --->   "%pix_rgb_4 = partselect i8 @_ssdm_op_PartSelect.i8.i48.i32.i32, i48 %stream_out_hresampled_read, i32 8, i32 15" [C:/TFG_Vivado/vivado/axu2cga_trd.runs/bd_d92b_csc_0_synth_1/prj/sol/.autopilot/db/v_csc.cpp:685->C:/TFG_Vivado/vivado/axu2cga_trd.runs/bd_d92b_csc_0_synth_1/prj/sol/.autopilot/db/v_csc.cpp:500]   --->   Operation 41 'partselect' 'pix_rgb_4' <Predicate = (!icmp_ln664)> <Delay = 0.00>
ST_2 : Operation 42 [1/1] (0.00ns)   --->   "%pix_422 = partselect i8 @_ssdm_op_PartSelect.i8.i48.i32.i32, i48 %stream_out_hresampled_read, i32 16, i32 23" [C:/TFG_Vivado/vivado/axu2cga_trd.runs/bd_d92b_csc_0_synth_1/prj/sol/.autopilot/db/v_csc.cpp:685->C:/TFG_Vivado/vivado/axu2cga_trd.runs/bd_d92b_csc_0_synth_1/prj/sol/.autopilot/db/v_csc.cpp:500]   --->   Operation 42 'partselect' 'pix_422' <Predicate = (!icmp_ln664)> <Delay = 0.00>
ST_2 : Operation 43 [1/1] (0.00ns)   --->   "%pix_rgb = partselect i8 @_ssdm_op_PartSelect.i8.i48.i32.i32, i48 %stream_out_hresampled_read, i32 24, i32 31" [C:/TFG_Vivado/vivado/axu2cga_trd.runs/bd_d92b_csc_0_synth_1/prj/sol/.autopilot/db/v_csc.cpp:685->C:/TFG_Vivado/vivado/axu2cga_trd.runs/bd_d92b_csc_0_synth_1/prj/sol/.autopilot/db/v_csc.cpp:500]   --->   Operation 43 'partselect' 'pix_rgb' <Predicate = (!icmp_ln664)> <Delay = 0.00>
ST_2 : Operation 44 [1/1] (0.00ns)   --->   "%pix_444_2 = partselect i8 @_ssdm_op_PartSelect.i8.i48.i32.i32, i48 %stream_out_hresampled_read, i32 32, i32 39" [C:/TFG_Vivado/vivado/axu2cga_trd.runs/bd_d92b_csc_0_synth_1/prj/sol/.autopilot/db/v_csc.cpp:685->C:/TFG_Vivado/vivado/axu2cga_trd.runs/bd_d92b_csc_0_synth_1/prj/sol/.autopilot/db/v_csc.cpp:500]   --->   Operation 44 'partselect' 'pix_444_2' <Predicate = (!icmp_ln664)> <Delay = 0.00>
ST_2 : Operation 45 [1/1] (0.00ns)   --->   "%pix_444_3 = partselect i8 @_ssdm_op_PartSelect.i8.i48.i32.i32, i48 %stream_out_hresampled_read, i32 40, i32 47" [C:/TFG_Vivado/vivado/axu2cga_trd.runs/bd_d92b_csc_0_synth_1/prj/sol/.autopilot/db/v_csc.cpp:685->C:/TFG_Vivado/vivado/axu2cga_trd.runs/bd_d92b_csc_0_synth_1/prj/sol/.autopilot/db/v_csc.cpp:500]   --->   Operation 45 'partselect' 'pix_444_3' <Predicate = (!icmp_ln664)> <Delay = 0.00>
ST_2 : Operation 46 [1/1] (0.44ns)   --->   "%select_ln697 = select i1 %icmp_ln697, i8 %pix_rgb_4, i8 %pix_444" [C:/TFG_Vivado/vivado/axu2cga_trd.runs/bd_d92b_csc_0_synth_1/prj/sol/.autopilot/db/v_csc.cpp:697->C:/TFG_Vivado/vivado/axu2cga_trd.runs/bd_d92b_csc_0_synth_1/prj/sol/.autopilot/db/v_csc.cpp:500]   --->   Operation 46 'select' 'select_ln697' <Predicate = (!icmp_ln664)> <Delay = 0.44> <CoreInst = "Sel">   --->   Core 73 'Sel' <Latency = 0> <II = 1> <Delay = 0.44> <FuncUnit> <Opcode : 'select'> <InPorts = 3> <OutPorts = 1>
ST_2 : Operation 47 [1/1] (0.44ns)   --->   "%select_ln697_1 = select i1 %icmp_ln697, i8 %pix_422, i8 %pix_rgb_4" [C:/TFG_Vivado/vivado/axu2cga_trd.runs/bd_d92b_csc_0_synth_1/prj/sol/.autopilot/db/v_csc.cpp:697->C:/TFG_Vivado/vivado/axu2cga_trd.runs/bd_d92b_csc_0_synth_1/prj/sol/.autopilot/db/v_csc.cpp:500]   --->   Operation 47 'select' 'select_ln697_1' <Predicate = (!icmp_ln664)> <Delay = 0.44> <CoreInst = "Sel">   --->   Core 73 'Sel' <Latency = 0> <II = 1> <Delay = 0.44> <FuncUnit> <Opcode : 'select'> <InPorts = 3> <OutPorts = 1>
ST_2 : Operation 48 [1/1] (0.00ns)   --->   "%empty_141 = phi i8 %pix_444, void %sw.bb.2.i, i8 %pix_rgb, void %sw.default.2.i, i8 %pix_422, void %for.body34.split.i"   --->   Operation 48 'phi' 'empty_141' <Predicate = (!icmp_ln664)> <Delay = 0.00>
ST_2 : Operation 49 [1/1] (0.00ns)   --->   "%empty_140 = phi i8 %pix_444_2, void %sw.bb.1.i, i8 %pix_444_2, void %sw.default.1.i, i8 %pix_rgb, void %for.body53.1.i"   --->   Operation 49 'phi' 'empty_140' <Predicate = (!icmp_ln664)> <Delay = 0.00>
ST_2 : Operation 50 [1/1] (0.00ns)   --->   "%empty_139 = phi i8 %pix_444_3, void %sw.bb.1.1.i, i8 %pix_444_3, void %sw.default.1.1.i, i8 %pix_444_2, void %for.inc.1.i"   --->   Operation 50 'phi' 'empty_139' <Predicate = (!icmp_ln664)> <Delay = 0.00>
ST_2 : Operation 51 [1/1] (0.00ns)   --->   "%tmp_3 = bitconcatenate i48 @_ssdm_op_BitConcatenate.i48.i8.i8.i8.i8.i8.i8, i8 %pix_444_3, i8 %empty_139, i8 %empty_140, i8 %empty_141, i8 %select_ln697_1, i8 %select_ln697" [C:/TFG_Vivado/vivado/axu2cga_trd.runs/bd_d92b_csc_0_synth_1/prj/sol/.autopilot/db/v_csc.cpp:703->C:/TFG_Vivado/vivado/axu2cga_trd.runs/bd_d92b_csc_0_synth_1/prj/sol/.autopilot/db/v_csc.cpp:500]   --->   Operation 51 'bitconcatenate' 'tmp_3' <Predicate = (!icmp_ln664 & OutVideoFormat_load_read == 1)> <Delay = 0.00>
ST_2 : Operation 52 [1/1] (0.00ns)   --->   "%tmp_2 = bitconcatenate i48 @_ssdm_op_BitConcatenate.i48.i8.i8.i8.i8.i8.i8, i8 %pix_rgb, i8 %empty_139, i8 %empty_140, i8 %empty_141, i8 %select_ln697_1, i8 %select_ln697" [C:/TFG_Vivado/vivado/axu2cga_trd.runs/bd_d92b_csc_0_synth_1/prj/sol/.autopilot/db/v_csc.cpp:700->C:/TFG_Vivado/vivado/axu2cga_trd.runs/bd_d92b_csc_0_synth_1/prj/sol/.autopilot/db/v_csc.cpp:500]   --->   Operation 52 'bitconcatenate' 'tmp_2' <Predicate = (!icmp_ln664 & OutVideoFormat_load_read == 0)> <Delay = 0.00>
ST_2 : Operation 53 [1/1] (0.00ns)   --->   "%tmp_1 = bitconcatenate i48 @_ssdm_op_BitConcatenate.i48.i8.i8.i8.i8.i8.i8, i8 %pix_422, i8 %empty_139, i8 %empty_140, i8 %empty_141, i8 %select_ln697_1, i8 %select_ln697" [C:/TFG_Vivado/vivado/axu2cga_trd.runs/bd_d92b_csc_0_synth_1/prj/sol/.autopilot/db/v_csc.cpp:706->C:/TFG_Vivado/vivado/axu2cga_trd.runs/bd_d92b_csc_0_synth_1/prj/sol/.autopilot/db/v_csc.cpp:500]   --->   Operation 53 'bitconcatenate' 'tmp_1' <Predicate = (!icmp_ln664 & OutVideoFormat_load_read != 0 & OutVideoFormat_load_read != 1)> <Delay = 0.00>
ST_2 : Operation 54 [1/1] (0.00ns)   --->   "%empty = phi i48 %tmp_2, void %sw.bb.1.2.i, i48 %tmp_3, void %sw.bb82.1.2.i, i48 %tmp_1, void %sw.default.1.2.i" [C:/TFG_Vivado/vivado/axu2cga_trd.runs/bd_d92b_csc_0_synth_1/prj/sol/.autopilot/db/v_csc.cpp:700->C:/TFG_Vivado/vivado/axu2cga_trd.runs/bd_d92b_csc_0_synth_1/prj/sol/.autopilot/db/v_csc.cpp:500]   --->   Operation 54 'phi' 'empty' <Predicate = (!icmp_ln664)> <Delay = 0.00>

State 3 <SV = 2> <Delay = 0.72>
ST_3 : Operation 55 [1/1] (0.00ns)   --->   "%sof_1 = phi i1 %sof_read, void %newFuncRoot, i1 0, void %for.inc.1.2.i"   --->   Operation 55 'phi' 'sof_1' <Predicate = true> <Delay = 0.00>
ST_3 : Operation 56 [1/1] (0.00ns)   --->   "%speclooptripcount_ln0 = speclooptripcount void @_ssdm_op_SpecLoopTripCount, i64 32, i64 960, i64 0"   --->   Operation 56 'speclooptripcount' 'speclooptripcount_ln0' <Predicate = true> <Delay = 0.00>
ST_3 : Operation 57 [1/1] ( I:0.72ns O:0.72ns )   --->   "%write_ln712 = write void @_ssdm_op_Write.axis.volatile.i48P0A.i6P0A.i6P0A.i1P0A.i1P0A.i1P0A.i1P0A, i48 %m_axis_video_V_data_V, i6 %m_axis_video_V_keep_V, i6 %m_axis_video_V_strb_V, i1 %m_axis_video_V_user_V, i1 %m_axis_video_V_last_V, i1 %m_axis_video_V_id_V, i1 %m_axis_video_V_dest_V, i48 %empty, i6 63, i6 63, i1 %sof_1, i1 %icmp_ln677, i1 0, i1 0" [C:/TFG_Vivado/vivado/axu2cga_trd.runs/bd_d92b_csc_0_synth_1/prj/sol/.autopilot/db/v_csc.cpp:712->C:/TFG_Vivado/vivado/axu2cga_trd.runs/bd_d92b_csc_0_synth_1/prj/sol/.autopilot/db/v_csc.cpp:500]   --->   Operation 57 'write' 'write_ln712' <Predicate = (!icmp_ln664)> <Delay = 0.72> <CoreInst = "regslice">   --->   Core 147 'regslice' <Latency = 0> <II = 1> <Delay = 0.95> <Adapter> <Opcode : 'read' 'write'>
ST_3 : Operation 58 [1/1] (0.48ns)   --->   "%ret_ln0 = ret"   --->   Operation 58 'ret' 'ret_ln0' <Predicate = (icmp_ln664)> <Delay = 0.48>


============================================================
+ Verbose Summary: Timing violations
============================================================
Target clock period: 5.000ns, clock uncertainty: 1.350ns.

 <State 1>: 1.970ns
The critical path consists of the following:
	'store' operation ('store_ln664', C:/TFG_Vivado/vivado/axu2cga_trd.runs/bd_d92b_csc_0_synth_1/prj/sol/.autopilot/db/v_csc.cpp:664->C:/TFG_Vivado/vivado/axu2cga_trd.runs/bd_d92b_csc_0_synth_1/prj/sol/.autopilot/db/v_csc.cpp:500) of constant 0 10 bit on local variable 'j', C:/TFG_Vivado/vivado/axu2cga_trd.runs/bd_d92b_csc_0_synth_1/prj/sol/.autopilot/db/v_csc.cpp:664->C:/TFG_Vivado/vivado/axu2cga_trd.runs/bd_d92b_csc_0_synth_1/prj/sol/.autopilot/db/v_csc.cpp:500 [22]  (0.489 ns)
	'load' operation 10 bit ('j', C:/TFG_Vivado/vivado/axu2cga_trd.runs/bd_d92b_csc_0_synth_1/prj/sol/.autopilot/db/v_csc.cpp:664->C:/TFG_Vivado/vivado/axu2cga_trd.runs/bd_d92b_csc_0_synth_1/prj/sol/.autopilot/db/v_csc.cpp:500) on local variable 'j', C:/TFG_Vivado/vivado/axu2cga_trd.runs/bd_d92b_csc_0_synth_1/prj/sol/.autopilot/db/v_csc.cpp:664->C:/TFG_Vivado/vivado/axu2cga_trd.runs/bd_d92b_csc_0_synth_1/prj/sol/.autopilot/db/v_csc.cpp:500 [26]  (0.000 ns)
	'icmp' operation 1 bit ('icmp_ln664', C:/TFG_Vivado/vivado/axu2cga_trd.runs/bd_d92b_csc_0_synth_1/prj/sol/.autopilot/db/v_csc.cpp:664->C:/TFG_Vivado/vivado/axu2cga_trd.runs/bd_d92b_csc_0_synth_1/prj/sol/.autopilot/db/v_csc.cpp:500) [27]  (0.934 ns)
	'store' operation ('store_ln664', C:/TFG_Vivado/vivado/axu2cga_trd.runs/bd_d92b_csc_0_synth_1/prj/sol/.autopilot/db/v_csc.cpp:664->C:/TFG_Vivado/vivado/axu2cga_trd.runs/bd_d92b_csc_0_synth_1/prj/sol/.autopilot/db/v_csc.cpp:500) of variable 'j', C:/TFG_Vivado/vivado/axu2cga_trd.runs/bd_d92b_csc_0_synth_1/prj/sol/.autopilot/db/v_csc.cpp:664->C:/TFG_Vivado/vivado/axu2cga_trd.runs/bd_d92b_csc_0_synth_1/prj/sol/.autopilot/db/v_csc.cpp:500 10 bit on local variable 'j', C:/TFG_Vivado/vivado/axu2cga_trd.runs/bd_d92b_csc_0_synth_1/prj/sol/.autopilot/db/v_csc.cpp:664->C:/TFG_Vivado/vivado/axu2cga_trd.runs/bd_d92b_csc_0_synth_1/prj/sol/.autopilot/db/v_csc.cpp:500 [78]  (0.489 ns)
	blocking operation 0.058 ns on control path)

 <State 2>: 2.270ns
The critical path consists of the following:
	fifo read operation ('stream_out_hresampled_read', C:/TFG_Vivado/vivado/axu2cga_trd.runs/bd_d92b_csc_0_synth_1/prj/sol/.autopilot/db/v_csc.cpp:685->C:/TFG_Vivado/vivado/axu2cga_trd.runs/bd_d92b_csc_0_synth_1/prj/sol/.autopilot/db/v_csc.cpp:500) on port 'stream_out_hresampled' (C:/TFG_Vivado/vivado/axu2cga_trd.runs/bd_d92b_csc_0_synth_1/prj/sol/.autopilot/db/v_csc.cpp:685->C:/TFG_Vivado/vivado/axu2cga_trd.runs/bd_d92b_csc_0_synth_1/prj/sol/.autopilot/db/v_csc.cpp:500) [35]  (1.825 ns)
	'select' operation 8 bit ('select_ln697_1', C:/TFG_Vivado/vivado/axu2cga_trd.runs/bd_d92b_csc_0_synth_1/prj/sol/.autopilot/db/v_csc.cpp:697->C:/TFG_Vivado/vivado/axu2cga_trd.runs/bd_d92b_csc_0_synth_1/prj/sol/.autopilot/db/v_csc.cpp:500) [43]  (0.445 ns)

 <State 3>: 0.728ns
The critical path consists of the following:
	'phi' operation 1 bit ('sof') with incoming values : ('sof_read') [25]  (0.000 ns)
	axis write operation ('write_ln712', C:/TFG_Vivado/vivado/axu2cga_trd.runs/bd_d92b_csc_0_synth_1/prj/sol/.autopilot/db/v_csc.cpp:712->C:/TFG_Vivado/vivado/axu2cga_trd.runs/bd_d92b_csc_0_synth_1/prj/sol/.autopilot/db/v_csc.cpp:500) on port 'm_axis_video_V_data_V' (C:/TFG_Vivado/vivado/axu2cga_trd.runs/bd_d92b_csc_0_synth_1/prj/sol/.autopilot/db/v_csc.cpp:712->C:/TFG_Vivado/vivado/axu2cga_trd.runs/bd_d92b_csc_0_synth_1/prj/sol/.autopilot/db/v_csc.cpp:500) [77]  (0.728 ns)


============================================================
+ Verbose Summary: Binding
============================================================
N/A
* FSMD analyzer results:
  - Output states:
 - Input state : 
  - Chain level:
	State 1
	State 2
	State 3


============================================================
+ Verbose Summary: Datapath Resource usage 
============================================================
N/A
