

================================================================
== Vitis HLS Report for 'v_csc'
================================================================
* Date:           Wed Jan 21 12:52:52 2026

* Version:        2025.2 (Build 6295257 on Nov 14 2025)
* Project:        prj
* Solution:       sol (Vivado IP Flow Target)
* Product family: zynquplus
* Target device:  xczu2cg-sfvc784-1-e


================================================================
== Performance Estimates
================================================================
+ Timing: 
    * Summary: 
    +--------+---------+----------+------------+
    |  Clock |  Target | Estimated| Uncertainty|
    +--------+---------+----------+------------+
    |ap_clk  |  5.00 ns|  3.443 ns|     1.35 ns|
    +--------+---------+----------+------------+

+ Latency: 
    * Summary: 
    +---------+---------+----------+----------+-----+-----+----------+
    |  Latency (cycles) |  Latency (absolute) |  Interval | Pipeline |
    |   min   |   max   |    min   |    max   | min | max |   Type   |
    +---------+---------+----------+----------+-----+-----+----------+
    |        ?|        ?|         ?|         ?|    ?|    ?|  dataflow|
    +---------+---------+----------+----------+-----+-----+----------+

    + Detail: 
        * Instance: 
        N/A

        * Loop: 
        N/A

============================================================
+ Verbose Summary: Synthesis Manager
============================================================
InlineROM: 1
ExposeGlobal: 0
============================================================
+ Verbose Summary: CDFG Model
============================================================
IsTopModel: 1
ResetActiveHigh: 1
IsCombinational: 2
IsDatapathOnly: 0
HasWiredReturn: 1
HasMFsm: 0
HasVarLatency: 1
IsPipeline: 0
IsRtlPipelined: 0
IsInstanceOverlapped: 0
IsDontTouch: 0
HasImplIP: 0
IsGatedGlobalClock: 0


============================================================
+ Verbose Summary: Schedule
============================================================
* Number of FSM states : 12
* Pipeline : 0
* Dataflow Pipeline: 1
  DF-Pipeline-0: Size = 12, States = { 1 2 3 4 5 6 7 8 9 10 11 12 }

* FSM state transitions: 
1 --> 2 
2 --> 3 
3 --> 4 
4 --> 5 
5 --> 6 
6 --> 7 
7 --> 8 
8 --> 9 
9 --> 10 
10 --> 11 
11 --> 12 
12 --> 

* FSM state operations: 

State 1 <SV = 0> <Delay = 0.00>
ST_1 : Operation 13 [1/1] (0.00ns)   --->   "%stream_in = alloca i64 1" [C:/TFG_Vivado/vivado/axu2cga_trd.runs/bd_d92b_csc_0_synth_1/prj/sol/.autopilot/db/v_csc.cpp:431]   --->   Operation 13 'alloca' 'stream_in' <Predicate = true> <Delay = 0.00> <CoreInst = "FIFO_SRL">   --->   Core 80 'FIFO_SRL' <Latency = 0> <II = 1> <Delay = 2.25> <Storage> <Opcode : 'read' 'write' 'nbread' 'nbwrite'> <Ports = 0> <Width = 48> <Depth = 16> <FIFO>
ST_1 : Operation 14 [1/1] (0.00ns)   --->   "%stream_in_hresampled = alloca i64 1" [C:/TFG_Vivado/vivado/axu2cga_trd.runs/bd_d92b_csc_0_synth_1/prj/sol/.autopilot/db/v_csc.cpp:433]   --->   Operation 14 'alloca' 'stream_in_hresampled' <Predicate = true> <Delay = 0.00> <CoreInst = "FIFO_SRL">   --->   Core 80 'FIFO_SRL' <Latency = 0> <II = 1> <Delay = 2.25> <Storage> <Opcode : 'read' 'write' 'nbread' 'nbwrite'> <Ports = 0> <Width = 48> <Depth = 16> <FIFO>
ST_1 : Operation 15 [1/1] (0.00ns)   --->   "%stream_out_hresampled = alloca i64 1" [C:/TFG_Vivado/vivado/axu2cga_trd.runs/bd_d92b_csc_0_synth_1/prj/sol/.autopilot/db/v_csc.cpp:433]   --->   Operation 15 'alloca' 'stream_out_hresampled' <Predicate = true> <Delay = 0.00> <CoreInst = "FIFO_SRL">   --->   Core 80 'FIFO_SRL' <Latency = 0> <II = 1> <Delay = 2.25> <Storage> <Opcode : 'read' 'write' 'nbread' 'nbwrite'> <Ports = 0> <Width = 48> <Depth = 16> <FIFO>
ST_1 : Operation 16 [1/1] (0.00ns)   --->   "%stream_csc = alloca i64 1" [C:/TFG_Vivado/vivado/axu2cga_trd.runs/bd_d92b_csc_0_synth_1/prj/sol/.autopilot/db/v_csc.cpp:434]   --->   Operation 16 'alloca' 'stream_csc' <Predicate = true> <Delay = 0.00> <CoreInst = "FIFO_SRL">   --->   Core 80 'FIFO_SRL' <Latency = 0> <II = 1> <Delay = 2.25> <Storage> <Opcode : 'read' 'write' 'nbread' 'nbwrite'> <Ports = 0> <Width = 48> <Depth = 16> <FIFO>

State 2 <SV = 1> <Delay = 0.00>
ST_2 : Operation 17 [2/2] (0.00ns)   --->   "%call_ln372 = call void @AXIvideo2MultiPixStream, i16 %height, i16 %width, i8 %InVideoFormat, i48 %s_axis_video_V_data_V, i6 %s_axis_video_V_keep_V, i6 %s_axis_video_V_strb_V, i1 %s_axis_video_V_user_V, i1 %s_axis_video_V_last_V, i1 %s_axis_video_V_id_V, i1 %s_axis_video_V_dest_V, i48 %stream_in" [C:/TFG_Vivado/vivado/axu2cga_trd.runs/bd_d92b_csc_0_synth_1/prj/sol/.autopilot/db/v_csc.cpp:372]   --->   Operation 17 'call' 'call_ln372' <Predicate = true> <Delay = 0.00> <CoreType = "Generic">   --->   Generic Core

State 3 <SV = 2> <Delay = 0.94>
ST_3 : Operation 18 [1/2] (0.94ns)   --->   "%call_ln372 = call void @AXIvideo2MultiPixStream, i16 %height, i16 %width, i8 %InVideoFormat, i48 %s_axis_video_V_data_V, i6 %s_axis_video_V_keep_V, i6 %s_axis_video_V_strb_V, i1 %s_axis_video_V_user_V, i1 %s_axis_video_V_last_V, i1 %s_axis_video_V_id_V, i1 %s_axis_video_V_dest_V, i48 %stream_in" [C:/TFG_Vivado/vivado/axu2cga_trd.runs/bd_d92b_csc_0_synth_1/prj/sol/.autopilot/db/v_csc.cpp:372]   --->   Operation 18 'call' 'call_ln372' <Predicate = true> <Delay = 0.94> <CoreType = "Generic">   --->   Generic Core

State 4 <SV = 3> <Delay = 3.25>
ST_4 : Operation 19 [1/1] (1.23ns)   --->   "%call_ret = call i2 @Block_entry_proc.1, i8 %InVideoFormat, i8 %OutVideoFormat" [C:/TFG_Vivado/vivado/axu2cga_trd.runs/bd_d92b_csc_0_synth_1/prj/sol/.autopilot/db/v_csc.cpp:369]   --->   Operation 19 'call' 'call_ret' <Predicate = true> <Delay = 1.23> <CoreType = "Generic">   --->   Generic Core
ST_4 : Operation 20 [1/1] (0.00ns)   --->   "%cond_loc_channel = extractvalue i2 %call_ret" [C:/TFG_Vivado/vivado/axu2cga_trd.runs/bd_d92b_csc_0_synth_1/prj/sol/.autopilot/db/v_csc.cpp:369]   --->   Operation 20 'extractvalue' 'cond_loc_channel' <Predicate = true> <Delay = 0.00> <CoreInst = "FIFO_SRL">   --->   Core 80 'FIFO_SRL' <Latency = 0> <II = 1> <Delay = 2.16> <Storage> <Opcode : 'read' 'write' 'nbread' 'nbwrite'> <Ports = 0> <Width = 1> <Depth = 2> <FIFO>
ST_4 : Operation 21 [1/1] (0.00ns)   --->   "%cond64_loc_channel = extractvalue i2 %call_ret" [C:/TFG_Vivado/vivado/axu2cga_trd.runs/bd_d92b_csc_0_synth_1/prj/sol/.autopilot/db/v_csc.cpp:369]   --->   Operation 21 'extractvalue' 'cond64_loc_channel' <Predicate = true> <Delay = 0.00> <CoreInst = "FIFO_SRL">   --->   Core 80 'FIFO_SRL' <Latency = 0> <II = 1> <Delay = 2.16> <Storage> <Opcode : 'read' 'write' 'nbread' 'nbwrite'> <Ports = 0> <Width = 1> <Depth = 2> <FIFO>
ST_4 : Operation 22 [2/2] (2.01ns)   --->   "%call_ln372 = call void @v_hcresampler_core, i16 %height, i16 %width, i1 %cond_loc_channel, i48 %stream_in, i48 %stream_in_hresampled" [C:/TFG_Vivado/vivado/axu2cga_trd.runs/bd_d92b_csc_0_synth_1/prj/sol/.autopilot/db/v_csc.cpp:372]   --->   Operation 22 'call' 'call_ln372' <Predicate = true> <Delay = 2.01> <CoreType = "Generic">   --->   Generic Core

State 5 <SV = 4> <Delay = 1.01>
ST_5 : Operation 23 [1/2] (1.01ns)   --->   "%call_ln372 = call void @v_hcresampler_core, i16 %height, i16 %width, i1 %cond_loc_channel, i48 %stream_in, i48 %stream_in_hresampled" [C:/TFG_Vivado/vivado/axu2cga_trd.runs/bd_d92b_csc_0_synth_1/prj/sol/.autopilot/db/v_csc.cpp:372]   --->   Operation 23 'call' 'call_ln372' <Predicate = true> <Delay = 1.01> <CoreType = "Generic">   --->   Generic Core

State 6 <SV = 5> <Delay = 1.34>
ST_6 : Operation 24 [2/2] (1.34ns)   --->   "%call_ln372 = call void @v_csc_core, i16 %height, i16 %width, i16 %ColStart, i16 %ColEnd, i16 %RowStart, i16 %RowEnd, i16 %K11, i16 %K12, i16 %K13, i16 %K21, i16 %K22, i16 %K23, i16 %K31, i16 %K32, i16 %K33, i10 %ROffset, i10 %GOffset, i10 %BOffset, i8 %ClampMin, i8 %ClipMax, i16 %K11_2, i16 %K12_2, i16 %K13_2, i16 %K21_2, i16 %K22_2, i16 %K23_2, i16 %K31_2, i16 %K32_2, i16 %K33_2, i10 %ROffset_2, i10 %GOffset_2, i10 %BOffset_2, i8 %ClampMin_2, i8 %ClipMax_2, i48 %stream_in_hresampled, i48 %stream_csc" [C:/TFG_Vivado/vivado/axu2cga_trd.runs/bd_d92b_csc_0_synth_1/prj/sol/.autopilot/db/v_csc.cpp:372]   --->   Operation 24 'call' 'call_ln372' <Predicate = true> <Delay = 1.34> <CoreType = "Generic">   --->   Generic Core

State 7 <SV = 6> <Delay = 1.01>
ST_7 : Operation 25 [1/2] (1.01ns)   --->   "%call_ln372 = call void @v_csc_core, i16 %height, i16 %width, i16 %ColStart, i16 %ColEnd, i16 %RowStart, i16 %RowEnd, i16 %K11, i16 %K12, i16 %K13, i16 %K21, i16 %K22, i16 %K23, i16 %K31, i16 %K32, i16 %K33, i10 %ROffset, i10 %GOffset, i10 %BOffset, i8 %ClampMin, i8 %ClipMax, i16 %K11_2, i16 %K12_2, i16 %K13_2, i16 %K21_2, i16 %K22_2, i16 %K23_2, i16 %K31_2, i16 %K32_2, i16 %K33_2, i10 %ROffset_2, i10 %GOffset_2, i10 %BOffset_2, i8 %ClampMin_2, i8 %ClipMax_2, i48 %stream_in_hresampled, i48 %stream_csc" [C:/TFG_Vivado/vivado/axu2cga_trd.runs/bd_d92b_csc_0_synth_1/prj/sol/.autopilot/db/v_csc.cpp:372]   --->   Operation 25 'call' 'call_ln372' <Predicate = true> <Delay = 1.01> <CoreType = "Generic">   --->   Generic Core

State 8 <SV = 7> <Delay = 2.01>
ST_8 : Operation 26 [2/2] (2.01ns)   --->   "%call_ln372 = call void @v_hcresampler_core.1, i16 %height, i16 %width, i1 %cond64_loc_channel, i48 %stream_csc, i48 %stream_out_hresampled" [C:/TFG_Vivado/vivado/axu2cga_trd.runs/bd_d92b_csc_0_synth_1/prj/sol/.autopilot/db/v_csc.cpp:372]   --->   Operation 26 'call' 'call_ln372' <Predicate = true> <Delay = 2.01> <CoreType = "Generic">   --->   Generic Core

State 9 <SV = 8> <Delay = 1.01>
ST_9 : Operation 27 [1/2] (1.01ns)   --->   "%call_ln372 = call void @v_hcresampler_core.1, i16 %height, i16 %width, i1 %cond64_loc_channel, i48 %stream_csc, i48 %stream_out_hresampled" [C:/TFG_Vivado/vivado/axu2cga_trd.runs/bd_d92b_csc_0_synth_1/prj/sol/.autopilot/db/v_csc.cpp:372]   --->   Operation 27 'call' 'call_ln372' <Predicate = true> <Delay = 1.01> <CoreType = "Generic">   --->   Generic Core

State 10 <SV = 9> <Delay = 0.00>
ST_10 : Operation 28 [2/2] (0.00ns)   --->   "%call_ln372 = call void @MultiPixStream2AXIvideo, i16 %height, i16 %width, i8 %OutVideoFormat, i48 %stream_out_hresampled, i48 %m_axis_video_V_data_V, i6 %m_axis_video_V_keep_V, i6 %m_axis_video_V_strb_V, i1 %m_axis_video_V_user_V, i1 %m_axis_video_V_last_V, i1 %m_axis_video_V_id_V, i1 %m_axis_video_V_dest_V" [C:/TFG_Vivado/vivado/axu2cga_trd.runs/bd_d92b_csc_0_synth_1/prj/sol/.autopilot/db/v_csc.cpp:372]   --->   Operation 28 'call' 'call_ln372' <Predicate = true> <Delay = 0.00> <CoreType = "Generic">   --->   Generic Core

State 11 <SV = 10> <Delay = 0.00>
ST_11 : Operation 29 [1/2] (0.00ns)   --->   "%call_ln372 = call void @MultiPixStream2AXIvideo, i16 %height, i16 %width, i8 %OutVideoFormat, i48 %stream_out_hresampled, i48 %m_axis_video_V_data_V, i6 %m_axis_video_V_keep_V, i6 %m_axis_video_V_strb_V, i1 %m_axis_video_V_user_V, i1 %m_axis_video_V_last_V, i1 %m_axis_video_V_id_V, i1 %m_axis_video_V_dest_V" [C:/TFG_Vivado/vivado/axu2cga_trd.runs/bd_d92b_csc_0_synth_1/prj/sol/.autopilot/db/v_csc.cpp:372]   --->   Operation 29 'call' 'call_ln372' <Predicate = true> <Delay = 0.00> <CoreType = "Generic">   --->   Generic Core

State 12 <SV = 11> <Delay = 1.00>
ST_12 : Operation 30 [1/1] (0.00ns)   --->   "%specdataflowpipeline_ln438 = specdataflowpipeline void @_ssdm_op_SpecDataflowPipeline, i32 4294967295, i32 0, void @empty_49" [C:/TFG_Vivado/vivado/axu2cga_trd.runs/bd_d92b_csc_0_synth_1/prj/sol/.autopilot/db/v_csc.cpp:438]   --->   Operation 30 'specdataflowpipeline' 'specdataflowpipeline_ln438' <Predicate = true> <Delay = 0.00>
ST_12 : Operation 31 [1/1] (0.00ns)   --->   "%spectopmodule_ln220 = spectopmodule void @_ssdm_op_SpecTopModule, void @empty_37" [C:/TFG_Vivado/vivado/axu2cga_trd.runs/bd_d92b_csc_0_synth_1/prj/sol/.autopilot/db/v_csc.cpp:220]   --->   Operation 31 'spectopmodule' 'spectopmodule_ln220' <Predicate = true> <Delay = 0.00>
ST_12 : Operation 32 [1/1] (0.00ns)   --->   "%specinterface_ln0 = specinterface void @_ssdm_op_SpecInterface, i48 %s_axis_video_V_data_V, i6 %s_axis_video_V_keep_V, i6 %s_axis_video_V_strb_V, i1 %s_axis_video_V_user_V, i1 %s_axis_video_V_last_V, i1 %s_axis_video_V_id_V, i1 %s_axis_video_V_dest_V, void @empty_8, i32 1, i32 1, void @empty_48, i32 0, i32 0, void @empty_49, void @empty_49, void @empty_49, i32 0, i32 0, i32 0, i32 0, void @empty_49, void @empty_49, i32 4294967295, i32 0, i32 0, i32 0"   --->   Operation 32 'specinterface' 'specinterface_ln0' <Predicate = true> <Delay = 0.00>
ST_12 : Operation 33 [1/1] (0.00ns)   --->   "%specbitsmap_ln0 = specbitsmap void @_ssdm_op_SpecBitsMap, i48 %s_axis_video_V_data_V"   --->   Operation 33 'specbitsmap' 'specbitsmap_ln0' <Predicate = true> <Delay = 0.00>
ST_12 : Operation 34 [1/1] (0.00ns)   --->   "%specbitsmap_ln0 = specbitsmap void @_ssdm_op_SpecBitsMap, i6 %s_axis_video_V_keep_V"   --->   Operation 34 'specbitsmap' 'specbitsmap_ln0' <Predicate = true> <Delay = 0.00>
ST_12 : Operation 35 [1/1] (0.00ns)   --->   "%specbitsmap_ln0 = specbitsmap void @_ssdm_op_SpecBitsMap, i6 %s_axis_video_V_strb_V"   --->   Operation 35 'specbitsmap' 'specbitsmap_ln0' <Predicate = true> <Delay = 0.00>
ST_12 : Operation 36 [1/1] (0.00ns)   --->   "%specbitsmap_ln0 = specbitsmap void @_ssdm_op_SpecBitsMap, i1 %s_axis_video_V_user_V"   --->   Operation 36 'specbitsmap' 'specbitsmap_ln0' <Predicate = true> <Delay = 0.00>
ST_12 : Operation 37 [1/1] (0.00ns)   --->   "%specbitsmap_ln0 = specbitsmap void @_ssdm_op_SpecBitsMap, i1 %s_axis_video_V_last_V"   --->   Operation 37 'specbitsmap' 'specbitsmap_ln0' <Predicate = true> <Delay = 0.00>
ST_12 : Operation 38 [1/1] (0.00ns)   --->   "%specbitsmap_ln0 = specbitsmap void @_ssdm_op_SpecBitsMap, i1 %s_axis_video_V_id_V"   --->   Operation 38 'specbitsmap' 'specbitsmap_ln0' <Predicate = true> <Delay = 0.00>
ST_12 : Operation 39 [1/1] (0.00ns)   --->   "%specbitsmap_ln0 = specbitsmap void @_ssdm_op_SpecBitsMap, i1 %s_axis_video_V_dest_V"   --->   Operation 39 'specbitsmap' 'specbitsmap_ln0' <Predicate = true> <Delay = 0.00>
ST_12 : Operation 40 [1/1] (0.00ns)   --->   "%specbitsmap_ln0 = specbitsmap void @_ssdm_op_SpecBitsMap, i8 %InVideoFormat"   --->   Operation 40 'specbitsmap' 'specbitsmap_ln0' <Predicate = true> <Delay = 0.00>
ST_12 : Operation 41 [1/1] (0.00ns)   --->   "%specinterface_ln0 = specinterface void @_ssdm_op_SpecInterface, i8 %InVideoFormat, void @empty_50, i32 4294967295, i32 4294967295, void @empty_49, i32 0, i32 0, void @empty_51, void @empty_52, void @empty_49, i32 0, i32 0, i32 0, i32 0, void @empty_49, void @empty_49, i32 4294967295, i32 0, i32 0, i32 0"   --->   Operation 41 'specinterface' 'specinterface_ln0' <Predicate = true> <Delay = 0.00>
ST_12 : Operation 42 [1/1] (0.00ns)   --->   "%specinterface_ln0 = specinterface void @_ssdm_op_SpecInterface, i8 %InVideoFormat, void @empty_53, i32 0, i32 0, void @empty_49, i32 0, i32 0, void @empty_49, void @empty_49, void @empty_49, i32 0, i32 0, i32 0, i32 0, void @empty_49, void @empty_49, i32 4294967295, i32 0, i32 0, i32 0"   --->   Operation 42 'specinterface' 'specinterface_ln0' <Predicate = true> <Delay = 0.00>
ST_12 : Operation 43 [1/1] (0.00ns)   --->   "%specbitsmap_ln0 = specbitsmap void @_ssdm_op_SpecBitsMap, i8 %OutVideoFormat"   --->   Operation 43 'specbitsmap' 'specbitsmap_ln0' <Predicate = true> <Delay = 0.00>
ST_12 : Operation 44 [1/1] (0.00ns)   --->   "%specinterface_ln0 = specinterface void @_ssdm_op_SpecInterface, i8 %OutVideoFormat, void @empty_50, i32 4294967295, i32 4294967295, void @empty_49, i32 0, i32 0, void @empty_51, void @empty, void @empty_49, i32 0, i32 0, i32 0, i32 0, void @empty_49, void @empty_49, i32 4294967295, i32 0, i32 0, i32 0"   --->   Operation 44 'specinterface' 'specinterface_ln0' <Predicate = true> <Delay = 0.00>
ST_12 : Operation 45 [1/1] (0.00ns)   --->   "%specinterface_ln0 = specinterface void @_ssdm_op_SpecInterface, i8 %OutVideoFormat, void @empty_53, i32 0, i32 0, void @empty_49, i32 0, i32 0, void @empty_49, void @empty_49, void @empty_49, i32 0, i32 0, i32 0, i32 0, void @empty_49, void @empty_49, i32 4294967295, i32 0, i32 0, i32 0"   --->   Operation 45 'specinterface' 'specinterface_ln0' <Predicate = true> <Delay = 0.00>
ST_12 : Operation 46 [1/1] (0.00ns)   --->   "%specbitsmap_ln0 = specbitsmap void @_ssdm_op_SpecBitsMap, i16 %width"   --->   Operation 46 'specbitsmap' 'specbitsmap_ln0' <Predicate = true> <Delay = 0.00>
ST_12 : Operation 47 [1/1] (0.00ns)   --->   "%specinterface_ln0 = specinterface void @_ssdm_op_SpecInterface, i16 %width, void @empty_50, i32 4294967295, i32 4294967295, void @empty_49, i32 0, i32 0, void @empty_51, void @empty_0, void @empty_49, i32 0, i32 0, i32 0, i32 0, void @empty_49, void @empty_49, i32 4294967295, i32 0, i32 0, i32 0"   --->   Operation 47 'specinterface' 'specinterface_ln0' <Predicate = true> <Delay = 0.00>
ST_12 : Operation 48 [1/1] (0.00ns)   --->   "%specinterface_ln0 = specinterface void @_ssdm_op_SpecInterface, i16 %width, void @empty_53, i32 0, i32 0, void @empty_49, i32 0, i32 0, void @empty_49, void @empty_49, void @empty_49, i32 0, i32 0, i32 0, i32 0, void @empty_49, void @empty_49, i32 4294967295, i32 0, i32 0, i32 0"   --->   Operation 48 'specinterface' 'specinterface_ln0' <Predicate = true> <Delay = 0.00>
ST_12 : Operation 49 [1/1] (0.00ns)   --->   "%specbitsmap_ln0 = specbitsmap void @_ssdm_op_SpecBitsMap, i16 %height"   --->   Operation 49 'specbitsmap' 'specbitsmap_ln0' <Predicate = true> <Delay = 0.00>
ST_12 : Operation 50 [1/1] (0.00ns)   --->   "%specinterface_ln0 = specinterface void @_ssdm_op_SpecInterface, i16 %height, void @empty_50, i32 4294967295, i32 4294967295, void @empty_49, i32 0, i32 0, void @empty_51, void @empty_54, void @empty_49, i32 0, i32 0, i32 0, i32 0, void @empty_49, void @empty_49, i32 4294967295, i32 0, i32 0, i32 0"   --->   Operation 50 'specinterface' 'specinterface_ln0' <Predicate = true> <Delay = 0.00>
ST_12 : Operation 51 [1/1] (0.00ns)   --->   "%specinterface_ln0 = specinterface void @_ssdm_op_SpecInterface, i16 %height, void @empty_53, i32 0, i32 0, void @empty_49, i32 0, i32 0, void @empty_49, void @empty_49, void @empty_49, i32 0, i32 0, i32 0, i32 0, void @empty_49, void @empty_49, i32 4294967295, i32 0, i32 0, i32 0"   --->   Operation 51 'specinterface' 'specinterface_ln0' <Predicate = true> <Delay = 0.00>
ST_12 : Operation 52 [1/1] (0.00ns)   --->   "%specbitsmap_ln0 = specbitsmap void @_ssdm_op_SpecBitsMap, i16 %ColStart"   --->   Operation 52 'specbitsmap' 'specbitsmap_ln0' <Predicate = true> <Delay = 0.00>
ST_12 : Operation 53 [1/1] (0.00ns)   --->   "%specinterface_ln0 = specinterface void @_ssdm_op_SpecInterface, i16 %ColStart, void @empty_50, i32 4294967295, i32 4294967295, void @empty_49, i32 0, i32 0, void @empty_51, void @empty_2, void @empty_49, i32 0, i32 0, i32 0, i32 0, void @empty_49, void @empty_49, i32 4294967295, i32 0, i32 0, i32 0"   --->   Operation 53 'specinterface' 'specinterface_ln0' <Predicate = true> <Delay = 0.00>
ST_12 : Operation 54 [1/1] (0.00ns)   --->   "%specinterface_ln0 = specinterface void @_ssdm_op_SpecInterface, i16 %ColStart, void @empty_53, i32 0, i32 0, void @empty_49, i32 0, i32 0, void @empty_49, void @empty_49, void @empty_49, i32 0, i32 0, i32 0, i32 0, void @empty_49, void @empty_49, i32 4294967295, i32 0, i32 0, i32 0"   --->   Operation 54 'specinterface' 'specinterface_ln0' <Predicate = true> <Delay = 0.00>
ST_12 : Operation 55 [1/1] (0.00ns)   --->   "%specbitsmap_ln0 = specbitsmap void @_ssdm_op_SpecBitsMap, i16 %ColEnd"   --->   Operation 55 'specbitsmap' 'specbitsmap_ln0' <Predicate = true> <Delay = 0.00>
ST_12 : Operation 56 [1/1] (0.00ns)   --->   "%specinterface_ln0 = specinterface void @_ssdm_op_SpecInterface, i16 %ColEnd, void @empty_50, i32 4294967295, i32 4294967295, void @empty_49, i32 0, i32 0, void @empty_51, void @empty_3, void @empty_49, i32 0, i32 0, i32 0, i32 0, void @empty_49, void @empty_49, i32 4294967295, i32 0, i32 0, i32 0"   --->   Operation 56 'specinterface' 'specinterface_ln0' <Predicate = true> <Delay = 0.00>
ST_12 : Operation 57 [1/1] (0.00ns)   --->   "%specinterface_ln0 = specinterface void @_ssdm_op_SpecInterface, i16 %ColEnd, void @empty_53, i32 0, i32 0, void @empty_49, i32 0, i32 0, void @empty_49, void @empty_49, void @empty_49, i32 0, i32 0, i32 0, i32 0, void @empty_49, void @empty_49, i32 4294967295, i32 0, i32 0, i32 0"   --->   Operation 57 'specinterface' 'specinterface_ln0' <Predicate = true> <Delay = 0.00>
ST_12 : Operation 58 [1/1] (0.00ns)   --->   "%specbitsmap_ln0 = specbitsmap void @_ssdm_op_SpecBitsMap, i16 %RowStart"   --->   Operation 58 'specbitsmap' 'specbitsmap_ln0' <Predicate = true> <Delay = 0.00>
ST_12 : Operation 59 [1/1] (0.00ns)   --->   "%specinterface_ln0 = specinterface void @_ssdm_op_SpecInterface, i16 %RowStart, void @empty_50, i32 4294967295, i32 4294967295, void @empty_49, i32 0, i32 0, void @empty_51, void @empty_4, void @empty_49, i32 0, i32 0, i32 0, i32 0, void @empty_49, void @empty_49, i32 4294967295, i32 0, i32 0, i32 0"   --->   Operation 59 'specinterface' 'specinterface_ln0' <Predicate = true> <Delay = 0.00>
ST_12 : Operation 60 [1/1] (0.00ns)   --->   "%specinterface_ln0 = specinterface void @_ssdm_op_SpecInterface, i16 %RowStart, void @empty_53, i32 0, i32 0, void @empty_49, i32 0, i32 0, void @empty_49, void @empty_49, void @empty_49, i32 0, i32 0, i32 0, i32 0, void @empty_49, void @empty_49, i32 4294967295, i32 0, i32 0, i32 0"   --->   Operation 60 'specinterface' 'specinterface_ln0' <Predicate = true> <Delay = 0.00>
ST_12 : Operation 61 [1/1] (0.00ns)   --->   "%specbitsmap_ln0 = specbitsmap void @_ssdm_op_SpecBitsMap, i16 %RowEnd"   --->   Operation 61 'specbitsmap' 'specbitsmap_ln0' <Predicate = true> <Delay = 0.00>
ST_12 : Operation 62 [1/1] (0.00ns)   --->   "%specinterface_ln0 = specinterface void @_ssdm_op_SpecInterface, i16 %RowEnd, void @empty_50, i32 4294967295, i32 4294967295, void @empty_49, i32 0, i32 0, void @empty_51, void @empty_5, void @empty_49, i32 0, i32 0, i32 0, i32 0, void @empty_49, void @empty_49, i32 4294967295, i32 0, i32 0, i32 0"   --->   Operation 62 'specinterface' 'specinterface_ln0' <Predicate = true> <Delay = 0.00>
ST_12 : Operation 63 [1/1] (0.00ns)   --->   "%specinterface_ln0 = specinterface void @_ssdm_op_SpecInterface, i16 %RowEnd, void @empty_53, i32 0, i32 0, void @empty_49, i32 0, i32 0, void @empty_49, void @empty_49, void @empty_49, i32 0, i32 0, i32 0, i32 0, void @empty_49, void @empty_49, i32 4294967295, i32 0, i32 0, i32 0"   --->   Operation 63 'specinterface' 'specinterface_ln0' <Predicate = true> <Delay = 0.00>
ST_12 : Operation 64 [1/1] (0.00ns)   --->   "%specbitsmap_ln0 = specbitsmap void @_ssdm_op_SpecBitsMap, i16 %K11"   --->   Operation 64 'specbitsmap' 'specbitsmap_ln0' <Predicate = true> <Delay = 0.00>
ST_12 : Operation 65 [1/1] (0.00ns)   --->   "%specinterface_ln0 = specinterface void @_ssdm_op_SpecInterface, i16 %K11, void @empty_50, i32 4294967295, i32 4294967295, void @empty_49, i32 0, i32 0, void @empty_51, void @empty_6, void @empty_49, i32 0, i32 0, i32 0, i32 0, void @empty_49, void @empty_49, i32 4294967295, i32 0, i32 0, i32 0"   --->   Operation 65 'specinterface' 'specinterface_ln0' <Predicate = true> <Delay = 0.00>
ST_12 : Operation 66 [1/1] (0.00ns)   --->   "%specinterface_ln0 = specinterface void @_ssdm_op_SpecInterface, i16 %K11, void @empty_53, i32 0, i32 0, void @empty_49, i32 0, i32 0, void @empty_49, void @empty_49, void @empty_49, i32 0, i32 0, i32 0, i32 0, void @empty_49, void @empty_49, i32 4294967295, i32 0, i32 0, i32 0"   --->   Operation 66 'specinterface' 'specinterface_ln0' <Predicate = true> <Delay = 0.00>
ST_12 : Operation 67 [1/1] (0.00ns)   --->   "%specbitsmap_ln0 = specbitsmap void @_ssdm_op_SpecBitsMap, i16 %K12"   --->   Operation 67 'specbitsmap' 'specbitsmap_ln0' <Predicate = true> <Delay = 0.00>
ST_12 : Operation 68 [1/1] (0.00ns)   --->   "%specinterface_ln0 = specinterface void @_ssdm_op_SpecInterface, i16 %K12, void @empty_50, i32 4294967295, i32 4294967295, void @empty_49, i32 0, i32 0, void @empty_51, void @empty_7, void @empty_49, i32 0, i32 0, i32 0, i32 0, void @empty_49, void @empty_49, i32 4294967295, i32 0, i32 0, i32 0"   --->   Operation 68 'specinterface' 'specinterface_ln0' <Predicate = true> <Delay = 0.00>
ST_12 : Operation 69 [1/1] (0.00ns)   --->   "%specinterface_ln0 = specinterface void @_ssdm_op_SpecInterface, i16 %K12, void @empty_53, i32 0, i32 0, void @empty_49, i32 0, i32 0, void @empty_49, void @empty_49, void @empty_49, i32 0, i32 0, i32 0, i32 0, void @empty_49, void @empty_49, i32 4294967295, i32 0, i32 0, i32 0"   --->   Operation 69 'specinterface' 'specinterface_ln0' <Predicate = true> <Delay = 0.00>
ST_12 : Operation 70 [1/1] (0.00ns)   --->   "%specbitsmap_ln0 = specbitsmap void @_ssdm_op_SpecBitsMap, i16 %K13"   --->   Operation 70 'specbitsmap' 'specbitsmap_ln0' <Predicate = true> <Delay = 0.00>
ST_12 : Operation 71 [1/1] (0.00ns)   --->   "%specinterface_ln0 = specinterface void @_ssdm_op_SpecInterface, i16 %K13, void @empty_50, i32 4294967295, i32 4294967295, void @empty_49, i32 0, i32 0, void @empty_51, void @empty_47, void @empty_49, i32 0, i32 0, i32 0, i32 0, void @empty_49, void @empty_49, i32 4294967295, i32 0, i32 0, i32 0"   --->   Operation 71 'specinterface' 'specinterface_ln0' <Predicate = true> <Delay = 0.00>
ST_12 : Operation 72 [1/1] (0.00ns)   --->   "%specinterface_ln0 = specinterface void @_ssdm_op_SpecInterface, i16 %K13, void @empty_53, i32 0, i32 0, void @empty_49, i32 0, i32 0, void @empty_49, void @empty_49, void @empty_49, i32 0, i32 0, i32 0, i32 0, void @empty_49, void @empty_49, i32 4294967295, i32 0, i32 0, i32 0"   --->   Operation 72 'specinterface' 'specinterface_ln0' <Predicate = true> <Delay = 0.00>
ST_12 : Operation 73 [1/1] (0.00ns)   --->   "%specbitsmap_ln0 = specbitsmap void @_ssdm_op_SpecBitsMap, i16 %K21"   --->   Operation 73 'specbitsmap' 'specbitsmap_ln0' <Predicate = true> <Delay = 0.00>
ST_12 : Operation 74 [1/1] (0.00ns)   --->   "%specinterface_ln0 = specinterface void @_ssdm_op_SpecInterface, i16 %K21, void @empty_50, i32 4294967295, i32 4294967295, void @empty_49, i32 0, i32 0, void @empty_51, void @empty_9, void @empty_49, i32 0, i32 0, i32 0, i32 0, void @empty_49, void @empty_49, i32 4294967295, i32 0, i32 0, i32 0"   --->   Operation 74 'specinterface' 'specinterface_ln0' <Predicate = true> <Delay = 0.00>
ST_12 : Operation 75 [1/1] (0.00ns)   --->   "%specinterface_ln0 = specinterface void @_ssdm_op_SpecInterface, i16 %K21, void @empty_53, i32 0, i32 0, void @empty_49, i32 0, i32 0, void @empty_49, void @empty_49, void @empty_49, i32 0, i32 0, i32 0, i32 0, void @empty_49, void @empty_49, i32 4294967295, i32 0, i32 0, i32 0"   --->   Operation 75 'specinterface' 'specinterface_ln0' <Predicate = true> <Delay = 0.00>
ST_12 : Operation 76 [1/1] (0.00ns)   --->   "%specbitsmap_ln0 = specbitsmap void @_ssdm_op_SpecBitsMap, i16 %K22"   --->   Operation 76 'specbitsmap' 'specbitsmap_ln0' <Predicate = true> <Delay = 0.00>
ST_12 : Operation 77 [1/1] (0.00ns)   --->   "%specinterface_ln0 = specinterface void @_ssdm_op_SpecInterface, i16 %K22, void @empty_50, i32 4294967295, i32 4294967295, void @empty_49, i32 0, i32 0, void @empty_51, void @empty_10, void @empty_49, i32 0, i32 0, i32 0, i32 0, void @empty_49, void @empty_49, i32 4294967295, i32 0, i32 0, i32 0"   --->   Operation 77 'specinterface' 'specinterface_ln0' <Predicate = true> <Delay = 0.00>
ST_12 : Operation 78 [1/1] (0.00ns)   --->   "%specinterface_ln0 = specinterface void @_ssdm_op_SpecInterface, i16 %K22, void @empty_53, i32 0, i32 0, void @empty_49, i32 0, i32 0, void @empty_49, void @empty_49, void @empty_49, i32 0, i32 0, i32 0, i32 0, void @empty_49, void @empty_49, i32 4294967295, i32 0, i32 0, i32 0"   --->   Operation 78 'specinterface' 'specinterface_ln0' <Predicate = true> <Delay = 0.00>
ST_12 : Operation 79 [1/1] (0.00ns)   --->   "%specbitsmap_ln0 = specbitsmap void @_ssdm_op_SpecBitsMap, i16 %K23"   --->   Operation 79 'specbitsmap' 'specbitsmap_ln0' <Predicate = true> <Delay = 0.00>
ST_12 : Operation 80 [1/1] (0.00ns)   --->   "%specinterface_ln0 = specinterface void @_ssdm_op_SpecInterface, i16 %K23, void @empty_50, i32 4294967295, i32 4294967295, void @empty_49, i32 0, i32 0, void @empty_51, void @empty_11, void @empty_49, i32 0, i32 0, i32 0, i32 0, void @empty_49, void @empty_49, i32 4294967295, i32 0, i32 0, i32 0"   --->   Operation 80 'specinterface' 'specinterface_ln0' <Predicate = true> <Delay = 0.00>
ST_12 : Operation 81 [1/1] (0.00ns)   --->   "%specinterface_ln0 = specinterface void @_ssdm_op_SpecInterface, i16 %K23, void @empty_53, i32 0, i32 0, void @empty_49, i32 0, i32 0, void @empty_49, void @empty_49, void @empty_49, i32 0, i32 0, i32 0, i32 0, void @empty_49, void @empty_49, i32 4294967295, i32 0, i32 0, i32 0"   --->   Operation 81 'specinterface' 'specinterface_ln0' <Predicate = true> <Delay = 0.00>
ST_12 : Operation 82 [1/1] (0.00ns)   --->   "%specbitsmap_ln0 = specbitsmap void @_ssdm_op_SpecBitsMap, i16 %K31"   --->   Operation 82 'specbitsmap' 'specbitsmap_ln0' <Predicate = true> <Delay = 0.00>
ST_12 : Operation 83 [1/1] (0.00ns)   --->   "%specinterface_ln0 = specinterface void @_ssdm_op_SpecInterface, i16 %K31, void @empty_50, i32 4294967295, i32 4294967295, void @empty_49, i32 0, i32 0, void @empty_51, void @empty_12, void @empty_49, i32 0, i32 0, i32 0, i32 0, void @empty_49, void @empty_49, i32 4294967295, i32 0, i32 0, i32 0"   --->   Operation 83 'specinterface' 'specinterface_ln0' <Predicate = true> <Delay = 0.00>
ST_12 : Operation 84 [1/1] (0.00ns)   --->   "%specinterface_ln0 = specinterface void @_ssdm_op_SpecInterface, i16 %K31, void @empty_53, i32 0, i32 0, void @empty_49, i32 0, i32 0, void @empty_49, void @empty_49, void @empty_49, i32 0, i32 0, i32 0, i32 0, void @empty_49, void @empty_49, i32 4294967295, i32 0, i32 0, i32 0"   --->   Operation 84 'specinterface' 'specinterface_ln0' <Predicate = true> <Delay = 0.00>
ST_12 : Operation 85 [1/1] (0.00ns)   --->   "%specbitsmap_ln0 = specbitsmap void @_ssdm_op_SpecBitsMap, i16 %K32"   --->   Operation 85 'specbitsmap' 'specbitsmap_ln0' <Predicate = true> <Delay = 0.00>
ST_12 : Operation 86 [1/1] (0.00ns)   --->   "%specinterface_ln0 = specinterface void @_ssdm_op_SpecInterface, i16 %K32, void @empty_50, i32 4294967295, i32 4294967295, void @empty_49, i32 0, i32 0, void @empty_51, void @empty_13, void @empty_49, i32 0, i32 0, i32 0, i32 0, void @empty_49, void @empty_49, i32 4294967295, i32 0, i32 0, i32 0"   --->   Operation 86 'specinterface' 'specinterface_ln0' <Predicate = true> <Delay = 0.00>
ST_12 : Operation 87 [1/1] (0.00ns)   --->   "%specinterface_ln0 = specinterface void @_ssdm_op_SpecInterface, i16 %K32, void @empty_53, i32 0, i32 0, void @empty_49, i32 0, i32 0, void @empty_49, void @empty_49, void @empty_49, i32 0, i32 0, i32 0, i32 0, void @empty_49, void @empty_49, i32 4294967295, i32 0, i32 0, i32 0"   --->   Operation 87 'specinterface' 'specinterface_ln0' <Predicate = true> <Delay = 0.00>
ST_12 : Operation 88 [1/1] (0.00ns)   --->   "%specbitsmap_ln0 = specbitsmap void @_ssdm_op_SpecBitsMap, i16 %K33"   --->   Operation 88 'specbitsmap' 'specbitsmap_ln0' <Predicate = true> <Delay = 0.00>
ST_12 : Operation 89 [1/1] (0.00ns)   --->   "%specinterface_ln0 = specinterface void @_ssdm_op_SpecInterface, i16 %K33, void @empty_50, i32 4294967295, i32 4294967295, void @empty_49, i32 0, i32 0, void @empty_51, void @empty_14, void @empty_49, i32 0, i32 0, i32 0, i32 0, void @empty_49, void @empty_49, i32 4294967295, i32 0, i32 0, i32 0"   --->   Operation 89 'specinterface' 'specinterface_ln0' <Predicate = true> <Delay = 0.00>
ST_12 : Operation 90 [1/1] (0.00ns)   --->   "%specinterface_ln0 = specinterface void @_ssdm_op_SpecInterface, i16 %K33, void @empty_53, i32 0, i32 0, void @empty_49, i32 0, i32 0, void @empty_49, void @empty_49, void @empty_49, i32 0, i32 0, i32 0, i32 0, void @empty_49, void @empty_49, i32 4294967295, i32 0, i32 0, i32 0"   --->   Operation 90 'specinterface' 'specinterface_ln0' <Predicate = true> <Delay = 0.00>
ST_12 : Operation 91 [1/1] (0.00ns)   --->   "%specbitsmap_ln0 = specbitsmap void @_ssdm_op_SpecBitsMap, i10 %ROffset"   --->   Operation 91 'specbitsmap' 'specbitsmap_ln0' <Predicate = true> <Delay = 0.00>
ST_12 : Operation 92 [1/1] (0.00ns)   --->   "%specinterface_ln0 = specinterface void @_ssdm_op_SpecInterface, i10 %ROffset, void @empty_50, i32 4294967295, i32 4294967295, void @empty_49, i32 0, i32 0, void @empty_51, void @empty_15, void @empty_49, i32 0, i32 0, i32 0, i32 0, void @empty_49, void @empty_49, i32 4294967295, i32 0, i32 0, i32 0"   --->   Operation 92 'specinterface' 'specinterface_ln0' <Predicate = true> <Delay = 0.00>
ST_12 : Operation 93 [1/1] (0.00ns)   --->   "%specinterface_ln0 = specinterface void @_ssdm_op_SpecInterface, i10 %ROffset, void @empty_53, i32 0, i32 0, void @empty_49, i32 0, i32 0, void @empty_49, void @empty_49, void @empty_49, i32 0, i32 0, i32 0, i32 0, void @empty_49, void @empty_49, i32 4294967295, i32 0, i32 0, i32 0"   --->   Operation 93 'specinterface' 'specinterface_ln0' <Predicate = true> <Delay = 0.00>
ST_12 : Operation 94 [1/1] (0.00ns)   --->   "%specbitsmap_ln0 = specbitsmap void @_ssdm_op_SpecBitsMap, i10 %GOffset"   --->   Operation 94 'specbitsmap' 'specbitsmap_ln0' <Predicate = true> <Delay = 0.00>
ST_12 : Operation 95 [1/1] (0.00ns)   --->   "%specinterface_ln0 = specinterface void @_ssdm_op_SpecInterface, i10 %GOffset, void @empty_50, i32 4294967295, i32 4294967295, void @empty_49, i32 0, i32 0, void @empty_51, void @empty_16, void @empty_49, i32 0, i32 0, i32 0, i32 0, void @empty_49, void @empty_49, i32 4294967295, i32 0, i32 0, i32 0"   --->   Operation 95 'specinterface' 'specinterface_ln0' <Predicate = true> <Delay = 0.00>
ST_12 : Operation 96 [1/1] (0.00ns)   --->   "%specinterface_ln0 = specinterface void @_ssdm_op_SpecInterface, i10 %GOffset, void @empty_53, i32 0, i32 0, void @empty_49, i32 0, i32 0, void @empty_49, void @empty_49, void @empty_49, i32 0, i32 0, i32 0, i32 0, void @empty_49, void @empty_49, i32 4294967295, i32 0, i32 0, i32 0"   --->   Operation 96 'specinterface' 'specinterface_ln0' <Predicate = true> <Delay = 0.00>
ST_12 : Operation 97 [1/1] (0.00ns)   --->   "%specbitsmap_ln0 = specbitsmap void @_ssdm_op_SpecBitsMap, i10 %BOffset"   --->   Operation 97 'specbitsmap' 'specbitsmap_ln0' <Predicate = true> <Delay = 0.00>
ST_12 : Operation 98 [1/1] (0.00ns)   --->   "%specinterface_ln0 = specinterface void @_ssdm_op_SpecInterface, i10 %BOffset, void @empty_50, i32 4294967295, i32 4294967295, void @empty_49, i32 0, i32 0, void @empty_51, void @empty_17, void @empty_49, i32 0, i32 0, i32 0, i32 0, void @empty_49, void @empty_49, i32 4294967295, i32 0, i32 0, i32 0"   --->   Operation 98 'specinterface' 'specinterface_ln0' <Predicate = true> <Delay = 0.00>
ST_12 : Operation 99 [1/1] (0.00ns)   --->   "%specinterface_ln0 = specinterface void @_ssdm_op_SpecInterface, i10 %BOffset, void @empty_53, i32 0, i32 0, void @empty_49, i32 0, i32 0, void @empty_49, void @empty_49, void @empty_49, i32 0, i32 0, i32 0, i32 0, void @empty_49, void @empty_49, i32 4294967295, i32 0, i32 0, i32 0"   --->   Operation 99 'specinterface' 'specinterface_ln0' <Predicate = true> <Delay = 0.00>
ST_12 : Operation 100 [1/1] (0.00ns)   --->   "%specbitsmap_ln0 = specbitsmap void @_ssdm_op_SpecBitsMap, i8 %ClampMin"   --->   Operation 100 'specbitsmap' 'specbitsmap_ln0' <Predicate = true> <Delay = 0.00>
ST_12 : Operation 101 [1/1] (0.00ns)   --->   "%specinterface_ln0 = specinterface void @_ssdm_op_SpecInterface, i8 %ClampMin, void @empty_50, i32 4294967295, i32 4294967295, void @empty_49, i32 0, i32 0, void @empty_51, void @empty_18, void @empty_49, i32 0, i32 0, i32 0, i32 0, void @empty_49, void @empty_49, i32 4294967295, i32 0, i32 0, i32 0"   --->   Operation 101 'specinterface' 'specinterface_ln0' <Predicate = true> <Delay = 0.00>
ST_12 : Operation 102 [1/1] (0.00ns)   --->   "%specinterface_ln0 = specinterface void @_ssdm_op_SpecInterface, i8 %ClampMin, void @empty_53, i32 0, i32 0, void @empty_49, i32 0, i32 0, void @empty_49, void @empty_49, void @empty_49, i32 0, i32 0, i32 0, i32 0, void @empty_49, void @empty_49, i32 4294967295, i32 0, i32 0, i32 0"   --->   Operation 102 'specinterface' 'specinterface_ln0' <Predicate = true> <Delay = 0.00>
ST_12 : Operation 103 [1/1] (0.00ns)   --->   "%specbitsmap_ln0 = specbitsmap void @_ssdm_op_SpecBitsMap, i8 %ClipMax"   --->   Operation 103 'specbitsmap' 'specbitsmap_ln0' <Predicate = true> <Delay = 0.00>
ST_12 : Operation 104 [1/1] (0.00ns)   --->   "%specinterface_ln0 = specinterface void @_ssdm_op_SpecInterface, i8 %ClipMax, void @empty_50, i32 4294967295, i32 4294967295, void @empty_49, i32 0, i32 0, void @empty_51, void @empty_19, void @empty_49, i32 0, i32 0, i32 0, i32 0, void @empty_49, void @empty_49, i32 4294967295, i32 0, i32 0, i32 0"   --->   Operation 104 'specinterface' 'specinterface_ln0' <Predicate = true> <Delay = 0.00>
ST_12 : Operation 105 [1/1] (0.00ns)   --->   "%specinterface_ln0 = specinterface void @_ssdm_op_SpecInterface, i8 %ClipMax, void @empty_53, i32 0, i32 0, void @empty_49, i32 0, i32 0, void @empty_49, void @empty_49, void @empty_49, i32 0, i32 0, i32 0, i32 0, void @empty_49, void @empty_49, i32 4294967295, i32 0, i32 0, i32 0"   --->   Operation 105 'specinterface' 'specinterface_ln0' <Predicate = true> <Delay = 0.00>
ST_12 : Operation 106 [1/1] (0.00ns)   --->   "%specbitsmap_ln0 = specbitsmap void @_ssdm_op_SpecBitsMap, i16 %K11_2"   --->   Operation 106 'specbitsmap' 'specbitsmap_ln0' <Predicate = true> <Delay = 0.00>
ST_12 : Operation 107 [1/1] (0.00ns)   --->   "%specinterface_ln0 = specinterface void @_ssdm_op_SpecInterface, i16 %K11_2, void @empty_50, i32 4294967295, i32 4294967295, void @empty_49, i32 0, i32 0, void @empty_51, void @empty_20, void @empty_49, i32 0, i32 0, i32 0, i32 0, void @empty_49, void @empty_49, i32 4294967295, i32 0, i32 0, i32 0"   --->   Operation 107 'specinterface' 'specinterface_ln0' <Predicate = true> <Delay = 0.00>
ST_12 : Operation 108 [1/1] (0.00ns)   --->   "%specinterface_ln0 = specinterface void @_ssdm_op_SpecInterface, i16 %K11_2, void @empty_53, i32 0, i32 0, void @empty_49, i32 0, i32 0, void @empty_49, void @empty_49, void @empty_49, i32 0, i32 0, i32 0, i32 0, void @empty_49, void @empty_49, i32 4294967295, i32 0, i32 0, i32 0"   --->   Operation 108 'specinterface' 'specinterface_ln0' <Predicate = true> <Delay = 0.00>
ST_12 : Operation 109 [1/1] (0.00ns)   --->   "%specbitsmap_ln0 = specbitsmap void @_ssdm_op_SpecBitsMap, i16 %K12_2"   --->   Operation 109 'specbitsmap' 'specbitsmap_ln0' <Predicate = true> <Delay = 0.00>
ST_12 : Operation 110 [1/1] (0.00ns)   --->   "%specinterface_ln0 = specinterface void @_ssdm_op_SpecInterface, i16 %K12_2, void @empty_50, i32 4294967295, i32 4294967295, void @empty_49, i32 0, i32 0, void @empty_51, void @empty_21, void @empty_49, i32 0, i32 0, i32 0, i32 0, void @empty_49, void @empty_49, i32 4294967295, i32 0, i32 0, i32 0"   --->   Operation 110 'specinterface' 'specinterface_ln0' <Predicate = true> <Delay = 0.00>
ST_12 : Operation 111 [1/1] (0.00ns)   --->   "%specinterface_ln0 = specinterface void @_ssdm_op_SpecInterface, i16 %K12_2, void @empty_53, i32 0, i32 0, void @empty_49, i32 0, i32 0, void @empty_49, void @empty_49, void @empty_49, i32 0, i32 0, i32 0, i32 0, void @empty_49, void @empty_49, i32 4294967295, i32 0, i32 0, i32 0"   --->   Operation 111 'specinterface' 'specinterface_ln0' <Predicate = true> <Delay = 0.00>
ST_12 : Operation 112 [1/1] (0.00ns)   --->   "%specbitsmap_ln0 = specbitsmap void @_ssdm_op_SpecBitsMap, i16 %K13_2"   --->   Operation 112 'specbitsmap' 'specbitsmap_ln0' <Predicate = true> <Delay = 0.00>
ST_12 : Operation 113 [1/1] (0.00ns)   --->   "%specinterface_ln0 = specinterface void @_ssdm_op_SpecInterface, i16 %K13_2, void @empty_50, i32 4294967295, i32 4294967295, void @empty_49, i32 0, i32 0, void @empty_51, void @empty_22, void @empty_49, i32 0, i32 0, i32 0, i32 0, void @empty_49, void @empty_49, i32 4294967295, i32 0, i32 0, i32 0"   --->   Operation 113 'specinterface' 'specinterface_ln0' <Predicate = true> <Delay = 0.00>
ST_12 : Operation 114 [1/1] (0.00ns)   --->   "%specinterface_ln0 = specinterface void @_ssdm_op_SpecInterface, i16 %K13_2, void @empty_53, i32 0, i32 0, void @empty_49, i32 0, i32 0, void @empty_49, void @empty_49, void @empty_49, i32 0, i32 0, i32 0, i32 0, void @empty_49, void @empty_49, i32 4294967295, i32 0, i32 0, i32 0"   --->   Operation 114 'specinterface' 'specinterface_ln0' <Predicate = true> <Delay = 0.00>
ST_12 : Operation 115 [1/1] (0.00ns)   --->   "%specbitsmap_ln0 = specbitsmap void @_ssdm_op_SpecBitsMap, i16 %K21_2"   --->   Operation 115 'specbitsmap' 'specbitsmap_ln0' <Predicate = true> <Delay = 0.00>
ST_12 : Operation 116 [1/1] (0.00ns)   --->   "%specinterface_ln0 = specinterface void @_ssdm_op_SpecInterface, i16 %K21_2, void @empty_50, i32 4294967295, i32 4294967295, void @empty_49, i32 0, i32 0, void @empty_51, void @empty_23, void @empty_49, i32 0, i32 0, i32 0, i32 0, void @empty_49, void @empty_49, i32 4294967295, i32 0, i32 0, i32 0"   --->   Operation 116 'specinterface' 'specinterface_ln0' <Predicate = true> <Delay = 0.00>
ST_12 : Operation 117 [1/1] (0.00ns)   --->   "%specinterface_ln0 = specinterface void @_ssdm_op_SpecInterface, i16 %K21_2, void @empty_53, i32 0, i32 0, void @empty_49, i32 0, i32 0, void @empty_49, void @empty_49, void @empty_49, i32 0, i32 0, i32 0, i32 0, void @empty_49, void @empty_49, i32 4294967295, i32 0, i32 0, i32 0"   --->   Operation 117 'specinterface' 'specinterface_ln0' <Predicate = true> <Delay = 0.00>
ST_12 : Operation 118 [1/1] (0.00ns)   --->   "%specbitsmap_ln0 = specbitsmap void @_ssdm_op_SpecBitsMap, i16 %K22_2"   --->   Operation 118 'specbitsmap' 'specbitsmap_ln0' <Predicate = true> <Delay = 0.00>
ST_12 : Operation 119 [1/1] (0.00ns)   --->   "%specinterface_ln0 = specinterface void @_ssdm_op_SpecInterface, i16 %K22_2, void @empty_50, i32 4294967295, i32 4294967295, void @empty_49, i32 0, i32 0, void @empty_51, void @empty_24, void @empty_49, i32 0, i32 0, i32 0, i32 0, void @empty_49, void @empty_49, i32 4294967295, i32 0, i32 0, i32 0"   --->   Operation 119 'specinterface' 'specinterface_ln0' <Predicate = true> <Delay = 0.00>
ST_12 : Operation 120 [1/1] (0.00ns)   --->   "%specinterface_ln0 = specinterface void @_ssdm_op_SpecInterface, i16 %K22_2, void @empty_53, i32 0, i32 0, void @empty_49, i32 0, i32 0, void @empty_49, void @empty_49, void @empty_49, i32 0, i32 0, i32 0, i32 0, void @empty_49, void @empty_49, i32 4294967295, i32 0, i32 0, i32 0"   --->   Operation 120 'specinterface' 'specinterface_ln0' <Predicate = true> <Delay = 0.00>
ST_12 : Operation 121 [1/1] (0.00ns)   --->   "%specbitsmap_ln0 = specbitsmap void @_ssdm_op_SpecBitsMap, i16 %K23_2"   --->   Operation 121 'specbitsmap' 'specbitsmap_ln0' <Predicate = true> <Delay = 0.00>
ST_12 : Operation 122 [1/1] (0.00ns)   --->   "%specinterface_ln0 = specinterface void @_ssdm_op_SpecInterface, i16 %K23_2, void @empty_50, i32 4294967295, i32 4294967295, void @empty_49, i32 0, i32 0, void @empty_51, void @empty_25, void @empty_49, i32 0, i32 0, i32 0, i32 0, void @empty_49, void @empty_49, i32 4294967295, i32 0, i32 0, i32 0"   --->   Operation 122 'specinterface' 'specinterface_ln0' <Predicate = true> <Delay = 0.00>
ST_12 : Operation 123 [1/1] (0.00ns)   --->   "%specinterface_ln0 = specinterface void @_ssdm_op_SpecInterface, i16 %K23_2, void @empty_53, i32 0, i32 0, void @empty_49, i32 0, i32 0, void @empty_49, void @empty_49, void @empty_49, i32 0, i32 0, i32 0, i32 0, void @empty_49, void @empty_49, i32 4294967295, i32 0, i32 0, i32 0"   --->   Operation 123 'specinterface' 'specinterface_ln0' <Predicate = true> <Delay = 0.00>
ST_12 : Operation 124 [1/1] (0.00ns)   --->   "%specbitsmap_ln0 = specbitsmap void @_ssdm_op_SpecBitsMap, i16 %K31_2"   --->   Operation 124 'specbitsmap' 'specbitsmap_ln0' <Predicate = true> <Delay = 0.00>
ST_12 : Operation 125 [1/1] (0.00ns)   --->   "%specinterface_ln0 = specinterface void @_ssdm_op_SpecInterface, i16 %K31_2, void @empty_50, i32 4294967295, i32 4294967295, void @empty_49, i32 0, i32 0, void @empty_51, void @empty_26, void @empty_49, i32 0, i32 0, i32 0, i32 0, void @empty_49, void @empty_49, i32 4294967295, i32 0, i32 0, i32 0"   --->   Operation 125 'specinterface' 'specinterface_ln0' <Predicate = true> <Delay = 0.00>
ST_12 : Operation 126 [1/1] (0.00ns)   --->   "%specinterface_ln0 = specinterface void @_ssdm_op_SpecInterface, i16 %K31_2, void @empty_53, i32 0, i32 0, void @empty_49, i32 0, i32 0, void @empty_49, void @empty_49, void @empty_49, i32 0, i32 0, i32 0, i32 0, void @empty_49, void @empty_49, i32 4294967295, i32 0, i32 0, i32 0"   --->   Operation 126 'specinterface' 'specinterface_ln0' <Predicate = true> <Delay = 0.00>
ST_12 : Operation 127 [1/1] (0.00ns)   --->   "%specbitsmap_ln0 = specbitsmap void @_ssdm_op_SpecBitsMap, i16 %K32_2"   --->   Operation 127 'specbitsmap' 'specbitsmap_ln0' <Predicate = true> <Delay = 0.00>
ST_12 : Operation 128 [1/1] (0.00ns)   --->   "%specinterface_ln0 = specinterface void @_ssdm_op_SpecInterface, i16 %K32_2, void @empty_50, i32 4294967295, i32 4294967295, void @empty_49, i32 0, i32 0, void @empty_51, void @empty_27, void @empty_49, i32 0, i32 0, i32 0, i32 0, void @empty_49, void @empty_49, i32 4294967295, i32 0, i32 0, i32 0"   --->   Operation 128 'specinterface' 'specinterface_ln0' <Predicate = true> <Delay = 0.00>
ST_12 : Operation 129 [1/1] (0.00ns)   --->   "%specinterface_ln0 = specinterface void @_ssdm_op_SpecInterface, i16 %K32_2, void @empty_53, i32 0, i32 0, void @empty_49, i32 0, i32 0, void @empty_49, void @empty_49, void @empty_49, i32 0, i32 0, i32 0, i32 0, void @empty_49, void @empty_49, i32 4294967295, i32 0, i32 0, i32 0"   --->   Operation 129 'specinterface' 'specinterface_ln0' <Predicate = true> <Delay = 0.00>
ST_12 : Operation 130 [1/1] (0.00ns)   --->   "%specbitsmap_ln0 = specbitsmap void @_ssdm_op_SpecBitsMap, i16 %K33_2"   --->   Operation 130 'specbitsmap' 'specbitsmap_ln0' <Predicate = true> <Delay = 0.00>
ST_12 : Operation 131 [1/1] (0.00ns)   --->   "%specinterface_ln0 = specinterface void @_ssdm_op_SpecInterface, i16 %K33_2, void @empty_50, i32 4294967295, i32 4294967295, void @empty_49, i32 0, i32 0, void @empty_51, void @empty_28, void @empty_49, i32 0, i32 0, i32 0, i32 0, void @empty_49, void @empty_49, i32 4294967295, i32 0, i32 0, i32 0"   --->   Operation 131 'specinterface' 'specinterface_ln0' <Predicate = true> <Delay = 0.00>
ST_12 : Operation 132 [1/1] (0.00ns)   --->   "%specinterface_ln0 = specinterface void @_ssdm_op_SpecInterface, i16 %K33_2, void @empty_53, i32 0, i32 0, void @empty_49, i32 0, i32 0, void @empty_49, void @empty_49, void @empty_49, i32 0, i32 0, i32 0, i32 0, void @empty_49, void @empty_49, i32 4294967295, i32 0, i32 0, i32 0"   --->   Operation 132 'specinterface' 'specinterface_ln0' <Predicate = true> <Delay = 0.00>
ST_12 : Operation 133 [1/1] (0.00ns)   --->   "%specbitsmap_ln0 = specbitsmap void @_ssdm_op_SpecBitsMap, i10 %ROffset_2"   --->   Operation 133 'specbitsmap' 'specbitsmap_ln0' <Predicate = true> <Delay = 0.00>
ST_12 : Operation 134 [1/1] (0.00ns)   --->   "%specinterface_ln0 = specinterface void @_ssdm_op_SpecInterface, i10 %ROffset_2, void @empty_50, i32 4294967295, i32 4294967295, void @empty_49, i32 0, i32 0, void @empty_51, void @empty_29, void @empty_49, i32 0, i32 0, i32 0, i32 0, void @empty_49, void @empty_49, i32 4294967295, i32 0, i32 0, i32 0"   --->   Operation 134 'specinterface' 'specinterface_ln0' <Predicate = true> <Delay = 0.00>
ST_12 : Operation 135 [1/1] (0.00ns)   --->   "%specinterface_ln0 = specinterface void @_ssdm_op_SpecInterface, i10 %ROffset_2, void @empty_53, i32 0, i32 0, void @empty_49, i32 0, i32 0, void @empty_49, void @empty_49, void @empty_49, i32 0, i32 0, i32 0, i32 0, void @empty_49, void @empty_49, i32 4294967295, i32 0, i32 0, i32 0"   --->   Operation 135 'specinterface' 'specinterface_ln0' <Predicate = true> <Delay = 0.00>
ST_12 : Operation 136 [1/1] (0.00ns)   --->   "%specbitsmap_ln0 = specbitsmap void @_ssdm_op_SpecBitsMap, i10 %GOffset_2"   --->   Operation 136 'specbitsmap' 'specbitsmap_ln0' <Predicate = true> <Delay = 0.00>
ST_12 : Operation 137 [1/1] (0.00ns)   --->   "%specinterface_ln0 = specinterface void @_ssdm_op_SpecInterface, i10 %GOffset_2, void @empty_50, i32 4294967295, i32 4294967295, void @empty_49, i32 0, i32 0, void @empty_51, void @empty_30, void @empty_49, i32 0, i32 0, i32 0, i32 0, void @empty_49, void @empty_49, i32 4294967295, i32 0, i32 0, i32 0"   --->   Operation 137 'specinterface' 'specinterface_ln0' <Predicate = true> <Delay = 0.00>
ST_12 : Operation 138 [1/1] (0.00ns)   --->   "%specinterface_ln0 = specinterface void @_ssdm_op_SpecInterface, i10 %GOffset_2, void @empty_53, i32 0, i32 0, void @empty_49, i32 0, i32 0, void @empty_49, void @empty_49, void @empty_49, i32 0, i32 0, i32 0, i32 0, void @empty_49, void @empty_49, i32 4294967295, i32 0, i32 0, i32 0"   --->   Operation 138 'specinterface' 'specinterface_ln0' <Predicate = true> <Delay = 0.00>
ST_12 : Operation 139 [1/1] (0.00ns)   --->   "%specbitsmap_ln0 = specbitsmap void @_ssdm_op_SpecBitsMap, i10 %BOffset_2"   --->   Operation 139 'specbitsmap' 'specbitsmap_ln0' <Predicate = true> <Delay = 0.00>
ST_12 : Operation 140 [1/1] (0.00ns)   --->   "%specinterface_ln0 = specinterface void @_ssdm_op_SpecInterface, i10 %BOffset_2, void @empty_50, i32 4294967295, i32 4294967295, void @empty_49, i32 0, i32 0, void @empty_51, void @empty_31, void @empty_49, i32 0, i32 0, i32 0, i32 0, void @empty_49, void @empty_49, i32 4294967295, i32 0, i32 0, i32 0"   --->   Operation 140 'specinterface' 'specinterface_ln0' <Predicate = true> <Delay = 0.00>
ST_12 : Operation 141 [1/1] (0.00ns)   --->   "%specinterface_ln0 = specinterface void @_ssdm_op_SpecInterface, i10 %BOffset_2, void @empty_53, i32 0, i32 0, void @empty_49, i32 0, i32 0, void @empty_49, void @empty_49, void @empty_49, i32 0, i32 0, i32 0, i32 0, void @empty_49, void @empty_49, i32 4294967295, i32 0, i32 0, i32 0"   --->   Operation 141 'specinterface' 'specinterface_ln0' <Predicate = true> <Delay = 0.00>
ST_12 : Operation 142 [1/1] (0.00ns)   --->   "%specbitsmap_ln0 = specbitsmap void @_ssdm_op_SpecBitsMap, i8 %ClampMin_2"   --->   Operation 142 'specbitsmap' 'specbitsmap_ln0' <Predicate = true> <Delay = 0.00>
ST_12 : Operation 143 [1/1] (0.00ns)   --->   "%specinterface_ln0 = specinterface void @_ssdm_op_SpecInterface, i8 %ClampMin_2, void @empty_50, i32 4294967295, i32 4294967295, void @empty_49, i32 0, i32 0, void @empty_51, void @empty_32, void @empty_49, i32 0, i32 0, i32 0, i32 0, void @empty_49, void @empty_49, i32 4294967295, i32 0, i32 0, i32 0"   --->   Operation 143 'specinterface' 'specinterface_ln0' <Predicate = true> <Delay = 0.00>
ST_12 : Operation 144 [1/1] (0.00ns)   --->   "%specinterface_ln0 = specinterface void @_ssdm_op_SpecInterface, i8 %ClampMin_2, void @empty_53, i32 0, i32 0, void @empty_49, i32 0, i32 0, void @empty_49, void @empty_49, void @empty_49, i32 0, i32 0, i32 0, i32 0, void @empty_49, void @empty_49, i32 4294967295, i32 0, i32 0, i32 0"   --->   Operation 144 'specinterface' 'specinterface_ln0' <Predicate = true> <Delay = 0.00>
ST_12 : Operation 145 [1/1] (0.00ns)   --->   "%specbitsmap_ln0 = specbitsmap void @_ssdm_op_SpecBitsMap, i8 %ClipMax_2"   --->   Operation 145 'specbitsmap' 'specbitsmap_ln0' <Predicate = true> <Delay = 0.00>
ST_12 : Operation 146 [1/1] (0.00ns)   --->   "%specinterface_ln0 = specinterface void @_ssdm_op_SpecInterface, i8 %ClipMax_2, void @empty_50, i32 4294967295, i32 4294967295, void @empty_49, i32 0, i32 0, void @empty_51, void @empty_33, void @empty_49, i32 0, i32 0, i32 0, i32 0, void @empty_49, void @empty_49, i32 4294967295, i32 0, i32 0, i32 0"   --->   Operation 146 'specinterface' 'specinterface_ln0' <Predicate = true> <Delay = 0.00>
ST_12 : Operation 147 [1/1] (0.00ns)   --->   "%specinterface_ln0 = specinterface void @_ssdm_op_SpecInterface, i8 %ClipMax_2, void @empty_53, i32 0, i32 0, void @empty_49, i32 0, i32 0, void @empty_49, void @empty_49, void @empty_49, i32 0, i32 0, i32 0, i32 0, void @empty_49, void @empty_49, i32 4294967295, i32 0, i32 0, i32 0"   --->   Operation 147 'specinterface' 'specinterface_ln0' <Predicate = true> <Delay = 0.00>
ST_12 : Operation 148 [1/1] (0.00ns)   --->   "%specinterface_ln0 = specinterface void @_ssdm_op_SpecInterface, i48 %m_axis_video_V_data_V, i6 %m_axis_video_V_keep_V, i6 %m_axis_video_V_strb_V, i1 %m_axis_video_V_user_V, i1 %m_axis_video_V_last_V, i1 %m_axis_video_V_id_V, i1 %m_axis_video_V_dest_V, void @empty_8, i32 1, i32 1, void @empty_48, i32 0, i32 0, void @empty_49, void @empty_49, void @empty_49, i32 0, i32 0, i32 0, i32 0, void @empty_49, void @empty_49, i32 4294967295, i32 0, i32 0, i32 0"   --->   Operation 148 'specinterface' 'specinterface_ln0' <Predicate = true> <Delay = 0.00>
ST_12 : Operation 149 [1/1] (0.00ns)   --->   "%specbitsmap_ln0 = specbitsmap void @_ssdm_op_SpecBitsMap, i48 %m_axis_video_V_data_V"   --->   Operation 149 'specbitsmap' 'specbitsmap_ln0' <Predicate = true> <Delay = 0.00>
ST_12 : Operation 150 [1/1] (0.00ns)   --->   "%specbitsmap_ln0 = specbitsmap void @_ssdm_op_SpecBitsMap, i6 %m_axis_video_V_keep_V"   --->   Operation 150 'specbitsmap' 'specbitsmap_ln0' <Predicate = true> <Delay = 0.00>
ST_12 : Operation 151 [1/1] (0.00ns)   --->   "%specbitsmap_ln0 = specbitsmap void @_ssdm_op_SpecBitsMap, i6 %m_axis_video_V_strb_V"   --->   Operation 151 'specbitsmap' 'specbitsmap_ln0' <Predicate = true> <Delay = 0.00>
ST_12 : Operation 152 [1/1] (0.00ns)   --->   "%specbitsmap_ln0 = specbitsmap void @_ssdm_op_SpecBitsMap, i1 %m_axis_video_V_user_V"   --->   Operation 152 'specbitsmap' 'specbitsmap_ln0' <Predicate = true> <Delay = 0.00>
ST_12 : Operation 153 [1/1] (0.00ns)   --->   "%specbitsmap_ln0 = specbitsmap void @_ssdm_op_SpecBitsMap, i1 %m_axis_video_V_last_V"   --->   Operation 153 'specbitsmap' 'specbitsmap_ln0' <Predicate = true> <Delay = 0.00>
ST_12 : Operation 154 [1/1] (0.00ns)   --->   "%specbitsmap_ln0 = specbitsmap void @_ssdm_op_SpecBitsMap, i1 %m_axis_video_V_id_V"   --->   Operation 154 'specbitsmap' 'specbitsmap_ln0' <Predicate = true> <Delay = 0.00>
ST_12 : Operation 155 [1/1] (0.00ns)   --->   "%specbitsmap_ln0 = specbitsmap void @_ssdm_op_SpecBitsMap, i1 %m_axis_video_V_dest_V"   --->   Operation 155 'specbitsmap' 'specbitsmap_ln0' <Predicate = true> <Delay = 0.00>
ST_12 : Operation 156 [1/1] (0.00ns)   --->   "%specinterface_ln0 = specinterface void @_ssdm_op_SpecInterface, i32 0, void @empty_50, i32 0, i32 0, void @empty_49, i32 0, i32 0, void @empty_51, void @empty_49, void @empty_49, i32 0, i32 0, i32 0, i32 0, void @empty_49, void @empty_49, i32 0, i32 0, i32 0, i32 0"   --->   Operation 156 'specinterface' 'specinterface_ln0' <Predicate = true> <Delay = 0.00>
ST_12 : Operation 157 [1/1] (0.00ns)   --->   "%empty = specchannel i32 @_ssdm_op_SpecChannel, void @stream_in_str, i32 1, void @p_str, void @p_str, i32 16, i32 16, i48 %stream_in, i48 %stream_in"   --->   Operation 157 'specchannel' 'empty' <Predicate = true> <Delay = 0.00>
ST_12 : Operation 158 [1/1] (0.00ns)   --->   "%specinterface_ln0 = specinterface void @_ssdm_op_SpecInterface, i48 %stream_in, void @empty_34, i32 0, i32 0, void @empty_49, i32 0, i32 0, void @empty_49, void @empty_49, void @empty_49, i32 0, i32 0, i32 0, i32 0, void @empty_49, void @empty_49, i32 4294967295, i32 0, i32 0, i32 0"   --->   Operation 158 'specinterface' 'specinterface_ln0' <Predicate = true> <Delay = 0.00>
ST_12 : Operation 159 [1/1] (0.00ns)   --->   "%empty_75 = specchannel i32 @_ssdm_op_SpecChannel, void @stream_in_hresampled_str, i32 1, void @p_str, void @p_str, i32 16, i32 16, i48 %stream_in_hresampled, i48 %stream_in_hresampled"   --->   Operation 159 'specchannel' 'empty_75' <Predicate = true> <Delay = 0.00>
ST_12 : Operation 160 [1/1] (0.00ns)   --->   "%specinterface_ln0 = specinterface void @_ssdm_op_SpecInterface, i48 %stream_in_hresampled, void @empty_34, i32 0, i32 0, void @empty_49, i32 0, i32 0, void @empty_49, void @empty_49, void @empty_49, i32 0, i32 0, i32 0, i32 0, void @empty_49, void @empty_49, i32 4294967295, i32 0, i32 0, i32 0"   --->   Operation 160 'specinterface' 'specinterface_ln0' <Predicate = true> <Delay = 0.00>
ST_12 : Operation 161 [1/1] (0.00ns)   --->   "%empty_76 = specchannel i32 @_ssdm_op_SpecChannel, void @stream_out_hresampled_str, i32 1, void @p_str, void @p_str, i32 16, i32 16, i48 %stream_out_hresampled, i48 %stream_out_hresampled"   --->   Operation 161 'specchannel' 'empty_76' <Predicate = true> <Delay = 0.00>
ST_12 : Operation 162 [1/1] (0.00ns)   --->   "%specinterface_ln0 = specinterface void @_ssdm_op_SpecInterface, i48 %stream_out_hresampled, void @empty_34, i32 0, i32 0, void @empty_49, i32 0, i32 0, void @empty_49, void @empty_49, void @empty_49, i32 0, i32 0, i32 0, i32 0, void @empty_49, void @empty_49, i32 4294967295, i32 0, i32 0, i32 0"   --->   Operation 162 'specinterface' 'specinterface_ln0' <Predicate = true> <Delay = 0.00>
ST_12 : Operation 163 [1/1] (0.00ns)   --->   "%empty_77 = specchannel i32 @_ssdm_op_SpecChannel, void @stream_csc_str, i32 1, void @p_str, void @p_str, i32 16, i32 16, i48 %stream_csc, i48 %stream_csc"   --->   Operation 163 'specchannel' 'empty_77' <Predicate = true> <Delay = 0.00>
ST_12 : Operation 164 [1/1] (0.00ns)   --->   "%specinterface_ln0 = specinterface void @_ssdm_op_SpecInterface, i48 %stream_csc, void @empty_34, i32 0, i32 0, void @empty_49, i32 0, i32 0, void @empty_49, void @empty_49, void @empty_49, i32 0, i32 0, i32 0, i32 0, void @empty_49, void @empty_49, i32 4294967295, i32 0, i32 0, i32 0"   --->   Operation 164 'specinterface' 'specinterface_ln0' <Predicate = true> <Delay = 0.00>
ST_12 : Operation 165 [1/1] (0.00ns)   --->   "%specstablecontent_ln286 = specstablecontent void @_ssdm_op_SpecStableContent, i8 %InVideoFormat, i1 1, void " [C:/TFG_Vivado/vivado/axu2cga_trd.runs/bd_d92b_csc_0_synth_1/prj/sol/.autopilot/db/v_csc.cpp:286]   --->   Operation 165 'specstablecontent' 'specstablecontent_ln286' <Predicate = true> <Delay = 0.00>
ST_12 : Operation 166 [1/1] (0.00ns)   --->   "%specstablecontent_ln288 = specstablecontent void @_ssdm_op_SpecStableContent, i8 %OutVideoFormat, i1 1, void " [C:/TFG_Vivado/vivado/axu2cga_trd.runs/bd_d92b_csc_0_synth_1/prj/sol/.autopilot/db/v_csc.cpp:288]   --->   Operation 166 'specstablecontent' 'specstablecontent_ln288' <Predicate = true> <Delay = 0.00>
ST_12 : Operation 167 [1/1] (0.00ns)   --->   "%specstablecontent_ln290 = specstablecontent void @_ssdm_op_SpecStableContent, i16 %width, i1 1, void " [C:/TFG_Vivado/vivado/axu2cga_trd.runs/bd_d92b_csc_0_synth_1/prj/sol/.autopilot/db/v_csc.cpp:290]   --->   Operation 167 'specstablecontent' 'specstablecontent_ln290' <Predicate = true> <Delay = 0.00>
ST_12 : Operation 168 [1/1] (0.00ns)   --->   "%specstablecontent_ln292 = specstablecontent void @_ssdm_op_SpecStableContent, i16 %height, i1 1, void " [C:/TFG_Vivado/vivado/axu2cga_trd.runs/bd_d92b_csc_0_synth_1/prj/sol/.autopilot/db/v_csc.cpp:292]   --->   Operation 168 'specstablecontent' 'specstablecontent_ln292' <Predicate = true> <Delay = 0.00>
ST_12 : Operation 169 [1/1] (0.00ns)   --->   "%specstablecontent_ln295 = specstablecontent void @_ssdm_op_SpecStableContent, i16 %ColStart, i1 1, void " [C:/TFG_Vivado/vivado/axu2cga_trd.runs/bd_d92b_csc_0_synth_1/prj/sol/.autopilot/db/v_csc.cpp:295]   --->   Operation 169 'specstablecontent' 'specstablecontent_ln295' <Predicate = true> <Delay = 0.00>
ST_12 : Operation 170 [1/1] (0.00ns)   --->   "%specstablecontent_ln297 = specstablecontent void @_ssdm_op_SpecStableContent, i16 %ColEnd, i1 1, void " [C:/TFG_Vivado/vivado/axu2cga_trd.runs/bd_d92b_csc_0_synth_1/prj/sol/.autopilot/db/v_csc.cpp:297]   --->   Operation 170 'specstablecontent' 'specstablecontent_ln297' <Predicate = true> <Delay = 0.00>
ST_12 : Operation 171 [1/1] (0.00ns)   --->   "%specstablecontent_ln299 = specstablecontent void @_ssdm_op_SpecStableContent, i16 %RowStart, i1 1, void " [C:/TFG_Vivado/vivado/axu2cga_trd.runs/bd_d92b_csc_0_synth_1/prj/sol/.autopilot/db/v_csc.cpp:299]   --->   Operation 171 'specstablecontent' 'specstablecontent_ln299' <Predicate = true> <Delay = 0.00>
ST_12 : Operation 172 [1/1] (0.00ns)   --->   "%specstablecontent_ln301 = specstablecontent void @_ssdm_op_SpecStableContent, i16 %RowEnd, i1 1, void " [C:/TFG_Vivado/vivado/axu2cga_trd.runs/bd_d92b_csc_0_synth_1/prj/sol/.autopilot/db/v_csc.cpp:301]   --->   Operation 172 'specstablecontent' 'specstablecontent_ln301' <Predicate = true> <Delay = 0.00>
ST_12 : Operation 173 [1/1] (0.00ns)   --->   "%specstablecontent_ln304 = specstablecontent void @_ssdm_op_SpecStableContent, i16 %K11, i1 1, void " [C:/TFG_Vivado/vivado/axu2cga_trd.runs/bd_d92b_csc_0_synth_1/prj/sol/.autopilot/db/v_csc.cpp:304]   --->   Operation 173 'specstablecontent' 'specstablecontent_ln304' <Predicate = true> <Delay = 0.00>
ST_12 : Operation 174 [1/1] (0.00ns)   --->   "%specstablecontent_ln306 = specstablecontent void @_ssdm_op_SpecStableContent, i16 %K12, i1 1, void " [C:/TFG_Vivado/vivado/axu2cga_trd.runs/bd_d92b_csc_0_synth_1/prj/sol/.autopilot/db/v_csc.cpp:306]   --->   Operation 174 'specstablecontent' 'specstablecontent_ln306' <Predicate = true> <Delay = 0.00>
ST_12 : Operation 175 [1/1] (0.00ns)   --->   "%specstablecontent_ln308 = specstablecontent void @_ssdm_op_SpecStableContent, i16 %K13, i1 1, void " [C:/TFG_Vivado/vivado/axu2cga_trd.runs/bd_d92b_csc_0_synth_1/prj/sol/.autopilot/db/v_csc.cpp:308]   --->   Operation 175 'specstablecontent' 'specstablecontent_ln308' <Predicate = true> <Delay = 0.00>
ST_12 : Operation 176 [1/1] (0.00ns)   --->   "%specstablecontent_ln310 = specstablecontent void @_ssdm_op_SpecStableContent, i16 %K21, i1 1, void " [C:/TFG_Vivado/vivado/axu2cga_trd.runs/bd_d92b_csc_0_synth_1/prj/sol/.autopilot/db/v_csc.cpp:310]   --->   Operation 176 'specstablecontent' 'specstablecontent_ln310' <Predicate = true> <Delay = 0.00>
ST_12 : Operation 177 [1/1] (0.00ns)   --->   "%specstablecontent_ln312 = specstablecontent void @_ssdm_op_SpecStableContent, i16 %K22, i1 1, void " [C:/TFG_Vivado/vivado/axu2cga_trd.runs/bd_d92b_csc_0_synth_1/prj/sol/.autopilot/db/v_csc.cpp:312]   --->   Operation 177 'specstablecontent' 'specstablecontent_ln312' <Predicate = true> <Delay = 0.00>
ST_12 : Operation 178 [1/1] (0.00ns)   --->   "%specstablecontent_ln314 = specstablecontent void @_ssdm_op_SpecStableContent, i16 %K23, i1 1, void " [C:/TFG_Vivado/vivado/axu2cga_trd.runs/bd_d92b_csc_0_synth_1/prj/sol/.autopilot/db/v_csc.cpp:314]   --->   Operation 178 'specstablecontent' 'specstablecontent_ln314' <Predicate = true> <Delay = 0.00>
ST_12 : Operation 179 [1/1] (0.00ns)   --->   "%specstablecontent_ln316 = specstablecontent void @_ssdm_op_SpecStableContent, i16 %K31, i1 1, void " [C:/TFG_Vivado/vivado/axu2cga_trd.runs/bd_d92b_csc_0_synth_1/prj/sol/.autopilot/db/v_csc.cpp:316]   --->   Operation 179 'specstablecontent' 'specstablecontent_ln316' <Predicate = true> <Delay = 0.00>
ST_12 : Operation 180 [1/1] (0.00ns)   --->   "%specstablecontent_ln318 = specstablecontent void @_ssdm_op_SpecStableContent, i16 %K32, i1 1, void " [C:/TFG_Vivado/vivado/axu2cga_trd.runs/bd_d92b_csc_0_synth_1/prj/sol/.autopilot/db/v_csc.cpp:318]   --->   Operation 180 'specstablecontent' 'specstablecontent_ln318' <Predicate = true> <Delay = 0.00>
ST_12 : Operation 181 [1/1] (0.00ns)   --->   "%specstablecontent_ln320 = specstablecontent void @_ssdm_op_SpecStableContent, i16 %K33, i1 1, void " [C:/TFG_Vivado/vivado/axu2cga_trd.runs/bd_d92b_csc_0_synth_1/prj/sol/.autopilot/db/v_csc.cpp:320]   --->   Operation 181 'specstablecontent' 'specstablecontent_ln320' <Predicate = true> <Delay = 0.00>
ST_12 : Operation 182 [1/1] (0.00ns)   --->   "%specstablecontent_ln322 = specstablecontent void @_ssdm_op_SpecStableContent, i10 %ROffset, i1 1, void " [C:/TFG_Vivado/vivado/axu2cga_trd.runs/bd_d92b_csc_0_synth_1/prj/sol/.autopilot/db/v_csc.cpp:322]   --->   Operation 182 'specstablecontent' 'specstablecontent_ln322' <Predicate = true> <Delay = 0.00>
ST_12 : Operation 183 [1/1] (0.00ns)   --->   "%specstablecontent_ln324 = specstablecontent void @_ssdm_op_SpecStableContent, i10 %GOffset, i1 1, void " [C:/TFG_Vivado/vivado/axu2cga_trd.runs/bd_d92b_csc_0_synth_1/prj/sol/.autopilot/db/v_csc.cpp:324]   --->   Operation 183 'specstablecontent' 'specstablecontent_ln324' <Predicate = true> <Delay = 0.00>
ST_12 : Operation 184 [1/1] (0.00ns)   --->   "%specstablecontent_ln326 = specstablecontent void @_ssdm_op_SpecStableContent, i10 %BOffset, i1 1, void " [C:/TFG_Vivado/vivado/axu2cga_trd.runs/bd_d92b_csc_0_synth_1/prj/sol/.autopilot/db/v_csc.cpp:326]   --->   Operation 184 'specstablecontent' 'specstablecontent_ln326' <Predicate = true> <Delay = 0.00>
ST_12 : Operation 185 [1/1] (0.00ns)   --->   "%specstablecontent_ln328 = specstablecontent void @_ssdm_op_SpecStableContent, i8 %ClampMin, i1 1, void " [C:/TFG_Vivado/vivado/axu2cga_trd.runs/bd_d92b_csc_0_synth_1/prj/sol/.autopilot/db/v_csc.cpp:328]   --->   Operation 185 'specstablecontent' 'specstablecontent_ln328' <Predicate = true> <Delay = 0.00>
ST_12 : Operation 186 [1/1] (0.00ns)   --->   "%specstablecontent_ln330 = specstablecontent void @_ssdm_op_SpecStableContent, i8 %ClipMax, i1 1, void " [C:/TFG_Vivado/vivado/axu2cga_trd.runs/bd_d92b_csc_0_synth_1/prj/sol/.autopilot/db/v_csc.cpp:330]   --->   Operation 186 'specstablecontent' 'specstablecontent_ln330' <Predicate = true> <Delay = 0.00>
ST_12 : Operation 187 [1/1] (0.00ns)   --->   "%specstablecontent_ln333 = specstablecontent void @_ssdm_op_SpecStableContent, i16 %K11_2, i1 1, void " [C:/TFG_Vivado/vivado/axu2cga_trd.runs/bd_d92b_csc_0_synth_1/prj/sol/.autopilot/db/v_csc.cpp:333]   --->   Operation 187 'specstablecontent' 'specstablecontent_ln333' <Predicate = true> <Delay = 0.00>
ST_12 : Operation 188 [1/1] (0.00ns)   --->   "%specstablecontent_ln335 = specstablecontent void @_ssdm_op_SpecStableContent, i16 %K12_2, i1 1, void " [C:/TFG_Vivado/vivado/axu2cga_trd.runs/bd_d92b_csc_0_synth_1/prj/sol/.autopilot/db/v_csc.cpp:335]   --->   Operation 188 'specstablecontent' 'specstablecontent_ln335' <Predicate = true> <Delay = 0.00>
ST_12 : Operation 189 [1/1] (0.00ns)   --->   "%specstablecontent_ln337 = specstablecontent void @_ssdm_op_SpecStableContent, i16 %K13_2, i1 1, void " [C:/TFG_Vivado/vivado/axu2cga_trd.runs/bd_d92b_csc_0_synth_1/prj/sol/.autopilot/db/v_csc.cpp:337]   --->   Operation 189 'specstablecontent' 'specstablecontent_ln337' <Predicate = true> <Delay = 0.00>
ST_12 : Operation 190 [1/1] (0.00ns)   --->   "%specstablecontent_ln339 = specstablecontent void @_ssdm_op_SpecStableContent, i16 %K21_2, i1 1, void " [C:/TFG_Vivado/vivado/axu2cga_trd.runs/bd_d92b_csc_0_synth_1/prj/sol/.autopilot/db/v_csc.cpp:339]   --->   Operation 190 'specstablecontent' 'specstablecontent_ln339' <Predicate = true> <Delay = 0.00>
ST_12 : Operation 191 [1/1] (0.00ns)   --->   "%specstablecontent_ln341 = specstablecontent void @_ssdm_op_SpecStableContent, i16 %K22_2, i1 1, void " [C:/TFG_Vivado/vivado/axu2cga_trd.runs/bd_d92b_csc_0_synth_1/prj/sol/.autopilot/db/v_csc.cpp:341]   --->   Operation 191 'specstablecontent' 'specstablecontent_ln341' <Predicate = true> <Delay = 0.00>
ST_12 : Operation 192 [1/1] (0.00ns)   --->   "%specstablecontent_ln343 = specstablecontent void @_ssdm_op_SpecStableContent, i16 %K23_2, i1 1, void " [C:/TFG_Vivado/vivado/axu2cga_trd.runs/bd_d92b_csc_0_synth_1/prj/sol/.autopilot/db/v_csc.cpp:343]   --->   Operation 192 'specstablecontent' 'specstablecontent_ln343' <Predicate = true> <Delay = 0.00>
ST_12 : Operation 193 [1/1] (0.00ns)   --->   "%specstablecontent_ln345 = specstablecontent void @_ssdm_op_SpecStableContent, i16 %K31_2, i1 1, void " [C:/TFG_Vivado/vivado/axu2cga_trd.runs/bd_d92b_csc_0_synth_1/prj/sol/.autopilot/db/v_csc.cpp:345]   --->   Operation 193 'specstablecontent' 'specstablecontent_ln345' <Predicate = true> <Delay = 0.00>
ST_12 : Operation 194 [1/1] (0.00ns)   --->   "%specstablecontent_ln347 = specstablecontent void @_ssdm_op_SpecStableContent, i16 %K32_2, i1 1, void " [C:/TFG_Vivado/vivado/axu2cga_trd.runs/bd_d92b_csc_0_synth_1/prj/sol/.autopilot/db/v_csc.cpp:347]   --->   Operation 194 'specstablecontent' 'specstablecontent_ln347' <Predicate = true> <Delay = 0.00>
ST_12 : Operation 195 [1/1] (0.00ns)   --->   "%specstablecontent_ln349 = specstablecontent void @_ssdm_op_SpecStableContent, i16 %K33_2, i1 1, void " [C:/TFG_Vivado/vivado/axu2cga_trd.runs/bd_d92b_csc_0_synth_1/prj/sol/.autopilot/db/v_csc.cpp:349]   --->   Operation 195 'specstablecontent' 'specstablecontent_ln349' <Predicate = true> <Delay = 0.00>
ST_12 : Operation 196 [1/1] (0.00ns)   --->   "%specstablecontent_ln351 = specstablecontent void @_ssdm_op_SpecStableContent, i10 %ROffset_2, i1 1, void " [C:/TFG_Vivado/vivado/axu2cga_trd.runs/bd_d92b_csc_0_synth_1/prj/sol/.autopilot/db/v_csc.cpp:351]   --->   Operation 196 'specstablecontent' 'specstablecontent_ln351' <Predicate = true> <Delay = 0.00>
ST_12 : Operation 197 [1/1] (0.00ns)   --->   "%specstablecontent_ln353 = specstablecontent void @_ssdm_op_SpecStableContent, i10 %GOffset_2, i1 1, void " [C:/TFG_Vivado/vivado/axu2cga_trd.runs/bd_d92b_csc_0_synth_1/prj/sol/.autopilot/db/v_csc.cpp:353]   --->   Operation 197 'specstablecontent' 'specstablecontent_ln353' <Predicate = true> <Delay = 0.00>
ST_12 : Operation 198 [1/1] (0.00ns)   --->   "%specstablecontent_ln355 = specstablecontent void @_ssdm_op_SpecStableContent, i10 %BOffset_2, i1 1, void " [C:/TFG_Vivado/vivado/axu2cga_trd.runs/bd_d92b_csc_0_synth_1/prj/sol/.autopilot/db/v_csc.cpp:355]   --->   Operation 198 'specstablecontent' 'specstablecontent_ln355' <Predicate = true> <Delay = 0.00>
ST_12 : Operation 199 [1/1] (0.00ns)   --->   "%specstablecontent_ln357 = specstablecontent void @_ssdm_op_SpecStableContent, i8 %ClampMin_2, i1 1, void " [C:/TFG_Vivado/vivado/axu2cga_trd.runs/bd_d92b_csc_0_synth_1/prj/sol/.autopilot/db/v_csc.cpp:357]   --->   Operation 199 'specstablecontent' 'specstablecontent_ln357' <Predicate = true> <Delay = 0.00>
ST_12 : Operation 200 [1/1] (0.00ns)   --->   "%specstablecontent_ln359 = specstablecontent void @_ssdm_op_SpecStableContent, i8 %ClipMax_2, i1 1, void " [C:/TFG_Vivado/vivado/axu2cga_trd.runs/bd_d92b_csc_0_synth_1/prj/sol/.autopilot/db/v_csc.cpp:359]   --->   Operation 200 'specstablecontent' 'specstablecontent_ln359' <Predicate = true> <Delay = 0.00>
ST_12 : Operation 201 [1/1] (1.00ns)   --->   "%HwReg_width = read i16 @_ssdm_op_Read.s_axilite.i16P0A, i16 %width" [C:/TFG_Vivado/vivado/axu2cga_trd.runs/bd_d92b_csc_0_synth_1/prj/sol/.autopilot/db/v_csc.cpp:371]   --->   Operation 201 'read' 'HwReg_width' <Predicate = true> <Delay = 1.00> <CoreInst = "s_axilite">   --->   Core 120 's_axilite' <Latency = 0> <II = 1> <Delay = 1.00> <Adapter> <Opcode : 'read' 'write'>
ST_12 : Operation 202 [1/1] (1.00ns)   --->   "%HwReg_height = read i16 @_ssdm_op_Read.s_axilite.i16P0A, i16 %height" [C:/TFG_Vivado/vivado/axu2cga_trd.runs/bd_d92b_csc_0_synth_1/prj/sol/.autopilot/db/v_csc.cpp:372]   --->   Operation 202 'read' 'HwReg_height' <Predicate = true> <Delay = 1.00> <CoreInst = "s_axilite">   --->   Core 120 's_axilite' <Latency = 0> <II = 1> <Delay = 1.00> <Adapter> <Opcode : 'read' 'write'>
ST_12 : Operation 203 [1/1] (0.00ns)   --->   "%specaxissidechannel_ln503 = specaxissidechannel void @_ssdm_op_SpecAXISSideChannel, i48 %m_axis_video_V_data_V, i6 %m_axis_video_V_keep_V, i6 %m_axis_video_V_strb_V, i1 %m_axis_video_V_user_V, i1 %m_axis_video_V_last_V, i1 %m_axis_video_V_id_V, i1 %m_axis_video_V_dest_V, void @empty_35" [C:/TFG_Vivado/vivado/axu2cga_trd.runs/bd_d92b_csc_0_synth_1/prj/sol/.autopilot/db/v_csc.cpp:503]   --->   Operation 203 'specaxissidechannel' 'specaxissidechannel_ln503' <Predicate = true> <Delay = 0.00>
ST_12 : Operation 204 [1/1] (0.00ns)   --->   "%specaxissidechannel_ln503 = specaxissidechannel void @_ssdm_op_SpecAXISSideChannel, i48 %s_axis_video_V_data_V, i6 %s_axis_video_V_keep_V, i6 %s_axis_video_V_strb_V, i1 %s_axis_video_V_user_V, i1 %s_axis_video_V_last_V, i1 %s_axis_video_V_id_V, i1 %s_axis_video_V_dest_V, void @empty_36" [C:/TFG_Vivado/vivado/axu2cga_trd.runs/bd_d92b_csc_0_synth_1/prj/sol/.autopilot/db/v_csc.cpp:503]   --->   Operation 204 'specaxissidechannel' 'specaxissidechannel_ln503' <Predicate = true> <Delay = 0.00>
ST_12 : Operation 205 [1/1] (0.00ns)   --->   "%ret_ln503 = ret" [C:/TFG_Vivado/vivado/axu2cga_trd.runs/bd_d92b_csc_0_synth_1/prj/sol/.autopilot/db/v_csc.cpp:503]   --->   Operation 205 'ret' 'ret_ln503' <Predicate = true> <Delay = 0.00>


============================================================
+ Verbose Summary: Timing violations
============================================================
Target clock period: 5.000ns, clock uncertainty: 1.350ns.

 <State 1>: 0.000ns
The critical path consists of the following:

 <State 2>: 0.000ns
The critical path consists of the following:

 <State 3>: 0.948ns
The critical path consists of the following:
	'call' operation ('call_ln372', C:/TFG_Vivado/vivado/axu2cga_trd.runs/bd_d92b_csc_0_synth_1/prj/sol/.autopilot/db/v_csc.cpp:372) to 'AXIvideo2MultiPixStream' [231]  (0.948 ns)

 <State 4>: 3.256ns
The critical path consists of the following:
	'call' operation 2 bit ('call_ret', C:/TFG_Vivado/vivado/axu2cga_trd.runs/bd_d92b_csc_0_synth_1/prj/sol/.autopilot/db/v_csc.cpp:369) to 'Block_entry_proc.1' [228]  (1.238 ns)
	'call' operation ('call_ln372', C:/TFG_Vivado/vivado/axu2cga_trd.runs/bd_d92b_csc_0_synth_1/prj/sol/.autopilot/db/v_csc.cpp:372) to 'v_hcresampler_core' [232]  (2.018 ns)

 <State 5>: 1.016ns
The critical path consists of the following:
	'call' operation ('call_ln372', C:/TFG_Vivado/vivado/axu2cga_trd.runs/bd_d92b_csc_0_synth_1/prj/sol/.autopilot/db/v_csc.cpp:372) to 'v_hcresampler_core' [232]  (1.016 ns)

 <State 6>: 1.347ns
The critical path consists of the following:
	'call' operation ('call_ln372', C:/TFG_Vivado/vivado/axu2cga_trd.runs/bd_d92b_csc_0_synth_1/prj/sol/.autopilot/db/v_csc.cpp:372) to 'v_csc_core' [233]  (1.347 ns)

 <State 7>: 1.016ns
The critical path consists of the following:
	'call' operation ('call_ln372', C:/TFG_Vivado/vivado/axu2cga_trd.runs/bd_d92b_csc_0_synth_1/prj/sol/.autopilot/db/v_csc.cpp:372) to 'v_csc_core' [233]  (1.016 ns)

 <State 8>: 2.018ns
The critical path consists of the following:
	'call' operation ('call_ln372', C:/TFG_Vivado/vivado/axu2cga_trd.runs/bd_d92b_csc_0_synth_1/prj/sol/.autopilot/db/v_csc.cpp:372) to 'v_hcresampler_core.1' [234]  (2.018 ns)

 <State 9>: 1.016ns
The critical path consists of the following:
	'call' operation ('call_ln372', C:/TFG_Vivado/vivado/axu2cga_trd.runs/bd_d92b_csc_0_synth_1/prj/sol/.autopilot/db/v_csc.cpp:372) to 'v_hcresampler_core.1' [234]  (1.016 ns)

 <State 10>: 0.000ns
The critical path consists of the following:

 <State 11>: 0.000ns
The critical path consists of the following:

 <State 12>: 1.000ns
The critical path consists of the following:
	s_axi read operation ('HwReg.width', C:/TFG_Vivado/vivado/axu2cga_trd.runs/bd_d92b_csc_0_synth_1/prj/sol/.autopilot/db/v_csc.cpp:371) on port 'width' (C:/TFG_Vivado/vivado/axu2cga_trd.runs/bd_d92b_csc_0_synth_1/prj/sol/.autopilot/db/v_csc.cpp:371) [226]  (1.000 ns)


============================================================
+ Verbose Summary: Binding
============================================================
N/A
* FSMD analyzer results:
  - Output states:
 - Input state : 
  - Chain level:
	State 1
	State 2
	State 3
	State 4
	State 5
	State 6
	State 7
	State 8
	State 9
	State 10
	State 11
	State 12


============================================================
+ Verbose Summary: Datapath Resource usage 
============================================================
N/A
