

================================================================
== Vitis HLS Report for 'v_hcresampler_core'
================================================================
* Date:           Wed Jan 21 12:52:48 2026

* Version:        2025.2 (Build 6295257 on Nov 14 2025)
* Project:        prj
* Solution:       sol (Vivado IP Flow Target)
* Product family: zynquplus
* Target device:  xczu2cg-sfvc784-1-e


================================================================
== Performance Estimates
================================================================
+ Timing: 
    * Summary: 
    +--------+---------+----------+------------+
    |  Clock |  Target | Estimated| Uncertainty|
    +--------+---------+----------+------------+
    |ap_clk  |  5.00 ns|  3.443 ns|     1.35 ns|
    +--------+---------+----------+------------+

+ Latency: 
    * Summary: 
    +---------+------------+-----------+-----------+-----+------------+---------+
    |   Latency (cycles)   |   Latency (absolute)  |     Interval     | Pipeline|
    |   min   |     max    |    min    |    max    | min |     max    |   Type  |
    +---------+------------+-----------+-----------+-----+------------+---------+
    |        2|  1073938427|  10.000 ns|  5.370 sec|    2|  1073938427|       no|
    +---------+------------+-----------+-----------+-----+------------+---------+

    + Detail: 
        * Instance: 
        N/A

        * Loop: 
        +--------------------+---------+------------+-----------+-----------+-----------+-----------+----------+
        |                    |   Latency (cycles)   | Iteration |  Initiation Interval  |    Trip   |          |
        |      Loop Name     |   min   |     max    |  Latency  |  achieved |   target  |   Count   | Pipelined|
        +--------------------+---------+------------+-----------+-----------+-----------+-----------+----------+
        |- VITIS_LOOP_767_1  |        0|  1073938425|  8 ~ 32775|          -|          -|  0 ~ 32767|        no|
        +--------------------+---------+------------+-----------+-----------+-----------+-----------+----------+

============================================================
+ Verbose Summary: Synthesis Manager
============================================================
InlineROM: 1
ExposeGlobal: 0
============================================================
+ Verbose Summary: CDFG Model
============================================================
IsTopModel: 0
ResetActiveHigh: 1
IsCombinational: 2
IsDatapathOnly: 0
HasWiredReturn: 1
HasMFsm: 0
HasVarLatency: 1
IsPipeline: 0
IsRtlPipelined: 0
IsInstanceOverlapped: 0
IsDontTouch: 0
HasImplIP: 0
IsGatedGlobalClock: 0


============================================================
+ Verbose Summary: Schedule
============================================================
* Number of FSM states : 6
* Pipeline : 0
* Dataflow Pipeline: 0

* FSM state transitions: 
1 --> 2 
2 --> 3 
3 --> 4 
4 --> 5 
5 --> 6 
6 --> 3 

* FSM state operations: 

State 1 <SV = 0> <Delay = 1.82>
ST_1 : Operation 7 [1/1] (0.00ns)   --->   "%y_4 = alloca i32 1"   --->   Operation 7 'alloca' 'y_4' <Predicate = true> <Delay = 0.00>
ST_1 : Operation 8 [1/1] (0.00ns)   --->   "%inpix_0_0_0_0_0_load746_lcssa800_i = alloca i32 1"   --->   Operation 8 'alloca' 'inpix_0_0_0_0_0_load746_lcssa800_i' <Predicate = true> <Delay = 0.00>
ST_1 : Operation 9 [1/1] (0.00ns)   --->   "%inpix_0_1_0_0_0_load748_lcssa803_i = alloca i32 1"   --->   Operation 9 'alloca' 'inpix_0_1_0_0_0_load748_lcssa803_i' <Predicate = true> <Delay = 0.00>
ST_1 : Operation 10 [1/1] (0.00ns)   --->   "%inpix_0_2_0_0_0_load750_lcssa806_i = alloca i32 1"   --->   Operation 10 'alloca' 'inpix_0_2_0_0_0_load750_lcssa806_i' <Predicate = true> <Delay = 0.00>
ST_1 : Operation 11 [1/1] (0.00ns)   --->   "%inpix_0_3_0_0_0_load752_lcssa809_i = alloca i32 1"   --->   Operation 11 'alloca' 'inpix_0_3_0_0_0_load752_lcssa809_i' <Predicate = true> <Delay = 0.00>
ST_1 : Operation 12 [1/1] (0.00ns)   --->   "%inpix_0_4_0_0_0_load754_lcssa812_i = alloca i32 1"   --->   Operation 12 'alloca' 'inpix_0_4_0_0_0_load754_lcssa812_i' <Predicate = true> <Delay = 0.00>
ST_1 : Operation 13 [1/1] (0.00ns)   --->   "%inpix_0_5_0_0_0_load756_lcssa815_i = alloca i32 1"   --->   Operation 13 'alloca' 'inpix_0_5_0_0_0_load756_lcssa815_i' <Predicate = true> <Delay = 0.00>
ST_1 : Operation 14 [1/1] (0.00ns)   --->   "%p_0_0_0_0_0517758_lcssa818_i = alloca i32 1"   --->   Operation 14 'alloca' 'p_0_0_0_0_0517758_lcssa818_i' <Predicate = true> <Delay = 0.00>
ST_1 : Operation 15 [1/1] (0.00ns)   --->   "%p_0_3_0_0_0760_lcssa821_i = alloca i32 1"   --->   Operation 15 'alloca' 'p_0_3_0_0_0760_lcssa821_i' <Predicate = true> <Delay = 0.00>
ST_1 : Operation 16 [1/1] (0.00ns)   --->   "%p_0_0_0_0_0509_2771_lcssa835_i = alloca i32 1"   --->   Operation 16 'alloca' 'p_0_0_0_0_0509_2771_lcssa835_i' <Predicate = true> <Delay = 0.00>
ST_1 : Operation 17 [1/1] (0.00ns)   --->   "%p_0_0_0_0_0_2775_lcssa838_i = alloca i32 1"   --->   Operation 17 'alloca' 'p_0_0_0_0_0_2775_lcssa838_i' <Predicate = true> <Delay = 0.00>
ST_1 : Operation 18 [1/1] (0.00ns)   --->   "%p_0_0_0_0_0509_3779_lcssa841_i = alloca i32 1"   --->   Operation 18 'alloca' 'p_0_0_0_0_0509_3779_lcssa841_i' <Predicate = true> <Delay = 0.00>
ST_1 : Operation 19 [1/1] (0.00ns)   --->   "%p_0_0_0_0_0_3783_lcssa844_i = alloca i32 1"   --->   Operation 19 'alloca' 'p_0_0_0_0_0_3783_lcssa844_i' <Predicate = true> <Delay = 0.00>
ST_1 : Operation 20 [1/1] (0.00ns)   --->   "%p_0_0_0_0_0509_1_3788_lcssa847_i = alloca i32 1"   --->   Operation 20 'alloca' 'p_0_0_0_0_0509_1_3788_lcssa847_i' <Predicate = true> <Delay = 0.00>
ST_1 : Operation 21 [1/1] (0.00ns)   --->   "%storemerge_lcssa850_i = alloca i32 1"   --->   Operation 21 'alloca' 'storemerge_lcssa850_i' <Predicate = true> <Delay = 0.00>
ST_1 : Operation 22 [1/1] (0.00ns)   --->   "%mpix_cb = alloca i32 1" [C:/TFG_Vivado/vivado/axu2cga_trd.runs/bd_d92b_csc_0_synth_1/prj/sol/.autopilot/db/v_csc.cpp:738->C:/TFG_Vivado/vivado/axu2cga_trd.runs/bd_d92b_csc_0_synth_1/prj/sol/.autopilot/db/v_csc.cpp:460]   --->   Operation 22 'alloca' 'mpix_cb' <Predicate = true> <Delay = 0.00>
ST_1 : Operation 23 [1/1] (0.00ns)   --->   "%mpix_cr = alloca i32 1" [C:/TFG_Vivado/vivado/axu2cga_trd.runs/bd_d92b_csc_0_synth_1/prj/sol/.autopilot/db/v_csc.cpp:738->C:/TFG_Vivado/vivado/axu2cga_trd.runs/bd_d92b_csc_0_synth_1/prj/sol/.autopilot/db/v_csc.cpp:460]   --->   Operation 23 'alloca' 'mpix_cr' <Predicate = true> <Delay = 0.00>
ST_1 : Operation 24 [1/1] (0.00ns)   --->   "%pixbuf_y = alloca i32 1" [C:/TFG_Vivado/vivado/axu2cga_trd.runs/bd_d92b_csc_0_synth_1/prj/sol/.autopilot/db/v_csc.cpp:745->C:/TFG_Vivado/vivado/axu2cga_trd.runs/bd_d92b_csc_0_synth_1/prj/sol/.autopilot/db/v_csc.cpp:460]   --->   Operation 24 'alloca' 'pixbuf_y' <Predicate = true> <Delay = 0.00>
ST_1 : Operation 25 [1/1] (0.00ns)   --->   "%pixbuf_y_14 = alloca i32 1" [C:/TFG_Vivado/vivado/axu2cga_trd.runs/bd_d92b_csc_0_synth_1/prj/sol/.autopilot/db/v_csc.cpp:745->C:/TFG_Vivado/vivado/axu2cga_trd.runs/bd_d92b_csc_0_synth_1/prj/sol/.autopilot/db/v_csc.cpp:460]   --->   Operation 25 'alloca' 'pixbuf_y_14' <Predicate = true> <Delay = 0.00>
ST_1 : Operation 26 [1/1] (0.00ns)   --->   "%pixbuf_y_15 = alloca i32 1" [C:/TFG_Vivado/vivado/axu2cga_trd.runs/bd_d92b_csc_0_synth_1/prj/sol/.autopilot/db/v_csc.cpp:745->C:/TFG_Vivado/vivado/axu2cga_trd.runs/bd_d92b_csc_0_synth_1/prj/sol/.autopilot/db/v_csc.cpp:460]   --->   Operation 26 'alloca' 'pixbuf_y_15' <Predicate = true> <Delay = 0.00>
ST_1 : Operation 27 [1/1] (0.00ns)   --->   "%pixbuf_y_16 = alloca i32 1" [C:/TFG_Vivado/vivado/axu2cga_trd.runs/bd_d92b_csc_0_synth_1/prj/sol/.autopilot/db/v_csc.cpp:745->C:/TFG_Vivado/vivado/axu2cga_trd.runs/bd_d92b_csc_0_synth_1/prj/sol/.autopilot/db/v_csc.cpp:460]   --->   Operation 27 'alloca' 'pixbuf_y_16' <Predicate = true> <Delay = 0.00>
ST_1 : Operation 28 [1/1] (0.00ns)   --->   "%pixbuf_y_17 = alloca i32 1" [C:/TFG_Vivado/vivado/axu2cga_trd.runs/bd_d92b_csc_0_synth_1/prj/sol/.autopilot/db/v_csc.cpp:745->C:/TFG_Vivado/vivado/axu2cga_trd.runs/bd_d92b_csc_0_synth_1/prj/sol/.autopilot/db/v_csc.cpp:460]   --->   Operation 28 'alloca' 'pixbuf_y_17' <Predicate = true> <Delay = 0.00>
ST_1 : Operation 29 [1/1] (0.00ns)   --->   "%pixbuf_y_18 = alloca i32 1" [C:/TFG_Vivado/vivado/axu2cga_trd.runs/bd_d92b_csc_0_synth_1/prj/sol/.autopilot/db/v_csc.cpp:745->C:/TFG_Vivado/vivado/axu2cga_trd.runs/bd_d92b_csc_0_synth_1/prj/sol/.autopilot/db/v_csc.cpp:460]   --->   Operation 29 'alloca' 'pixbuf_y_18' <Predicate = true> <Delay = 0.00>
ST_1 : Operation 30 [1/1] (1.82ns)   --->   "%p_read_4 = read i1 @_ssdm_op_Read.ap_auto.i1, i1 %p_read"   --->   Operation 30 'read' 'p_read_4' <Predicate = true> <Delay = 1.82> <CoreInst = "FIFO_SRL">   --->   Core 80 'FIFO_SRL' <Latency = 0> <II = 1> <Delay = 2.16> <Storage> <Opcode : 'read' 'write' 'nbread' 'nbwrite'> <Ports = 0> <Width = 1> <Depth = 2> <FIFO>
ST_1 : Operation 31 [1/1] (0.00ns)   --->   "%mpix_cb_8_loc = alloca i64 1"   --->   Operation 31 'alloca' 'mpix_cb_8_loc' <Predicate = true> <Delay = 0.00>
ST_1 : Operation 32 [1/1] (0.00ns)   --->   "%mpix_cr_8_loc = alloca i64 1"   --->   Operation 32 'alloca' 'mpix_cr_8_loc' <Predicate = true> <Delay = 0.00>
ST_1 : Operation 33 [1/1] (0.00ns)   --->   "%pixbuf_y_23_loc = alloca i64 1"   --->   Operation 33 'alloca' 'pixbuf_y_23_loc' <Predicate = true> <Delay = 0.00>
ST_1 : Operation 34 [1/1] (0.00ns)   --->   "%pixbuf_y_24_loc = alloca i64 1"   --->   Operation 34 'alloca' 'pixbuf_y_24_loc' <Predicate = true> <Delay = 0.00>
ST_1 : Operation 35 [1/1] (0.48ns)   --->   "%store_ln0 = store i15 0, i15 %y_4"   --->   Operation 35 'store' 'store_ln0' <Predicate = true> <Delay = 0.48>

State 2 <SV = 1> <Delay = 2.01>
ST_2 : Operation 36 [1/1] (0.00ns)   --->   "%specstablecontent_ln0 = specstablecontent void @_ssdm_op_SpecStableContent, i16 %height, i1 1, void "   --->   Operation 36 'specstablecontent' 'specstablecontent_ln0' <Predicate = true> <Delay = 0.00>
ST_2 : Operation 37 [1/1] (0.00ns)   --->   "%specstablecontent_ln0 = specstablecontent void @_ssdm_op_SpecStableContent, i16 %width, i1 1, void "   --->   Operation 37 'specstablecontent' 'specstablecontent_ln0' <Predicate = true> <Delay = 0.00>
ST_2 : Operation 38 [1/1] (0.00ns)   --->   "%specinterface_ln0 = specinterface void @_ssdm_op_SpecInterface, i48 %stream_in_hresampled, void @empty_34, i32 0, i32 0, void @empty_49, i32 0, i32 0, void @empty_49, void @empty_49, void @empty_49, i32 0, i32 0, i32 0, i32 0, void @empty_49, void @empty_49, i32 4294967295, i32 0, i32 0, i32 0"   --->   Operation 38 'specinterface' 'specinterface_ln0' <Predicate = true> <Delay = 0.00>
ST_2 : Operation 39 [1/1] (0.00ns)   --->   "%specinterface_ln0 = specinterface void @_ssdm_op_SpecInterface, i48 %stream_in, void @empty_34, i32 0, i32 0, void @empty_49, i32 0, i32 0, void @empty_49, void @empty_49, void @empty_49, i32 0, i32 0, i32 0, i32 0, void @empty_49, void @empty_49, i32 4294967295, i32 0, i32 0, i32 0"   --->   Operation 39 'specinterface' 'specinterface_ln0' <Predicate = true> <Delay = 0.00>
ST_2 : Operation 40 [1/1] (0.00ns)   --->   "%loopHeight = read i16 @_ssdm_op_Read.ap_auto.i16P0A, i16 %height" [C:/TFG_Vivado/vivado/axu2cga_trd.runs/bd_d92b_csc_0_synth_1/prj/sol/.autopilot/db/v_csc.cpp:372]   --->   Operation 40 'read' 'loopHeight' <Predicate = true> <Delay = 0.00>
ST_2 : Operation 41 [1/1] (0.00ns)   --->   "%width_read = read i16 @_ssdm_op_Read.ap_auto.i16P0A, i16 %width" [C:/TFG_Vivado/vivado/axu2cga_trd.runs/bd_d92b_csc_0_synth_1/prj/sol/.autopilot/db/v_csc.cpp:371]   --->   Operation 41 'read' 'width_read' <Predicate = true> <Delay = 0.00>
ST_2 : Operation 42 [1/1] (0.33ns)   --->   "%xor_ln765 = xor i1 %p_read_4, i1 1" [C:/TFG_Vivado/vivado/axu2cga_trd.runs/bd_d92b_csc_0_synth_1/prj/sol/.autopilot/db/v_csc.cpp:765->C:/TFG_Vivado/vivado/axu2cga_trd.runs/bd_d92b_csc_0_synth_1/prj/sol/.autopilot/db/v_csc.cpp:460]   --->   Operation 42 'xor' 'xor_ln765' <Predicate = true> <Delay = 0.33> <CoreInst = "LogicGate">   --->   Core 74 'LogicGate' <Latency = 0> <II = 1> <Delay = 0.33> <FuncUnit> <Opcode : 'and' 'or' 'xor'> <InPorts = 2> <OutPorts = 1>
ST_2 : Operation 43 [1/1] (0.00ns) (grouped into LUT with out node loopWidth)   --->   "%select_ln765 = select i1 %p_read_4, i16 0, i16 3" [C:/TFG_Vivado/vivado/axu2cga_trd.runs/bd_d92b_csc_0_synth_1/prj/sol/.autopilot/db/v_csc.cpp:765->C:/TFG_Vivado/vivado/axu2cga_trd.runs/bd_d92b_csc_0_synth_1/prj/sol/.autopilot/db/v_csc.cpp:460]   --->   Operation 43 'select' 'select_ln765' <Predicate = true> <Delay = 0.00> <CoreInst = "Sel">   --->   Core 73 'Sel' <Latency = 0> <II = 1> <Delay = 0.27> <FuncUnit> <Opcode : 'select'> <InPorts = 3> <OutPorts = 1>
ST_2 : Operation 44 [1/1] (0.00ns)   --->   "%lshr_ln = partselect i15 @_ssdm_op_PartSelect.i15.i16.i32.i32, i16 %width_read, i32 1, i32 15" [C:/TFG_Vivado/vivado/axu2cga_trd.runs/bd_d92b_csc_0_synth_1/prj/sol/.autopilot/db/v_csc.cpp:765->C:/TFG_Vivado/vivado/axu2cga_trd.runs/bd_d92b_csc_0_synth_1/prj/sol/.autopilot/db/v_csc.cpp:460]   --->   Operation 44 'partselect' 'lshr_ln' <Predicate = true> <Delay = 0.00>
ST_2 : Operation 45 [1/1] (0.00ns) (grouped into LUT with out node loopWidth)   --->   "%zext_ln765 = zext i15 %lshr_ln" [C:/TFG_Vivado/vivado/axu2cga_trd.runs/bd_d92b_csc_0_synth_1/prj/sol/.autopilot/db/v_csc.cpp:765->C:/TFG_Vivado/vivado/axu2cga_trd.runs/bd_d92b_csc_0_synth_1/prj/sol/.autopilot/db/v_csc.cpp:460]   --->   Operation 45 'zext' 'zext_ln765' <Predicate = true> <Delay = 0.00>
ST_2 : Operation 46 [1/1] (1.00ns) (out node of the LUT)   --->   "%loopWidth = add i16 %select_ln765, i16 %zext_ln765" [C:/TFG_Vivado/vivado/axu2cga_trd.runs/bd_d92b_csc_0_synth_1/prj/sol/.autopilot/db/v_csc.cpp:765->C:/TFG_Vivado/vivado/axu2cga_trd.runs/bd_d92b_csc_0_synth_1/prj/sol/.autopilot/db/v_csc.cpp:460]   --->   Operation 46 'add' 'loopWidth' <Predicate = true> <Delay = 1.00> <CoreInst = "Adder">   --->   Core 1 'Adder' <Latency = 0> <II = 1> <Delay = 1.00> <FuncUnit> <Opcode : 'add' 'sub'> <InPorts = 2> <OutPorts = 1>
ST_2 : Operation 47 [1/1] (1.01ns)   --->   "%icmp_ln769 = icmp_sgt  i16 %loopWidth, i16 0" [C:/TFG_Vivado/vivado/axu2cga_trd.runs/bd_d92b_csc_0_synth_1/prj/sol/.autopilot/db/v_csc.cpp:769->C:/TFG_Vivado/vivado/axu2cga_trd.runs/bd_d92b_csc_0_synth_1/prj/sol/.autopilot/db/v_csc.cpp:460]   --->   Operation 47 'icmp' 'icmp_ln769' <Predicate = true> <Delay = 1.01> <CoreInst = "Cmp">   --->   Core 9 'Cmp' <Latency = 0> <II = 1> <Delay = 1.01> <FuncUnit> <Opcode : 'seteq' 'setne' 'setle' 'setge' 'setlt' 'setgt'> <InPorts = 2> <OutPorts = 1>
ST_2 : Operation 48 [1/1] (0.00ns)   --->   "%br_ln767 = br void %VITIS_LOOP_769_2.i" [C:/TFG_Vivado/vivado/axu2cga_trd.runs/bd_d92b_csc_0_synth_1/prj/sol/.autopilot/db/v_csc.cpp:767->C:/TFG_Vivado/vivado/axu2cga_trd.runs/bd_d92b_csc_0_synth_1/prj/sol/.autopilot/db/v_csc.cpp:460]   --->   Operation 48 'br' 'br_ln767' <Predicate = true> <Delay = 0.00>

State 3 <SV = 2> <Delay = 1.50>
ST_3 : Operation 49 [1/1] (0.00ns)   --->   "%y_4_load = load i15 %y_4" [C:/TFG_Vivado/vivado/axu2cga_trd.runs/bd_d92b_csc_0_synth_1/prj/sol/.autopilot/db/v_csc.cpp:767->C:/TFG_Vivado/vivado/axu2cga_trd.runs/bd_d92b_csc_0_synth_1/prj/sol/.autopilot/db/v_csc.cpp:460]   --->   Operation 49 'load' 'y_4_load' <Predicate = true> <Delay = 0.00>
ST_3 : Operation 50 [1/1] (0.00ns)   --->   "%zext_ln767 = zext i15 %y_4_load" [C:/TFG_Vivado/vivado/axu2cga_trd.runs/bd_d92b_csc_0_synth_1/prj/sol/.autopilot/db/v_csc.cpp:767->C:/TFG_Vivado/vivado/axu2cga_trd.runs/bd_d92b_csc_0_synth_1/prj/sol/.autopilot/db/v_csc.cpp:460]   --->   Operation 50 'zext' 'zext_ln767' <Predicate = true> <Delay = 0.00>
ST_3 : Operation 51 [1/1] (1.01ns)   --->   "%icmp_ln767 = icmp_slt  i16 %zext_ln767, i16 %loopHeight" [C:/TFG_Vivado/vivado/axu2cga_trd.runs/bd_d92b_csc_0_synth_1/prj/sol/.autopilot/db/v_csc.cpp:767->C:/TFG_Vivado/vivado/axu2cga_trd.runs/bd_d92b_csc_0_synth_1/prj/sol/.autopilot/db/v_csc.cpp:460]   --->   Operation 51 'icmp' 'icmp_ln767' <Predicate = true> <Delay = 1.01> <CoreInst = "Cmp">   --->   Core 9 'Cmp' <Latency = 0> <II = 1> <Delay = 1.01> <FuncUnit> <Opcode : 'seteq' 'setne' 'setle' 'setge' 'setlt' 'setgt'> <InPorts = 2> <OutPorts = 1>
ST_3 : Operation 52 [1/1] (0.00ns)   --->   "%speclooptripcount_ln0 = speclooptripcount void @_ssdm_op_SpecLoopTripCount, i64 0, i64 32767, i64 32767"   --->   Operation 52 'speclooptripcount' 'speclooptripcount_ln0' <Predicate = true> <Delay = 0.00>
ST_3 : Operation 53 [1/1] (1.00ns)   --->   "%add_ln767 = add i15 %y_4_load, i15 1" [C:/TFG_Vivado/vivado/axu2cga_trd.runs/bd_d92b_csc_0_synth_1/prj/sol/.autopilot/db/v_csc.cpp:767->C:/TFG_Vivado/vivado/axu2cga_trd.runs/bd_d92b_csc_0_synth_1/prj/sol/.autopilot/db/v_csc.cpp:460]   --->   Operation 53 'add' 'add_ln767' <Predicate = true> <Delay = 1.00> <CoreInst = "Adder">   --->   Core 1 'Adder' <Latency = 0> <II = 1> <Delay = 1.00> <FuncUnit> <Opcode : 'add' 'sub'> <InPorts = 2> <OutPorts = 1>
ST_3 : Operation 54 [1/1] (0.00ns)   --->   "%br_ln767 = br i1 %icmp_ln767, void %entry.aft.aft.aft.aft.aft.aft.exitStub, void %for.body37.lr.ph.i" [C:/TFG_Vivado/vivado/axu2cga_trd.runs/bd_d92b_csc_0_synth_1/prj/sol/.autopilot/db/v_csc.cpp:767->C:/TFG_Vivado/vivado/axu2cga_trd.runs/bd_d92b_csc_0_synth_1/prj/sol/.autopilot/db/v_csc.cpp:460]   --->   Operation 54 'br' 'br_ln767' <Predicate = true> <Delay = 0.00>
ST_3 : Operation 55 [1/1] (0.00ns)   --->   "%pixbuf_y_15_load = load i8 %pixbuf_y_15"   --->   Operation 55 'load' 'pixbuf_y_15_load' <Predicate = (icmp_ln767)> <Delay = 0.00>
ST_3 : Operation 56 [1/1] (0.00ns)   --->   "%pixbuf_y_16_load = load i8 %pixbuf_y_16"   --->   Operation 56 'load' 'pixbuf_y_16_load' <Predicate = (icmp_ln767)> <Delay = 0.00>
ST_3 : Operation 57 [1/1] (0.48ns)   --->   "%store_ln767 = store i15 %add_ln767, i15 %y_4" [C:/TFG_Vivado/vivado/axu2cga_trd.runs/bd_d92b_csc_0_synth_1/prj/sol/.autopilot/db/v_csc.cpp:767->C:/TFG_Vivado/vivado/axu2cga_trd.runs/bd_d92b_csc_0_synth_1/prj/sol/.autopilot/db/v_csc.cpp:460]   --->   Operation 57 'store' 'store_ln767' <Predicate = (icmp_ln767)> <Delay = 0.48>
ST_3 : Operation 58 [1/1] (0.00ns)   --->   "%ret_ln0 = ret"   --->   Operation 58 'ret' 'ret_ln0' <Predicate = (!icmp_ln767)> <Delay = 0.00>

State 4 <SV = 3> <Delay = 1.50>
ST_4 : Operation 59 [1/1] (0.00ns)   --->   "%p_0_0_0_0_0517758_lcssa818_i_load = load i8 %p_0_0_0_0_0517758_lcssa818_i"   --->   Operation 59 'load' 'p_0_0_0_0_0517758_lcssa818_i_load' <Predicate = true> <Delay = 0.00>
ST_4 : Operation 60 [1/1] (0.00ns)   --->   "%p_0_3_0_0_0760_lcssa821_i_load = load i8 %p_0_3_0_0_0760_lcssa821_i"   --->   Operation 60 'load' 'p_0_3_0_0_0760_lcssa821_i_load' <Predicate = true> <Delay = 0.00>
ST_4 : Operation 61 [1/1] (0.00ns)   --->   "%p_0_0_0_0_0509_1_3788_lcssa847_i_load = load i8 %p_0_0_0_0_0509_1_3788_lcssa847_i"   --->   Operation 61 'load' 'p_0_0_0_0_0509_1_3788_lcssa847_i_load' <Predicate = true> <Delay = 0.00>
ST_4 : Operation 62 [1/1] (0.00ns)   --->   "%storemerge_lcssa850_i_load = load i8 %storemerge_lcssa850_i"   --->   Operation 62 'load' 'storemerge_lcssa850_i_load' <Predicate = true> <Delay = 0.00>
ST_4 : Operation 63 [1/1] (0.00ns)   --->   "%mpix_cb_load = load i8 %mpix_cb"   --->   Operation 63 'load' 'mpix_cb_load' <Predicate = true> <Delay = 0.00>
ST_4 : Operation 64 [1/1] (0.00ns)   --->   "%mpix_cr_load = load i8 %mpix_cr"   --->   Operation 64 'load' 'mpix_cr_load' <Predicate = true> <Delay = 0.00>
ST_4 : Operation 65 [1/1] (0.00ns)   --->   "%pixbuf_y_17_load = load i8 %pixbuf_y_17"   --->   Operation 65 'load' 'pixbuf_y_17_load' <Predicate = true> <Delay = 0.00>
ST_4 : Operation 66 [1/1] (0.00ns)   --->   "%pixbuf_y_18_load = load i8 %pixbuf_y_18"   --->   Operation 66 'load' 'pixbuf_y_18_load' <Predicate = true> <Delay = 0.00>
ST_4 : Operation 67 [2/2] (1.50ns)   --->   "%call_ln765 = call void @v_hcresampler_core_Pipeline_VITIS_LOOP_769_2, i8 %pixbuf_y_18_load, i8 %pixbuf_y_17_load, i8 %pixbuf_y_16_load, i8 %pixbuf_y_15_load, i8 %mpix_cr_load, i8 %mpix_cb_load, i8 %storemerge_lcssa850_i_load, i8 %p_0_0_0_0_0509_1_3788_lcssa847_i_load, i8 %p_0_3_0_0_0760_lcssa821_i_load, i8 %p_0_0_0_0_0517758_lcssa818_i_load, i16 %loopWidth, i48 %stream_in_hresampled, i1 %p_read_4, i1 %xor_ln765, i15 %lshr_ln, i48 %stream_in, i8 %pixbuf_y_24_loc, i8 %pixbuf_y_23_loc, i8 %pixbuf_y_16, i8 %pixbuf_y_15, i8 %pixbuf_y_14, i8 %pixbuf_y, i8 %mpix_cr_8_loc, i8 %mpix_cb_8_loc, i8 %p_0_0_0_0_0_3783_lcssa844_i, i8 %p_0_0_0_0_0509_3779_lcssa841_i, i8 %p_0_0_0_0_0_2775_lcssa838_i, i8 %p_0_0_0_0_0509_2771_lcssa835_i, i8 %inpix_0_5_0_0_0_load756_lcssa815_i, i8 %inpix_0_4_0_0_0_load754_lcssa812_i, i8 %inpix_0_3_0_0_0_load752_lcssa809_i, i8 %inpix_0_2_0_0_0_load750_lcssa806_i, i8 %inpix_0_1_0_0_0_load748_lcssa803_i, i8 %inpix_0_0_0_0_0_load746_lcssa800_i" [C:/TFG_Vivado/vivado/axu2cga_trd.runs/bd_d92b_csc_0_synth_1/prj/sol/.autopilot/db/v_csc.cpp:765->C:/TFG_Vivado/vivado/axu2cga_trd.runs/bd_d92b_csc_0_synth_1/prj/sol/.autopilot/db/v_csc.cpp:460]   --->   Operation 67 'call' 'call_ln765' <Predicate = true> <Delay = 1.50> <CoreType = "Generic">   --->   Generic Core

State 5 <SV = 4> <Delay = 0.00>
ST_5 : Operation 68 [1/2] (0.00ns)   --->   "%call_ln765 = call void @v_hcresampler_core_Pipeline_VITIS_LOOP_769_2, i8 %pixbuf_y_18_load, i8 %pixbuf_y_17_load, i8 %pixbuf_y_16_load, i8 %pixbuf_y_15_load, i8 %mpix_cr_load, i8 %mpix_cb_load, i8 %storemerge_lcssa850_i_load, i8 %p_0_0_0_0_0509_1_3788_lcssa847_i_load, i8 %p_0_3_0_0_0760_lcssa821_i_load, i8 %p_0_0_0_0_0517758_lcssa818_i_load, i16 %loopWidth, i48 %stream_in_hresampled, i1 %p_read_4, i1 %xor_ln765, i15 %lshr_ln, i48 %stream_in, i8 %pixbuf_y_24_loc, i8 %pixbuf_y_23_loc, i8 %pixbuf_y_16, i8 %pixbuf_y_15, i8 %pixbuf_y_14, i8 %pixbuf_y, i8 %mpix_cr_8_loc, i8 %mpix_cb_8_loc, i8 %p_0_0_0_0_0_3783_lcssa844_i, i8 %p_0_0_0_0_0509_3779_lcssa841_i, i8 %p_0_0_0_0_0_2775_lcssa838_i, i8 %p_0_0_0_0_0509_2771_lcssa835_i, i8 %inpix_0_5_0_0_0_load756_lcssa815_i, i8 %inpix_0_4_0_0_0_load754_lcssa812_i, i8 %inpix_0_3_0_0_0_load752_lcssa809_i, i8 %inpix_0_2_0_0_0_load750_lcssa806_i, i8 %inpix_0_1_0_0_0_load748_lcssa803_i, i8 %inpix_0_0_0_0_0_load746_lcssa800_i" [C:/TFG_Vivado/vivado/axu2cga_trd.runs/bd_d92b_csc_0_synth_1/prj/sol/.autopilot/db/v_csc.cpp:765->C:/TFG_Vivado/vivado/axu2cga_trd.runs/bd_d92b_csc_0_synth_1/prj/sol/.autopilot/db/v_csc.cpp:460]   --->   Operation 68 'call' 'call_ln765' <Predicate = true> <Delay = 0.00> <CoreType = "Generic">   --->   Generic Core

State 6 <SV = 5> <Delay = 0.44>
ST_6 : Operation 69 [1/1] (0.00ns)   --->   "%specloopname_ln767 = specloopname void @_ssdm_op_SpecLoopName, void @empty_43" [C:/TFG_Vivado/vivado/axu2cga_trd.runs/bd_d92b_csc_0_synth_1/prj/sol/.autopilot/db/v_csc.cpp:767->C:/TFG_Vivado/vivado/axu2cga_trd.runs/bd_d92b_csc_0_synth_1/prj/sol/.autopilot/db/v_csc.cpp:460]   --->   Operation 69 'specloopname' 'specloopname_ln767' <Predicate = true> <Delay = 0.00>
ST_6 : Operation 70 [1/1] (0.00ns)   --->   "%pixbuf_y_24_loc_load = load i8 %pixbuf_y_24_loc"   --->   Operation 70 'load' 'pixbuf_y_24_loc_load' <Predicate = true> <Delay = 0.00>
ST_6 : Operation 71 [1/1] (0.00ns)   --->   "%pixbuf_y_23_loc_load = load i8 %pixbuf_y_23_loc"   --->   Operation 71 'load' 'pixbuf_y_23_loc_load' <Predicate = true> <Delay = 0.00>
ST_6 : Operation 72 [1/1] (0.00ns)   --->   "%mpix_cr_8_loc_load = load i8 %mpix_cr_8_loc"   --->   Operation 72 'load' 'mpix_cr_8_loc_load' <Predicate = true> <Delay = 0.00>
ST_6 : Operation 73 [1/1] (0.00ns)   --->   "%mpix_cb_8_loc_load = load i8 %mpix_cb_8_loc"   --->   Operation 73 'load' 'mpix_cb_8_loc_load' <Predicate = true> <Delay = 0.00>
ST_6 : Operation 74 [1/1] (0.44ns)   --->   "%select_ln738 = select i1 %icmp_ln769, i8 %mpix_cr_8_loc_load, i8 %storemerge_lcssa850_i_load" [C:/TFG_Vivado/vivado/axu2cga_trd.runs/bd_d92b_csc_0_synth_1/prj/sol/.autopilot/db/v_csc.cpp:738->C:/TFG_Vivado/vivado/axu2cga_trd.runs/bd_d92b_csc_0_synth_1/prj/sol/.autopilot/db/v_csc.cpp:460]   --->   Operation 74 'select' 'select_ln738' <Predicate = true> <Delay = 0.44> <CoreInst = "Sel">   --->   Core 73 'Sel' <Latency = 0> <II = 1> <Delay = 0.44> <FuncUnit> <Opcode : 'select'> <InPorts = 3> <OutPorts = 1>
ST_6 : Operation 75 [1/1] (0.44ns)   --->   "%select_ln738_4 = select i1 %icmp_ln769, i8 %mpix_cb_8_loc_load, i8 %p_0_0_0_0_0509_1_3788_lcssa847_i_load" [C:/TFG_Vivado/vivado/axu2cga_trd.runs/bd_d92b_csc_0_synth_1/prj/sol/.autopilot/db/v_csc.cpp:738->C:/TFG_Vivado/vivado/axu2cga_trd.runs/bd_d92b_csc_0_synth_1/prj/sol/.autopilot/db/v_csc.cpp:460]   --->   Operation 75 'select' 'select_ln738_4' <Predicate = true> <Delay = 0.44> <CoreInst = "Sel">   --->   Core 73 'Sel' <Latency = 0> <II = 1> <Delay = 0.44> <FuncUnit> <Opcode : 'select'> <InPorts = 3> <OutPorts = 1>
ST_6 : Operation 76 [1/1] (0.44ns)   --->   "%select_ln738_5 = select i1 %icmp_ln769, i8 %pixbuf_y_24_loc_load, i8 %p_0_3_0_0_0760_lcssa821_i_load" [C:/TFG_Vivado/vivado/axu2cga_trd.runs/bd_d92b_csc_0_synth_1/prj/sol/.autopilot/db/v_csc.cpp:738->C:/TFG_Vivado/vivado/axu2cga_trd.runs/bd_d92b_csc_0_synth_1/prj/sol/.autopilot/db/v_csc.cpp:460]   --->   Operation 76 'select' 'select_ln738_5' <Predicate = true> <Delay = 0.44> <CoreInst = "Sel">   --->   Core 73 'Sel' <Latency = 0> <II = 1> <Delay = 0.44> <FuncUnit> <Opcode : 'select'> <InPorts = 3> <OutPorts = 1>
ST_6 : Operation 77 [1/1] (0.44ns)   --->   "%select_ln738_6 = select i1 %icmp_ln769, i8 %pixbuf_y_23_loc_load, i8 %p_0_0_0_0_0517758_lcssa818_i_load" [C:/TFG_Vivado/vivado/axu2cga_trd.runs/bd_d92b_csc_0_synth_1/prj/sol/.autopilot/db/v_csc.cpp:738->C:/TFG_Vivado/vivado/axu2cga_trd.runs/bd_d92b_csc_0_synth_1/prj/sol/.autopilot/db/v_csc.cpp:460]   --->   Operation 77 'select' 'select_ln738_6' <Predicate = true> <Delay = 0.44> <CoreInst = "Sel">   --->   Core 73 'Sel' <Latency = 0> <II = 1> <Delay = 0.44> <FuncUnit> <Opcode : 'select'> <InPorts = 3> <OutPorts = 1>
ST_6 : Operation 78 [1/1] (0.00ns)   --->   "%store_ln745 = store i8 %pixbuf_y_24_loc_load, i8 %pixbuf_y_18" [C:/TFG_Vivado/vivado/axu2cga_trd.runs/bd_d92b_csc_0_synth_1/prj/sol/.autopilot/db/v_csc.cpp:745->C:/TFG_Vivado/vivado/axu2cga_trd.runs/bd_d92b_csc_0_synth_1/prj/sol/.autopilot/db/v_csc.cpp:460]   --->   Operation 78 'store' 'store_ln745' <Predicate = true> <Delay = 0.00>
ST_6 : Operation 79 [1/1] (0.00ns)   --->   "%store_ln745 = store i8 %pixbuf_y_23_loc_load, i8 %pixbuf_y_17" [C:/TFG_Vivado/vivado/axu2cga_trd.runs/bd_d92b_csc_0_synth_1/prj/sol/.autopilot/db/v_csc.cpp:745->C:/TFG_Vivado/vivado/axu2cga_trd.runs/bd_d92b_csc_0_synth_1/prj/sol/.autopilot/db/v_csc.cpp:460]   --->   Operation 79 'store' 'store_ln745' <Predicate = true> <Delay = 0.00>
ST_6 : Operation 80 [1/1] (0.00ns)   --->   "%store_ln738 = store i8 %mpix_cr_8_loc_load, i8 %mpix_cr" [C:/TFG_Vivado/vivado/axu2cga_trd.runs/bd_d92b_csc_0_synth_1/prj/sol/.autopilot/db/v_csc.cpp:738->C:/TFG_Vivado/vivado/axu2cga_trd.runs/bd_d92b_csc_0_synth_1/prj/sol/.autopilot/db/v_csc.cpp:460]   --->   Operation 80 'store' 'store_ln738' <Predicate = true> <Delay = 0.00>
ST_6 : Operation 81 [1/1] (0.00ns)   --->   "%store_ln738 = store i8 %mpix_cb_8_loc_load, i8 %mpix_cb" [C:/TFG_Vivado/vivado/axu2cga_trd.runs/bd_d92b_csc_0_synth_1/prj/sol/.autopilot/db/v_csc.cpp:738->C:/TFG_Vivado/vivado/axu2cga_trd.runs/bd_d92b_csc_0_synth_1/prj/sol/.autopilot/db/v_csc.cpp:460]   --->   Operation 81 'store' 'store_ln738' <Predicate = true> <Delay = 0.00>
ST_6 : Operation 82 [1/1] (0.00ns)   --->   "%store_ln738 = store i8 %select_ln738, i8 %storemerge_lcssa850_i" [C:/TFG_Vivado/vivado/axu2cga_trd.runs/bd_d92b_csc_0_synth_1/prj/sol/.autopilot/db/v_csc.cpp:738->C:/TFG_Vivado/vivado/axu2cga_trd.runs/bd_d92b_csc_0_synth_1/prj/sol/.autopilot/db/v_csc.cpp:460]   --->   Operation 82 'store' 'store_ln738' <Predicate = true> <Delay = 0.00>
ST_6 : Operation 83 [1/1] (0.00ns)   --->   "%store_ln738 = store i8 %select_ln738_4, i8 %p_0_0_0_0_0509_1_3788_lcssa847_i" [C:/TFG_Vivado/vivado/axu2cga_trd.runs/bd_d92b_csc_0_synth_1/prj/sol/.autopilot/db/v_csc.cpp:738->C:/TFG_Vivado/vivado/axu2cga_trd.runs/bd_d92b_csc_0_synth_1/prj/sol/.autopilot/db/v_csc.cpp:460]   --->   Operation 83 'store' 'store_ln738' <Predicate = true> <Delay = 0.00>
ST_6 : Operation 84 [1/1] (0.00ns)   --->   "%store_ln738 = store i8 %select_ln738_5, i8 %p_0_3_0_0_0760_lcssa821_i" [C:/TFG_Vivado/vivado/axu2cga_trd.runs/bd_d92b_csc_0_synth_1/prj/sol/.autopilot/db/v_csc.cpp:738->C:/TFG_Vivado/vivado/axu2cga_trd.runs/bd_d92b_csc_0_synth_1/prj/sol/.autopilot/db/v_csc.cpp:460]   --->   Operation 84 'store' 'store_ln738' <Predicate = true> <Delay = 0.00>
ST_6 : Operation 85 [1/1] (0.00ns)   --->   "%store_ln738 = store i8 %select_ln738_6, i8 %p_0_0_0_0_0517758_lcssa818_i" [C:/TFG_Vivado/vivado/axu2cga_trd.runs/bd_d92b_csc_0_synth_1/prj/sol/.autopilot/db/v_csc.cpp:738->C:/TFG_Vivado/vivado/axu2cga_trd.runs/bd_d92b_csc_0_synth_1/prj/sol/.autopilot/db/v_csc.cpp:460]   --->   Operation 85 'store' 'store_ln738' <Predicate = true> <Delay = 0.00>
ST_6 : Operation 86 [1/1] (0.00ns)   --->   "%br_ln767 = br void %VITIS_LOOP_769_2.i" [C:/TFG_Vivado/vivado/axu2cga_trd.runs/bd_d92b_csc_0_synth_1/prj/sol/.autopilot/db/v_csc.cpp:767->C:/TFG_Vivado/vivado/axu2cga_trd.runs/bd_d92b_csc_0_synth_1/prj/sol/.autopilot/db/v_csc.cpp:460]   --->   Operation 86 'br' 'br_ln767' <Predicate = true> <Delay = 0.00>


============================================================
+ Verbose Summary: Timing violations
============================================================
Target clock period: 5.000ns, clock uncertainty: 1.350ns.

 <State 1>: 1.825ns
The critical path consists of the following:
	wire read operation ('p_read_4') on port 'p_read' [29]  (1.825 ns)

 <State 2>: 2.018ns
The critical path consists of the following:
	wire read operation ('width_read', C:/TFG_Vivado/vivado/axu2cga_trd.runs/bd_d92b_csc_0_synth_1/prj/sol/.autopilot/db/v_csc.cpp:371) on port 'width' (C:/TFG_Vivado/vivado/axu2cga_trd.runs/bd_d92b_csc_0_synth_1/prj/sol/.autopilot/db/v_csc.cpp:371) [39]  (0.000 ns)
	'add' operation 16 bit ('loopWidth', C:/TFG_Vivado/vivado/axu2cga_trd.runs/bd_d92b_csc_0_synth_1/prj/sol/.autopilot/db/v_csc.cpp:765->C:/TFG_Vivado/vivado/axu2cga_trd.runs/bd_d92b_csc_0_synth_1/prj/sol/.autopilot/db/v_csc.cpp:460) [44]  (1.002 ns)
	'icmp' operation 1 bit ('icmp_ln769', C:/TFG_Vivado/vivado/axu2cga_trd.runs/bd_d92b_csc_0_synth_1/prj/sol/.autopilot/db/v_csc.cpp:769->C:/TFG_Vivado/vivado/axu2cga_trd.runs/bd_d92b_csc_0_synth_1/prj/sol/.autopilot/db/v_csc.cpp:460) [45]  (1.016 ns)

 <State 3>: 1.505ns
The critical path consists of the following:
	'load' operation 15 bit ('y_4_load', C:/TFG_Vivado/vivado/axu2cga_trd.runs/bd_d92b_csc_0_synth_1/prj/sol/.autopilot/db/v_csc.cpp:767->C:/TFG_Vivado/vivado/axu2cga_trd.runs/bd_d92b_csc_0_synth_1/prj/sol/.autopilot/db/v_csc.cpp:460) on local variable 'y_4' [49]  (0.000 ns)
	'icmp' operation 1 bit ('icmp_ln767', C:/TFG_Vivado/vivado/axu2cga_trd.runs/bd_d92b_csc_0_synth_1/prj/sol/.autopilot/db/v_csc.cpp:767->C:/TFG_Vivado/vivado/axu2cga_trd.runs/bd_d92b_csc_0_synth_1/prj/sol/.autopilot/db/v_csc.cpp:460) [51]  (1.016 ns)
	'store' operation ('store_ln767', C:/TFG_Vivado/vivado/axu2cga_trd.runs/bd_d92b_csc_0_synth_1/prj/sol/.autopilot/db/v_csc.cpp:767->C:/TFG_Vivado/vivado/axu2cga_trd.runs/bd_d92b_csc_0_synth_1/prj/sol/.autopilot/db/v_csc.cpp:460) of variable 'add_ln767', C:/TFG_Vivado/vivado/axu2cga_trd.runs/bd_d92b_csc_0_synth_1/prj/sol/.autopilot/db/v_csc.cpp:767->C:/TFG_Vivado/vivado/axu2cga_trd.runs/bd_d92b_csc_0_synth_1/prj/sol/.autopilot/db/v_csc.cpp:460 15 bit on local variable 'y_4' [84]  (0.489 ns)

 <State 4>: 1.505ns
The critical path consists of the following:
	'load' operation 8 bit ('p_0_0_0_0_0517758_lcssa818_i_load') on local variable 'p_0_0_0_0_0517758_lcssa818_i' [56]  (0.000 ns)
	'call' operation ('call_ln765', C:/TFG_Vivado/vivado/axu2cga_trd.runs/bd_d92b_csc_0_synth_1/prj/sol/.autopilot/db/v_csc.cpp:765->C:/TFG_Vivado/vivado/axu2cga_trd.runs/bd_d92b_csc_0_synth_1/prj/sol/.autopilot/db/v_csc.cpp:460) to 'v_hcresampler_core_Pipeline_VITIS_LOOP_769_2' [67]  (1.505 ns)

 <State 5>: 0.000ns
The critical path consists of the following:

 <State 6>: 0.445ns
The critical path consists of the following:
	'load' operation 8 bit ('mpix_cr_8_loc_load') on local variable 'mpix_cr_8_loc' [70]  (0.000 ns)
	'select' operation 8 bit ('select_ln738', C:/TFG_Vivado/vivado/axu2cga_trd.runs/bd_d92b_csc_0_synth_1/prj/sol/.autopilot/db/v_csc.cpp:738->C:/TFG_Vivado/vivado/axu2cga_trd.runs/bd_d92b_csc_0_synth_1/prj/sol/.autopilot/db/v_csc.cpp:460) [72]  (0.445 ns)


============================================================
+ Verbose Summary: Binding
============================================================
N/A
* FSMD analyzer results:
  - Output states:
 - Input state : 
  - Chain level:
	State 1
	State 2
	State 3
	State 4
	State 5
	State 6


============================================================
+ Verbose Summary: Datapath Resource usage 
============================================================
N/A
