#-----------------------------------------------------------
# Vivado v2025.2 (64-bit)
# SW Build 6299465 on Fri Nov 14 19:35:11 GMT 2025
# IP Build 6300035 on Fri Nov 14 10:48:45 MST 2025
# SharedData Build 6298862 on Thu Nov 13 04:50:51 MST 2025
# Start of session at: Wed Jan 21 13:02:55 2026
# Process ID         : 30840
# Current directory  : C:/TFG_Vivado/vivado/axu2cga_trd.runs/design_1_v_frmbuf_wr_0_0_synth_1/prj/sol/impl/ip
# Command line       : vivado.exe -notrace -mode batch -source run_ippack.tcl
# Log file           : C:/TFG_Vivado/vivado/axu2cga_trd.runs/design_1_v_frmbuf_wr_0_0_synth_1/prj/sol/impl/ip/vivado.log
# Journal file       : C:/TFG_Vivado/vivado/axu2cga_trd.runs/design_1_v_frmbuf_wr_0_0_synth_1/prj/sol/impl/ip\vivado.jou
# Running On         : LAPTOP-N1KB207U
# Platform           : Windows Server 2016 or Windows 10
# Operating System   : 26200
# Processor Detail   : 13th Gen Intel(R) Core(TM) i7-1355U
# CPU Frequency      : 2611 MHz
# CPU Physical cores : 10
# CPU Logical cores  : 12
# Host memory        : 16770 MB
# Swap memory        : 34803 MB
# Total Virtual      : 51574 MB
# Available Virtual  : 14071 MB
#-----------------------------------------------------------
source run_ippack.tcl -notrace
INFO: calling package_hls_ip ip_types=vitis sysgen json_file=C:/TFG_Vivado/vivado/axu2cga_trd.runs/design_1_v_frmbuf_wr_0_0_synth_1/prj/sol/sol_data.json outdir=C:/TFG_Vivado/vivado/axu2cga_trd.runs/design_1_v_frmbuf_wr_0_0_synth_1/prj/sol/impl/ip srcdir=C:/TFG_Vivado/vivado/axu2cga_trd.runs/design_1_v_frmbuf_wr_0_0_synth_1/prj/sol ippack_options_dict=subcore_use_xci_files false ippack_options_dict=subcore_use_xci_files false
INFO: Copied 1 ipmisc file(s) to C:/TFG_Vivado/vivado/axu2cga_trd.runs/design_1_v_frmbuf_wr_0_0_synth_1/prj/sol/impl/ip/misc
INFO: Copied 37 verilog file(s) to C:/TFG_Vivado/vivado/axu2cga_trd.runs/design_1_v_frmbuf_wr_0_0_synth_1/prj/sol/impl/ip/hdl/verilog
INFO: Copied 28 vhdl file(s) to C:/TFG_Vivado/vivado/axu2cga_trd.runs/design_1_v_frmbuf_wr_0_0_synth_1/prj/sol/impl/ip/hdl/vhdl
INFO: Copied 10 swdriver file(s) to C:/TFG_Vivado/vivado/axu2cga_trd.runs/design_1_v_frmbuf_wr_0_0_synth_1/prj/sol/impl/ip/drivers
ipx::create_core: Time (s): cpu = 00:00:11 ; elapsed = 00:00:08 . Memory (MB): peak = 537.492 ; gain = 215.523
INFO: Import ports from HDL: C:/TFG_Vivado/vivado/axu2cga_trd.runs/design_1_v_frmbuf_wr_0_0_synth_1/prj/sol/impl/ip/hdl/vhdl/design_1_v_frmbuf_wr_0_0_v_frmbuf_wr.vhd (design_1_v_frmbuf_wr_0_0_v_frmbuf_wr)
INFO: Add axi4lite interface s_axi_CTRL
INFO: Add clock interface ap_clk
INFO: Add reset interface ap_rst_n
INFO: Add interrupt interface interrupt
INFO: [IP_Flow 19-234] Refreshing IP repositories
INFO: [IP_Flow 19-1704] No user IP repositories specified
INFO: [IP_Flow 19-2313] Loaded Vivado IP repository 'C:/AMDDesignTools/2025.2/Vivado/data/ip'.
INFO: Add axi4full interface m_axi_mm_video
INFO: Add axi4stream interface s_axis_video
INFO: Calling post_process_vitis to specialize IP
INFO: Calling post_process_sysgen to specialize IP
Generating sysgen info xml from json file
INFO: Created IP C:/TFG_Vivado/vivado/axu2cga_trd.runs/design_1_v_frmbuf_wr_0_0_synth_1/prj/sol/impl/ip/component.xml
INFO: Created IP archive C:/TFG_Vivado/vivado/axu2cga_trd.runs/design_1_v_frmbuf_wr_0_0_synth_1/prj/sol/impl/ip/xilinx_com_ip_v_frmbuf_wr_3_0.zip
INFO: [Common 17-206] Exiting Vivado at Wed Jan 21 13:03:46 2026...
