19:56:32 DEBUG : Logs will be stored at 'C:/TFG_Vivado/mis_pruebas/hil_puerto_serie/vitis/IDE.log'.
19:58:02 INFO  : Launching XSCT server: xsct.bat -n  -interactive C:\TFG_Vivado\mis_pruebas\hil_puerto_serie\vitis\temp_xsdb_launch_script.tcl
19:58:02 INFO  : Registering command handlers for Vitis TCF services
19:58:03 INFO  : Platform repository initialization has completed.
19:58:05 INFO  : XSCT server has started successfully.
19:58:06 INFO  : Successfully done setting XSCT server connection channel  
19:58:06 INFO  : plnx-install-location is set to ''
19:58:06 INFO  : Successfully done query RDI_DATADIR 
19:58:06 INFO  : Successfully done setting workspace for the tool. 
20:00:08 INFO  : Result from executing command 'getProjects': design_1_wrapper
20:00:08 INFO  : Result from executing command 'getPlatforms': xilinx_zcu102_base_202310_1|C:/Xilinx/Vitis/2023.1/base_platforms/xilinx_zcu102_base_202310_1/xilinx_zcu102_base_202310_1.xpfm;xilinx_zcu102_base_dfx_202310_1|C:/Xilinx/Vitis/2023.1/base_platforms/xilinx_zcu102_base_dfx_202310_1/xilinx_zcu102_base_dfx_202310_1.xpfm;xilinx_zcu104_base_202310_1|C:/Xilinx/Vitis/2023.1/base_platforms/xilinx_zcu104_base_202310_1/xilinx_zcu104_base_202310_1.xpfm
20:00:08 WARN  : An unexpected exception occurred in the module 'platform project logging'
20:00:09 INFO  : Platform 'design_1_wrapper' is added to custom repositories.
20:00:19 INFO  : Platform 'design_1_wrapper' is added to custom repositories.
20:02:44 INFO  : Result from executing command 'getProjects': design_1_wrapper
20:02:44 INFO  : Result from executing command 'getPlatforms': design_1_wrapper|C:/TFG_Vivado/mis_pruebas/hil_puerto_serie/vitis/design_1_wrapper/export/design_1_wrapper/design_1_wrapper.xpfm;xilinx_zcu102_base_202310_1|C:/Xilinx/Vitis/2023.1/base_platforms/xilinx_zcu102_base_202310_1/xilinx_zcu102_base_202310_1.xpfm;xilinx_zcu102_base_dfx_202310_1|C:/Xilinx/Vitis/2023.1/base_platforms/xilinx_zcu102_base_dfx_202310_1/xilinx_zcu102_base_dfx_202310_1.xpfm;xilinx_zcu104_base_202310_1|C:/Xilinx/Vitis/2023.1/base_platforms/xilinx_zcu104_base_202310_1/xilinx_zcu104_base_202310_1.xpfm
20:02:44 INFO  : Checking for BSP changes to sync application flags for project 'prueba1'...
20:02:46 INFO  : Checking for BSP changes to sync application flags for project 'prueba1'...
20:02:46 INFO  : Checking for BSP changes to sync application flags for project 'prueba1'...
20:04:42 INFO  : Checking for BSP changes to sync application flags for project 'prueba1'...
20:05:18 INFO  : Connected to target on host '127.0.0.1' and port '3121'.
20:05:18 INFO  : Jtag cable 'Digilent JTAG-HS1 210512180081' is selected.
20:05:18 INFO  : 'jtag frequency' command is executed.
20:05:18 INFO  : Sourcing of 'C:/Xilinx/Vitis/2023.1/scripts/vitis/util/zynqmp_utils.tcl' is done.
20:05:18 INFO  : Context for 'APU' is selected.
20:05:19 INFO  : System reset is completed.
20:05:22 INFO  : 'after 3000' command is executed.
20:05:22 INFO  : Context for 'APU' is selected.
20:05:22 INFO  : Hardware design and registers information is loaded from 'C:/TFG_Vivado/mis_pruebas/hil_puerto_serie/vitis/design_1_wrapper/export/design_1_wrapper/hw/design_1_wrapper.xsa'.
20:05:22 INFO  : 'configparams force-mem-access 1' command is executed.
20:05:22 INFO  : Context for 'APU' is selected.
20:05:22 INFO  : Boot mode is read from the target.
20:05:22 INFO  : Context for processor 'psu_cortexa53_0' is selected.
20:05:22 INFO  : Processor reset is completed for 'psu_cortexa53_0'.
20:05:23 INFO  : The application 'C:/TFG_Vivado/mis_pruebas/hil_puerto_serie/vitis/design_1_wrapper/export/design_1_wrapper/sw/design_1_wrapper/boot/fsbl.elf' is downloaded to processor 'psu_cortexa53_0'.
20:05:23 INFO  : 'set bp_5_23_fsbl_bp [bpadd -addr &XFsbl_Exit]' command is executed.
20:05:24 INFO  : 'con -block -timeout 60' command is executed.
20:05:24 INFO  : 'bpremove $bp_5_23_fsbl_bp' command is executed.
20:05:24 INFO  : Context for processor 'psu_cortexa53_0' is selected.
20:05:24 INFO  : Processor reset is completed for 'psu_cortexa53_0'.
20:05:25 INFO  : The application 'C:/TFG_Vivado/mis_pruebas/hil_puerto_serie/vitis/prueba1/Debug/prueba1.elf' is downloaded to processor 'psu_cortexa53_0'.
20:05:25 INFO  : 'configparams force-mem-access 0' command is executed.
20:05:25 INFO  : ----------------XSDB Script----------------
connect -url tcp:127.0.0.1:3121
source C:/Xilinx/Vitis/2023.1/scripts/vitis/util/zynqmp_utils.tcl
targets -set -nocase -filter {name =~"APU*"}
rst -system
after 3000
targets -set -nocase -filter {name =~"APU*"}
loadhw -hw C:/TFG_Vivado/mis_pruebas/hil_puerto_serie/vitis/design_1_wrapper/export/design_1_wrapper/hw/design_1_wrapper.xsa -mem-ranges [list {0x80000000 0xbfffffff} {0x400000000 0x5ffffffff} {0x1000000000 0x7fffffffff}] -regs
configparams force-mem-access 1
targets -set -nocase -filter {name =~"APU*"}
set mode [expr [mrd -value 0xFF5E0200] & 0xf]
targets -set -nocase -filter {name =~ "*A53*#0"}
rst -processor
dow C:/TFG_Vivado/mis_pruebas/hil_puerto_serie/vitis/design_1_wrapper/export/design_1_wrapper/sw/design_1_wrapper/boot/fsbl.elf
set bp_5_23_fsbl_bp [bpadd -addr &XFsbl_Exit]
con -block -timeout 60
bpremove $bp_5_23_fsbl_bp
targets -set -nocase -filter {name =~ "*A53*#0"}
rst -processor
dow C:/TFG_Vivado/mis_pruebas/hil_puerto_serie/vitis/prueba1/Debug/prueba1.elf
configparams force-mem-access 0
----------------End of Script----------------

20:05:25 INFO  : Context for processor 'psu_cortexa53_0' is selected.
20:05:25 INFO  : 'con' command is executed.
20:05:25 INFO  : ----------------XSDB Script (After Launch)----------------
targets -set -nocase -filter {name =~ "*A53*#0"}
con
----------------End of Script----------------

20:05:25 INFO  : Launch script is exported to file 'C:\TFG_Vivado\mis_pruebas\hil_puerto_serie\vitis\prueba1_system\_ide\scripts\debugger_prueba1-default.tcl'
20:06:18 INFO  : Checking for BSP changes to sync application flags for project 'prueba1'...
20:06:29 INFO  : Disconnected from the channel tcfchan#2.
20:06:30 INFO  : Connected to target on host '127.0.0.1' and port '3121'.
20:06:39 INFO  : ----------------XSDB Script----------------
connect -url tcp:127.0.0.1:3121
----------------End of Script----------------

20:06:39 ERROR : Could not find ARM device on the board for connection 'Local'.
Check if the target is in:
1. Split JTAG - No operations are possible with ARM DAP.
2. Non JTAG bootmode - Bootrom may need time to enable DAP.
Please try again.


Troubleshooting hints:
1. Check whether board is connected to system properly.
2. In case of zynq board, check whether Digilent/Xilinx cable switch settings are correct.
3. If you are using Xilinx Platform Cable USB, ensure that status LED is green.
20:06:44 INFO  : Connected to target on host '127.0.0.1' and port '3121'.
20:06:44 INFO  : Jtag cable 'Digilent JTAG-HS1 210512180081' is selected.
20:06:44 INFO  : 'jtag frequency' command is executed.
20:06:44 INFO  : Sourcing of 'C:/Xilinx/Vitis/2023.1/scripts/vitis/util/zynqmp_utils.tcl' is done.
20:06:44 INFO  : Context for 'APU' is selected.
20:06:44 INFO  : System reset is completed.
20:06:47 INFO  : 'after 3000' command is executed.
20:06:47 INFO  : Context for 'APU' is selected.
20:06:47 INFO  : Hardware design and registers information is loaded from 'C:/TFG_Vivado/mis_pruebas/hil_puerto_serie/vitis/design_1_wrapper/export/design_1_wrapper/hw/design_1_wrapper.xsa'.
20:06:47 INFO  : 'configparams force-mem-access 1' command is executed.
20:06:47 INFO  : Context for 'APU' is selected.
20:06:47 INFO  : Boot mode is read from the target.
20:06:47 INFO  : Context for processor 'psu_cortexa53_0' is selected.
20:06:47 INFO  : Processor reset is completed for 'psu_cortexa53_0'.
20:06:48 INFO  : The application 'C:/TFG_Vivado/mis_pruebas/hil_puerto_serie/vitis/design_1_wrapper/export/design_1_wrapper/sw/design_1_wrapper/boot/fsbl.elf' is downloaded to processor 'psu_cortexa53_0'.
20:06:48 INFO  : 'set bp_6_48_fsbl_bp [bpadd -addr &XFsbl_Exit]' command is executed.
20:06:49 INFO  : 'con -block -timeout 60' command is executed.
20:06:49 INFO  : 'bpremove $bp_6_48_fsbl_bp' command is executed.
20:06:49 INFO  : Context for processor 'psu_cortexa53_0' is selected.
20:06:49 INFO  : Processor reset is completed for 'psu_cortexa53_0'.
20:06:49 INFO  : The application 'C:/TFG_Vivado/mis_pruebas/hil_puerto_serie/vitis/prueba1/Debug/prueba1.elf' is downloaded to processor 'psu_cortexa53_0'.
20:06:49 INFO  : 'configparams force-mem-access 0' command is executed.
20:06:49 INFO  : ----------------XSDB Script----------------
connect -url tcp:127.0.0.1:3121
source C:/Xilinx/Vitis/2023.1/scripts/vitis/util/zynqmp_utils.tcl
targets -set -nocase -filter {name =~"APU*"}
rst -system
after 3000
targets -set -nocase -filter {name =~"APU*"}
loadhw -hw C:/TFG_Vivado/mis_pruebas/hil_puerto_serie/vitis/design_1_wrapper/export/design_1_wrapper/hw/design_1_wrapper.xsa -mem-ranges [list {0x80000000 0xbfffffff} {0x400000000 0x5ffffffff} {0x1000000000 0x7fffffffff}] -regs
configparams force-mem-access 1
targets -set -nocase -filter {name =~"APU*"}
set mode [expr [mrd -value 0xFF5E0200] & 0xf]
targets -set -nocase -filter {name =~ "*A53*#0"}
rst -processor
dow C:/TFG_Vivado/mis_pruebas/hil_puerto_serie/vitis/design_1_wrapper/export/design_1_wrapper/sw/design_1_wrapper/boot/fsbl.elf
set bp_6_48_fsbl_bp [bpadd -addr &XFsbl_Exit]
con -block -timeout 60
bpremove $bp_6_48_fsbl_bp
targets -set -nocase -filter {name =~ "*A53*#0"}
rst -processor
dow C:/TFG_Vivado/mis_pruebas/hil_puerto_serie/vitis/prueba1/Debug/prueba1.elf
configparams force-mem-access 0
----------------End of Script----------------

20:06:49 INFO  : Context for processor 'psu_cortexa53_0' is selected.
20:06:49 INFO  : 'con' command is executed.
20:06:49 INFO  : ----------------XSDB Script (After Launch)----------------
targets -set -nocase -filter {name =~ "*A53*#0"}
con
----------------End of Script----------------

20:06:49 INFO  : Launch script is exported to file 'C:\TFG_Vivado\mis_pruebas\hil_puerto_serie\vitis\prueba1_system\_ide\scripts\debugger_prueba1-default.tcl'
20:07:37 INFO  : Disconnected from the channel tcfchan#3.
20:07:38 INFO  : Connected to target on host '127.0.0.1' and port '3121'.
20:07:47 INFO  : ----------------XSDB Script----------------
connect -url tcp:127.0.0.1:3121
----------------End of Script----------------

20:07:47 ERROR : Could not find ARM device on the board for connection 'Local'.
Check if the target is in:
1. Split JTAG - No operations are possible with ARM DAP.
2. Non JTAG bootmode - Bootrom may need time to enable DAP.
Please try again.


Troubleshooting hints:
1. Check whether board is connected to system properly.
2. In case of zynq board, check whether Digilent/Xilinx cable switch settings are correct.
3. If you are using Xilinx Platform Cable USB, ensure that status LED is green.
20:08:14 INFO  : Connected to target on host '127.0.0.1' and port '3121'.
20:08:14 INFO  : Jtag cable 'Digilent JTAG-HS1 210512180081' is selected.
20:08:14 INFO  : 'jtag frequency' command is executed.
20:08:14 INFO  : Sourcing of 'C:/Xilinx/Vitis/2023.1/scripts/vitis/util/zynqmp_utils.tcl' is done.
20:08:14 INFO  : Context for 'APU' is selected.
20:08:15 INFO  : System reset is completed.
20:08:18 INFO  : 'after 3000' command is executed.
20:08:18 INFO  : Context for 'APU' is selected.
20:08:18 INFO  : Hardware design and registers information is loaded from 'C:/TFG_Vivado/mis_pruebas/hil_puerto_serie/vitis/design_1_wrapper/export/design_1_wrapper/hw/design_1_wrapper.xsa'.
20:08:18 INFO  : 'configparams force-mem-access 1' command is executed.
20:08:18 INFO  : Context for 'APU' is selected.
20:08:18 INFO  : Boot mode is read from the target.
20:08:18 INFO  : Context for processor 'psu_cortexa53_0' is selected.
20:08:18 INFO  : Processor reset is completed for 'psu_cortexa53_0'.
20:08:19 INFO  : The application 'C:/TFG_Vivado/mis_pruebas/hil_puerto_serie/vitis/design_1_wrapper/export/design_1_wrapper/sw/design_1_wrapper/boot/fsbl.elf' is downloaded to processor 'psu_cortexa53_0'.
20:08:19 INFO  : 'set bp_8_19_fsbl_bp [bpadd -addr &XFsbl_Exit]' command is executed.
20:08:20 INFO  : 'con -block -timeout 60' command is executed.
20:08:20 INFO  : 'bpremove $bp_8_19_fsbl_bp' command is executed.
20:08:20 INFO  : Context for processor 'psu_cortexa53_0' is selected.
20:08:20 INFO  : Processor reset is completed for 'psu_cortexa53_0'.
20:08:20 INFO  : The application 'C:/TFG_Vivado/mis_pruebas/hil_puerto_serie/vitis/prueba1/Debug/prueba1.elf' is downloaded to processor 'psu_cortexa53_0'.
20:08:20 INFO  : 'configparams force-mem-access 0' command is executed.
20:08:20 INFO  : ----------------XSDB Script----------------
connect -url tcp:127.0.0.1:3121
source C:/Xilinx/Vitis/2023.1/scripts/vitis/util/zynqmp_utils.tcl
targets -set -nocase -filter {name =~"APU*"}
rst -system
after 3000
targets -set -nocase -filter {name =~"APU*"}
loadhw -hw C:/TFG_Vivado/mis_pruebas/hil_puerto_serie/vitis/design_1_wrapper/export/design_1_wrapper/hw/design_1_wrapper.xsa -mem-ranges [list {0x80000000 0xbfffffff} {0x400000000 0x5ffffffff} {0x1000000000 0x7fffffffff}] -regs
configparams force-mem-access 1
targets -set -nocase -filter {name =~"APU*"}
set mode [expr [mrd -value 0xFF5E0200] & 0xf]
targets -set -nocase -filter {name =~ "*A53*#0"}
rst -processor
dow C:/TFG_Vivado/mis_pruebas/hil_puerto_serie/vitis/design_1_wrapper/export/design_1_wrapper/sw/design_1_wrapper/boot/fsbl.elf
set bp_8_19_fsbl_bp [bpadd -addr &XFsbl_Exit]
con -block -timeout 60
bpremove $bp_8_19_fsbl_bp
targets -set -nocase -filter {name =~ "*A53*#0"}
rst -processor
dow C:/TFG_Vivado/mis_pruebas/hil_puerto_serie/vitis/prueba1/Debug/prueba1.elf
configparams force-mem-access 0
----------------End of Script----------------

20:08:20 INFO  : Context for processor 'psu_cortexa53_0' is selected.
20:08:20 INFO  : 'con' command is executed.
20:08:20 INFO  : ----------------XSDB Script (After Launch)----------------
targets -set -nocase -filter {name =~ "*A53*#0"}
con
----------------End of Script----------------

20:08:20 INFO  : Launch script is exported to file 'C:\TFG_Vivado\mis_pruebas\hil_puerto_serie\vitis\prueba1_system\_ide\scripts\debugger_prueba1-default.tcl'
