

================================================================
== Vitis HLS Report for 'Bytes2AXIMMvideo'
================================================================
* Date:           Wed Jan 21 13:08:03 2026

* Version:        2025.2 (Build 6295257 on Nov 14 2025)
* Project:        prj
* Solution:       sol (Vivado IP Flow Target)
* Product family: zynquplus
* Target device:  xczu2cg-sfvc784-1-e


================================================================
== Performance Estimates
================================================================
+ Timing: 
    * Summary: 
    +--------+---------+----------+------------+
    |  Clock |  Target | Estimated| Uncertainty|
    +--------+---------+----------+------------+
    |ap_clk  |  5.00 ns|  3.650 ns|     1.35 ns|
    +--------+---------+----------+------------+

+ Latency: 
    * Summary: 
    +---------+---------+-----------+----------+------+---------+---------+
    |  Latency (cycles) |  Latency (absolute)  |    Interval    | Pipeline|
    |   min   |   max   |    min    |    max   |  min |   max   |   Type  |
    +---------+---------+-----------+----------+------+---------+---------+
    |     7105|  1793881|  35.525 us|  8.969 ms|  7105|  1793881|       no|
    +---------+---------+-----------+----------+------+---------+---------+

    + Detail: 
        * Instance: 
        +--------------------------------------------------------+---------------------------------------------+---------+---------+-----------+----------+-----+-----+-------------------+
        |                                                        |                                             |  Latency (cycles) |  Latency (absolute)  |  Interval |      Pipeline     |
        |                        Instance                        |                    Module                   |   min   |   max   |    min    |    max   | min | max |        Type       |
        +--------------------------------------------------------+---------------------------------------------+---------+---------+-----------+----------+-----+-----+-------------------+
        |grp_Bytes2AXIMMvideo_Pipeline_VITIS_LOOP_1599_1_fu_215  |Bytes2AXIMMvideo_Pipeline_VITIS_LOOP_1599_1  |        2|      723|  10.000 ns|  3.615 us|    0|    0|  loop pipeline stp|
        |grp_Bytes2AXIMMvideo_Pipeline_VITIS_LOOP_1609_2_fu_225  |Bytes2AXIMMvideo_Pipeline_VITIS_LOOP_1609_2  |        2|      723|  10.000 ns|  3.615 us|    0|    0|  loop pipeline stp|
        +--------------------------------------------------------+---------------------------------------------+---------+---------+-----------+----------+-----+-----+-------------------+

        * Loop: 
        +---------------------------------+---------+---------+------------+-----------+-----------+-----------+----------+
        |                                 |  Latency (cycles) |  Iteration |  Initiation Interval  |    Trip   |          |
        |            Loop Name            |   min   |   max   |   Latency  |  achieved |   target  |   Count   | Pipelined|
        +---------------------------------+---------+---------+------------+-----------+-----------+-----------+----------+
        |- loop_Bytes2AXIMMvideo_2planes  |     7104|  1793880|  111 ~ 1661|          -|          -|  64 ~ 1080|        no|
        +---------------------------------+---------+---------+------------+-----------+-----------+-----------+----------+



================================================================
== Utilization Estimates
================================================================
* Summary: 
+-----------------+---------+-----+-------+-------+-----+
|       Name      | BRAM_18K| DSP |   FF  |  LUT  | URAM|
+-----------------+---------+-----+-------+-------+-----+
|DSP              |        -|    -|      -|      -|    -|
|Expression       |        -|    -|      0|    371|    -|
|FIFO             |        -|    -|      -|      -|    -|
|Instance         |        -|    -|    286|    188|    -|
|Memory           |        -|    -|      -|      -|    -|
|Multiplexer      |        -|    -|      0|   1502|    -|
|Register         |        -|    -|    504|      -|    -|
+-----------------+---------+-----+-------+-------+-----+
|Total            |        0|    0|    790|   2061|    0|
+-----------------+---------+-----+-------+-------+-----+
|Available        |      300|  240|  94464|  47232|    0|
+-----------------+---------+-----+-------+-------+-----+
|Utilization (%)  |        0|    0|     ~0|      4|    0|
+-----------------+---------+-----+-------+-------+-----+

+ Detail: 
    * Instance: 
    +--------------------------------------------------------+---------------------------------------------+---------+----+-----+----+-----+
    |                        Instance                        |                    Module                   | BRAM_18K| DSP|  FF | LUT| URAM|
    +--------------------------------------------------------+---------------------------------------------+---------+----+-----+----+-----+
    |grp_Bytes2AXIMMvideo_Pipeline_VITIS_LOOP_1599_1_fu_215  |Bytes2AXIMMvideo_Pipeline_VITIS_LOOP_1599_1  |        0|   0|  143|  94|    0|
    |grp_Bytes2AXIMMvideo_Pipeline_VITIS_LOOP_1609_2_fu_225  |Bytes2AXIMMvideo_Pipeline_VITIS_LOOP_1609_2  |        0|   0|  143|  94|    0|
    +--------------------------------------------------------+---------------------------------------------+---------+----+-----+----+-----+
    |Total                                                   |                                             |        0|   0|  286| 188|    0|
    +--------------------------------------------------------+---------------------------------------------+---------+----+-----+----+-----+

    * DSP: 
    N/A

    * Memory: 
    N/A

    * FIFO: 
    N/A

    * Expression: 
    +---------------------------------------+----------+----+---+----+------------+------------+
    |             Variable Name             | Operation| DSP| FF| LUT| Bitwidth P0| Bitwidth P1|
    +---------------------------------------+----------+----+---+----+------------+------------+
    |add_ln1589_fu_251_p2                   |         +|   0|  0|  21|          14|           4|
    |add_ln1599_fu_455_p2                   |         +|   0|  0|  39|          32|          32|
    |add_ln1605_fu_470_p2                   |         +|   0|  0|  30|          23|          23|
    |add_ln1607_fu_297_p2                   |         +|   0|  0|  14|           7|           7|
    |add_ln1609_fu_548_p2                   |         +|   0|  0|  39|          32|          32|
    |offsetUV_1_fu_563_p2                   |         +|   0|  0|  39|          32|          32|
    |y_13_fu_430_p2                         |         +|   0|  0|  18|          11|           1|
    |and_ln1607_fu_401_p2                   |       and|   0|  0|   2|           1|           1|
    |ap_block_state216                      |       and|   0|  0|   2|           1|           1|
    |empty_198_fu_485_p2                    |      icmp|   0|  0|  13|           6|           6|
    |empty_200_fu_495_p2                    |      icmp|   0|  0|  13|           6|           6|
    |empty_202_fu_506_p2                    |      icmp|   0|  0|  13|           6|           5|
    |empty_204_fu_517_p2                    |      icmp|   0|  0|  13|           6|           5|
    |empty_206_fu_528_p2                    |      icmp|   0|  0|  13|           6|           2|
    |icmp_ln1594_fu_425_p2                  |      icmp|   0|  0|  18|          11|          11|
    |icmp_ln1607_1_fu_291_p2                |      icmp|   0|  0|  13|           6|           6|
    |icmp_ln1607_2_fu_351_p2                |      icmp|   0|  0|  13|           6|           5|
    |icmp_ln1607_3_fu_357_p2                |      icmp|   0|  0|  13|           6|           6|
    |icmp_ln1607_4_fu_395_p2                |      icmp|   0|  0|  12|           5|           1|
    |icmp_ln1607_fu_285_p2                  |      icmp|   0|  0|  13|           6|           6|
    |ap_block_state1                        |        or|   0|  0|   2|           1|           1|
    |ap_predicate_op516_writeresp_state216  |        or|   0|  0|   2|           1|           1|
    |empty_199_fu_490_p2                    |        or|   0|  0|   2|           1|           1|
    |empty_201_fu_500_p2                    |        or|   0|  0|   2|           1|           1|
    |empty_203_fu_511_p2                    |        or|   0|  0|   2|           1|           1|
    |empty_205_fu_522_p2                    |        or|   0|  0|   2|           1|           1|
    |empty_207_fu_533_p2                    |        or|   0|  0|   2|           1|           1|
    |or_ln1607_2_fu_369_p2                  |        or|   0|  0|   2|           1|           1|
    |or_ln1607_3_fu_375_p2                  |        or|   0|  0|   2|           1|           1|
    |or_ln1607_fu_363_p2                    |        or|   0|  0|   2|           1|           1|
    +---------------------------------------+----------+----+---+----+------------+------------+
    |Total                                  |          |   0|  0| 371|         233|         202|
    +---------------------------------------+----------+----+---+----+------------+------------+

    * Multiplexer: 
    +---------------------------+------+-----------+-----+-----------+
    |            Name           |  LUT | Input Size| Bits| Total Bits|
    +---------------------------+------+-----------+-----+-----------+
    |ap_NS_fsm                  |  1152|        217|    1|        217|
    |ap_done                    |     9|          2|    1|          2|
    |m_axi_mm_video_0_AWADDR    |    26|          5|   32|        160|
    |m_axi_mm_video_0_AWBURST   |    14|          3|    2|          6|
    |m_axi_mm_video_0_AWCACHE   |    14|          3|    4|         12|
    |m_axi_mm_video_0_AWID      |    14|          3|    1|          3|
    |m_axi_mm_video_0_AWLEN     |    20|          4|   32|        128|
    |m_axi_mm_video_0_AWLOCK    |    14|          3|    2|          6|
    |m_axi_mm_video_0_AWPROT    |    14|          3|    3|          9|
    |m_axi_mm_video_0_AWQOS     |    14|          3|    4|         12|
    |m_axi_mm_video_0_AWREGION  |    14|          3|    4|         12|
    |m_axi_mm_video_0_AWSIZE    |    14|          3|    3|          9|
    |m_axi_mm_video_0_AWUSER    |    14|          3|    1|          3|
    |m_axi_mm_video_0_AWVALID   |    20|          4|    1|          4|
    |m_axi_mm_video_0_BREADY    |    20|          4|    1|          4|
    |m_axi_mm_video_0_WDATA     |    14|          3|  128|        384|
    |m_axi_mm_video_0_WID       |    14|          3|    1|          3|
    |m_axi_mm_video_0_WLAST     |    14|          3|    1|          3|
    |m_axi_mm_video_0_WSTRB     |    14|          3|   16|         48|
    |m_axi_mm_video_0_WUSER     |    14|          3|    1|          3|
    |m_axi_mm_video_0_WVALID    |    14|          3|    1|          3|
    |mm_video_blk_n_AW          |     9|          2|    1|          2|
    |mm_video_blk_n_B           |     9|          2|    1|          2|
    |offsetUV_fu_164            |     9|          2|   32|         64|
    |offsetY_fu_160             |     9|          2|   23|         46|
    |y_fu_156                   |     9|          2|   11|         22|
    +---------------------------+------+-----------+-----+-----------+
    |Total                      |  1502|        291|  308|       1167|
    +---------------------------+------+-----------+-----+-----------+

    * Register: 
    +---------------------------------------------------------------------+-----+----+-----+-----------+
    |                                 Name                                |  FF | LUT| Bits| Const Bits|
    +---------------------------------------------------------------------+-----+----+-----+-----------+
    |Height_val_read_reg_621                                              |   11|   0|   11|          0|
    |VideoFormat_val_read_reg_612                                         |    6|   0|    6|          0|
    |add_ln1605_reg_684                                                   |   23|   0|   23|          0|
    |and_ln1607_reg_662                                                   |    1|   0|    1|          0|
    |ap_CS_fsm                                                            |  216|   0|  216|          0|
    |ap_done_reg                                                          |    1|   0|    1|          0|
    |dstImg2_read_reg_626                                                 |   32|   0|   32|          0|
    |dstImg_read_reg_631                                                  |   32|   0|   32|          0|
    |empty_207_reg_694                                                    |    1|   0|    1|          0|
    |grp_Bytes2AXIMMvideo_Pipeline_VITIS_LOOP_1599_1_fu_215_ap_start_reg  |    1|   0|    1|          0|
    |grp_Bytes2AXIMMvideo_Pipeline_VITIS_LOOP_1609_2_fu_225_ap_start_reg  |    1|   0|    1|          0|
    |icmp_ln1607_reg_652                                                  |    1|   0|    1|          0|
    |loopWidth_reg_636                                                    |   10|   0|   10|          0|
    |offsetUV_fu_164                                                      |   32|   0|   32|          0|
    |offsetY_fu_160                                                       |   23|   0|   23|          0|
    |trunc_ln1594_reg_674                                                 |    1|   0|    1|          0|
    |trunc_ln5_reg_678                                                    |   28|   0|   28|          0|
    |trunc_ln6_reg_698                                                    |   28|   0|   28|          0|
    |y_13_reg_669                                                         |   11|   0|   11|          0|
    |y_fu_156                                                             |   11|   0|   11|          0|
    |zext_ln1589_reg_642                                                  |   10|   0|   32|         22|
    |zext_ln1599_reg_657                                                  |   12|   0|   23|         11|
    |zext_ln1607_reg_647                                                  |   12|   0|   32|         20|
    +---------------------------------------------------------------------+-----+----+-----+-----------+
    |Total                                                                |  504|   0|  557|         53|
    +---------------------------------------------------------------------+-----+----+-----+-----------+



================================================================
== Interface
================================================================
* Summary: 
+----------------------------------+-----+-----+------------+-------------------+--------------+
|             RTL Ports            | Dir | Bits|  Protocol  |   Source Object   |    C Type    |
+----------------------------------+-----+-----+------------+-------------------+--------------+
|ap_clk                            |   in|    1|  ap_ctrl_hs|   Bytes2AXIMMvideo|  return value|
|ap_rst                            |   in|    1|  ap_ctrl_hs|   Bytes2AXIMMvideo|  return value|
|ap_start                          |   in|    1|  ap_ctrl_hs|   Bytes2AXIMMvideo|  return value|
|ap_done                           |  out|    1|  ap_ctrl_hs|   Bytes2AXIMMvideo|  return value|
|ap_continue                       |   in|    1|  ap_ctrl_hs|   Bytes2AXIMMvideo|  return value|
|ap_idle                           |  out|    1|  ap_ctrl_hs|   Bytes2AXIMMvideo|  return value|
|ap_ready                          |  out|    1|  ap_ctrl_hs|   Bytes2AXIMMvideo|  return value|
|bytePlanes_plane0_dout            |   in|  128|     ap_fifo|  bytePlanes_plane0|       pointer|
|bytePlanes_plane0_empty_n         |   in|    1|     ap_fifo|  bytePlanes_plane0|       pointer|
|bytePlanes_plane0_read            |  out|    1|     ap_fifo|  bytePlanes_plane0|       pointer|
|bytePlanes_plane0_num_data_valid  |   in|    9|     ap_fifo|  bytePlanes_plane0|       pointer|
|bytePlanes_plane0_fifo_cap        |   in|    9|     ap_fifo|  bytePlanes_plane0|       pointer|
|bytePlanes_plane1_dout            |   in|  128|     ap_fifo|  bytePlanes_plane1|       pointer|
|bytePlanes_plane1_empty_n         |   in|    1|     ap_fifo|  bytePlanes_plane1|       pointer|
|bytePlanes_plane1_read            |  out|    1|     ap_fifo|  bytePlanes_plane1|       pointer|
|bytePlanes_plane1_num_data_valid  |   in|    9|     ap_fifo|  bytePlanes_plane1|       pointer|
|bytePlanes_plane1_fifo_cap        |   in|    9|     ap_fifo|  bytePlanes_plane1|       pointer|
|m_axi_mm_video_0_AWVALID          |  out|    1|       m_axi|           mm_video|       pointer|
|m_axi_mm_video_0_AWREADY          |   in|    1|       m_axi|           mm_video|       pointer|
|m_axi_mm_video_0_AWADDR           |  out|   32|       m_axi|           mm_video|       pointer|
|m_axi_mm_video_0_AWID             |  out|    1|       m_axi|           mm_video|       pointer|
|m_axi_mm_video_0_AWLEN            |  out|   32|       m_axi|           mm_video|       pointer|
|m_axi_mm_video_0_AWSIZE           |  out|    3|       m_axi|           mm_video|       pointer|
|m_axi_mm_video_0_AWBURST          |  out|    2|       m_axi|           mm_video|       pointer|
|m_axi_mm_video_0_AWLOCK           |  out|    2|       m_axi|           mm_video|       pointer|
|m_axi_mm_video_0_AWCACHE          |  out|    4|       m_axi|           mm_video|       pointer|
|m_axi_mm_video_0_AWPROT           |  out|    3|       m_axi|           mm_video|       pointer|
|m_axi_mm_video_0_AWQOS            |  out|    4|       m_axi|           mm_video|       pointer|
|m_axi_mm_video_0_AWREGION         |  out|    4|       m_axi|           mm_video|       pointer|
|m_axi_mm_video_0_AWUSER           |  out|    1|       m_axi|           mm_video|       pointer|
|m_axi_mm_video_0_WVALID           |  out|    1|       m_axi|           mm_video|       pointer|
|m_axi_mm_video_0_WREADY           |   in|    1|       m_axi|           mm_video|       pointer|
|m_axi_mm_video_0_WDATA            |  out|  128|       m_axi|           mm_video|       pointer|
|m_axi_mm_video_0_WSTRB            |  out|   16|       m_axi|           mm_video|       pointer|
|m_axi_mm_video_0_WLAST            |  out|    1|       m_axi|           mm_video|       pointer|
|m_axi_mm_video_0_WID              |  out|    1|       m_axi|           mm_video|       pointer|
|m_axi_mm_video_0_WUSER            |  out|    1|       m_axi|           mm_video|       pointer|
|m_axi_mm_video_0_ARVALID          |  out|    1|       m_axi|           mm_video|       pointer|
|m_axi_mm_video_0_ARREADY          |   in|    1|       m_axi|           mm_video|       pointer|
|m_axi_mm_video_0_ARADDR           |  out|   32|       m_axi|           mm_video|       pointer|
|m_axi_mm_video_0_ARID             |  out|    1|       m_axi|           mm_video|       pointer|
|m_axi_mm_video_0_ARLEN            |  out|   32|       m_axi|           mm_video|       pointer|
|m_axi_mm_video_0_ARSIZE           |  out|    3|       m_axi|           mm_video|       pointer|
|m_axi_mm_video_0_ARBURST          |  out|    2|       m_axi|           mm_video|       pointer|
|m_axi_mm_video_0_ARLOCK           |  out|    2|       m_axi|           mm_video|       pointer|
|m_axi_mm_video_0_ARCACHE          |  out|    4|       m_axi|           mm_video|       pointer|
|m_axi_mm_video_0_ARPROT           |  out|    3|       m_axi|           mm_video|       pointer|
|m_axi_mm_video_0_ARQOS            |  out|    4|       m_axi|           mm_video|       pointer|
|m_axi_mm_video_0_ARREGION         |  out|    4|       m_axi|           mm_video|       pointer|
|m_axi_mm_video_0_ARUSER           |  out|    1|       m_axi|           mm_video|       pointer|
|m_axi_mm_video_0_RVALID           |   in|    1|       m_axi|           mm_video|       pointer|
|m_axi_mm_video_0_RREADY           |  out|    1|       m_axi|           mm_video|       pointer|
|m_axi_mm_video_0_RDATA            |   in|  128|       m_axi|           mm_video|       pointer|
|m_axi_mm_video_0_RLAST            |   in|    1|       m_axi|           mm_video|       pointer|
|m_axi_mm_video_0_RID              |   in|    1|       m_axi|           mm_video|       pointer|
|m_axi_mm_video_0_RFIFONUM         |   in|    9|       m_axi|           mm_video|       pointer|
|m_axi_mm_video_0_RUSER            |   in|    1|       m_axi|           mm_video|       pointer|
|m_axi_mm_video_0_RRESP            |   in|    2|       m_axi|           mm_video|       pointer|
|m_axi_mm_video_0_BVALID           |   in|    1|       m_axi|           mm_video|       pointer|
|m_axi_mm_video_0_BREADY           |  out|    1|       m_axi|           mm_video|       pointer|
|m_axi_mm_video_0_BRESP            |   in|    2|       m_axi|           mm_video|       pointer|
|m_axi_mm_video_0_BID              |   in|    1|       m_axi|           mm_video|       pointer|
|m_axi_mm_video_0_BUSER            |   in|    1|       m_axi|           mm_video|       pointer|
|dstImg                            |   in|   32|   ap_stable|             dstImg|        scalar|
|dstImg2                           |   in|   32|   ap_stable|            dstImg2|        scalar|
|Height_val                        |   in|   11|   ap_stable|         Height_val|        scalar|
|WidthInBytes_val                  |   in|   14|   ap_stable|   WidthInBytes_val|        scalar|
|StrideInBytes_val                 |   in|   16|   ap_stable|  StrideInBytes_val|        scalar|
|VideoFormat_val                   |   in|    6|   ap_stable|    VideoFormat_val|        scalar|
+----------------------------------+-----+-----+------------+-------------------+--------------+

