

================================================================
== Vitis HLS Report for 'Bytes2AXIMMvideo_Pipeline_VITIS_LOOP_1609_2'
================================================================
* Date:           Wed Jan 21 13:08:03 2026

* Version:        2025.2 (Build 6295257 on Nov 14 2025)
* Project:        prj
* Solution:       sol (Vivado IP Flow Target)
* Product family: zynquplus
* Target device:  xczu2cg-sfvc784-1-e


================================================================
== Performance Estimates
================================================================
+ Timing: 
    * Summary: 
    +--------+---------+----------+------------+
    |  Clock |  Target | Estimated| Uncertainty|
    +--------+---------+----------+------------+
    |ap_clk  |  5.00 ns|  3.650 ns|     1.35 ns|
    +--------+---------+----------+------------+

+ Latency: 
    * Summary: 
    +---------+---------+-----------+----------+-----+-----+-------------------+
    |  Latency (cycles) |  Latency (absolute)  |  Interval |      Pipeline     |
    |   min   |   max   |    min    |    max   | min | max |        Type       |
    +---------+---------+-----------+----------+-----+-----+-------------------+
    |        2|      723|  10.000 ns|  3.615 us|    0|    0|  loop pipeline stp|
    +---------+---------+-----------+----------+-----+-----+-------------------+

    + Detail: 
        * Instance: 
        N/A

        * Loop: 
        +---------------------+---------+---------+----------+-----------+-----------+---------+----------+
        |                     |  Latency (cycles) | Iteration|  Initiation Interval  |   Trip  |          |
        |      Loop Name      |   min   |   max   |  Latency |  achieved |   target  |  Count  | Pipelined|
        +---------------------+---------+---------+----------+-----------+-----------+---------+----------+
        |- VITIS_LOOP_1609_2  |        0|      721|         3|          1|          1|  0 ~ 720|       yes|
        +---------------------+---------+---------+----------+-----------+-----------+---------+----------+



================================================================
== Utilization Estimates
================================================================
* Summary: 
+-----------------+---------+-----+-------+-------+-----+
|       Name      | BRAM_18K| DSP |   FF  |  LUT  | URAM|
+-----------------+---------+-----+-------+-------+-----+
|DSP              |        -|    -|      -|      -|    -|
|Expression       |        -|    -|      0|     40|    -|
|FIFO             |        -|    -|      -|      -|    -|
|Instance         |        -|    -|      -|      -|    -|
|Memory           |        -|    -|      -|      -|    -|
|Multiplexer      |        -|    -|      0|     54|    -|
|Register         |        -|    -|    143|      -|    -|
+-----------------+---------+-----+-------+-------+-----+
|Total            |        0|    0|    143|     94|    0|
+-----------------+---------+-----+-------+-------+-----+
|Available        |      300|  240|  94464|  47232|    0|
+-----------------+---------+-----+-------+-------+-----+
|Utilization (%)  |        0|    0|     ~0|     ~0|    0|
+-----------------+---------+-----+-------+-------+-----+

+ Detail: 
    * Instance: 
    N/A

    * DSP: 
    N/A

    * Memory: 
    N/A

    * FIFO: 
    N/A

    * Expression: 
    +--------------------------------+----------+----+---+----+------------+------------+
    |          Variable Name         | Operation| DSP| FF| LUT| Bitwidth P0| Bitwidth P1|
    +--------------------------------+----------+----+---+----+------------+------------+
    |add_ln1609_fu_118_p2            |         +|   0|  0|  17|          10|           1|
    |ap_block_pp0_stage0_01001_grp1  |       and|   0|  0|   2|           1|           1|
    |icmp_ln1609_fu_112_p2           |      icmp|   0|  0|  17|          10|          10|
    |ap_block_pp0_stage0_11001       |        or|   0|  0|   2|           1|           1|
    |ap_enable_pp0                   |       xor|   0|  0|   2|           1|           2|
    +--------------------------------+----------+----+---+----+------------+------------+
    |Total                           |          |   0|  0|  40|          23|          15|
    +--------------------------------+----------+----+---+----+------------+------------+

    * Multiplexer: 
    +-------------------------+----+-----------+-----+-----------+
    |           Name          | LUT| Input Size| Bits| Total Bits|
    +-------------------------+----+-----------+-----+-----------+
    |ap_done_int              |   9|          2|    1|          2|
    |ap_enable_reg_pp0_iter1  |   9|          2|    1|          2|
    |ap_sig_allocacmp_x_7     |   9|          2|   10|         20|
    |bytePlanes_plane1_blk_n  |   9|          2|    1|          2|
    |mm_video_blk_n_W         |   9|          2|    1|          2|
    |x_fu_70                  |   9|          2|   10|         20|
    +-------------------------+----+-----------+-----+-----------+
    |Total                    |  54|         12|   24|         48|
    +-------------------------+----+-----------+-----+-----------+

    * Register: 
    +----------------------------------+-----+----+-----+-----------+
    |               Name               |  FF | LUT| Bits| Const Bits|
    +----------------------------------+-----+----+-----+-----------+
    |ap_CS_fsm                         |    1|   0|    1|          0|
    |ap_done_reg                       |    1|   0|    1|          0|
    |ap_enable_reg_pp0_iter1           |    1|   0|    1|          0|
    |ap_enable_reg_pp0_iter2           |    1|   0|    1|          0|
    |ap_loop_exit_ready_pp0_iter1_reg  |    1|   0|    1|          0|
    |bytePlanes_plane1_read_reg_151    |  128|   0|  128|          0|
    |x_fu_70                           |   10|   0|   10|          0|
    +----------------------------------+-----+----+-----+-----------+
    |Total                             |  143|   0|  143|          0|
    +----------------------------------+-----+----+-----+-----------+



================================================================
== Interface
================================================================
* Summary: 
+----------------------------------+-----+-----+------------+---------------------------------------------+--------------+
|             RTL Ports            | Dir | Bits|  Protocol  |                Source Object                |    C Type    |
+----------------------------------+-----+-----+------------+---------------------------------------------+--------------+
|ap_clk                            |   in|    1|  ap_ctrl_hs|  Bytes2AXIMMvideo_Pipeline_VITIS_LOOP_1609_2|  return value|
|ap_rst                            |   in|    1|  ap_ctrl_hs|  Bytes2AXIMMvideo_Pipeline_VITIS_LOOP_1609_2|  return value|
|ap_start                          |   in|    1|  ap_ctrl_hs|  Bytes2AXIMMvideo_Pipeline_VITIS_LOOP_1609_2|  return value|
|ap_done                           |  out|    1|  ap_ctrl_hs|  Bytes2AXIMMvideo_Pipeline_VITIS_LOOP_1609_2|  return value|
|ap_idle                           |  out|    1|  ap_ctrl_hs|  Bytes2AXIMMvideo_Pipeline_VITIS_LOOP_1609_2|  return value|
|ap_ready                          |  out|    1|  ap_ctrl_hs|  Bytes2AXIMMvideo_Pipeline_VITIS_LOOP_1609_2|  return value|
|bytePlanes_plane1_dout            |   in|  128|     ap_fifo|                            bytePlanes_plane1|       pointer|
|bytePlanes_plane1_empty_n         |   in|    1|     ap_fifo|                            bytePlanes_plane1|       pointer|
|bytePlanes_plane1_read            |  out|    1|     ap_fifo|                            bytePlanes_plane1|       pointer|
|bytePlanes_plane1_num_data_valid  |   in|    9|     ap_fifo|                            bytePlanes_plane1|       pointer|
|bytePlanes_plane1_fifo_cap        |   in|    9|     ap_fifo|                            bytePlanes_plane1|       pointer|
|m_axi_mm_video_0_AWVALID          |  out|    1|       m_axi|                                     mm_video|       pointer|
|m_axi_mm_video_0_AWREADY          |   in|    1|       m_axi|                                     mm_video|       pointer|
|m_axi_mm_video_0_AWADDR           |  out|   32|       m_axi|                                     mm_video|       pointer|
|m_axi_mm_video_0_AWID             |  out|    1|       m_axi|                                     mm_video|       pointer|
|m_axi_mm_video_0_AWLEN            |  out|   32|       m_axi|                                     mm_video|       pointer|
|m_axi_mm_video_0_AWSIZE           |  out|    3|       m_axi|                                     mm_video|       pointer|
|m_axi_mm_video_0_AWBURST          |  out|    2|       m_axi|                                     mm_video|       pointer|
|m_axi_mm_video_0_AWLOCK           |  out|    2|       m_axi|                                     mm_video|       pointer|
|m_axi_mm_video_0_AWCACHE          |  out|    4|       m_axi|                                     mm_video|       pointer|
|m_axi_mm_video_0_AWPROT           |  out|    3|       m_axi|                                     mm_video|       pointer|
|m_axi_mm_video_0_AWQOS            |  out|    4|       m_axi|                                     mm_video|       pointer|
|m_axi_mm_video_0_AWREGION         |  out|    4|       m_axi|                                     mm_video|       pointer|
|m_axi_mm_video_0_AWUSER           |  out|    1|       m_axi|                                     mm_video|       pointer|
|m_axi_mm_video_0_WVALID           |  out|    1|       m_axi|                                     mm_video|       pointer|
|m_axi_mm_video_0_WREADY           |   in|    1|       m_axi|                                     mm_video|       pointer|
|m_axi_mm_video_0_WDATA            |  out|  128|       m_axi|                                     mm_video|       pointer|
|m_axi_mm_video_0_WSTRB            |  out|   16|       m_axi|                                     mm_video|       pointer|
|m_axi_mm_video_0_WLAST            |  out|    1|       m_axi|                                     mm_video|       pointer|
|m_axi_mm_video_0_WID              |  out|    1|       m_axi|                                     mm_video|       pointer|
|m_axi_mm_video_0_WUSER            |  out|    1|       m_axi|                                     mm_video|       pointer|
|m_axi_mm_video_0_ARVALID          |  out|    1|       m_axi|                                     mm_video|       pointer|
|m_axi_mm_video_0_ARREADY          |   in|    1|       m_axi|                                     mm_video|       pointer|
|m_axi_mm_video_0_ARADDR           |  out|   32|       m_axi|                                     mm_video|       pointer|
|m_axi_mm_video_0_ARID             |  out|    1|       m_axi|                                     mm_video|       pointer|
|m_axi_mm_video_0_ARLEN            |  out|   32|       m_axi|                                     mm_video|       pointer|
|m_axi_mm_video_0_ARSIZE           |  out|    3|       m_axi|                                     mm_video|       pointer|
|m_axi_mm_video_0_ARBURST          |  out|    2|       m_axi|                                     mm_video|       pointer|
|m_axi_mm_video_0_ARLOCK           |  out|    2|       m_axi|                                     mm_video|       pointer|
|m_axi_mm_video_0_ARCACHE          |  out|    4|       m_axi|                                     mm_video|       pointer|
|m_axi_mm_video_0_ARPROT           |  out|    3|       m_axi|                                     mm_video|       pointer|
|m_axi_mm_video_0_ARQOS            |  out|    4|       m_axi|                                     mm_video|       pointer|
|m_axi_mm_video_0_ARREGION         |  out|    4|       m_axi|                                     mm_video|       pointer|
|m_axi_mm_video_0_ARUSER           |  out|    1|       m_axi|                                     mm_video|       pointer|
|m_axi_mm_video_0_RVALID           |   in|    1|       m_axi|                                     mm_video|       pointer|
|m_axi_mm_video_0_RREADY           |  out|    1|       m_axi|                                     mm_video|       pointer|
|m_axi_mm_video_0_RDATA            |   in|  128|       m_axi|                                     mm_video|       pointer|
|m_axi_mm_video_0_RLAST            |   in|    1|       m_axi|                                     mm_video|       pointer|
|m_axi_mm_video_0_RID              |   in|    1|       m_axi|                                     mm_video|       pointer|
|m_axi_mm_video_0_RFIFONUM         |   in|    9|       m_axi|                                     mm_video|       pointer|
|m_axi_mm_video_0_RUSER            |   in|    1|       m_axi|                                     mm_video|       pointer|
|m_axi_mm_video_0_RRESP            |   in|    2|       m_axi|                                     mm_video|       pointer|
|m_axi_mm_video_0_BVALID           |   in|    1|       m_axi|                                     mm_video|       pointer|
|m_axi_mm_video_0_BREADY           |  out|    1|       m_axi|                                     mm_video|       pointer|
|m_axi_mm_video_0_BRESP            |   in|    2|       m_axi|                                     mm_video|       pointer|
|m_axi_mm_video_0_BID              |   in|    1|       m_axi|                                     mm_video|       pointer|
|m_axi_mm_video_0_BUSER            |   in|    1|       m_axi|                                     mm_video|       pointer|
|loopWidth                         |   in|   10|   ap_stable|                                    loopWidth|        scalar|
|sext_ln1609                       |   in|   28|     ap_none|                                  sext_ln1609|        scalar|
+----------------------------------+-----+-----+------------+---------------------------------------------+--------------+

