================================================================
== Design Size Report
================================================================

* Total Instructions per Compilation Phase
+---------------+----------------------------+--------------+----------------------------------------------------------------------------------------+
| Phase         | Step                       | Instructions | Description                                                                            |
+---------------+----------------------------+--------------+----------------------------------------------------------------------------------------+
| Compile/Link  |                            | 3,521        | After all functions are compiled and linked into a single design                       |
|               |                            |              |                                                                                        |
| Unroll/Inline |                            |              | After user unroll and inline pragmas are applied                                       |
|               | (1) unroll                 | 2,095        | user unroll pragmas are applied                                                        |
|               | (2) simplification         | 1,516        | simplification of applied user unroll pragmas                                          |
|               | (3) inline                 | 1,232        | user inline pragmas are applied                                                        |
|               | (4) simplification         | 1,160        | simplification of applied user inline pragmas                                          |
|               |                            |              |                                                                                        |
| Array/Struct  |                            |              | After user array partition and struct aggregate/disaggregate pragmas are applied       |
|               | (1) array partition        | 1,094        | user array partition pragmas are applied                                               |
|               | (2) simplification         |   966        | simplification of applied user array partition & struct aggregate/disaggregate pragmas |
|               | (3) aggregate/disaggregate |   991        | user struct aggregate/disaggregate pragmas are applied                                 |
|               | (4) array reshape          | 1,916        | apply array reshape pragmas                                                            |
|               | (5) access patterns        | 1,979        | array access pattern optmizations                                                      |
|               |                            |              |                                                                                        |
| Performance   |                            |              | After transformations are applied to meet performance pragma targets                   |
|               | (1) loop simplification    | 1,943        | loop and instruction simplification                                                    |
|               | (2) parallelization        | 1,904        | loops are unrolled or pipelined to meet performance targets                            |
|               | (3) array partition        | 1,858        | arrays are partitioned to meet performance targets                                     |
|               | (4) simplification         | 1,858        | simplification of design after performance transformations                             |
|               |                            |              |                                                                                        |
| HW Transforms |                            |              | After hardware transfomations                                                          |
|               | (1) lowering               | 1,854        | initial conversion to HW specific instructions                                         |
|               | (2) optimizations          | 1,595        | high level synthesis optimizations                                                     |
+---------------+----------------------------+--------------+----------------------------------------------------------------------------------------+

* Instructions per Function for each Compilation Phase
+---------------------------------------+----------------------+----------------+----------------+----------------+----------------+----------------+
| Function                              | Location             | Compile/Link   | Unroll/Inline  | Array/Struct   | Performance    | HW Transforms  |
+---------------------------------------+----------------------+----------------+----------------+----------------+----------------+----------------+
| + v_frmbuf_wr                         | v_frmbuf_wr.cpp:157  | 3,521          | 1,160          | 1,979          | 1,858          | 1,595          |
|  + FrmbufWrHlsDataFlow                | v_frmbuf_wr.cpp:89   | 3,416          | 1,104          | 1,922          | 1,813          | 1,540          |
|     STREAM_PLANES                     | v_frmbuf_wr.h:255    |    7           |                |                |                |                |
|   + AXIvideo2MultiPixStream           | v_frmbuf_wr.cpp:282  | 1,283          |  262           |  322           |  254           |  167           |
|      Scalar                           | hls_video_core.h:196 |    5           |                |                |                |                |
|      reg<unsigned short>              | x_hls_utils.h:222    |    2 (2 calls) |    2 (2 calls) |    2 (2 calls) |    2 (2 calls) |    8 (2 calls) |
|    + AXIGetBitFields<48, ap_uint<...  | hls_axi_io.h:83      |  228 (3 calls) |                |                |                |                |
|       AXIGetBitFields<48, ap_uint<... | hls_axi_io.h:60      |  210 (3 calls) |                |                |                |                |
|   + MultiPixStream2Bytes              | v_frmbuf_wr.cpp:428  | 1,935          |  758           | 1,512          | 1,476          | 1,272          |
|      Scalar                           | hls_video_core.h:196 |    5           |                |                |                |                |
|     Bytes2AXIMMvideo                  | v_frmbuf_wr.cpp:1573 |  163           |   70           |   74           |   69           |   84           |
+---------------------------------------+----------------------+----------------+----------------+----------------+----------------+----------------+

* Design Size Message Settings
+---------------------------------------------+--------+------------------------------------------------------------------+
| Message Setting                             | Value  | Description                                                      |
+---------------------------------------------+--------+------------------------------------------------------------------+
| config_compile -design_size_maximum_warning | 100000 | Show a warning when total design instructions exceeds this value |
+---------------------------------------------+--------+------------------------------------------------------------------+


