

================================================================
== Vitis HLS Report for 'MultiPixStream2Bytes_Pipeline_VITIS_LOOP_904_8'
================================================================
* Date:           Wed Jan 21 13:07:59 2026

* Version:        2025.2 (Build 6295257 on Nov 14 2025)
* Project:        prj
* Solution:       sol (Vivado IP Flow Target)
* Product family: zynquplus
* Target device:  xczu2cg-sfvc784-1-e


================================================================
== Performance Estimates
================================================================
+ Timing: 
    * Summary: 
    +--------+---------+----------+------------+
    |  Clock |  Target | Estimated| Uncertainty|
    +--------+---------+----------+------------+
    |ap_clk  |  5.00 ns|  2.314 ns|     1.35 ns|
    +--------+---------+----------+------------+

+ Latency: 
    * Summary: 
    +---------+---------+-----------+-----------+-----+-----+-------------------+
    |  Latency (cycles) |   Latency (absolute)  |  Interval |      Pipeline     |
    |   min   |   max   |    min    |    max    | min | max |        Type       |
    +---------+---------+-----------+-----------+-----+-----+-------------------+
    |        3|     5763|  15.000 ns|  28.815 us|    0|    0|  loop pipeline stp|
    +---------+---------+-----------+-----------+-----+-----+-------------------+

    + Detail: 
        * Instance: 
        N/A

        * Loop: 
        +--------------------+---------+---------+----------+-----------+-----------+---------+----------+
        |                    |  Latency (cycles) | Iteration|  Initiation Interval  |   Trip  |          |
        |      Loop Name     |   min   |   max   |  Latency |  achieved |   target  |  Count  | Pipelined|
        +--------------------+---------+---------+----------+-----------+-----------+---------+----------+
        |- VITIS_LOOP_904_8  |        1|     5761|        10|          8|          8|  0 ~ 720|       yes|
        +--------------------+---------+---------+----------+-----------+-----------+---------+----------+



================================================================
== Utilization Estimates
================================================================
* Summary: 
+-----------------+---------+-----+-------+-------+-----+
|       Name      | BRAM_18K| DSP |   FF  |  LUT  | URAM|
+-----------------+---------+-----+-------+-------+-----+
|DSP              |        -|    -|      -|      -|    -|
|Expression       |        -|    -|      0|    154|    -|
|FIFO             |        -|    -|      -|      -|    -|
|Instance         |        -|    -|      -|      -|    -|
|Memory           |        -|    -|      -|      -|    -|
|Multiplexer      |        -|    -|      0|    818|    -|
|Register         |        -|    -|    554|      -|    -|
+-----------------+---------+-----+-------+-------+-----+
|Total            |        0|    0|    554|    972|    0|
+-----------------+---------+-----+-------+-------+-----+
|Available        |      300|  240|  94464|  47232|    0|
+-----------------+---------+-----+-------+-------+-----+
|Utilization (%)  |        0|    0|     ~0|      2|    0|
+-----------------+---------+-----+-------+-------+-----+

+ Detail: 
    * Instance: 
    N/A

    * DSP: 
    N/A

    * Memory: 
    N/A

    * FIFO: 
    N/A

    * Expression: 
    +----------------------------------------+----------+----+---+----+------------+------------+
    |              Variable Name             | Operation| DSP| FF| LUT| Bitwidth P0| Bitwidth P1|
    +----------------------------------------+----------+----+---+----+------------+------------+
    |x_2_fu_694_p2                           |         +|   0|  0|  17|          10|           1|
    |and_ln925_fu_734_p2                     |       and|   0|  0|   2|           1|           1|
    |ap_block_pp0_stage0_11001               |       and|   0|  0|   2|           1|           1|
    |ap_block_pp0_stage2_11001_grp2          |       and|   0|  0|   2|           1|           1|
    |ap_block_pp0_stage3_11001_grp3          |       and|   0|  0|   2|           1|           1|
    |ap_block_pp0_stage4_11001_grp4          |       and|   0|  0|   2|           1|           1|
    |ap_block_pp0_stage5_11001_grp5          |       and|   0|  0|   2|           1|           1|
    |ap_block_pp0_stage6_11001_grp6          |       and|   0|  0|   2|           1|           1|
    |ap_block_pp0_stage7_11001_grp7          |       and|   0|  0|   2|           1|           1|
    |ap_block_state2_pp0_stage1_iter0_grp1   |       and|   0|  0|   2|           1|           1|
    |ap_block_state3_pp0_stage2_iter0_grp2   |       and|   0|  0|   2|           1|           1|
    |ap_block_state4_pp0_stage3_iter0_grp3   |       and|   0|  0|   2|           1|           1|
    |ap_block_state5_pp0_stage4_iter0_grp4   |       and|   0|  0|   2|           1|           1|
    |ap_block_state6_pp0_stage5_iter0_grp5   |       and|   0|  0|   2|           1|           1|
    |ap_block_state7_pp0_stage6_iter0_grp6   |       and|   0|  0|   2|           1|           1|
    |ap_block_state8_pp0_stage7_iter0_grp7   |       and|   0|  0|   2|           1|           1|
    |ap_block_state9_pp0_stage0_iter1        |       and|   0|  0|   2|           1|           1|
    |ap_condition_402                        |       and|   0|  0|   2|           1|           1|
    |ap_condition_433                        |       and|   0|  0|   2|           1|           1|
    |ap_condition_458                        |       and|   0|  0|   2|           1|           1|
    |ap_condition_483                        |       and|   0|  0|   2|           1|           1|
    |ap_condition_508                        |       and|   0|  0|   2|           1|           1|
    |ap_condition_533                        |       and|   0|  0|   2|           1|           1|
    |ap_condition_551                        |       and|   0|  0|   2|           1|           1|
    |ap_condition_566                        |       and|   0|  0|   2|           1|           1|
    |ap_condition_884                        |       and|   0|  0|   2|           1|           1|
    |ap_condition_891                        |       and|   0|  0|   2|           1|           1|
    |ap_predicate_op107_read_state5          |       and|   0|  0|   2|           1|           1|
    |ap_predicate_op118_read_state6          |       and|   0|  0|   2|           1|           1|
    |ap_predicate_op129_read_state7          |       and|   0|  0|   2|           1|           1|
    |ap_predicate_op140_read_state8          |       and|   0|  0|   2|           1|           1|
    |ap_predicate_op150_read_state9          |       and|   0|  0|   2|           1|           1|
    |ap_predicate_op70_read_state2           |       and|   0|  0|   2|           1|           1|
    |ap_predicate_op80_read_state3           |       and|   0|  0|   2|           1|           1|
    |ap_predicate_op92_read_state4           |       and|   0|  0|   2|           1|           1|
    |icmp_ln904_fu_688_p2                    |      icmp|   0|  0|  17|          10|          10|
    |icmp_ln909_1_fu_704_p2                  |      icmp|   0|  0|  18|          11|          11|
    |icmp_ln925_fu_728_p2                    |      icmp|   0|  0|  12|           5|           5|
    |ap_block_pp0_stage1_01001_grp1          |        or|   0|  0|   2|           1|           1|
    |ap_block_state10_pp0_stage1_iter1_grp1  |        or|   0|  0|   2|           1|           1|
    |or_ln909_1_fu_716_p2                    |        or|   0|  0|   2|           1|           1|
    |or_ln909_2_fu_722_p2                    |        or|   0|  0|   2|           1|           1|
    |or_ln909_3_fu_771_p2                    |        or|   0|  0|   2|           1|           1|
    |or_ln909_4_fu_780_p2                    |        or|   0|  0|   2|           1|           1|
    |or_ln909_5_fu_784_p2                    |        or|   0|  0|   2|           1|           1|
    |or_ln909_6_fu_788_p2                    |        or|   0|  0|   2|           1|           1|
    |or_ln909_7_fu_792_p2                    |        or|   0|  0|   2|           1|           1|
    |or_ln909_fu_710_p2                      |        or|   0|  0|   2|           1|           1|
    |ap_enable_pp0                           |       xor|   0|  0|   2|           1|           2|
    +----------------------------------------+----------+----+---+----+------------+------------+
    |Total                                   |          |   0|  0| 154|          81|          73|
    +----------------------------------------+----------+----+---+----+------------+------------+

    * Multiplexer: 
    +-------------------------------------+----+-----------+-----+-----------+
    |                 Name                | LUT| Input Size| Bits| Total Bits|
    +-------------------------------------+----+-----------+-----+-----------+
    |ap_NS_fsm                            |  49|          9|    1|          9|
    |ap_done_int                          |   9|          2|    1|          2|
    |ap_enable_reg_pp0_iter0              |   9|          2|    1|          2|
    |ap_enable_reg_pp0_iter0_reg          |   9|          2|    1|          2|
    |ap_enable_reg_pp0_iter1              |   9|          2|    1|          2|
    |ap_phi_mux_pix_16_phi_fu_291_p4      |  14|          3|    8|         24|
    |ap_phi_mux_pix_17_phi_fu_281_p4      |  14|          3|    8|         24|
    |ap_phi_mux_pix_18_phi_fu_271_p4      |  14|          3|    8|         24|
    |ap_phi_mux_pix_19_phi_fu_261_p4      |  14|          3|    8|         24|
    |ap_phi_mux_pix_24_phi_fu_334_p4      |   9|          2|    8|         16|
    |ap_phi_mux_pix_25_phi_fu_323_p4      |   9|          2|    8|         16|
    |ap_phi_mux_pix_26_phi_fu_312_p4      |   9|          2|    8|         16|
    |ap_phi_mux_pix_27_phi_fu_301_p4      |   9|          2|    8|         16|
    |ap_phi_mux_pix_32_phi_fu_378_p4      |   9|          2|    8|         16|
    |ap_phi_mux_pix_33_phi_fu_367_p4      |   9|          2|    8|         16|
    |ap_phi_mux_pix_34_phi_fu_356_p4      |   9|          2|    8|         16|
    |ap_phi_mux_pix_35_phi_fu_345_p4      |   9|          2|    8|         16|
    |ap_phi_mux_pix_40_phi_fu_422_p4      |   9|          2|    8|         16|
    |ap_phi_mux_pix_41_phi_fu_411_p4      |   9|          2|    8|         16|
    |ap_phi_mux_pix_42_phi_fu_400_p4      |   9|          2|    8|         16|
    |ap_phi_mux_pix_43_phi_fu_389_p4      |   9|          2|    8|         16|
    |ap_phi_mux_pix_48_phi_fu_466_p4      |   9|          2|    8|         16|
    |ap_phi_mux_pix_49_phi_fu_455_p4      |   9|          2|    8|         16|
    |ap_phi_mux_pix_50_phi_fu_444_p4      |   9|          2|    8|         16|
    |ap_phi_mux_pix_51_phi_fu_433_p4      |   9|          2|    8|         16|
    |ap_phi_mux_pix_56_phi_fu_510_p4      |   9|          2|    8|         16|
    |ap_phi_mux_pix_57_phi_fu_499_p4      |   9|          2|    8|         16|
    |ap_phi_mux_pix_58_phi_fu_488_p4      |   9|          2|    8|         16|
    |ap_phi_mux_pix_59_phi_fu_477_p4      |   9|          2|    8|         16|
    |ap_phi_mux_pix_64_phi_fu_554_p4      |   9|          2|    8|         16|
    |ap_phi_mux_pix_65_phi_fu_543_p4      |   9|          2|    8|         16|
    |ap_phi_mux_pix_66_phi_fu_532_p4      |   9|          2|    8|         16|
    |ap_phi_mux_pix_67_phi_fu_521_p4      |   9|          2|    8|         16|
    |ap_phi_mux_pix_72_phi_fu_598_p4      |   9|          2|    8|         16|
    |ap_phi_mux_pix_73_phi_fu_587_p4      |   9|          2|    8|         16|
    |ap_phi_mux_pix_74_phi_fu_576_p4      |   9|          2|    8|         16|
    |ap_phi_mux_pix_75_phi_fu_565_p4      |   9|          2|    8|         16|
    |ap_phi_reg_pp0_iter1_pix_72_reg_595  |   9|          2|    8|         16|
    |ap_phi_reg_pp0_iter1_pix_73_reg_584  |   9|          2|    8|         16|
    |ap_phi_reg_pp0_iter1_pix_74_reg_573  |   9|          2|    8|         16|
    |ap_phi_reg_pp0_iter1_pix_75_reg_562  |   9|          2|    8|         16|
    |ap_sig_allocacmp_x_1                 |   9|          2|   10|         20|
    |bytePlanes_plane0_blk_n              |   9|          2|    1|          2|
    |bytePlanes_plane1_blk_n              |   9|          2|    1|          2|
    |img_blk_n                            |   9|          2|    1|          2|
    |pix_16_reg_288                       |  14|          3|    8|         24|
    |pix_17_reg_278                       |  14|          3|    8|         24|
    |pix_18_reg_268                       |  14|          3|    8|         24|
    |pix_19_reg_258                       |  14|          3|    8|         24|
    |pix_1_fu_130                         |   9|          2|    8|         16|
    |pix_24_reg_331                       |   9|          2|    8|         16|
    |pix_25_reg_320                       |   9|          2|    8|         16|
    |pix_26_reg_309                       |   9|          2|    8|         16|
    |pix_27_reg_298                       |   9|          2|    8|         16|
    |pix_2_fu_134                         |   9|          2|    8|         16|
    |pix_32_reg_375                       |   9|          2|    8|         16|
    |pix_33_reg_364                       |   9|          2|    8|         16|
    |pix_34_reg_353                       |   9|          2|    8|         16|
    |pix_35_reg_342                       |   9|          2|    8|         16|
    |pix_3_fu_138                         |   9|          2|    8|         16|
    |pix_40_reg_419                       |   9|          2|    8|         16|
    |pix_41_reg_408                       |   9|          2|    8|         16|
    |pix_42_reg_397                       |   9|          2|    8|         16|
    |pix_43_reg_386                       |   9|          2|    8|         16|
    |pix_48_reg_463                       |   9|          2|    8|         16|
    |pix_49_reg_452                       |   9|          2|    8|         16|
    |pix_50_reg_441                       |   9|          2|    8|         16|
    |pix_51_reg_430                       |   9|          2|    8|         16|
    |pix_56_reg_507                       |   9|          2|    8|         16|
    |pix_57_reg_496                       |   9|          2|    8|         16|
    |pix_58_reg_485                       |   9|          2|    8|         16|
    |pix_59_reg_474                       |   9|          2|    8|         16|
    |pix_64_reg_551                       |   9|          2|    8|         16|
    |pix_65_reg_540                       |   9|          2|    8|         16|
    |pix_66_reg_529                       |   9|          2|    8|         16|
    |pix_67_reg_518                       |   9|          2|    8|         16|
    |pix_72_reg_595                       |   9|          2|    8|         16|
    |pix_73_reg_584                       |   9|          2|    8|         16|
    |pix_74_reg_573                       |   9|          2|    8|         16|
    |pix_75_reg_562                       |   9|          2|    8|         16|
    |pix_fu_126                           |   9|          2|    8|         16|
    |x_fu_122                             |   9|          2|   10|         20|
    +-------------------------------------+----+-----------+-----+-----------+
    |Total                                | 818|        179|  604|       1279|
    +-------------------------------------+----+-----------+-----+-----------+

    * Register: 
    +-------------------------------------------+----+----+-----+-----------+
    |                    Name                   | FF | LUT| Bits| Const Bits|
    +-------------------------------------------+----+----+-----+-----------+
    |and_ln925_reg_1024                         |   1|   0|    1|          0|
    |and_ln925_reg_1024_pp0_iter1_reg           |   1|   0|    1|          0|
    |ap_CS_fsm                                  |   8|   0|    8|          0|
    |ap_block_pp0_stage0_subdone_grp0_done_reg  |   1|   0|    1|          0|
    |ap_block_pp0_stage2_subdone_grp0_done_reg  |   1|   0|    1|          0|
    |ap_block_pp0_stage3_subdone_grp0_done_reg  |   1|   0|    1|          0|
    |ap_block_pp0_stage7_subdone_grp0_done_reg  |   1|   0|    1|          0|
    |ap_done_reg                                |   1|   0|    1|          0|
    |ap_enable_reg_pp0_iter0_reg                |   1|   0|    1|          0|
    |ap_enable_reg_pp0_iter1                    |   1|   0|    1|          0|
    |ap_phi_reg_pp0_iter0_pix_24_reg_331        |   8|   0|    8|          0|
    |ap_phi_reg_pp0_iter0_pix_25_reg_320        |   8|   0|    8|          0|
    |ap_phi_reg_pp0_iter0_pix_26_reg_309        |   8|   0|    8|          0|
    |ap_phi_reg_pp0_iter0_pix_27_reg_298        |   8|   0|    8|          0|
    |ap_phi_reg_pp0_iter0_pix_32_reg_375        |   8|   0|    8|          0|
    |ap_phi_reg_pp0_iter0_pix_33_reg_364        |   8|   0|    8|          0|
    |ap_phi_reg_pp0_iter0_pix_34_reg_353        |   8|   0|    8|          0|
    |ap_phi_reg_pp0_iter0_pix_35_reg_342        |   8|   0|    8|          0|
    |ap_phi_reg_pp0_iter0_pix_40_reg_419        |   8|   0|    8|          0|
    |ap_phi_reg_pp0_iter0_pix_41_reg_408        |   8|   0|    8|          0|
    |ap_phi_reg_pp0_iter0_pix_42_reg_397        |   8|   0|    8|          0|
    |ap_phi_reg_pp0_iter0_pix_43_reg_386        |   8|   0|    8|          0|
    |ap_phi_reg_pp0_iter0_pix_48_reg_463        |   8|   0|    8|          0|
    |ap_phi_reg_pp0_iter0_pix_49_reg_452        |   8|   0|    8|          0|
    |ap_phi_reg_pp0_iter0_pix_50_reg_441        |   8|   0|    8|          0|
    |ap_phi_reg_pp0_iter0_pix_51_reg_430        |   8|   0|    8|          0|
    |ap_phi_reg_pp0_iter0_pix_56_reg_507        |   8|   0|    8|          0|
    |ap_phi_reg_pp0_iter0_pix_57_reg_496        |   8|   0|    8|          0|
    |ap_phi_reg_pp0_iter0_pix_58_reg_485        |   8|   0|    8|          0|
    |ap_phi_reg_pp0_iter0_pix_59_reg_474        |   8|   0|    8|          0|
    |ap_phi_reg_pp0_iter0_pix_64_reg_551        |   8|   0|    8|          0|
    |ap_phi_reg_pp0_iter0_pix_65_reg_540        |   8|   0|    8|          0|
    |ap_phi_reg_pp0_iter0_pix_66_reg_529        |   8|   0|    8|          0|
    |ap_phi_reg_pp0_iter0_pix_67_reg_518        |   8|   0|    8|          0|
    |ap_phi_reg_pp0_iter1_pix_72_reg_595        |   8|   0|    8|          0|
    |ap_phi_reg_pp0_iter1_pix_73_reg_584        |   8|   0|    8|          0|
    |ap_phi_reg_pp0_iter1_pix_74_reg_573        |   8|   0|    8|          0|
    |ap_phi_reg_pp0_iter1_pix_75_reg_562        |   8|   0|    8|          0|
    |icmp15_read_reg_974                        |   1|   0|    1|          0|
    |icmp_ln892_read_reg_994                    |   1|   0|    1|          0|
    |icmp_ln904_reg_999                         |   1|   0|    1|          0|
    |icmp_ln909_1_reg_1003                      |   1|   0|    1|          0|
    |icmp_ln909_4_read_reg_979                  |   1|   0|    1|          0|
    |icmp_ln909_5_read_reg_984                  |   1|   0|    1|          0|
    |icmp_ln909_6_read_reg_989                  |   1|   0|    1|          0|
    |or_ln909_1_reg_1016                        |   1|   0|    1|          0|
    |or_ln909_2_reg_1020                        |   1|   0|    1|          0|
    |or_ln909_3_reg_1028                        |   1|   0|    1|          0|
    |or_ln909_4_reg_1032                        |   1|   0|    1|          0|
    |or_ln909_5_reg_1036                        |   1|   0|    1|          0|
    |or_ln909_6_reg_1040                        |   1|   0|    1|          0|
    |or_ln909_7_reg_1044                        |   1|   0|    1|          0|
    |or_ln909_reg_1012                          |   1|   0|    1|          0|
    |pix_16_reg_288                             |   8|   0|    8|          0|
    |pix_17_reg_278                             |   8|   0|    8|          0|
    |pix_18_reg_268                             |   8|   0|    8|          0|
    |pix_19_reg_258                             |   8|   0|    8|          0|
    |pix_1_fu_130                               |   8|   0|    8|          0|
    |pix_24_reg_331                             |   8|   0|    8|          0|
    |pix_25_reg_320                             |   8|   0|    8|          0|
    |pix_26_reg_309                             |   8|   0|    8|          0|
    |pix_27_reg_298                             |   8|   0|    8|          0|
    |pix_2_fu_134                               |   8|   0|    8|          0|
    |pix_32_reg_375                             |   8|   0|    8|          0|
    |pix_33_reg_364                             |   8|   0|    8|          0|
    |pix_34_reg_353                             |   8|   0|    8|          0|
    |pix_35_reg_342                             |   8|   0|    8|          0|
    |pix_3_fu_138                               |   8|   0|    8|          0|
    |pix_40_reg_419                             |   8|   0|    8|          0|
    |pix_41_reg_408                             |   8|   0|    8|          0|
    |pix_42_reg_397                             |   8|   0|    8|          0|
    |pix_43_reg_386                             |   8|   0|    8|          0|
    |pix_48_reg_463                             |   8|   0|    8|          0|
    |pix_49_reg_452                             |   8|   0|    8|          0|
    |pix_50_reg_441                             |   8|   0|    8|          0|
    |pix_51_reg_430                             |   8|   0|    8|          0|
    |pix_56_reg_507                             |   8|   0|    8|          0|
    |pix_57_reg_496                             |   8|   0|    8|          0|
    |pix_58_reg_485                             |   8|   0|    8|          0|
    |pix_59_reg_474                             |   8|   0|    8|          0|
    |pix_64_reg_551                             |   8|   0|    8|          0|
    |pix_65_reg_540                             |   8|   0|    8|          0|
    |pix_66_reg_529                             |   8|   0|    8|          0|
    |pix_67_reg_518                             |   8|   0|    8|          0|
    |pix_72_reg_595                             |   8|   0|    8|          0|
    |pix_73_reg_584                             |   8|   0|    8|          0|
    |pix_74_reg_573                             |   8|   0|    8|          0|
    |pix_75_reg_562                             |   8|   0|    8|          0|
    |pix_fu_126                                 |   8|   0|    8|          0|
    |x_fu_122                                   |  10|   0|   10|          0|
    +-------------------------------------------+----+----+-----+-----------+
    |Total                                      | 554|   0|  554|          0|
    +-------------------------------------------+----+----+-----+-----------+



================================================================
== Interface
================================================================
* Summary: 
+----------------------------------+-----+-----+------------+------------------------------------------------+--------------+
|             RTL Ports            | Dir | Bits|  Protocol  |                  Source Object                 |    C Type    |
+----------------------------------+-----+-----+------------+------------------------------------------------+--------------+
|ap_clk                            |   in|    1|  ap_ctrl_hs|  MultiPixStream2Bytes_Pipeline_VITIS_LOOP_904_8|  return value|
|ap_rst                            |   in|    1|  ap_ctrl_hs|  MultiPixStream2Bytes_Pipeline_VITIS_LOOP_904_8|  return value|
|ap_start                          |   in|    1|  ap_ctrl_hs|  MultiPixStream2Bytes_Pipeline_VITIS_LOOP_904_8|  return value|
|ap_done                           |  out|    1|  ap_ctrl_hs|  MultiPixStream2Bytes_Pipeline_VITIS_LOOP_904_8|  return value|
|ap_idle                           |  out|    1|  ap_ctrl_hs|  MultiPixStream2Bytes_Pipeline_VITIS_LOOP_904_8|  return value|
|ap_ready                          |  out|    1|  ap_ctrl_hs|  MultiPixStream2Bytes_Pipeline_VITIS_LOOP_904_8|  return value|
|img_dout                          |   in|   48|     ap_fifo|                                             img|       pointer|
|img_empty_n                       |   in|    1|     ap_fifo|                                             img|       pointer|
|img_read                          |  out|    1|     ap_fifo|                                             img|       pointer|
|img_num_data_valid                |   in|    3|     ap_fifo|                                             img|       pointer|
|img_fifo_cap                      |   in|    3|     ap_fifo|                                             img|       pointer|
|bytePlanes_plane0_din             |  out|  128|     ap_fifo|                               bytePlanes_plane0|       pointer|
|bytePlanes_plane0_full_n          |   in|    1|     ap_fifo|                               bytePlanes_plane0|       pointer|
|bytePlanes_plane0_write           |  out|    1|     ap_fifo|                               bytePlanes_plane0|       pointer|
|bytePlanes_plane0_num_data_valid  |   in|    9|     ap_fifo|                               bytePlanes_plane0|       pointer|
|bytePlanes_plane0_fifo_cap        |   in|    9|     ap_fifo|                               bytePlanes_plane0|       pointer|
|bytePlanes_plane1_din             |  out|  128|     ap_fifo|                               bytePlanes_plane1|       pointer|
|bytePlanes_plane1_full_n          |   in|    1|     ap_fifo|                               bytePlanes_plane1|       pointer|
|bytePlanes_plane1_write           |  out|    1|     ap_fifo|                               bytePlanes_plane1|       pointer|
|bytePlanes_plane1_num_data_valid  |   in|    9|     ap_fifo|                               bytePlanes_plane1|       pointer|
|bytePlanes_plane1_fifo_cap        |   in|    9|     ap_fifo|                               bytePlanes_plane1|       pointer|
|pix_11                            |   in|    8|     ap_none|                                          pix_11|        scalar|
|pix_10                            |   in|    8|     ap_none|                                          pix_10|        scalar|
|pix_9                             |   in|    8|     ap_none|                                           pix_9|        scalar|
|pix_8                             |   in|    8|     ap_none|                                           pix_8|        scalar|
|loopWidth_2                       |   in|   10|   ap_stable|                                     loopWidth_2|        scalar|
|VideoFormat_val                   |   in|    5|   ap_stable|                                 VideoFormat_val|        scalar|
|empty                             |   in|    1|     ap_none|                                           empty|        scalar|
|icmp_ln892                        |   in|    1|   ap_stable|                                      icmp_ln892|        scalar|
|icmp_ln909_6                      |   in|    1|   ap_stable|                                    icmp_ln909_6|        scalar|
|icmp_ln909_5                      |   in|    1|   ap_stable|                                    icmp_ln909_5|        scalar|
|icmp_ln909_4                      |   in|    1|   ap_stable|                                    icmp_ln909_4|        scalar|
|icmp15                            |   in|    1|   ap_stable|                                          icmp15|        scalar|
|icmp_ln909_2                      |   in|    1|   ap_stable|                                    icmp_ln909_2|        scalar|
|icmp12                            |   in|    1|   ap_stable|                                          icmp12|        scalar|
|sext_ln909                        |   in|   11|   ap_stable|                                      sext_ln909|        scalar|
|icmp_ln909                        |   in|    1|   ap_stable|                                      icmp_ln909|        scalar|
|pix_23_out                        |  out|    8|      ap_vld|                                      pix_23_out|       pointer|
|pix_23_out_ap_vld                 |  out|    1|      ap_vld|                                      pix_23_out|       pointer|
|pix_22_out                        |  out|    8|      ap_vld|                                      pix_22_out|       pointer|
|pix_22_out_ap_vld                 |  out|    1|      ap_vld|                                      pix_22_out|       pointer|
|pix_21_out                        |  out|    8|      ap_vld|                                      pix_21_out|       pointer|
|pix_21_out_ap_vld                 |  out|    1|      ap_vld|                                      pix_21_out|       pointer|
|pix_20_out                        |  out|    8|      ap_vld|                                      pix_20_out|       pointer|
|pix_20_out_ap_vld                 |  out|    1|      ap_vld|                                      pix_20_out|       pointer|
+----------------------------------+-----+-----+------------+------------------------------------------------+--------------+

