
*** Running vivado
    with args -log led.vdi -applog -m64 -product Vivado -messageDb vivado.pb -mode batch -source led.tcl -notrace



****** Vivado v2025.2 (64-bit)
  **** SW Build 6299465 on Fri Nov 14 19:35:11 GMT 2025
  **** IP Build 6300035 on Fri Nov 14 10:48:45 MST 2025
  **** SharedData Build 6298862 on Thu Nov 13 04:50:51 MST 2025
  **** Start of session at: Wed Jan 21 19:53:12 2026
    ** Copyright 1986-2022 Xilinx, Inc. All Rights Reserved.
    ** Copyright 2022-2025 Advanced Micro Devices, Inc. All Rights Reserved.

source led.tcl -notrace
Command: link_design -top led -part xczu2cg-sfvc784-1-e
Design is defaulting to srcset: sources_1
Design is defaulting to constrset: constrs_1
INFO: [Device 21-403] Loading part xczu2cg-sfvc784-1-e
Netlist sorting complete. Time (s): cpu = 00:00:00 ; elapsed = 00:00:00 . Memory (MB): peak = 1542.570 ; gain = 0.000
INFO: [Netlist 29-17] Analyzing 6 Unisim elements for replacement
INFO: [Netlist 29-28] Unisim Transformation completed in 1 CPU seconds
INFO: [Project 1-479] Netlist was created with Vivado 2025.2
INFO: [Project 1-570] Preparing netlist for logic optimization
Parsing XDC File [C:/TFG_Vivado/demo/course_s1/01_led_project/vivado_led/vivado_led.srcs/constrs_1/new/led.xdc]
Finished Parsing XDC File [C:/TFG_Vivado/demo/course_s1/01_led_project/vivado_led/vivado_led.srcs/constrs_1/new/led.xdc]
INFO: [Opt 31-138] Pushed 0 inverter(s) to 0 load pin(s).
Netlist sorting complete. Time (s): cpu = 00:00:00 ; elapsed = 00:00:00 . Memory (MB): peak = 1847.934 ; gain = 0.000
INFO: [Project 1-111] Unisim Transformation Summary:
  A total of 2 instances were transformed.
  IBUF => IBUF (IBUFCTRL, INBUF): 1 instance 
  IBUFDS => IBUFDS (DIFFINBUF, IBUFCTRL): 1 instance 

7 Infos, 0 Warnings, 0 Critical Warnings and 0 Errors encountered.
link_design completed successfully
link_design: Time (s): cpu = 00:00:12 ; elapsed = 00:00:13 . Memory (MB): peak = 1847.934 ; gain = 1314.367
Command: opt_design
Attempting to get a license for feature 'Implementation' and/or device 'xczu2cg'
INFO: [Common 17-349] Got license for feature 'Implementation' and/or device 'xczu2cg'
Running DRC as a precondition to command opt_design

Starting DRC Task
INFO: [DRC 23-27] Running DRC with 2 threads
INFO: [Project 1-461] DRC finished with 0 Errors
INFO: [Project 1-462] Please refer to the DRC report (report_drc) for more information.

Time (s): cpu = 00:00:01 ; elapsed = 00:00:00.287 . Memory (MB): peak = 1875.164 ; gain = 27.230

Starting Cache Timing Information Task
INFO: [Timing 38-35] Done setting XDC timing constraints.
Ending Cache Timing Information Task | Checksum: 2c0d619f1

Time (s): cpu = 00:00:03 ; elapsed = 00:00:03 . Memory (MB): peak = 2203.176 ; gain = 328.012

Starting Logic Optimization Task

Phase 1 Initialization

Phase 1.1 Core Generation And Design Setup

Phase 1.1.1 Generate And Synthesize Debug Cores
INFO: [Chipscope 16-329] Generating Script for core instance : dbg_hub 
INFO: [IP_Flow 19-234] Refreshing IP repositories
INFO: [IP_Flow 19-1704] No user IP repositories specified
INFO: [IP_Flow 19-2313] Loaded Vivado IP repository 'C:/AMDDesignTools/2025.2/Vivado/data/ip'.
INFO: [IP_Flow 19-3806] Processing IP xilinx.com:ip:xsdbm:3.0 for cell dbg_hub_CV.
INFO: [Chipscope 16-329] Generating Script for core instance : u_ila_0 
INFO: [IP_Flow 19-3806] Processing IP xilinx.com:ip:ila:6.2 for cell u_ila_0_CV.
INFO: [Chipscope 16-469] Using cached IP synthesis design for IP xilinx.com:ip:xsdbm:3.0, cache-ID = a25a7596e2cd1edb.
INFO: [Chipscope 16-469] Using cached IP synthesis design for IP xilinx.com:ip:ila:6.2, cache-ID = c89fcc8d95b80613.
Done building netlist checker database: Time (s): cpu = 00:00:00 ; elapsed = 00:00:00 . Memory (MB): peak = 2700.660 ; gain = 0.000
Done building netlist checker database: Time (s): cpu = 00:00:00 ; elapsed = 00:00:00 . Memory (MB): peak = 2700.660 ; gain = 0.000
Netlist sorting complete. Time (s): cpu = 00:00:00 ; elapsed = 00:00:00.036 . Memory (MB): peak = 2715.973 ; gain = 0.000
Phase 1.1.1 Generate And Synthesize Debug Cores | Checksum: 186bf475e

Time (s): cpu = 00:00:06 ; elapsed = 00:00:24 . Memory (MB): peak = 2715.973 ; gain = 47.207
Phase 1.1 Core Generation And Design Setup | Checksum: 186bf475e

Time (s): cpu = 00:00:06 ; elapsed = 00:00:24 . Memory (MB): peak = 2715.973 ; gain = 47.207

Phase 1.2 Setup Constraints And Sort Netlist
Phase 1.2 Setup Constraints And Sort Netlist | Checksum: 186bf475e

Time (s): cpu = 00:00:06 ; elapsed = 00:00:24 . Memory (MB): peak = 2715.973 ; gain = 47.207
Phase 1 Initialization | Checksum: 186bf475e

Time (s): cpu = 00:00:06 ; elapsed = 00:00:24 . Memory (MB): peak = 2715.973 ; gain = 47.207

Phase 2 Timer Update And Timing Data Collection

Phase 2.1 Detect if minReqCache needed
Phase 2.1 Detect if minReqCache needed | Checksum: 186bf475e

Time (s): cpu = 00:00:06 ; elapsed = 00:00:24 . Memory (MB): peak = 2715.973 ; gain = 47.207

Phase 2.2 Timer Update
Phase 2.2 Timer Update | Checksum: 186bf475e

Time (s): cpu = 00:00:06 ; elapsed = 00:00:24 . Memory (MB): peak = 2715.973 ; gain = 47.207

Phase 2.3 Timing Data Collection
Phase 2.3 Timing Data Collection | Checksum: 186bf475e

Time (s): cpu = 00:00:06 ; elapsed = 00:00:24 . Memory (MB): peak = 2715.973 ; gain = 47.207
Phase 2 Timer Update And Timing Data Collection | Checksum: 186bf475e

Time (s): cpu = 00:00:06 ; elapsed = 00:00:24 . Memory (MB): peak = 2715.973 ; gain = 47.207

Phase 3 Retarget
INFO: [Opt 31-1851] Number of loadless carry chains removed were: 0
INFO: [Opt 31-1834] Total Chains To Be Transformed Were: 0 AND Number of Transformed insts Created are: 0
INFO: [Opt 31-138] Pushed 4 inverter(s) to 26 load pin(s).
INFO: [Opt 31-422] The CLOCK_DOMAINS attribute on the BRAM cell u_ila_0/inst/ila_core_inst/ila_trace_memory_inst/SUBCORE_RAM_BLK_MEM_1.trace_block_memory/inst_blk_mem_gen/gnbram.gnativebmg.native_blk_mem_gen/valid.cstr/ramloop[0].ram.r/prim_noinit.ram/DEVICE_8SERIES.NO_BMM_INFO.SDP.SIMPLE_PRIM36.ram has been changed from INDEPENDENT to COMMON to match the clocking topology used for the BRAM.
INFO: [Opt 31-49] Retargeted 0 cell(s).
Phase 3 Retarget | Checksum: 1df87e38e

Time (s): cpu = 00:00:06 ; elapsed = 00:00:24 . Memory (MB): peak = 2715.973 ; gain = 47.207
Retarget | Checksum: 1df87e38e
INFO: [Opt 31-389] Phase Retarget created 5 cells and removed 15 cells
INFO: [Opt 31-1021] In phase Retarget, 66 netlist objects are constrained preventing optimization. Please run opt_design with -debug_log to get more detail. 

Phase 4 Constant propagation
INFO: [Opt 31-138] Pushed 0 inverter(s) to 0 load pin(s).
Phase 4 Constant propagation | Checksum: 1e7faccf4

Time (s): cpu = 00:00:06 ; elapsed = 00:00:24 . Memory (MB): peak = 2715.973 ; gain = 47.207
Constant propagation | Checksum: 1e7faccf4
INFO: [Opt 31-389] Phase Constant propagation created 0 cells and removed 16 cells
INFO: [Opt 31-1021] In phase Constant propagation, 52 netlist objects are constrained preventing optimization. Please run opt_design with -debug_log to get more detail. 

Phase 5 Sweep
INFO: [Constraints 18-11670] Building netlist checker database with flags, 0x8
Done building netlist checker database: Time (s): cpu = 00:00:00 ; elapsed = 00:00:00.001 . Memory (MB): peak = 2715.973 ; gain = 0.000
INFO: [Constraints 18-11670] Building netlist checker database with flags, 0x8
Done building netlist checker database: Time (s): cpu = 00:00:00 ; elapsed = 00:00:00.001 . Memory (MB): peak = 2715.973 ; gain = 0.000
Phase 5 Sweep | Checksum: 23c7b82d0

Time (s): cpu = 00:00:06 ; elapsed = 00:00:24 . Memory (MB): peak = 2715.973 ; gain = 47.207
Sweep | Checksum: 23c7b82d0
INFO: [Opt 31-389] Phase Sweep created 0 cells and removed 46 cells
INFO: [Opt 31-1021] In phase Sweep, 890 netlist objects are constrained preventing optimization. Please run opt_design with -debug_log to get more detail. 

Phase 6 BUFG optimization
INFO: [Opt 31-1077] Phase BUFG optimization inserted 0 global clock buffer(s) for CLOCK_LOW_FANOUT.
Phase 6 BUFG optimization | Checksum: 23c7b82d0

Time (s): cpu = 00:00:06 ; elapsed = 00:00:24 . Memory (MB): peak = 2715.973 ; gain = 47.207
BUFG optimization | Checksum: 23c7b82d0
INFO: [Opt 31-662] Phase BUFG optimization created 0 cells of which 0 are BUFGs and removed 0 cells.

Phase 7 Shift Register Optimization
INFO: [Opt 31-1064] SRL Remap converted 0 SRLs to 0 registers and converted 0 registers of register chains to 0 SRLs
Phase 7 Shift Register Optimization | Checksum: 23c7b82d0

Time (s): cpu = 00:00:06 ; elapsed = 00:00:24 . Memory (MB): peak = 2715.973 ; gain = 47.207
Shift Register Optimization | Checksum: 23c7b82d0
INFO: [Opt 31-389] Phase Shift Register Optimization created 0 cells and removed 0 cells

Phase 8 Post Processing Netlist
Phase 8 Post Processing Netlist | Checksum: 23c7b82d0

Time (s): cpu = 00:00:06 ; elapsed = 00:00:24 . Memory (MB): peak = 2715.973 ; gain = 47.207
Post Processing Netlist | Checksum: 23c7b82d0
INFO: [Opt 31-389] Phase Post Processing Netlist created 0 cells and removed 0 cells
INFO: [Opt 31-1021] In phase Post Processing Netlist, 57 netlist objects are constrained preventing optimization. Please run opt_design with -debug_log to get more detail. 

Phase 9 Finalization

Phase 9.1 Finalizing Design Cores and Updating Shapes
Phase 9.1 Finalizing Design Cores and Updating Shapes | Checksum: 21f61b083

Time (s): cpu = 00:00:06 ; elapsed = 00:00:25 . Memory (MB): peak = 2715.973 ; gain = 47.207

Phase 9.2 Verifying Netlist Connectivity

Starting Connectivity Check Task

Time (s): cpu = 00:00:00 ; elapsed = 00:00:00.007 . Memory (MB): peak = 2715.973 ; gain = 0.000
Phase 9.2 Verifying Netlist Connectivity | Checksum: 21f61b083

Time (s): cpu = 00:00:06 ; elapsed = 00:00:25 . Memory (MB): peak = 2715.973 ; gain = 47.207
Phase 9 Finalization | Checksum: 21f61b083

Time (s): cpu = 00:00:06 ; elapsed = 00:00:25 . Memory (MB): peak = 2715.973 ; gain = 47.207
Opt_design Change Summary
=========================


-------------------------------------------------------------------------------------------------------------------------
|  Phase                        |  #Cells created  |  #Cells Removed  |  #Constrained objects preventing optimizations  |
-------------------------------------------------------------------------------------------------------------------------
|  Retarget                     |               5  |              15  |                                             66  |
|  Constant propagation         |               0  |              16  |                                             52  |
|  Sweep                        |               0  |              46  |                                            890  |
|  BUFG optimization            |               0  |               0  |                                              0  |
|  Shift Register Optimization  |               0  |               0  |                                              0  |
|  Post Processing Netlist      |               0  |               0  |                                             57  |
-------------------------------------------------------------------------------------------------------------------------


Ending Logic Optimization Task | Checksum: 21f61b083

Time (s): cpu = 00:00:06 ; elapsed = 00:00:25 . Memory (MB): peak = 2715.973 ; gain = 47.207

Starting Power Optimization Task
INFO: [Pwropt 34-132] Skipping clock gating for clocks with a period < 2.00 ns.
INFO: [Pwropt 34-9] Applying IDT optimizations ...
INFO: [Pwropt 34-10] Applying ODC optimizations ...
INFO: [Timing 38-35] Done setting XDC timing constraints.
Running Vector-less Activity Propagation...

Finished Running Vector-less Activity Propagation


Starting PowerOpt Patch Enables Task
INFO: [Pwropt 34-162] WRITE_MODE attribute of 0 BRAM(s) out of a total of 1 has been updated to save power. Run report_power_opt to get a complete listing of the BRAMs updated.
INFO: [Pwropt 34-201] Structural ODC has moved 0 WE to EN ports
Number of BRAM Ports augmented: 1 newly gated: 0 Total Ports: 2
Ending PowerOpt Patch Enables Task | Checksum: 1e0aef8dd

Time (s): cpu = 00:00:00 ; elapsed = 00:00:00.016 . Memory (MB): peak = 2715.973 ; gain = 0.000
Ending Power Optimization Task | Checksum: 1e0aef8dd

Time (s): cpu = 00:00:02 ; elapsed = 00:00:02 . Memory (MB): peak = 2715.973 ; gain = 0.000

Starting Final Cleanup Task
Ending Final Cleanup Task | Checksum: 1e0aef8dd

Time (s): cpu = 00:00:00 ; elapsed = 00:00:00.001 . Memory (MB): peak = 2715.973 ; gain = 0.000
Netlist sorting complete. Time (s): cpu = 00:00:00 ; elapsed = 00:00:00.001 . Memory (MB): peak = 2715.973 ; gain = 0.000
INFO: [Common 17-83] Releasing license: Implementation
57 Infos, 4 Warnings, 0 Critical Warnings and 0 Errors encountered.
opt_design completed successfully
opt_design: Time (s): cpu = 00:00:15 ; elapsed = 00:00:33 . Memory (MB): peak = 2715.973 ; gain = 868.039
INFO: [Vivado 12-24828] Executing command : report_drc -file led_drc_opted.rpt -pb led_drc_opted.pb -rpx led_drc_opted.rpx
Command: report_drc -file led_drc_opted.rpt -pb led_drc_opted.pb -rpx led_drc_opted.rpx
INFO: [IP_Flow 19-1839] IP Catalog is up to date.
INFO: [DRC 23-27] Running DRC with 2 threads
INFO: [Vivado_Tcl 2-168] The results of DRC are in file C:/TFG_Vivado/demo/course_s1/01_led_project/vivado_led/vivado_led.runs/impl_1/led_drc_opted.rpt.
report_drc completed successfully
INFO: [Timing 38-480] Writing timing data to binary archive.
Wrote PlaceDB: Time (s): cpu = 00:00:00 ; elapsed = 00:00:00.001 . Memory (MB): peak = 2715.973 ; gain = 0.000
Write ShapeDB Complete: Time (s): cpu = 00:00:00 ; elapsed = 00:00:00.004 . Memory (MB): peak = 2715.973 ; gain = 0.000
Wrote PulsedLatchDB: Time (s): cpu = 00:00:00 ; elapsed = 00:00:00 . Memory (MB): peak = 2715.973 ; gain = 0.000
Writing XDEF routing.
Writing XDEF routing logical nets.
Writing XDEF routing special nets.
Wrote RouteStorage: Time (s): cpu = 00:00:00 ; elapsed = 00:00:00.048 . Memory (MB): peak = 2715.973 ; gain = 0.000
Wrote Netlist Cache: Time (s): cpu = 00:00:00 ; elapsed = 00:00:00 . Memory (MB): peak = 2715.973 ; gain = 0.000
Wrote Device Cache: Time (s): cpu = 00:00:00 ; elapsed = 00:00:00.017 . Memory (MB): peak = 2715.973 ; gain = 0.000
Write Physdb Complete: Time (s): cpu = 00:00:00 ; elapsed = 00:00:00.086 . Memory (MB): peak = 2715.973 ; gain = 0.000
INFO: [Common 17-1381] The checkpoint 'C:/TFG_Vivado/demo/course_s1/01_led_project/vivado_led/vivado_led.runs/impl_1/led_opt.dcp' has been generated.
INFO: [Chipscope 16-240] Debug cores have already been implemented
Command: place_design
Attempting to get a license for feature 'Implementation' and/or device 'xczu2cg'
INFO: [Common 17-349] Got license for feature 'Implementation' and/or device 'xczu2cg'
INFO: [Common 17-83] Releasing license: Implementation
INFO: [DRC 23-27] Running DRC with 2 threads
INFO: [Vivado_Tcl 4-198] DRC finished with 0 Errors
INFO: [Vivado_Tcl 4-199] Please refer to the DRC report (report_drc) for more information.
INFO: [Timing 38-35] Done setting XDC timing constraints.
Running DRC as a precondition to command place_design
INFO: [DRC 23-27] Running DRC with 2 threads
INFO: [Vivado_Tcl 4-198] DRC finished with 0 Errors
INFO: [Vivado_Tcl 4-199] Please refer to the DRC report (report_drc) for more information.
INFO: [Place 30-611] Multithreading enabled for place_design using a maximum of 2 CPUs

Starting Placer Task

Phase 1 Placer Initialization

Phase 1.1 Placer Initialization Netlist Sorting
Netlist sorting complete. Time (s): cpu = 00:00:00 ; elapsed = 00:00:00.001 . Memory (MB): peak = 2715.973 ; gain = 0.000
Phase 1.1 Placer Initialization Netlist Sorting | Checksum: 13be837a7

Time (s): cpu = 00:00:00 ; elapsed = 00:00:00.003 . Memory (MB): peak = 2715.973 ; gain = 0.000
Netlist sorting complete. Time (s): cpu = 00:00:00 ; elapsed = 00:00:00.001 . Memory (MB): peak = 2715.973 ; gain = 0.000

Phase 1.2 IO Placement/ Clock Placement/ Build Placer Device
Phase 1.2 IO Placement/ Clock Placement/ Build Placer Device | Checksum: 106bd7d48

Time (s): cpu = 00:00:07 ; elapsed = 00:00:08 . Memory (MB): peak = 3290.617 ; gain = 574.645

Phase 1.3 Build Placer Netlist Model
Phase 1.3 Build Placer Netlist Model | Checksum: 193e3cd00

Time (s): cpu = 00:00:08 ; elapsed = 00:00:08 . Memory (MB): peak = 3290.617 ; gain = 574.645

Phase 1.4 Constrain Clocks/Macros
Phase 1.4 Constrain Clocks/Macros | Checksum: 193e3cd00

Time (s): cpu = 00:00:08 ; elapsed = 00:00:08 . Memory (MB): peak = 3290.617 ; gain = 574.645
Phase 1 Placer Initialization | Checksum: 193e3cd00

Time (s): cpu = 00:00:08 ; elapsed = 00:00:08 . Memory (MB): peak = 3290.617 ; gain = 574.645

Phase 2 Global Placement

Phase 2.1 Floorplanning

Phase 2.1.1 Partition Driven Placement

Phase 2.1.1.1 PBP: Partition Driven Placement
Phase 2.1.1.1 PBP: Partition Driven Placement | Checksum: 1399a99ce

Time (s): cpu = 00:00:09 ; elapsed = 00:00:09 . Memory (MB): peak = 3290.617 ; gain = 574.645

Phase 2.1.1.2 PBP: Clock Region Placement
INFO: [Place 30-3162] Check ILP status : ILP-based clock placer completed successfully.
Phase 2.1.1.2 PBP: Clock Region Placement | Checksum: 2062dca74

Time (s): cpu = 00:00:09 ; elapsed = 00:00:09 . Memory (MB): peak = 3290.617 ; gain = 574.645

Phase 2.1.1.3 PBP: Compute Congestion
Phase 2.1.1.3 PBP: Compute Congestion | Checksum: 2062dca74

Time (s): cpu = 00:00:15 ; elapsed = 00:00:12 . Memory (MB): peak = 3290.617 ; gain = 574.645

Phase 2.1.1.4 PBP: UpdateTiming
Phase 2.1.1.4 PBP: UpdateTiming | Checksum: 20155a8a7

Time (s): cpu = 00:00:15 ; elapsed = 00:00:12 . Memory (MB): peak = 3290.617 ; gain = 574.645

Phase 2.1.1.5 PBP: Add part constraints
Phase 2.1.1.5 PBP: Add part constraints | Checksum: 20155a8a7

Time (s): cpu = 00:00:15 ; elapsed = 00:00:12 . Memory (MB): peak = 3290.617 ; gain = 574.645
Phase 2.1.1 Partition Driven Placement | Checksum: 20155a8a7

Time (s): cpu = 00:00:15 ; elapsed = 00:00:12 . Memory (MB): peak = 3290.617 ; gain = 574.645
Phase 2.1 Floorplanning | Checksum: 20155a8a7

Time (s): cpu = 00:00:15 ; elapsed = 00:00:12 . Memory (MB): peak = 3290.617 ; gain = 574.645

Phase 2.2 Update Timing before SLR Path Opt
Phase 2.2 Update Timing before SLR Path Opt | Checksum: 20155a8a7

Time (s): cpu = 00:00:15 ; elapsed = 00:00:12 . Memory (MB): peak = 3290.617 ; gain = 574.645

Phase 2.3 Post-Processing in Floorplanning
Phase 2.3 Post-Processing in Floorplanning | Checksum: 20155a8a7

Time (s): cpu = 00:00:15 ; elapsed = 00:00:12 . Memory (MB): peak = 3290.617 ; gain = 574.645

Phase 2.4 Global Place Phase1
Phase 2.4 Global Place Phase1 | Checksum: f7f780c4

Time (s): cpu = 00:00:31 ; elapsed = 00:00:21 . Memory (MB): peak = 3290.617 ; gain = 574.645

Phase 2.5 Global Place Phase2

Phase 2.5.1 UpdateTiming Before Physical Synthesis
Phase 2.5.1 UpdateTiming Before Physical Synthesis | Checksum: f7f780c4

Time (s): cpu = 00:00:31 ; elapsed = 00:00:21 . Memory (MB): peak = 3290.617 ; gain = 574.645

Phase 2.5.2 Physical Synthesis In Placer
INFO: [Physopt 32-1035] Found 0 LUTNM shape to break, 97 LUT instances to create LUTNM shape
INFO: [Physopt 32-1044] Break lutnm for timing: one critical 0, two critical 0, total 0, new lutff created 0
INFO: [Physopt 32-1138] End 1 Pass. Optimized 47 nets or LUTs. Breaked 0 LUT, combined 47 existing LUTs and moved 0 existing LUT
INFO: [Physopt 32-670] No setup violation found.  Equivalent Driver Rewiring was not performed.
INFO: [Physopt 32-65] No nets found for high-fanout optimization.
INFO: [Physopt 32-232] Optimized 0 net. Created 0 new instance.
INFO: [Physopt 32-775] End 1 Pass. Optimized 0 net or cell. Created 0 new cell, deleted 0 existing cell and moved 0 existing cell
INFO: [Physopt 32-670] No setup violation found.  DSP Register Optimization was not performed.
INFO: [Physopt 32-670] No setup violation found.  Shift Register to Pipeline Optimization was not performed.
INFO: [Physopt 32-670] No setup violation found.  Shift Register Optimization was not performed.
INFO: [Physopt 32-670] No setup violation found.  BRAM Register Optimization was not performed.
INFO: [Physopt 32-670] No setup violation found.  URAM Register Optimization was not performed.
INFO: [Physopt 32-949] No candidate nets found for dynamic/static region interface net replication
INFO: [Physopt 32-775] End 1 Pass. Optimized 0 net or cell. Created 0 new cell, deleted 0 existing cell and moved 0 existing cell
Netlist sorting complete. Time (s): cpu = 00:00:00 ; elapsed = 00:00:00.001 . Memory (MB): peak = 3290.617 ; gain = 0.000

Summary of Physical Synthesis Optimizations
============================================


-----------------------------------------------------------------------------------------------------------------------------------------------------------
|  Optimization                                     |  Added Cells  |  Removed Cells  |  Optimized Cells/Nets  |  Dont Touch  |  Iterations  |  Elapsed   |
-----------------------------------------------------------------------------------------------------------------------------------------------------------
|  LUT Combining                                    |            0  |             47  |                    47  |           0  |           1  |  00:00:00  |
|  Retime                                           |            0  |              0  |                     0  |           0  |           1  |  00:00:00  |
|  Equivalent Driver Rewiring                       |            0  |              0  |                     0  |           0  |           0  |  00:00:00  |
|  Very High Fanout                                 |            0  |              0  |                     0  |           0  |           1  |  00:00:00  |
|  DSP Register                                     |            0  |              0  |                     0  |           0  |           0  |  00:00:00  |
|  Shift Register to Pipeline                       |            0  |              0  |                     0  |           0  |           0  |  00:00:00  |
|  Shift Register                                   |            0  |              0  |                     0  |           0  |           0  |  00:00:00  |
|  BRAM Register                                    |            0  |              0  |                     0  |           0  |           0  |  00:00:00  |
|  URAM Register                                    |            0  |              0  |                     0  |           0  |           0  |  00:00:00  |
|  Dynamic/Static Region Interface Net Replication  |            0  |              0  |                     0  |           0  |           1  |  00:00:00  |
|  Total                                            |            0  |             47  |                    47  |           0  |           4  |  00:00:00  |
-----------------------------------------------------------------------------------------------------------------------------------------------------------


Phase 2.5.2 Physical Synthesis In Placer | Checksum: 1259c1ad2

Time (s): cpu = 00:00:32 ; elapsed = 00:00:21 . Memory (MB): peak = 3290.617 ; gain = 574.645
Phase 2.5 Global Place Phase2 | Checksum: 19b08cc06

Time (s): cpu = 00:00:38 ; elapsed = 00:00:25 . Memory (MB): peak = 3290.617 ; gain = 574.645
Phase 2 Global Placement | Checksum: 19b08cc06

Time (s): cpu = 00:00:38 ; elapsed = 00:00:25 . Memory (MB): peak = 3290.617 ; gain = 574.645

Phase 3 Detail Placement

Phase 3.1 Commit Multi Column Macros
Phase 3.1 Commit Multi Column Macros | Checksum: 1c980c25d

Time (s): cpu = 00:00:45 ; elapsed = 00:00:28 . Memory (MB): peak = 3290.617 ; gain = 574.645

Phase 3.2 Commit Most Macros & LUTRAMs
Phase 3.2 Commit Most Macros & LUTRAMs | Checksum: 16c8f92a6

Time (s): cpu = 00:00:45 ; elapsed = 00:00:28 . Memory (MB): peak = 3290.617 ; gain = 574.645

Phase 3.3 Small Shape DP

Phase 3.3.1 Small Shape Clustering
Phase 3.3.1 Small Shape Clustering | Checksum: 16c2b595d

Time (s): cpu = 00:00:57 ; elapsed = 00:00:35 . Memory (MB): peak = 3290.617 ; gain = 574.645

Phase 3.3.2 Slice Area Swap

Phase 3.3.2.1 Slice Area Swap Initial
Phase 3.3.2.1 Slice Area Swap Initial | Checksum: 178bdb50e

Time (s): cpu = 00:01:04 ; elapsed = 00:00:38 . Memory (MB): peak = 3290.617 ; gain = 574.645
Phase 3.3.2 Slice Area Swap | Checksum: 178bdb50e

Time (s): cpu = 00:01:04 ; elapsed = 00:00:38 . Memory (MB): peak = 3290.617 ; gain = 574.645
Phase 3.3 Small Shape DP | Checksum: 174a9ba04

Time (s): cpu = 00:01:17 ; elapsed = 00:00:45 . Memory (MB): peak = 3290.617 ; gain = 574.645

Phase 3.4 Re-assign LUT pins
Phase 3.4 Re-assign LUT pins | Checksum: 1c1dde3c7

Time (s): cpu = 00:01:17 ; elapsed = 00:00:45 . Memory (MB): peak = 3290.617 ; gain = 574.645

Phase 3.5 Pipeline Register Optimization
Phase 3.5 Pipeline Register Optimization | Checksum: 15c2e3579

Time (s): cpu = 00:01:17 ; elapsed = 00:00:45 . Memory (MB): peak = 3290.617 ; gain = 574.645
Phase 3 Detail Placement | Checksum: 15c2e3579

Time (s): cpu = 00:01:17 ; elapsed = 00:00:45 . Memory (MB): peak = 3290.617 ; gain = 574.645

Phase 4 Post Placement Optimization and Clean-Up

Phase 4.1 Post Commit Optimization
INFO: [Timing 38-35] Done setting XDC timing constraints.

Phase 4.1.1 Post Placement Optimization
Post Placement Optimization Initialization | Checksum: 22063d6c4

Phase 4.1.1.1 BUFG Insertion

Starting Physical Synthesis Task

Phase 1 Physical Synthesis Initialization
INFO: [Physopt 32-721] Multithreading enabled for phys_opt_design using a maximum of 2 CPUs
INFO: [Physopt 32-619] Estimated Timing Summary | WNS=2.858 | TNS=0.000 |
Phase 1 Physical Synthesis Initialization | Checksum: 1a08bec8d

Time (s): cpu = 00:00:00 ; elapsed = 00:00:00.058 . Memory (MB): peak = 3290.617 ; gain = 0.000
INFO: [Place 46-56] BUFG insertion identified 0 candidate nets. Inserted BUFG: 0, Replicated BUFG Driver: 0, Skipped due to Placement/Routing Conflicts: 0, Skipped due to Timing Degradation: 0, Skipped due to netlist editing failed: 0.
Ending Physical Synthesis Task | Checksum: 1ce6b6901

Time (s): cpu = 00:00:00 ; elapsed = 00:00:00.071 . Memory (MB): peak = 3290.617 ; gain = 0.000
Phase 4.1.1.1 BUFG Insertion | Checksum: 22063d6c4

Time (s): cpu = 00:01:25 ; elapsed = 00:00:50 . Memory (MB): peak = 3290.617 ; gain = 574.645

Phase 4.1.1.2 Post Placement Timing Optimization
INFO: [Place 30-746] Post Placement Timing Summary WNS=2.858. For the most accurate timing information please run report_timing.
Phase 4.1.1.2 Post Placement Timing Optimization | Checksum: 1eafae54d

Time (s): cpu = 00:01:25 ; elapsed = 00:00:50 . Memory (MB): peak = 3290.617 ; gain = 574.645

Time (s): cpu = 00:01:25 ; elapsed = 00:00:50 . Memory (MB): peak = 3290.617 ; gain = 574.645
Phase 4.1 Post Commit Optimization | Checksum: 1eafae54d

Time (s): cpu = 00:01:25 ; elapsed = 00:00:50 . Memory (MB): peak = 3290.617 ; gain = 574.645
Netlist sorting complete. Time (s): cpu = 00:00:00 ; elapsed = 00:00:00.002 . Memory (MB): peak = 3290.617 ; gain = 0.000

Phase 4.2 Post Placement Cleanup
Phase 4.2 Post Placement Cleanup | Checksum: 2238f3eec

Time (s): cpu = 00:01:32 ; elapsed = 00:00:54 . Memory (MB): peak = 3290.617 ; gain = 574.645

Phase 4.3 Placer Reporting

Phase 4.3.1 Print Estimated Congestion
INFO: [Place 30-612] Post-Placement Estimated Congestion 
 ________________________________________________________________________
|           | Global Congestion | Long Congestion   | Short Congestion  |
| Direction | Region Size       | Region Size       | Region Size       |
|___________|___________________|___________________|___________________|
|      North|                1x1|                1x1|                1x1|
|___________|___________________|___________________|___________________|
|      South|                1x1|                1x1|                1x1|
|___________|___________________|___________________|___________________|
|       East|                1x1|                1x1|                1x1|
|___________|___________________|___________________|___________________|
|       West|                1x1|                1x1|                1x1|
|___________|___________________|___________________|___________________|

Phase 4.3.1 Print Estimated Congestion | Checksum: 2238f3eec

Time (s): cpu = 00:01:32 ; elapsed = 00:00:54 . Memory (MB): peak = 3290.617 ; gain = 574.645
Phase 4.3 Placer Reporting | Checksum: 2238f3eec

Time (s): cpu = 00:01:32 ; elapsed = 00:00:54 . Memory (MB): peak = 3290.617 ; gain = 574.645

Phase 4.4 Final Placement Cleanup
Netlist sorting complete. Time (s): cpu = 00:00:00 ; elapsed = 00:00:00.001 . Memory (MB): peak = 3290.617 ; gain = 0.000

Time (s): cpu = 00:01:32 ; elapsed = 00:00:54 . Memory (MB): peak = 3290.617 ; gain = 574.645
Phase 4 Post Placement Optimization and Clean-Up | Checksum: 163766658

Time (s): cpu = 00:01:32 ; elapsed = 00:00:54 . Memory (MB): peak = 3290.617 ; gain = 574.645
Ending Placer Task | Checksum: 10e2a5553

Time (s): cpu = 00:01:32 ; elapsed = 00:00:54 . Memory (MB): peak = 3290.617 ; gain = 574.645
95 Infos, 4 Warnings, 0 Critical Warnings and 0 Errors encountered.
place_design completed successfully
place_design: Time (s): cpu = 00:01:33 ; elapsed = 00:00:55 . Memory (MB): peak = 3290.617 ; gain = 574.645
INFO: [Vivado 12-24838] Running report commands "report_control_sets, report_io, report_utilization" in parallel.
Running report generation with 2 threads.
INFO: [Vivado 12-24828] Executing command : report_utilization -file led_utilization_placed.rpt -pb led_utilization_placed.pb
INFO: [Vivado 12-24828] Executing command : report_control_sets -verbose -file led_control_sets_placed.rpt
report_control_sets: Time (s): cpu = 00:00:00 ; elapsed = 00:00:00.013 . Memory (MB): peak = 3290.617 ; gain = 0.000
INFO: [Vivado 12-24828] Executing command : report_io -file led_io_placed.rpt
report_io: Time (s): cpu = 00:00:00 ; elapsed = 00:00:00.126 . Memory (MB): peak = 3290.617 ; gain = 0.000
INFO: [Timing 38-480] Writing timing data to binary archive.
Write ShapeDB Complete: Time (s): cpu = 00:00:00 ; elapsed = 00:00:00.015 . Memory (MB): peak = 3290.617 ; gain = 0.000
Wrote PlaceDB: Time (s): cpu = 00:00:01 ; elapsed = 00:00:00.140 . Memory (MB): peak = 3290.617 ; gain = 0.000
Wrote PulsedLatchDB: Time (s): cpu = 00:00:00 ; elapsed = 00:00:00 . Memory (MB): peak = 3290.617 ; gain = 0.000
Writing XDEF routing.
Writing XDEF routing logical nets.
Writing XDEF routing special nets.
Wrote RouteStorage: Time (s): cpu = 00:00:00 ; elapsed = 00:00:00.046 . Memory (MB): peak = 3290.617 ; gain = 0.000
Wrote Netlist Cache: Time (s): cpu = 00:00:00 ; elapsed = 00:00:00.003 . Memory (MB): peak = 3290.617 ; gain = 0.000
Wrote Device Cache: Time (s): cpu = 00:00:00 ; elapsed = 00:00:00.015 . Memory (MB): peak = 3290.617 ; gain = 0.000
Write Physdb Complete: Time (s): cpu = 00:00:01 ; elapsed = 00:00:00.214 . Memory (MB): peak = 3290.617 ; gain = 0.000
INFO: [Common 17-1381] The checkpoint 'C:/TFG_Vivado/demo/course_s1/01_led_project/vivado_led/vivado_led.runs/impl_1/led_placed.dcp' has been generated.
Command: phys_opt_design
Attempting to get a license for feature 'Implementation' and/or device 'xczu2cg'
INFO: [Common 17-349] Got license for feature 'Implementation' and/or device 'xczu2cg'

Starting Initial Update Timing Task

Time (s): cpu = 00:00:01 ; elapsed = 00:00:00.349 . Memory (MB): peak = 3290.617 ; gain = 0.000
INFO: [Vivado_Tcl 4-2279] Estimated Timing Summary | WNS= 2.856 | TNS= 0.000 | 
INFO: [Vivado_Tcl 4-383] Design worst setup slack (WNS) is greater than or equal to 0.000 ns. All physical synthesis setup optimizations will be skipped.
INFO: [Vivado_Tcl 4-232] No setup violation found. The netlist was not modified.
INFO: [Common 17-83] Releasing license: Implementation
106 Infos, 4 Warnings, 0 Critical Warnings and 0 Errors encountered.
phys_opt_design completed successfully
INFO: [Timing 38-480] Writing timing data to binary archive.
Write ShapeDB Complete: Time (s): cpu = 00:00:00 ; elapsed = 00:00:00.007 . Memory (MB): peak = 3290.617 ; gain = 0.000
Wrote PlaceDB: Time (s): cpu = 00:00:00 ; elapsed = 00:00:00.108 . Memory (MB): peak = 3290.617 ; gain = 0.000
Wrote PulsedLatchDB: Time (s): cpu = 00:00:00 ; elapsed = 00:00:00.001 . Memory (MB): peak = 3290.617 ; gain = 0.000
Writing XDEF routing.
Writing XDEF routing logical nets.
Writing XDEF routing special nets.
Wrote RouteStorage: Time (s): cpu = 00:00:00 ; elapsed = 00:00:00.049 . Memory (MB): peak = 3290.617 ; gain = 0.000
Wrote Netlist Cache: Time (s): cpu = 00:00:00 ; elapsed = 00:00:00.003 . Memory (MB): peak = 3290.617 ; gain = 0.000
Wrote Device Cache: Time (s): cpu = 00:00:00 ; elapsed = 00:00:00.016 . Memory (MB): peak = 3290.617 ; gain = 0.000
Write Physdb Complete: Time (s): cpu = 00:00:00 ; elapsed = 00:00:00.185 . Memory (MB): peak = 3290.617 ; gain = 0.000
INFO: [Common 17-1381] The checkpoint 'C:/TFG_Vivado/demo/course_s1/01_led_project/vivado_led/vivado_led.runs/impl_1/led_physopt.dcp' has been generated.
Command: route_design
Attempting to get a license for feature 'Implementation' and/or device 'xczu2cg'
INFO: [Common 17-349] Got license for feature 'Implementation' and/or device 'xczu2cg'


Starting Routing Task
INFO: [Route 35-254] Multithreading enabled for route_design using a maximum of 2 CPUs

Phase 1 Build RT Design
Checksum: PlaceDB: 59e89710 ConstDB: 0 ShapeSum: 1d017cc4 RouteDB: 9740417f
Nodegraph reading from file.  Time (s): cpu = 00:00:01 ; elapsed = 00:00:00.389 . Memory (MB): peak = 3290.617 ; gain = 0.000
Post Restoration Checksum: NetGraph: f7933e9d | NumContArr: 49442a | Constraints: 3c4cd171 | Timing: c2a8fa9d
Phase 1 Build RT Design | Checksum: 1f6d24ed5

Time (s): cpu = 00:00:03 ; elapsed = 00:00:02 . Memory (MB): peak = 3290.617 ; gain = 0.000

Phase 2 Router Initialization

Phase 2.1 Fix Topology Constraints
Phase 2.1 Fix Topology Constraints | Checksum: 1f6d24ed5

Time (s): cpu = 00:00:03 ; elapsed = 00:00:02 . Memory (MB): peak = 3290.617 ; gain = 0.000

Phase 2.2 Pre Route Cleanup
Phase 2.2 Pre Route Cleanup | Checksum: 1f6d24ed5

Time (s): cpu = 00:00:03 ; elapsed = 00:00:02 . Memory (MB): peak = 3290.617 ; gain = 0.000

Phase 2.3 Global Clock Net Routing
 Number of Nodes with overlaps = 0
Phase 2.3 Global Clock Net Routing | Checksum: 1f70dc3eb

Time (s): cpu = 00:00:03 ; elapsed = 00:00:02 . Memory (MB): peak = 3290.617 ; gain = 0.000

Phase 2.4 Update Timing
Phase 2.4 Update Timing | Checksum: 4e2f0bc6

Time (s): cpu = 00:00:03 ; elapsed = 00:00:02 . Memory (MB): peak = 3290.617 ; gain = 0.000
INFO: [Route 35-416] Intermediate Timing Summary | WNS=3.014  | TNS=0.000  | WHS=-0.021 | THS=-0.401 |


Phase 2.5 Update Timing for Bus Skew

Phase 2.5.1 Update Timing
Phase 2.5.1 Update Timing | Checksum: 774703e9

Time (s): cpu = 00:00:04 ; elapsed = 00:00:03 . Memory (MB): peak = 3290.617 ; gain = 0.000
INFO: [Route 35-416] Intermediate Timing Summary | WNS=3.014  | TNS=0.000  | WHS=-0.061 | THS=-1.024 |

Phase 2.5 Update Timing for Bus Skew | Checksum: 1004609c6

Time (s): cpu = 00:00:04 ; elapsed = 00:00:03 . Memory (MB): peak = 3290.617 ; gain = 0.000

Phase 2.6 Soft Constraint Pins - Fast Budgeting
Phase 2.6 Soft Constraint Pins - Fast Budgeting | Checksum: 1004609c6

Time (s): cpu = 00:00:04 ; elapsed = 00:00:03 . Memory (MB): peak = 3290.617 ; gain = 0.000

Router Utilization Summary
  Global Vertical Routing Utilization    = 0.000476785 %
  Global Horizontal Routing Utilization  = 0.000656685 %
  Routable Net Status*
  *Does not include unroutable nets such as driverless and loadless.
  Run report_route_status for detailed report.
  Number of Failed Nets               = 2704
    (Failed Nets is the sum of unrouted and partially routed nets)
  Number of Unrouted Nets             = 2316
  Number of Partially Routed Nets     = 388
  Number of Node Overlaps             = 0

Phase 2 Router Initialization | Checksum: 81cca990

Time (s): cpu = 00:00:05 ; elapsed = 00:00:03 . Memory (MB): peak = 3290.617 ; gain = 0.000

Phase 3 Global Routing
Phase 3 Global Routing | Checksum: 81cca990

Time (s): cpu = 00:00:05 ; elapsed = 00:00:03 . Memory (MB): peak = 3290.617 ; gain = 0.000

Phase 4 Initial Routing

Phase 4.1 Initial Net Routing Pass
Phase 4.1 Initial Net Routing Pass | Checksum: 195a1e051

Time (s): cpu = 00:00:05 ; elapsed = 00:00:03 . Memory (MB): peak = 3290.617 ; gain = 0.000
Phase 4 Initial Routing | Checksum: 15afbd3df

Time (s): cpu = 00:00:05 ; elapsed = 00:00:04 . Memory (MB): peak = 3290.617 ; gain = 0.000

Phase 5 Rip-up And Reroute

Phase 5.1 Global Iteration 0
 Number of Nodes with overlaps = 383
 Number of Nodes with overlaps = 15
 Number of Nodes with overlaps = 2
 Number of Nodes with overlaps = 1
 Number of Nodes with overlaps = 0
INFO: [Route 35-416] Intermediate Timing Summary | WNS=2.687  | TNS=0.000  | WHS=0.017  | THS=0.000  |

Phase 5.1 Global Iteration 0 | Checksum: 2eaf127eb

Time (s): cpu = 00:00:07 ; elapsed = 00:00:05 . Memory (MB): peak = 3290.617 ; gain = 0.000

Phase 5.2 Additional Iteration for Hold
Phase 5.2 Additional Iteration for Hold | Checksum: 27f1d5b5a

Time (s): cpu = 00:00:07 ; elapsed = 00:00:05 . Memory (MB): peak = 3290.617 ; gain = 0.000
Phase 5 Rip-up And Reroute | Checksum: 27f1d5b5a

Time (s): cpu = 00:00:07 ; elapsed = 00:00:05 . Memory (MB): peak = 3290.617 ; gain = 0.000

Phase 6 Delay and Skew Optimization

Phase 6.1 Delay CleanUp
Phase 6.1 Delay CleanUp | Checksum: 2384373f8

Time (s): cpu = 00:00:07 ; elapsed = 00:00:05 . Memory (MB): peak = 3290.617 ; gain = 0.000

Phase 6.2 Clock Skew Optimization
Phase 6.2 Clock Skew Optimization | Checksum: 2384373f8

Time (s): cpu = 00:00:07 ; elapsed = 00:00:05 . Memory (MB): peak = 3290.617 ; gain = 0.000
Phase 6 Delay and Skew Optimization | Checksum: 2384373f8

Time (s): cpu = 00:00:07 ; elapsed = 00:00:05 . Memory (MB): peak = 3290.617 ; gain = 0.000

Phase 7 Post Hold Fix

Phase 7.1 Hold Fix Iter
INFO: [Route 35-416] Intermediate Timing Summary | WNS=2.687  | TNS=0.000  | WHS=0.017  | THS=0.000  |

Phase 7.1 Hold Fix Iter | Checksum: 1d5569172

Time (s): cpu = 00:00:08 ; elapsed = 00:00:05 . Memory (MB): peak = 3290.617 ; gain = 0.000
Phase 7 Post Hold Fix | Checksum: 1d5569172

Time (s): cpu = 00:00:08 ; elapsed = 00:00:05 . Memory (MB): peak = 3290.617 ; gain = 0.000

Phase 8 Route finalize

Router Utilization Summary
  Global Vertical Routing Utilization    = 0.237081 %
  Global Horizontal Routing Utilization  = 0.402302 %
  Routable Net Status*
  *Does not include unroutable nets such as driverless and loadless.
  Run report_route_status for detailed report.
  Number of Failed Nets               = 0
    (Failed Nets is the sum of unrouted and partially routed nets)
  Number of Unrouted Nets             = 0
  Number of Partially Routed Nets     = 0
  Number of Node Overlaps             = 0

Phase 8 Route finalize | Checksum: 1d5569172

Time (s): cpu = 00:00:08 ; elapsed = 00:00:05 . Memory (MB): peak = 3290.617 ; gain = 0.000

Phase 9 Verifying routed nets

 Verification completed successfully
Phase 9 Verifying routed nets | Checksum: 1d5569172

Time (s): cpu = 00:00:08 ; elapsed = 00:00:05 . Memory (MB): peak = 3290.617 ; gain = 0.000

Phase 10 Depositing Routes
Phase 10 Depositing Routes | Checksum: 1d5569172

Time (s): cpu = 00:00:08 ; elapsed = 00:00:05 . Memory (MB): peak = 3290.617 ; gain = 0.000

Phase 11 Resolve XTalk
Phase 11 Resolve XTalk | Checksum: 1d5569172

Time (s): cpu = 00:00:08 ; elapsed = 00:00:05 . Memory (MB): peak = 3290.617 ; gain = 0.000

Phase 12 Post Process Routing
Phase 12 Post Process Routing | Checksum: 1d5569172

Time (s): cpu = 00:00:08 ; elapsed = 00:00:05 . Memory (MB): peak = 3290.617 ; gain = 0.000

Phase 13 Post Router Timing
INFO: [Route 35-57] Estimated Timing Summary | WNS=2.687  | TNS=0.000  | WHS=0.017  | THS=0.000  |

INFO: [Route 35-327] The final timing numbers are based on the router estimated timing analysis. For a complete and accurate timing signoff, please run report_timing_summary.
Phase 13 Post Router Timing | Checksum: 1d5569172

Time (s): cpu = 00:00:08 ; elapsed = 00:00:05 . Memory (MB): peak = 3290.617 ; gain = 0.000
Total Elapsed time in route_design: 5.345 secs

Phase 14 Post-Route Event Processing
Phase 14 Post-Route Event Processing | Checksum: 12af6dedd

Time (s): cpu = 00:00:08 ; elapsed = 00:00:05 . Memory (MB): peak = 3290.617 ; gain = 0.000
INFO: [Route 35-16] Router Completed Successfully
Ending Routing Task | Checksum: 12af6dedd

Time (s): cpu = 00:00:08 ; elapsed = 00:00:05 . Memory (MB): peak = 3290.617 ; gain = 0.000

Routing Is Done.
INFO: [Common 17-83] Releasing license: Implementation
118 Infos, 4 Warnings, 0 Critical Warnings and 0 Errors encountered.
route_design completed successfully
route_design: Time (s): cpu = 00:00:08 ; elapsed = 00:00:05 . Memory (MB): peak = 3290.617 ; gain = 0.000
INFO: [Vivado 12-24828] Executing command : report_drc -file led_drc_routed.rpt -pb led_drc_routed.pb -rpx led_drc_routed.rpx
Command: report_drc -file led_drc_routed.rpt -pb led_drc_routed.pb -rpx led_drc_routed.rpx
INFO: [IP_Flow 19-1839] IP Catalog is up to date.
INFO: [DRC 23-27] Running DRC with 2 threads
INFO: [Vivado_Tcl 2-168] The results of DRC are in file C:/TFG_Vivado/demo/course_s1/01_led_project/vivado_led/vivado_led.runs/impl_1/led_drc_routed.rpt.
report_drc completed successfully
INFO: [Vivado 12-24828] Executing command : report_methodology -file led_methodology_drc_routed.rpt -pb led_methodology_drc_routed.pb -rpx led_methodology_drc_routed.rpx
Command: report_methodology -file led_methodology_drc_routed.rpt -pb led_methodology_drc_routed.pb -rpx led_methodology_drc_routed.rpx
INFO: [Timing 38-35] Done setting XDC timing constraints.
INFO: [DRC 23-133] Running Methodology with 2 threads
INFO: [Vivado_Tcl 2-1520] The results of Report Methodology are in file C:/TFG_Vivado/demo/course_s1/01_led_project/vivado_led/vivado_led.runs/impl_1/led_methodology_drc_routed.rpt.
report_methodology completed successfully
INFO: [Vivado 12-24828] Executing command : report_timing_summary -max_paths 10 -routable_nets -report_unconstrained -file led_timing_summary_routed.rpt -pb led_timing_summary_routed.pb -rpx led_timing_summary_routed.rpx -warn_on_violation 
INFO: [Timing 38-35] Done setting XDC timing constraints.
INFO: [Timing 38-91] UpdateTimingParams: Speed grade: -1, Temperature grade: E, Delay Type: min_max.
INFO: [Timing 38-191] Multithreading enabled for timing update using a maximum of 2 CPUs
WARNING: [Timing 38-436] There are set_bus_skew constraint(s) in this design. Please run report_bus_skew to ensure that bus skew requirements are met.
INFO: [Vivado 12-24838] Running report commands "report_incremental_reuse, report_route_status" in parallel.
Running report generation with 2 threads.
INFO: [Vivado 12-24828] Executing command : report_incremental_reuse -file led_incremental_reuse_routed.rpt
INFO: [Vivado_Tcl 4-1062] Incremental flow is disabled. No incremental reuse Info to report.
INFO: [Vivado 12-24828] Executing command : report_route_status -file led_route_status.rpt -pb led_route_status.pb
INFO: [Vivado 12-24828] Executing command : report_power -file led_power_routed.rpt -pb led_power_summary_routed.pb -rpx led_power_routed.rpx
Command: report_power -file led_power_routed.rpt -pb led_power_summary_routed.pb -rpx led_power_routed.rpx
Running Vector-less Activity Propagation...

Finished Running Vector-less Activity Propagation
135 Infos, 5 Warnings, 0 Critical Warnings and 0 Errors encountered.
report_power completed successfully
report_power: Time (s): cpu = 00:00:06 ; elapsed = 00:00:06 . Memory (MB): peak = 3290.617 ; gain = 0.000
INFO: [Vivado 12-24828] Executing command : report_clock_utilization -file led_clock_utilization_routed.rpt
INFO: [Vivado 12-24828] Executing command : report_bus_skew -warn_on_violation -file led_bus_skew_routed.rpt -pb led_bus_skew_routed.pb -rpx led_bus_skew_routed.rpx
INFO: [Timing 38-91] UpdateTimingParams: Speed grade: -1, Temperature grade: E, Delay Type: min_max.
INFO: [Timing 38-191] Multithreading enabled for timing update using a maximum of 2 CPUs
generate_parallel_reports: Time (s): cpu = 00:00:12 ; elapsed = 00:00:11 . Memory (MB): peak = 3290.617 ; gain = 0.000
INFO: [Timing 38-480] Writing timing data to binary archive.
Write ShapeDB Complete: Time (s): cpu = 00:00:00 ; elapsed = 00:00:00.006 . Memory (MB): peak = 3290.617 ; gain = 0.000
Wrote PlaceDB: Time (s): cpu = 00:00:01 ; elapsed = 00:00:00.144 . Memory (MB): peak = 3290.617 ; gain = 0.000
Wrote PulsedLatchDB: Time (s): cpu = 00:00:00 ; elapsed = 00:00:00 . Memory (MB): peak = 3290.617 ; gain = 0.000
Writing XDEF routing.
Writing XDEF routing logical nets.
Writing XDEF routing special nets.
Wrote RouteStorage: Time (s): cpu = 00:00:00 ; elapsed = 00:00:00.061 . Memory (MB): peak = 3290.617 ; gain = 0.000
Wrote Netlist Cache: Time (s): cpu = 00:00:00 ; elapsed = 00:00:00.003 . Memory (MB): peak = 3290.617 ; gain = 0.000
Wrote Device Cache: Time (s): cpu = 00:00:00 ; elapsed = 00:00:00.016 . Memory (MB): peak = 3290.617 ; gain = 0.000
Write Physdb Complete: Time (s): cpu = 00:00:01 ; elapsed = 00:00:00.233 . Memory (MB): peak = 3290.617 ; gain = 0.000
INFO: [Common 17-1381] The checkpoint 'C:/TFG_Vivado/demo/course_s1/01_led_project/vivado_led/vivado_led.runs/impl_1/led_routed.dcp' has been generated.
INFO: [Common 17-206] Exiting Vivado at Wed Jan 21 19:55:20 2026...

*** Running vivado
    with args -log led.vdi -applog -m64 -product Vivado -messageDb vivado.pb -mode batch -source led.tcl -notrace



****** Vivado v2025.2 (64-bit)
  **** SW Build 6299465 on Fri Nov 14 19:35:11 GMT 2025
  **** IP Build 6300035 on Fri Nov 14 10:48:45 MST 2025
  **** SharedData Build 6298862 on Thu Nov 13 04:50:51 MST 2025
  **** Start of session at: Wed Jan 21 19:55:40 2026
    ** Copyright 1986-2022 Xilinx, Inc. All Rights Reserved.
    ** Copyright 2022-2025 Advanced Micro Devices, Inc. All Rights Reserved.

source led.tcl -notrace
Command: open_checkpoint led_routed.dcp
INFO: [Device 21-403] Loading part xczu2cg-sfvc784-1-e
Netlist sorting complete. Time (s): cpu = 00:00:00 ; elapsed = 00:00:00.056 . Memory (MB): peak = 1542.473 ; gain = 0.000
INFO: [Netlist 29-17] Analyzing 82 Unisim elements for replacement
INFO: [Netlist 29-28] Unisim Transformation completed in 0 CPU seconds
INFO: [Project 1-479] Netlist was created with Vivado 2025.2
INFO: [Project 1-570] Preparing netlist for logic optimization
Read ShapeDB Complete: Time (s): cpu = 00:00:00 ; elapsed = 00:00:00.010 . Memory (MB): peak = 1542.473 ; gain = 0.000
INFO: [Timing 38-478] Restoring timing data from binary archive.
INFO: [Timing 38-479] Binary timing data restore complete.
INFO: [Project 1-856] Restoring constraints from binary archive.
INFO: [Project 1-853] Binary constraint restore complete.
INFO: [Designutils 20-5722] Start Reading Physical Databases.
Reading placement.
Read Netlist Cache: Time (s): cpu = 00:00:00 ; elapsed = 00:00:00.005 . Memory (MB): peak = 1708.148 ; gain = 0.000
Reading placer database...
Read Device Cache: Time (s): cpu = 00:00:00 ; elapsed = 00:00:00.052 . Memory (MB): peak = 1708.148 ; gain = 0.000
Read PlaceDB: Time (s): cpu = 00:00:00 ; elapsed = 00:00:00.073 . Memory (MB): peak = 1708.148 ; gain = 0.000
Read PulsedLatchDB: Time (s): cpu = 00:00:00 ; elapsed = 00:00:00 . Memory (MB): peak = 1708.148 ; gain = 0.000
Reading routing.
Read RouteStorage: Time (s): cpu = 00:00:08 ; elapsed = 00:00:09 . Memory (MB): peak = 2205.836 ; gain = 497.688
Read Physdb Files: Time (s): cpu = 00:00:09 ; elapsed = 00:00:09 . Memory (MB): peak = 2205.836 ; gain = 497.688
Restored from archive | CPU: 9.000000 secs | Memory: 0.000000 MB |
Finished XDEF File Restore: Time (s): cpu = 00:00:09 ; elapsed = 00:00:09 . Memory (MB): peak = 2205.836 ; gain = 498.641
Netlist sorting complete. Time (s): cpu = 00:00:00 ; elapsed = 00:00:00.004 . Memory (MB): peak = 2205.836 ; gain = 0.000
INFO: [Project 1-111] Unisim Transformation Summary:
  A total of 56 instances were transformed.
  CFGLUT5 => CFGLUT5 (SRL16E, SRLC32E): 48 instances
  IBUF => IBUF (IBUFCTRL, INBUF): 1 instance 
  IBUFDS => IBUFDS (DIFFINBUF, IBUFCTRL): 1 instance 
  RAM32M16 => RAM32M16 (RAMD32(x14), RAMS32(x2)): 2 instances
  RAM32X1D => RAM32X1D (RAMD32(x2)): 4 instances

INFO: [Project 1-604] Checkpoint was created with Vivado v2025.2 (64-bit) build 6299465
open_checkpoint: Time (s): cpu = 00:00:46 ; elapsed = 00:00:44 . Memory (MB): peak = 2205.836 ; gain = 1894.293
Command: write_bitstream -force led.bit
Attempting to get a license for feature 'Implementation' and/or device 'xczu2cg'
INFO: [Common 17-349] Got license for feature 'Implementation' and/or device 'xczu2cg'
Running DRC as a precondition to command write_bitstream
INFO: [IP_Flow 19-234] Refreshing IP repositories
INFO: [IP_Flow 19-1704] No user IP repositories specified
INFO: [IP_Flow 19-2313] Loaded Vivado IP repository 'C:/AMDDesignTools/2025.2/Vivado/data/ip'.
INFO: [DRC 23-27] Running DRC with 2 threads
INFO: [Vivado 12-3199] DRC finished with 0 Errors
INFO: [Vivado 12-3200] Please refer to the DRC report (report_drc) for more information.
Integrating Hard IP ELF/MEM with the PDI.
INFO: [Designutils 20-2272] Running write_bitstream with 2 threads.
Loading data files...
Loading site data...
Loading route data...
Processing options...
Creating bitmap...
Creating bitstream...
Writing bitstream ./led.bit...
INFO: [Vivado 12-1842] Bitgen Completed Successfully.
INFO: [Common 17-83] Releasing license: Implementation
22 Infos, 0 Warnings, 0 Critical Warnings and 0 Errors encountered.
write_bitstream completed successfully
write_bitstream: Time (s): cpu = 00:00:21 ; elapsed = 00:00:18 . Memory (MB): peak = 2462.582 ; gain = 256.746
INFO: [Common 17-206] Exiting Vivado at Wed Jan 21 19:56:47 2026...
