

================================================================
== Vitis HLS Report for 'AXIvideo2MultiPixStream_Pipeline_loop_width'
================================================================
* Date:           Wed Jan 21 13:02:31 2026

* Version:        2025.2 (Build 6295257 on Nov 14 2025)
* Project:        prj
* Solution:       sol (Vivado IP Flow Target)
* Product family: zynquplus
* Target device:  xczu2cg-sfvc784-1-e


================================================================
== Performance Estimates
================================================================
+ Timing: 
    * Summary: 
    +--------+---------+----------+------------+
    |  Clock |  Target | Estimated| Uncertainty|
    +--------+---------+----------+------------+
    |ap_clk  |  5.00 ns|  3.177 ns|     1.35 ns|
    +--------+---------+----------+------------+

+ Latency: 
    * Summary: 
    +---------+---------+----------+----------+-----+-----+-------------------+
    |  Latency (cycles) |  Latency (absolute) |  Interval |      Pipeline     |
    |   min   |   max   |    min   |    max   | min | max |        Type       |
    +---------+---------+----------+----------+-----+-----+-------------------+
    |       35|      963|  0.175 us|  4.815 us|    0|    0|  loop pipeline stp|
    +---------+---------+----------+----------+-----+-----+-------------------+

    + Detail: 
        * Instance: 
        N/A

        * Loop: 
        +--------------+---------+---------+----------+-----------+-----------+----------+----------+
        |              |  Latency (cycles) | Iteration|  Initiation Interval  |   Trip   |          |
        |   Loop Name  |   min   |   max   |  Latency |  achieved |   target  |   Count  | Pipelined|
        +--------------+---------+---------+----------+-----------+-----------+----------+----------+
        |- loop_width  |       33|      961|         3|          1|          1|  32 ~ 960|       yes|
        +--------------+---------+---------+----------+-----------+-----------+----------+----------+



================================================================
== Utilization Estimates
================================================================
* Summary: 
+-----------------+---------+-----+-------+-------+-----+
|       Name      | BRAM_18K| DSP |   FF  |  LUT  | URAM|
+-----------------+---------+-----+-------+-------+-----+
|DSP              |        -|    -|      -|      -|    -|
|Expression       |        -|    -|      0|    118|    -|
|FIFO             |        -|    -|      -|      -|    -|
|Instance         |        -|    -|      0|      9|    -|
|Memory           |        -|    -|      -|      -|    -|
|Multiplexer      |        -|    -|      0|    108|    -|
|Register         |        -|    -|     77|      -|    -|
+-----------------+---------+-----+-------+-------+-----+
|Total            |        0|    0|     77|    235|    0|
+-----------------+---------+-----+-------+-------+-----+
|Available        |      300|  240|  94464|  47232|    0|
+-----------------+---------+-----+-------+-------+-----+
|Utilization (%)  |        0|    0|     ~0|     ~0|    0|
+-----------------+---------+-----+-------+-------+-----+

+ Detail: 
    * Instance: 
    +-------------------------+---------------------+---------+----+---+----+-----+
    |         Instance        |        Module       | BRAM_18K| DSP| FF| LUT| URAM|
    +-------------------------+---------------------+---------+----+---+----+-----+
    |sparsemux_5_8_8_1_1_U13  |sparsemux_5_8_8_1_1  |        0|   0|  0|   9|    0|
    +-------------------------+---------------------+---------+----+---+----+-----+
    |Total                    |                     |        0|   0|  0|   9|    0|
    +-------------------------+---------------------+---------+----+---+----+-----+

    * DSP: 
    N/A

    * Memory: 
    N/A

    * FIFO: 
    N/A

    * Expression: 
    +----------------------------------+----------+----+---+----+------------+------------+
    |           Variable Name          | Operation| DSP| FF| LUT| Bitwidth P0| Bitwidth P1|
    +----------------------------------+----------+----+---+----+------------+------------+
    |j_4_fu_239_p2                     |         +|   0|  0|  17|          10|           1|
    |ap_block_state2_pp0_stage0_iter1  |       and|   0|  0|   2|           1|           1|
    |ap_block_state3_pp0_stage0_iter2  |       and|   0|  0|   2|           1|           1|
    |ap_condition_355                  |       and|   0|  0|   2|           1|           1|
    |ap_predicate_op41_read_state2     |       and|   0|  0|   2|           1|           1|
    |icmp_ln545_fu_233_p2              |      icmp|   0|  0|  17|          10|          10|
    |icmp_ln574_1_fu_360_p2            |      icmp|   0|  0|  15|           8|           1|
    |icmp_ln574_fu_209_p2              |      icmp|   0|  0|  15|           8|           1|
    |ap_block_pp0_stage0_01001         |        or|   0|  0|   2|           1|           1|
    |or_ln549_fu_250_p2                |        or|   0|  0|   2|           1|           1|
    |empty_142_fu_373_p3               |    select|   0|  0|   8|           1|           8|
    |empty_fu_365_p3                   |    select|   0|  0|   8|           1|           8|
    |select_ln574_1_fu_307_p3          |    select|   0|  0|   8|           1|           8|
    |select_ln574_2_fu_314_p3          |    select|   0|  0|   8|           1|           8|
    |select_ln574_fu_292_p3            |    select|   0|  0|   8|           1|           8|
    |ap_enable_pp0                     |       xor|   0|  0|   2|           1|           2|
    +----------------------------------+----------+----+---+----+------------+------------+
    |Total                             |          |   0|  0| 118|          48|          61|
    +----------------------------------+----------+----+---+----+------------+------------+

    * Multiplexer: 
    +------------------------------+----+-----------+-----+-----------+
    |             Name             | LUT| Input Size| Bits| Total Bits|
    +------------------------------+----+-----------+-----+-----------+
    |ap_done_int                   |   9|          2|    1|          2|
    |ap_enable_reg_pp0_iter2       |   9|          2|    1|          2|
    |ap_phi_mux_eol_phi_fu_191_p4  |   9|          2|    1|          2|
    |ap_phi_mux_sof_phi_fu_202_p4  |   9|          2|    1|          2|
    |ap_sig_allocacmp_j_3          |   9|          2|   10|         20|
    |eol_reg_187                   |   9|          2|    1|          2|
    |j_fu_106                      |   9|          2|   10|         20|
    |p_0_0_0_0179415_i_fu_110      |   9|          2|   48|         96|
    |p_4_0_0_0187424_i_fu_114      |   9|          2|    1|          2|
    |s_axis_video_TDATA_blk_n      |   9|          2|    1|          2|
    |sof_reg_198                   |   9|          2|    1|          2|
    |stream_in_blk_n               |   9|          2|    1|          2|
    +------------------------------+----+-----------+-----+-----------+
    |Total                         | 108|         24|   77|        154|
    +------------------------------+----+-----------+-----+-----------+

    * Register: 
    +----------------------------------+----+----+-----+-----------+
    |               Name               | FF | LUT| Bits| Const Bits|
    +----------------------------------+----+----+-----+-----------+
    |InVideoFormat_load_read_reg_429   |   8|   0|    8|          0|
    |ap_CS_fsm                         |   1|   0|    1|          0|
    |ap_done_reg                       |   1|   0|    1|          0|
    |ap_enable_reg_pp0_iter1           |   1|   0|    1|          0|
    |ap_enable_reg_pp0_iter2           |   1|   0|    1|          0|
    |ap_loop_exit_ready_pp0_iter1_reg  |   1|   0|    1|          0|
    |eol_reg_187                       |   1|   0|    1|          0|
    |icmp_ln545_reg_447                |   1|   0|    1|          0|
    |icmp_ln545_reg_447_pp0_iter1_reg  |   1|   0|    1|          0|
    |icmp_ln574_reg_440                |   1|   0|    1|          0|
    |j_fu_106                          |  10|   0|   10|          0|
    |p_0_0_0_0179415_i_fu_110          |  48|   0|   48|          0|
    |p_4_0_0_0187424_i_fu_114          |   1|   0|    1|          0|
    |sof_reg_198                       |   1|   0|    1|          0|
    +----------------------------------+----+----+-----+-----------+
    |Total                             |  77|   0|   77|          0|
    +----------------------------------+----+----+-----+-----------+



================================================================
== Interface
================================================================
* Summary: 
+------------------------------+-----+-----+------------+---------------------------------------------+--------------+
|           RTL Ports          | Dir | Bits|  Protocol  |                Source Object                |    C Type    |
+------------------------------+-----+-----+------------+---------------------------------------------+--------------+
|ap_clk                        |   in|    1|  ap_ctrl_hs|  AXIvideo2MultiPixStream_Pipeline_loop_width|  return value|
|ap_rst                        |   in|    1|  ap_ctrl_hs|  AXIvideo2MultiPixStream_Pipeline_loop_width|  return value|
|ap_start                      |   in|    1|  ap_ctrl_hs|  AXIvideo2MultiPixStream_Pipeline_loop_width|  return value|
|ap_done                       |  out|    1|  ap_ctrl_hs|  AXIvideo2MultiPixStream_Pipeline_loop_width|  return value|
|ap_idle                       |  out|    1|  ap_ctrl_hs|  AXIvideo2MultiPixStream_Pipeline_loop_width|  return value|
|ap_ready                      |  out|    1|  ap_ctrl_hs|  AXIvideo2MultiPixStream_Pipeline_loop_width|  return value|
|s_axis_video_TVALID           |   in|    1|        axis|                        s_axis_video_V_data_V|       pointer|
|s_axis_video_TDATA            |   in|   48|        axis|                        s_axis_video_V_data_V|       pointer|
|stream_in_din                 |  out|   48|     ap_fifo|                                    stream_in|       pointer|
|stream_in_full_n              |   in|    1|     ap_fifo|                                    stream_in|       pointer|
|stream_in_write               |  out|    1|     ap_fifo|                                    stream_in|       pointer|
|stream_in_num_data_valid      |   in|    5|     ap_fifo|                                    stream_in|       pointer|
|stream_in_fifo_cap            |   in|    5|     ap_fifo|                                    stream_in|       pointer|
|p_4_0_0_0187423_lcssa448_i    |   in|    1|     ap_none|                   p_4_0_0_0187423_lcssa448_i|        scalar|
|p_0_0_0_0179416_lcssa432_i    |   in|   48|     ap_none|                   p_0_0_0_0179416_lcssa432_i|        scalar|
|sof_3                         |   in|    1|     ap_none|                                        sof_3|        scalar|
|InVideoFormat_load            |   in|    8|   ap_stable|                           InVideoFormat_load|        scalar|
|trunc_ln12                    |   in|   10|     ap_none|                                   trunc_ln12|        scalar|
|s_axis_video_TREADY           |  out|    1|        axis|                        s_axis_video_V_dest_V|       pointer|
|s_axis_video_TDEST            |   in|    1|        axis|                        s_axis_video_V_dest_V|       pointer|
|s_axis_video_TKEEP            |   in|    6|        axis|                        s_axis_video_V_keep_V|       pointer|
|s_axis_video_TSTRB            |   in|    6|        axis|                        s_axis_video_V_strb_V|       pointer|
|s_axis_video_TUSER            |   in|    1|        axis|                        s_axis_video_V_user_V|       pointer|
|s_axis_video_TLAST            |   in|    1|        axis|                        s_axis_video_V_last_V|       pointer|
|s_axis_video_TID              |   in|    1|        axis|                          s_axis_video_V_id_V|       pointer|
|p_4_0_0_0187424_i_out         |  out|    1|      ap_vld|                        p_4_0_0_0187424_i_out|       pointer|
|p_4_0_0_0187424_i_out_ap_vld  |  out|    1|      ap_vld|                        p_4_0_0_0187424_i_out|       pointer|
|p_0_0_0_0179415_i_out         |  out|   48|      ap_vld|                        p_0_0_0_0179415_i_out|       pointer|
|p_0_0_0_0179415_i_out_ap_vld  |  out|    1|      ap_vld|                        p_0_0_0_0179415_i_out|       pointer|
+------------------------------+-----+-----+------------+---------------------------------------------+--------------+

