

================================================================
== Vitis HLS Report for 'AXIvideo2MultiPixStream'
================================================================
* Date:           Wed Jan 21 13:02:32 2026

* Version:        2025.2 (Build 6295257 on Nov 14 2025)
* Project:        prj
* Solution:       sol (Vivado IP Flow Target)
* Product family: zynquplus
* Target device:  xczu2cg-sfvc784-1-e


================================================================
== Performance Estimates
================================================================
+ Timing: 
    * Summary: 
    +--------+---------+----------+------------+
    |  Clock |  Target | Estimated| Uncertainty|
    +--------+---------+----------+------------+
    |ap_clk  |  5.00 ns|  3.177 ns|     1.35 ns|
    +--------+---------+----------+------------+

+ Latency: 
    * Summary: 
    +---------+---------+-----------+----------+------+---------+---------+
    |  Latency (cycles) |  Latency (absolute)  |    Interval    | Pipeline|
    |   min   |   max   |    min    |    max   |  min |   max   |   Type  |
    +---------+---------+-----------+----------+------+---------+---------+
    |     2630|  1046526|  13.150 us|  5.233 ms|  2630|  1046526|       no|
    +---------+---------+-----------+----------+------+---------+---------+

    + Detail: 
        * Instance: 
        +-----------------------------------------------------------------+------------------------------------------------------+---------+---------+-----------+-----------+-----+-----+-------------------+
        |                                                                 |                                                      |  Latency (cycles) |   Latency (absolute)  |  Interval |      Pipeline     |
        |                             Instance                            |                        Module                        |   min   |   max   |    min    |    max    | min | max |        Type       |
        +-----------------------------------------------------------------+------------------------------------------------------+---------+---------+-----------+-----------+-----+-----+-------------------+
        |grp_AXIvideo2MultiPixStream_Pipeline_loop_wait_for_start_fu_150  |AXIvideo2MultiPixStream_Pipeline_loop_wait_for_start  |        2|        2|  10.000 ns|  10.000 ns|    0|    0|  loop pipeline stp|
        |grp_AXIvideo2MultiPixStream_Pipeline_loop_width_fu_170           |AXIvideo2MultiPixStream_Pipeline_loop_width           |       35|      963|   0.175 us|   4.815 us|    0|    0|  loop pipeline stp|
        |grp_AXIvideo2MultiPixStream_Pipeline_loop_wait_for_eol_fu_199    |AXIvideo2MultiPixStream_Pipeline_loop_wait_for_eol    |        2|        2|  10.000 ns|  10.000 ns|    0|    0|  loop pipeline stp|
        |grp_reg_unsigned_short_s_fu_233                                  |reg_unsigned_short_s                                  |        1|        1|   5.000 ns|   5.000 ns|    1|    1|                yes|
        |grp_reg_unsigned_short_s_fu_239                                  |reg_unsigned_short_s                                  |        1|        1|   5.000 ns|   5.000 ns|    1|    1|                yes|
        +-----------------------------------------------------------------+------------------------------------------------------+---------+---------+-----------+-----------+-----+-----+-------------------+

        * Loop: 
        +---------------+---------+---------+----------+-----------+-----------+-----------+----------+
        |               |  Latency (cycles) | Iteration|  Initiation Interval  |    Trip   |          |
        |   Loop Name   |   min   |   max   |  Latency |  achieved |   target  |   Count   | Pipelined|
        +---------------+---------+---------+----------+-----------+-----------+-----------+----------+
        |- loop_height  |     2624|  1046520|  41 ~ 969|          -|          -|  64 ~ 1080|        no|
        +---------------+---------+---------+----------+-----------+-----------+-----------+----------+



================================================================
== Utilization Estimates
================================================================
* Summary: 
+-----------------+---------+-----+-------+-------+-----+
|       Name      | BRAM_18K| DSP |   FF  |  LUT  | URAM|
+-----------------+---------+-----+-------+-------+-----+
|DSP              |        -|    -|      -|      -|    -|
|Expression       |        -|    -|      0|     38|    -|
|FIFO             |        -|    -|      -|      -|    -|
|Instance         |        -|    -|    110|    329|    -|
|Memory           |        -|    -|      -|      -|    -|
|Multiplexer      |        -|    -|      0|    105|    -|
|Register         |        -|    -|    105|      -|    -|
+-----------------+---------+-----+-------+-------+-----+
|Total            |        0|    0|    215|    472|    0|
+-----------------+---------+-----+-------+-------+-----+
|Available        |      300|  240|  94464|  47232|    0|
+-----------------+---------+-----+-------+-------+-----+
|Utilization (%)  |        0|    0|     ~0|     ~0|    0|
+-----------------+---------+-----+-------+-------+-----+

+ Detail: 
    * Instance: 
    +-----------------------------------------------------------------+------------------------------------------------------+---------+----+----+-----+-----+
    |                             Instance                            |                        Module                        | BRAM_18K| DSP| FF | LUT | URAM|
    +-----------------------------------------------------------------+------------------------------------------------------+---------+----+----+-----+-----+
    |grp_AXIvideo2MultiPixStream_Pipeline_loop_wait_for_eol_fu_199    |AXIvideo2MultiPixStream_Pipeline_loop_wait_for_eol    |        0|   0|   3|   43|    0|
    |grp_AXIvideo2MultiPixStream_Pipeline_loop_wait_for_start_fu_150  |AXIvideo2MultiPixStream_Pipeline_loop_wait_for_start  |        0|   0|   4|   47|    0|
    |grp_AXIvideo2MultiPixStream_Pipeline_loop_width_fu_170           |AXIvideo2MultiPixStream_Pipeline_loop_width           |        0|   0|  77|  235|    0|
    |grp_reg_unsigned_short_s_fu_233                                  |reg_unsigned_short_s                                  |        0|   0|  13|    2|    0|
    |grp_reg_unsigned_short_s_fu_239                                  |reg_unsigned_short_s                                  |        0|   0|  13|    2|    0|
    +-----------------------------------------------------------------+------------------------------------------------------+---------+----+----+-----+-----+
    |Total                                                            |                                                      |        0|   0| 110|  329|    0|
    +-----------------------------------------------------------------+------------------------------------------------------+---------+----+----+-----+-----+

    * DSP: 
    N/A

    * Memory: 
    N/A

    * FIFO: 
    N/A

    * Expression: 
    +----------------------+----------+----+---+----+------------+------------+
    |     Variable Name    | Operation| DSP| FF| LUT| Bitwidth P0| Bitwidth P1|
    +----------------------+----------+----+---+----+------------+------------+
    |i_4_fu_304_p2         |         +|   0|  0|  18|          11|           1|
    |icmp_ln541_fu_299_p2  |      icmp|   0|  0|  18|          11|          11|
    |ap_block_state1       |        or|   0|  0|   2|           1|           1|
    +----------------------+----------+----+---+----+------------+------------+
    |Total                 |          |   0|  0|  38|          23|          13|
    +----------------------+----------+----+---+----+------------+------------+

    * Multiplexer: 
    +------------------------------------+----+-----------+-----+-----------+
    |                Name                | LUT| Input Size| Bits| Total Bits|
    +------------------------------------+----+-----------+-----+-----------+
    |ap_NS_fsm                           |  49|          9|    1|          9|
    |ap_done                             |   9|          2|    1|          2|
    |i_fu_86                             |   9|          2|   11|         22|
    |p_0_0_0_0179416_lcssa432_i_fu_90    |   9|          2|   48|         96|
    |p_4_0_0_0187423_lcssa448_i_reg_124  |   9|          2|    1|          2|
    |s_axis_video_TREADY_int_regslice    |  20|          4|    1|          4|
    +------------------------------------+----+-----------+-----+-----------+
    |Total                               | 105|         21|   63|        135|
    +------------------------------------+----+-----------+-----+-----------+

    * Register: 
    +------------------------------------------------------------------------------+----+----+-----+-----------+
    |                                     Name                                     | FF | LUT| Bits| Const Bits|
    +------------------------------------------------------------------------------+----+----+-----+-----------+
    |InVideoFormat_read_reg_435                                                    |   8|   0|    8|          0|
    |ap_CS_fsm                                                                     |   8|   0|    8|          0|
    |ap_done_reg                                                                   |   1|   0|    1|          0|
    |axi_last_loc_fu_102                                                           |   1|   0|    1|          0|
    |grp_AXIvideo2MultiPixStream_Pipeline_loop_wait_for_eol_fu_199_ap_start_reg    |   1|   0|    1|          0|
    |grp_AXIvideo2MultiPixStream_Pipeline_loop_wait_for_start_fu_150_ap_start_reg  |   1|   0|    1|          0|
    |grp_AXIvideo2MultiPixStream_Pipeline_loop_width_fu_170_ap_start_reg           |   1|   0|    1|          0|
    |grp_reg_unsigned_short_s_fu_233_ap_start_reg                                  |   1|   0|    1|          0|
    |grp_reg_unsigned_short_s_fu_239_ap_start_reg                                  |   1|   0|    1|          0|
    |i_fu_86                                                                       |  11|   0|   11|          0|
    |p_0_0_0_0179416_lcssa432_i_fu_90                                              |  48|   0|   48|          0|
    |p_4_0_0_0187423_lcssa448_i_reg_124                                            |   1|   0|    1|          0|
    |sof_reg_136                                                                   |   1|   0|    1|          0|
    |tmp_reg_440                                                                   |  11|   0|   11|          0|
    |trunc_ln_reg_448                                                              |  10|   0|   10|          0|
    +------------------------------------------------------------------------------+----+----+-----+-----------+
    |Total                                                                         | 105|   0|  105|          0|
    +------------------------------------------------------------------------------+----+----+-----+-----------+



================================================================
== Interface
================================================================
* Summary: 
+--------------------------+-----+-----+------------+-------------------------+--------------+
|         RTL Ports        | Dir | Bits|  Protocol  |      Source Object      |    C Type    |
+--------------------------+-----+-----+------------+-------------------------+--------------+
|ap_clk                    |   in|    1|  ap_ctrl_hs|  AXIvideo2MultiPixStream|  return value|
|ap_rst                    |   in|    1|  ap_ctrl_hs|  AXIvideo2MultiPixStream|  return value|
|ap_start                  |   in|    1|  ap_ctrl_hs|  AXIvideo2MultiPixStream|  return value|
|ap_done                   |  out|    1|  ap_ctrl_hs|  AXIvideo2MultiPixStream|  return value|
|ap_continue               |   in|    1|  ap_ctrl_hs|  AXIvideo2MultiPixStream|  return value|
|ap_idle                   |  out|    1|  ap_ctrl_hs|  AXIvideo2MultiPixStream|  return value|
|ap_ready                  |  out|    1|  ap_ctrl_hs|  AXIvideo2MultiPixStream|  return value|
|height                    |   in|   16|     ap_none|                   height|       pointer|
|width                     |   in|   16|     ap_none|                    width|       pointer|
|InVideoFormat             |   in|    8|     ap_none|            InVideoFormat|       pointer|
|s_axis_video_TDATA        |   in|   48|        axis|    s_axis_video_V_data_V|       pointer|
|s_axis_video_TVALID       |   in|    1|        axis|    s_axis_video_V_dest_V|       pointer|
|s_axis_video_TREADY       |  out|    1|        axis|    s_axis_video_V_dest_V|       pointer|
|s_axis_video_TDEST        |   in|    1|        axis|    s_axis_video_V_dest_V|       pointer|
|s_axis_video_TKEEP        |   in|    6|        axis|    s_axis_video_V_keep_V|       pointer|
|s_axis_video_TSTRB        |   in|    6|        axis|    s_axis_video_V_strb_V|       pointer|
|s_axis_video_TUSER        |   in|    1|        axis|    s_axis_video_V_user_V|       pointer|
|s_axis_video_TLAST        |   in|    1|        axis|    s_axis_video_V_last_V|       pointer|
|s_axis_video_TID          |   in|    1|        axis|      s_axis_video_V_id_V|       pointer|
|stream_in_din             |  out|   48|     ap_fifo|                stream_in|       pointer|
|stream_in_full_n          |   in|    1|     ap_fifo|                stream_in|       pointer|
|stream_in_write           |  out|    1|     ap_fifo|                stream_in|       pointer|
|stream_in_num_data_valid  |   in|    5|     ap_fifo|                stream_in|       pointer|
|stream_in_fifo_cap        |   in|    5|     ap_fifo|                stream_in|       pointer|
+--------------------------+-----+-----+------------+-------------------------+--------------+

