================================================================
== Design Size Report
================================================================

* Total Instructions per Compilation Phase
+---------------+----------------------------+--------------+----------------------------------------------------------------------------------------+
| Phase         | Step                       | Instructions | Description                                                                            |
+---------------+----------------------------+--------------+----------------------------------------------------------------------------------------+
| Compile/Link  |                            | 7,680        | After all functions are compiled and linked into a single design                       |
|               |                            |              |                                                                                        |
| Unroll/Inline |                            |              | After user unroll and inline pragmas are applied                                       |
|               | (1) unroll                 | 2,786        | user unroll pragmas are applied                                                        |
|               | (2) simplification         | 1,883        | simplification of applied user unroll pragmas                                          |
|               | (3) inline                 | 1,836        | user inline pragmas are applied                                                        |
|               | (4) simplification         | 1,712        | simplification of applied user inline pragmas                                          |
|               |                            |              |                                                                                        |
| Array/Struct  |                            |              | After user array partition and struct aggregate/disaggregate pragmas are applied       |
|               | (1) array partition        | 1,219        | user array partition pragmas are applied                                               |
|               | (2) simplification         | 1,201        | simplification of applied user array partition & struct aggregate/disaggregate pragmas |
|               | (3) aggregate/disaggregate | 1,215        | user struct aggregate/disaggregate pragmas are applied                                 |
|               | (4) array reshape          | 1,603        | apply array reshape pragmas                                                            |
|               | (5) access patterns        | 1,772        | array access pattern optmizations                                                      |
|               |                            |              |                                                                                        |
| Performance   |                            |              | After transformations are applied to meet performance pragma targets                   |
|               | (1) loop simplification    | 1,649        | loop and instruction simplification                                                    |
|               | (2) parallelization        | 1,561        | loops are unrolled or pipelined to meet performance targets                            |
|               | (3) array partition        | 1,483        | arrays are partitioned to meet performance targets                                     |
|               | (4) simplification         | 1,481        | simplification of design after performance transformations                             |
|               |                            |              |                                                                                        |
| HW Transforms |                            |              | After hardware transfomations                                                          |
|               | (1) lowering               | 1,408        | initial conversion to HW specific instructions                                         |
|               | (2) optimizations          | 1,331        | high level synthesis optimizations                                                     |
+---------------+----------------------------+--------------+----------------------------------------------------------------------------------------+

* Instructions per Function for each Compilation Phase
+--------------------------------------+----------------------+-----------------+----------------+----------------+----------------+---------------+
| Function                             | Location             | Compile/Link    | Unroll/Inline  | Array/Struct   | Performance    | HW Transforms |
+--------------------------------------+----------------------+-----------------+----------------+----------------+----------------+---------------+
| + v_csc                              | v_csc.cpp:220        | 7,680           | 1,712          | 1,772          | 1,481          | 1,331         |
|  + AXIvideo2MultiPixStream           | v_csc.cpp:512        | 1,287           |  266           |  326           |  258           |               |
|     Scalar                           | hls_video_core.h:196 |    5            |                |                |                |               |
|     reg<unsigned short>              | x_hls_utils.h:222    |    2 (2 calls)  |    2 (2 calls) |    2 (2 calls) |    2 (2 calls) |               |
|   + AXIGetBitFields<48, ap_uint<...  | hls_axi_io.h:83      |  228 (3 calls)  |                |                |                |               |
|      AXIGetBitFields<48, ap_uint<... | hls_axi_io.h:60      |  210 (3 calls)  |                |                |                |               |
|  + v_hcresampler_core                | v_csc.cpp:722        | 4,440 (2 calls) |  748 (2 calls) |  633 (2 calls) |  587 (2 calls) |               |
|     Scalar                           | hls_video_core.h:196 |   80 (16 calls) |                |                |                |               |
|  + v_csc_core                        | v_csc.cpp:91         |  481            |  315           |  340           |  300           |               |
|     Scalar                           | hls_video_core.h:196 |   10 (2 calls)  |                |                |                |               |
|  + MultiPixStream2AXIvideo           | v_csc.cpp:611        | 1,097           |  153           |  229           |  164           |               |
|     Scalar                           | hls_video_core.h:196 |    5            |                |                |                |               |
|     reg<unsigned short>              | x_hls_utils.h:222    |    2 (2 calls)  |    2 (2 calls) |    2 (2 calls) |    2 (2 calls) |               |
+--------------------------------------+----------------------+-----------------+----------------+----------------+----------------+---------------+

* Design Size Message Settings
+---------------------------------------------+--------+------------------------------------------------------------------+
| Message Setting                             | Value  | Description                                                      |
+---------------------------------------------+--------+------------------------------------------------------------------+
| config_compile -design_size_maximum_warning | 100000 | Show a warning when total design instructions exceeds this value |
+---------------------------------------------+--------+------------------------------------------------------------------+


