

================================================================
== Vitis HLS Report for 'MultiPixStream2AXIvideo'
================================================================
* Date:           Wed Jan 21 13:02:35 2026

* Version:        2025.2 (Build 6295257 on Nov 14 2025)
* Project:        prj
* Solution:       sol (Vivado IP Flow Target)
* Product family: zynquplus
* Target device:  xczu2cg-sfvc784-1-e


================================================================
== Performance Estimates
================================================================
+ Timing: 
    * Summary: 
    +--------+---------+----------+------------+
    |  Clock |  Target | Estimated| Uncertainty|
    +--------+---------+----------+------------+
    |ap_clk  |  5.00 ns|  2.429 ns|     1.35 ns|
    +--------+---------+----------+------------+

+ Latency: 
    * Summary: 
    +---------+---------+-----------+----------+------+---------+---------+
    |  Latency (cycles) |  Latency (absolute)  |    Interval    | Pipeline|
    |   min   |   max   |    min    |    max   |  min |   max   |   Type  |
    +---------+---------+-----------+----------+------+---------+---------+
    |     2435|  1043283|  12.175 us|  5.216 ms|  2435|  1043283|       no|
    +---------+---------+-----------+----------+------+---------+---------+

    + Detail: 
        * Instance: 
        +--------------------------------------------------------------+---------------------------------------------------+---------+---------+----------+----------+-----+-----+-------------------+
        |                                                              |                                                   |  Latency (cycles) |  Latency (absolute) |  Interval |      Pipeline     |
        |                           Instance                           |                       Module                      |   min   |   max   |    min   |    max   | min | max |        Type       |
        +--------------------------------------------------------------+---------------------------------------------------+---------+---------+----------+----------+-----+-----+-------------------+
        |grp_MultiPixStream2AXIvideo_Pipeline_VITIS_LOOP_664_2_fu_116  |MultiPixStream2AXIvideo_Pipeline_VITIS_LOOP_664_2  |       36|      964|  0.180 us|  4.820 us|    0|    0|  loop pipeline stp|
        |grp_reg_unsigned_short_s_fu_149                               |reg_unsigned_short_s                               |        1|        1|  5.000 ns|  5.000 ns|    1|    1|                yes|
        |grp_reg_unsigned_short_s_fu_155                               |reg_unsigned_short_s                               |        1|        1|  5.000 ns|  5.000 ns|    1|    1|                yes|
        +--------------------------------------------------------------+---------------------------------------------------+---------+---------+----------+----------+-----+-----+-------------------+

        * Loop: 
        +--------------------+---------+---------+----------+-----------+-----------+-----------+----------+
        |                    |  Latency (cycles) | Iteration|  Initiation Interval  |    Trip   |          |
        |      Loop Name     |   min   |   max   |  Latency |  achieved |   target  |   Count   | Pipelined|
        +--------------------+---------+---------+----------+-----------+-----------+-----------+----------+
        |- VITIS_LOOP_662_1  |     2432|  1043280|  38 ~ 966|          -|          -|  64 ~ 1080|        no|
        +--------------------+---------+---------+----------+-----------+-----------+-----------+----------+



================================================================
== Utilization Estimates
================================================================
* Summary: 
+-----------------+---------+-----+-------+-------+-----+
|       Name      | BRAM_18K| DSP |   FF  |  LUT  | URAM|
+-----------------+---------+-----+-------+-------+-----+
|DSP              |        -|    -|      -|      -|    -|
|Expression       |        -|    -|      0|     57|    -|
|FIFO             |        -|    -|      -|      -|    -|
|Instance         |        -|    -|    104|    229|    -|
|Memory           |        -|    -|      -|      -|    -|
|Multiplexer      |        -|    -|      0|    112|    -|
|Register         |        -|    -|    122|      -|    -|
+-----------------+---------+-----+-------+-------+-----+
|Total            |        0|    0|    226|    398|    0|
+-----------------+---------+-----+-------+-------+-----+
|Available        |      300|  240|  94464|  47232|    0|
+-----------------+---------+-----+-------+-------+-----+
|Utilization (%)  |        0|    0|     ~0|     ~0|    0|
+-----------------+---------+-----+-------+-------+-----+

+ Detail: 
    * Instance: 
    +--------------------------------------------------------------+---------------------------------------------------+---------+----+----+-----+-----+
    |                           Instance                           |                       Module                      | BRAM_18K| DSP| FF | LUT | URAM|
    +--------------------------------------------------------------+---------------------------------------------------+---------+----+----+-----+-----+
    |grp_MultiPixStream2AXIvideo_Pipeline_VITIS_LOOP_664_2_fu_116  |MultiPixStream2AXIvideo_Pipeline_VITIS_LOOP_664_2  |        0|   0|  78|  225|    0|
    |grp_reg_unsigned_short_s_fu_149                               |reg_unsigned_short_s                               |        0|   0|  13|    2|    0|
    |grp_reg_unsigned_short_s_fu_155                               |reg_unsigned_short_s                               |        0|   0|  13|    2|    0|
    +--------------------------------------------------------------+---------------------------------------------------+---------+----+----+-----+-----+
    |Total                                                         |                                                   |        0|   0| 104|  229|    0|
    +--------------------------------------------------------------+---------------------------------------------------+---------+----+----+-----+-----+

    * DSP: 
    N/A

    * Memory: 
    N/A

    * FIFO: 
    N/A

    * Expression: 
    +----------------------------------------------------------------------------------+----------+----+---+----+------------+------------+
    |                                   Variable Name                                  | Operation| DSP| FF| LUT| Bitwidth P0| Bitwidth P1|
    +----------------------------------------------------------------------------------+----------+----+---+----+------------+------------+
    |add_ln677_fu_176_p2                                                               |         +|   0|  0|  17|          10|           2|
    |i_2_fu_190_p2                                                                     |         +|   0|  0|  18|          11|           1|
    |grp_MultiPixStream2AXIvideo_Pipeline_VITIS_LOOP_664_2_fu_116_m_axis_video_TREADY  |       and|   0|  0|   2|           1|           1|
    |icmp_ln662_fu_185_p2                                                              |      icmp|   0|  0|  18|          11|          11|
    |ap_block_state1                                                                   |        or|   0|  0|   2|           1|           1|
    +----------------------------------------------------------------------------------+----------+----+---+----+------------+------------+
    |Total                                                                             |          |   0|  0|  57|          34|          16|
    +----------------------------------------------------------------------------------+----------+----+---+----+------------+------------+

    * Multiplexer: 
    +---------------------------------+----+-----------+-----+-----------+
    |               Name              | LUT| Input Size| Bits| Total Bits|
    +---------------------------------+----+-----------+-----+-----------+
    |ap_NS_fsm                        |  31|          6|    1|          6|
    |ap_done                          |   9|          2|    1|          2|
    |i_fu_80                          |   9|          2|   11|         22|
    |m_axis_video_TDATA_int_regslice  |   9|          2|   48|         96|
    |m_axis_video_TDEST_int_regslice  |   9|          2|    1|          2|
    |m_axis_video_TID_int_regslice    |   9|          2|    1|          2|
    |m_axis_video_TKEEP_int_regslice  |   9|          2|    6|         12|
    |m_axis_video_TLAST_int_regslice  |   9|          2|    1|          2|
    |m_axis_video_TSTRB_int_regslice  |   9|          2|    6|         12|
    |m_axis_video_TUSER_int_regslice  |   9|          2|    1|          2|
    +---------------------------------+----+-----------+-----+-----------+
    |Total                            | 112|         24|   77|        158|
    +---------------------------------+----+-----------+-----+-----------+

    * Register: 
    +---------------------------------------------------------------------------+----+----+-----+-----------+
    |                                    Name                                   | FF | LUT| Bits| Const Bits|
    +---------------------------------------------------------------------------+----+----+-----+-----------+
    |OutVideoFormat_read_reg_208                                                |   8|   0|    8|          0|
    |add_ln677_reg_223                                                          |  10|   0|   10|          0|
    |ap_CS_fsm                                                                  |   5|   0|    5|          0|
    |ap_done_reg                                                                |   1|   0|    1|          0|
    |grp_MultiPixStream2AXIvideo_Pipeline_VITIS_LOOP_664_2_fu_116_ap_start_reg  |   1|   0|    1|          0|
    |i_fu_80                                                                    |  11|   0|   11|          0|
    |m_axis_video_TDATA_reg                                                     |  48|   0|   48|          0|
    |m_axis_video_TDEST_reg                                                     |   1|   0|    1|          0|
    |m_axis_video_TID_reg                                                       |   1|   0|    1|          0|
    |m_axis_video_TKEEP_reg                                                     |   6|   0|    6|          0|
    |m_axis_video_TLAST_reg                                                     |   1|   0|    1|          0|
    |m_axis_video_TSTRB_reg                                                     |   6|   0|    6|          0|
    |m_axis_video_TUSER_reg                                                     |   1|   0|    1|          0|
    |rows_reg_213                                                               |  11|   0|   11|          0|
    |sof_reg_102                                                                |   1|   0|    1|          0|
    |trunc_ln9_reg_218                                                          |  10|   0|   10|          0|
    +---------------------------------------------------------------------------+----+----+-----+-----------+
    |Total                                                                      | 122|   0|  122|          0|
    +---------------------------------------------------------------------------+----+----+-----+-----------+



================================================================
== Interface
================================================================
* Summary: 
+--------------------------------------+-----+-----+------------+-------------------------+--------------+
|               RTL Ports              | Dir | Bits|  Protocol  |      Source Object      |    C Type    |
+--------------------------------------+-----+-----+------------+-------------------------+--------------+
|ap_clk                                |   in|    1|  ap_ctrl_hs|  MultiPixStream2AXIvideo|  return value|
|ap_rst                                |   in|    1|  ap_ctrl_hs|  MultiPixStream2AXIvideo|  return value|
|ap_start                              |   in|    1|  ap_ctrl_hs|  MultiPixStream2AXIvideo|  return value|
|ap_done                               |  out|    1|  ap_ctrl_hs|  MultiPixStream2AXIvideo|  return value|
|ap_continue                           |   in|    1|  ap_ctrl_hs|  MultiPixStream2AXIvideo|  return value|
|ap_idle                               |  out|    1|  ap_ctrl_hs|  MultiPixStream2AXIvideo|  return value|
|ap_ready                              |  out|    1|  ap_ctrl_hs|  MultiPixStream2AXIvideo|  return value|
|height                                |   in|   16|     ap_none|                   height|       pointer|
|width                                 |   in|   16|     ap_none|                    width|       pointer|
|OutVideoFormat                        |   in|    8|     ap_none|           OutVideoFormat|       pointer|
|stream_out_hresampled_dout            |   in|   48|     ap_fifo|    stream_out_hresampled|       pointer|
|stream_out_hresampled_empty_n         |   in|    1|     ap_fifo|    stream_out_hresampled|       pointer|
|stream_out_hresampled_read            |  out|    1|     ap_fifo|    stream_out_hresampled|       pointer|
|stream_out_hresampled_num_data_valid  |   in|    5|     ap_fifo|    stream_out_hresampled|       pointer|
|stream_out_hresampled_fifo_cap        |   in|    5|     ap_fifo|    stream_out_hresampled|       pointer|
|m_axis_video_TDATA                    |  out|   48|        axis|    m_axis_video_V_data_V|       pointer|
|m_axis_video_TVALID                   |  out|    1|        axis|    m_axis_video_V_dest_V|       pointer|
|m_axis_video_TREADY                   |   in|    1|        axis|    m_axis_video_V_dest_V|       pointer|
|m_axis_video_TDEST                    |  out|    1|        axis|    m_axis_video_V_dest_V|       pointer|
|m_axis_video_TKEEP                    |  out|    6|        axis|    m_axis_video_V_keep_V|       pointer|
|m_axis_video_TSTRB                    |  out|    6|        axis|    m_axis_video_V_strb_V|       pointer|
|m_axis_video_TUSER                    |  out|    1|        axis|    m_axis_video_V_user_V|       pointer|
|m_axis_video_TLAST                    |  out|    1|        axis|    m_axis_video_V_last_V|       pointer|
|m_axis_video_TID                      |  out|    1|        axis|      m_axis_video_V_id_V|       pointer|
+--------------------------------------+-----+-----+------------+-------------------------+--------------+

