

================================================================
== Vitis HLS Report for 'v_csc'
================================================================
* Date:           Wed Jan 21 13:02:37 2026

* Version:        2025.2 (Build 6295257 on Nov 14 2025)
* Project:        prj
* Solution:       sol (Vivado IP Flow Target)
* Product family: zynquplus
* Target device:  xczu2cg-sfvc784-1-e


================================================================
== Performance Estimates
================================================================
+ Timing: 
    * Summary: 
    +--------+---------+----------+------------+
    |  Clock |  Target | Estimated| Uncertainty|
    +--------+---------+----------+------------+
    |ap_clk  |  5.00 ns|  3.443 ns|     1.35 ns|
    +--------+---------+----------+------------+

+ Latency: 
    * Summary: 
    +---------+---------+----------+----------+-----+-----+----------+
    |  Latency (cycles) |  Latency (absolute) |  Interval | Pipeline |
    |   min   |   max   |    min   |    max   | min | max |   Type   |
    +---------+---------+----------+----------+-----+-----+----------+
    |        ?|        ?|         ?|         ?|    ?|    ?|  dataflow|
    +---------+---------+----------+----------+-----+-----+----------+

    + Detail: 
        * Instance: 
        +----------------------------+-------------------------+---------+------------+-----------+-----------+------+------------+---------+
        |                            |                         |   Latency (cycles)   |   Latency (absolute)  |      Interval     | Pipeline|
        |          Instance          |          Module         |   min   |     max    |    min    |    max    |  min |     max    |   Type  |
        +----------------------------+-------------------------+---------+------------+-----------+-----------+------+------------+---------+
        |AXIvideo2MultiPixStream_U0  |AXIvideo2MultiPixStream  |     2630|     1046526|  13.150 us|   5.233 ms|  2630|     1046526|       no|
        |Block_entry_proc_1_U0       |Block_entry_proc_1       |        0|           0|       0 ns|       0 ns|     0|           0|       no|
        |v_hcresampler_core_U0       |v_hcresampler_core       |        2|  1073938427|  10.000 ns|  5.370 sec|     2|  1073938427|       no|
        |v_csc_core_U0               |v_csc_core               |        ?|           ?|          ?|          ?|     ?|           ?|       no|
        |v_hcresampler_core_1_U0     |v_hcresampler_core_1     |        2|  1073938427|  10.000 ns|  5.370 sec|     2|  1073938427|       no|
        |MultiPixStream2AXIvideo_U0  |MultiPixStream2AXIvideo  |     2435|     1043283|  12.175 us|   5.216 ms|  2435|     1043283|       no|
        +----------------------------+-------------------------+---------+------------+-----------+-----------+------+------------+---------+

        * Loop: 
        N/A



================================================================
== Utilization Estimates
================================================================
* Summary: 
+-----------------+---------+-----+-------+-------+-----+
|       Name      | BRAM_18K| DSP |   FF  |  LUT  | URAM|
+-----------------+---------+-----+-------+-------+-----+
|DSP              |        -|    -|      -|      -|    -|
|Expression       |        -|    -|      0|     22|    -|
|FIFO             |        -|    -|    594|    402|    -|
|Instance         |        0|   18|   3708|   5642|    0|
|Memory           |        -|    -|      -|      -|    -|
|Multiplexer      |        -|    -|      0|     36|    -|
|Register         |        -|    -|      4|      -|    -|
+-----------------+---------+-----+-------+-------+-----+
|Total            |        0|   18|   4306|   6102|    0|
+-----------------+---------+-----+-------+-------+-----+
|Available        |      300|  240|  94464|  47232|    0|
+-----------------+---------+-----+-------+-------+-----+
|Utilization (%)  |        0|    7|      4|     12|    0|
+-----------------+---------+-----+-------+-------+-----+

+ Detail: 
    * Instance: 
    +----------------------------+-------------------------+---------+----+------+------+-----+
    |          Instance          |          Module         | BRAM_18K| DSP|  FF  |  LUT | URAM|
    +----------------------------+-------------------------+---------+----+------+------+-----+
    |AXIvideo2MultiPixStream_U0  |AXIvideo2MultiPixStream  |        0|   0|   215|   472|    0|
    |Block_entry_proc_1_U0       |Block_entry_proc_1       |        0|   0|     4|    93|    0|
    |CTRL_s_axi_U                |CTRL_s_axi               |        0|   0|   744|  1024|    0|
    |MultiPixStream2AXIvideo_U0  |MultiPixStream2AXIvideo  |        0|   0|   226|   398|    0|
    |v_csc_core_U0               |v_csc_core               |        0|  18|  1640|  2109|    0|
    |v_hcresampler_core_U0       |v_hcresampler_core       |        0|   0|   375|   709|    0|
    |v_hcresampler_core_1_U0     |v_hcresampler_core_1     |        0|   0|   504|   837|    0|
    +----------------------------+-------------------------+---------+----+------+------+-----+
    |Total                       |                         |        0|  18|  3708|  5642|    0|
    +----------------------------+-------------------------+---------+----+------+------+-----+

    * DSP: 
    N/A

    * Memory: 
    N/A

    * FIFO: 
    +-------------------------+---------+----+----+-----+------+-----+---------+
    |           Name          | BRAM_18K| FF | LUT| URAM| Depth| Bits| Size:D*B|
    +-------------------------+---------+----+----+-----+------+-----+---------+
    |cond64_loc_channel_U     |        0|  99|   0|    -|     4|    1|        4|
    |cond_loc_channel_U       |        0|  99|   0|    -|     2|    1|        2|
    |stream_csc_U             |        0|  99|   0|    -|    16|   48|      768|
    |stream_in_U              |        0|  99|   0|    -|    16|   48|      768|
    |stream_in_hresampled_U   |        0|  99|   0|    -|    16|   48|      768|
    |stream_out_hresampled_U  |        0|  99|   0|    -|    16|   48|      768|
    +-------------------------+---------+----+----+-----+------+-----+---------+
    |Total                    |        0| 594|   0|    0|    70|  194|     3078|
    +-------------------------+---------+----+----+-----+------+-----+---------+

    * Expression: 
    +---------------------------------------------+----------+----+---+----+------------+------------+
    |                Variable Name                | Operation| DSP| FF| LUT| Bitwidth P0| Bitwidth P1|
    +---------------------------------------------+----------+----+---+----+------------+------------+
    |AXIvideo2MultiPixStream_U0_ap_start          |       and|   0|  0|   2|           1|           1|
    |Block_entry_proc_1_U0_ap_continue            |       and|   0|  0|   2|           1|           1|
    |Block_entry_proc_1_U0_ap_start               |       and|   0|  0|   2|           1|           1|
    |ap_channel_done_cond64_loc_channel           |       and|   0|  0|   2|           1|           1|
    |ap_channel_done_cond_loc_channel             |       and|   0|  0|   2|           1|           1|
    |ap_idle                                      |       and|   0|  0|   2|           1|           1|
    |ap_sync_ready                                |       and|   0|  0|   2|           1|           1|
    |ap_sync_AXIvideo2MultiPixStream_U0_ap_ready  |        or|   0|  0|   2|           1|           1|
    |ap_sync_Block_entry_proc_1_U0_ap_ready       |        or|   0|  0|   2|           1|           1|
    |ap_sync_channel_write_cond64_loc_channel     |        or|   0|  0|   2|           1|           1|
    |ap_sync_channel_write_cond_loc_channel       |        or|   0|  0|   2|           1|           1|
    +---------------------------------------------+----------+----+---+----+------------+------------+
    |Total                                        |          |   0|  0|  22|          11|          11|
    +---------------------------------------------+----------+----+---+----+------------+------------+

    * Multiplexer: 
    +-------------------------------------------------+----+-----------+-----+-----------+
    |                       Name                      | LUT| Input Size| Bits| Total Bits|
    +-------------------------------------------------+----+-----------+-----+-----------+
    |ap_sync_reg_AXIvideo2MultiPixStream_U0_ap_ready  |   9|          2|    1|          2|
    |ap_sync_reg_Block_entry_proc_1_U0_ap_ready       |   9|          2|    1|          2|
    |ap_sync_reg_channel_write_cond64_loc_channel     |   9|          2|    1|          2|
    |ap_sync_reg_channel_write_cond_loc_channel       |   9|          2|    1|          2|
    +-------------------------------------------------+----+-----------+-----+-----------+
    |Total                                            |  36|          8|    4|          8|
    +-------------------------------------------------+----+-----------+-----+-----------+

    * Register: 
    +-------------------------------------------------+---+----+-----+-----------+
    |                       Name                      | FF| LUT| Bits| Const Bits|
    +-------------------------------------------------+---+----+-----+-----------+
    |ap_sync_reg_AXIvideo2MultiPixStream_U0_ap_ready  |  1|   0|    1|          0|
    |ap_sync_reg_Block_entry_proc_1_U0_ap_ready       |  1|   0|    1|          0|
    |ap_sync_reg_channel_write_cond64_loc_channel     |  1|   0|    1|          0|
    |ap_sync_reg_channel_write_cond_loc_channel       |  1|   0|    1|          0|
    +-------------------------------------------------+---+----+-----+-----------+
    |Total                                            |  4|   0|    4|          0|
    +-------------------------------------------------+---+----+-----+-----------+



================================================================
== Interface
================================================================
* Summary: 
+---------------------+-----+-----+------------+-----------------------+--------------+
|      RTL Ports      | Dir | Bits|  Protocol  |     Source Object     |    C Type    |
+---------------------+-----+-----+------------+-----------------------+--------------+
|s_axi_CTRL_AWVALID   |   in|    1|       s_axi|                   CTRL|       pointer|
|s_axi_CTRL_AWREADY   |  out|    1|       s_axi|                   CTRL|       pointer|
|s_axi_CTRL_AWADDR    |   in|    9|       s_axi|                   CTRL|       pointer|
|s_axi_CTRL_WVALID    |   in|    1|       s_axi|                   CTRL|       pointer|
|s_axi_CTRL_WREADY    |  out|    1|       s_axi|                   CTRL|       pointer|
|s_axi_CTRL_WDATA     |   in|   32|       s_axi|                   CTRL|       pointer|
|s_axi_CTRL_WSTRB     |   in|    4|       s_axi|                   CTRL|       pointer|
|s_axi_CTRL_ARVALID   |   in|    1|       s_axi|                   CTRL|       pointer|
|s_axi_CTRL_ARREADY   |  out|    1|       s_axi|                   CTRL|       pointer|
|s_axi_CTRL_ARADDR    |   in|    9|       s_axi|                   CTRL|       pointer|
|s_axi_CTRL_RVALID    |  out|    1|       s_axi|                   CTRL|       pointer|
|s_axi_CTRL_RREADY    |   in|    1|       s_axi|                   CTRL|       pointer|
|s_axi_CTRL_RDATA     |  out|   32|       s_axi|                   CTRL|       pointer|
|s_axi_CTRL_RRESP     |  out|    2|       s_axi|                   CTRL|       pointer|
|s_axi_CTRL_BVALID    |  out|    1|       s_axi|                   CTRL|       pointer|
|s_axi_CTRL_BREADY    |   in|    1|       s_axi|                   CTRL|       pointer|
|s_axi_CTRL_BRESP     |  out|    2|       s_axi|                   CTRL|       pointer|
|ap_clk               |   in|    1|  ap_ctrl_hs|                  v_csc|  return value|
|ap_rst_n             |   in|    1|  ap_ctrl_hs|                  v_csc|  return value|
|interrupt            |  out|    1|  ap_ctrl_hs|                  v_csc|  return value|
|s_axis_video_TDATA   |   in|   48|        axis|  s_axis_video_V_data_V|       pointer|
|s_axis_video_TKEEP   |   in|    6|        axis|  s_axis_video_V_keep_V|       pointer|
|s_axis_video_TSTRB   |   in|    6|        axis|  s_axis_video_V_strb_V|       pointer|
|s_axis_video_TUSER   |   in|    1|        axis|  s_axis_video_V_user_V|       pointer|
|s_axis_video_TLAST   |   in|    1|        axis|  s_axis_video_V_last_V|       pointer|
|s_axis_video_TID     |   in|    1|        axis|    s_axis_video_V_id_V|       pointer|
|s_axis_video_TDEST   |   in|    1|        axis|  s_axis_video_V_dest_V|       pointer|
|s_axis_video_TVALID  |   in|    1|        axis|  s_axis_video_V_dest_V|       pointer|
|s_axis_video_TREADY  |  out|    1|        axis|  s_axis_video_V_dest_V|       pointer|
|m_axis_video_TDATA   |  out|   48|        axis|  m_axis_video_V_data_V|       pointer|
|m_axis_video_TKEEP   |  out|    6|        axis|  m_axis_video_V_keep_V|       pointer|
|m_axis_video_TSTRB   |  out|    6|        axis|  m_axis_video_V_strb_V|       pointer|
|m_axis_video_TUSER   |  out|    1|        axis|  m_axis_video_V_user_V|       pointer|
|m_axis_video_TLAST   |  out|    1|        axis|  m_axis_video_V_last_V|       pointer|
|m_axis_video_TID     |  out|    1|        axis|    m_axis_video_V_id_V|       pointer|
|m_axis_video_TDEST   |  out|    1|        axis|  m_axis_video_V_dest_V|       pointer|
|m_axis_video_TVALID  |  out|    1|        axis|  m_axis_video_V_dest_V|       pointer|
|m_axis_video_TREADY  |   in|    1|        axis|  m_axis_video_V_dest_V|       pointer|
+---------------------+-----+-----+------------+-----------------------+--------------+

