

================================================================
== Vitis HLS Report for 'v_hcresampler_core_1_Pipeline_VITIS_LOOP_769_2'
================================================================
* Date:           Wed Jan 21 13:02:34 2026

* Version:        2025.2 (Build 6295257 on Nov 14 2025)
* Project:        prj
* Solution:       sol (Vivado IP Flow Target)
* Product family: zynquplus
* Target device:  xczu2cg-sfvc784-1-e


================================================================
== Performance Estimates
================================================================
+ Timing: 
    * Summary: 
    +--------+---------+----------+------------+
    |  Clock |  Target | Estimated| Uncertainty|
    +--------+---------+----------+------------+
    |ap_clk  |  5.00 ns|  2.476 ns|     1.35 ns|
    +--------+---------+----------+------------+

+ Latency: 
    * Summary: 
    +---------+---------+-----------+----------+-----+-----+-------------------+
    |  Latency (cycles) |  Latency (absolute)  |  Interval |      Pipeline     |
    |   min   |   max   |    min    |    max   | min | max |        Type       |
    +---------+---------+-----------+----------+-----+-----+-------------------+
    |        4|    32771|  20.000 ns|  0.164 ms|    0|    0|  loop pipeline stp|
    +---------+---------+-----------+----------+-----+-----+-------------------+

    + Detail: 
        * Instance: 
        N/A

        * Loop: 
        +--------------------+---------+---------+----------+-----------+-----------+-----------+----------+
        |                    |  Latency (cycles) | Iteration|  Initiation Interval  |    Trip   |          |
        |      Loop Name     |   min   |   max   |  Latency |  achieved |   target  |   Count   | Pipelined|
        +--------------------+---------+---------+----------+-----------+-----------+-----------+----------+
        |- VITIS_LOOP_769_2  |        2|    32769|         4|          1|          1|  0 ~ 32767|       yes|
        +--------------------+---------+---------+----------+-----------+-----------+-----------+----------+



================================================================
== Utilization Estimates
================================================================
* Summary: 
+-----------------+---------+-----+-------+-------+-----+
|       Name      | BRAM_18K| DSP |   FF  |  LUT  | URAM|
+-----------------+---------+-----+-------+-------+-----+
|DSP              |        -|    -|      -|      -|    -|
|Expression       |        -|    -|      0|    330|    -|
|FIFO             |        -|    -|      -|      -|    -|
|Instance         |        -|    -|      -|      -|    -|
|Memory           |        -|    -|      -|      -|    -|
|Multiplexer      |        -|    -|      0|    284|    -|
|Register         |        -|    -|    222|     32|    -|
+-----------------+---------+-----+-------+-------+-----+
|Total            |        0|    0|    222|    646|    0|
+-----------------+---------+-----+-------+-------+-----+
|Available        |      300|  240|  94464|  47232|    0|
+-----------------+---------+-----+-------+-------+-----+
|Utilization (%)  |        0|    0|     ~0|      1|    0|
+-----------------+---------+-----+-------+-------+-----+

+ Detail: 
    * Instance: 
    N/A

    * DSP: 
    N/A

    * Memory: 
    N/A

    * FIFO: 
    N/A

    * Expression: 
    +---------------------------------------+----------+----+---+----+------------+------------+
    |             Variable Name             | Operation| DSP| FF| LUT| Bitwidth P0| Bitwidth P1|
    +---------------------------------------+----------+----+---+----+------------+------------+
    |add_ln891_1_fu_707_p2                  |         +|   0|  0|  18|          10|          10|
    |add_ln891_2_fu_701_p2                  |         +|   0|  0|  18|          10|          10|
    |add_ln891_fu_691_p2                    |         +|   0|  0|  16|           9|           2|
    |add_ln894_1_fu_756_p2                  |         +|   0|  0|  18|          10|          10|
    |add_ln894_2_fu_750_p2                  |         +|   0|  0|  18|          10|          10|
    |add_ln894_fu_740_p2                    |         +|   0|  0|  16|           9|           2|
    |x_4_fu_399_p2                          |         +|   0|  0|  22|          15|           1|
    |out_x_fu_405_p2                        |         -|   0|  0|  23|          16|          16|
    |ap_block_state2_pp0_stage0_iter1_grp1  |       and|   0|  0|   2|           1|           1|
    |ap_block_state3_pp0_stage0_iter2_grp1  |       and|   0|  0|   2|           1|           1|
    |ap_block_state4_pp0_stage0_iter3_grp1  |       and|   0|  0|   2|           1|           1|
    |ap_condition_668                       |       and|   0|  0|   2|           1|           1|
    |ap_predicate_op133_write_state3        |       and|   0|  0|   2|           1|           1|
    |ap_predicate_op153_write_state4        |       and|   0|  0|   2|           1|           1|
    |ap_predicate_op63_read_state2          |       and|   0|  0|   2|           1|           1|
    |icmp_ln769_fu_393_p2                   |      icmp|   0|  0|  23|          16|          16|
    |icmp_ln777_fu_411_p2                   |      icmp|   0|  0|  22|          15|          15|
    |icmp_ln833_fu_417_p2                   |      icmp|   0|  0|  22|          15|           1|
    |ap_block_pp0_stage0_01001_grp1         |        or|   0|  0|   2|           1|           1|
    |select_ln845_1_fu_615_p3               |    select|   0|  0|   8|           1|           8|
    |select_ln845_fu_608_p3                 |    select|   0|  0|   8|           1|           8|
    |select_ln859_1_fu_629_p3               |    select|   0|  0|   8|           1|           8|
    |select_ln859_2_fu_636_p3               |    select|   0|  0|   8|           1|           8|
    |select_ln859_3_fu_643_p3               |    select|   0|  0|   8|           1|           8|
    |select_ln859_4_fu_650_p3               |    select|   0|  0|   8|           1|           8|
    |select_ln859_5_fu_657_p3               |    select|   0|  0|   8|           1|           8|
    |select_ln859_6_fu_664_p3               |    select|   0|  0|   8|           1|           8|
    |select_ln859_7_fu_713_p3               |    select|   0|  0|   8|           1|           8|
    |select_ln859_fu_622_p3                 |    select|   0|  0|   8|           1|           8|
    |select_ln903_1_fu_897_p3               |    select|   0|  0|   8|           1|           8|
    |select_ln903_fu_891_p3                 |    select|   0|  0|   8|           1|           8|
    |ap_enable_pp0                          |       xor|   0|  0|   2|           1|           2|
    +---------------------------------------+----------+----+---+----+------------+------------+
    |Total                                  |          |   0|  0| 330|         156|         199|
    +---------------------------------------+----------+----+---+----+------------+------------+

    * Multiplexer: 
    +---------------------------------+----+-----------+-----+-----------+
    |               Name              | LUT| Input Size| Bits| Total Bits|
    +---------------------------------+----+-----------+-----+-----------+
    |ap_done_int                      |   9|          2|    1|          2|
    |ap_enable_reg_pp0_iter3          |   9|          2|    1|          2|
    |ap_sig_allocacmp_x_3             |   9|          2|   15|         30|
    |inpix_0_0_0_0_0_load745_i_out_o  |   9|          2|    8|         16|
    |inpix_0_1_0_0_0_load747_i_out_o  |   9|          2|    8|         16|
    |inpix_0_2_0_0_0_load749_i_out_o  |   9|          2|    8|         16|
    |inpix_0_3_0_0_0_load751_i_out_o  |   9|          2|    8|         16|
    |inpix_0_4_0_0_0_load753_i_out_o  |   9|          2|    8|         16|
    |inpix_0_5_0_0_0_load755_i_out_o  |   9|          2|    8|         16|
    |mpix_cb_2_out_o                  |   9|          2|    8|         16|
    |mpix_cb_3_fu_178                 |   9|          2|    8|         16|
    |mpix_cr_2_out_o                  |   9|          2|    8|         16|
    |mpix_cr_3_fu_182                 |   9|          2|    8|         16|
    |p_0_0_0_0_0509_1_3787_i_fu_158   |   9|          2|    8|         16|
    |p_0_0_0_0_0509_2770_i_out_o      |   9|          2|    8|         16|
    |p_0_0_0_0_0509_3778_i_out_o      |   9|          2|    8|         16|
    |p_0_0_0_0_0517757_i_fu_170       |   9|          2|    8|         16|
    |p_0_0_0_0_0_2774_i_out_o         |   9|          2|    8|         16|
    |p_0_0_0_0_0_3782_i_out_o         |   9|          2|    8|         16|
    |p_0_3_0_0_0759_i_fu_174          |   9|          2|    8|         16|
    |pixbuf_y_10_fu_198               |   9|          2|    8|         16|
    |pixbuf_y_6_out_o                 |   9|          2|    8|         16|
    |pixbuf_y_7_out_o                 |   9|          2|    8|         16|
    |pixbuf_y_8_fu_190                |   9|          2|    8|         16|
    |pixbuf_y_9_fu_194                |   9|          2|    8|         16|
    |pixbuf_y_fu_186                  |   9|          2|    8|         16|
    |storemerge744791_i_fu_162        |   9|          2|    8|         16|
    |stream_csc_blk_n                 |   9|          2|    1|          2|
    |stream_out_hresampled_blk_n      |   9|          2|    1|          2|
    |stream_out_hresampled_din        |  14|          3|   48|        144|
    |x_fu_166                         |   9|          2|   15|         30|
    +---------------------------------+----+-----------+-----+-----------+
    |Total                            | 284|         63|  274|        596|
    +---------------------------------+----+-----------+-----+-----------+

    * Register: 
    +-------------------------------------------+----+----+-----+-----------+
    |                    Name                   | FF | LUT| Bits| Const Bits|
    +-------------------------------------------+----+----+-----+-----------+
    |ap_CS_fsm                                  |   1|   0|    1|          0|
    |ap_block_pp0_stage0_subdone_grp0_done_reg  |   1|   0|    1|          0|
    |ap_done_reg                                |   1|   0|    1|          0|
    |ap_enable_reg_pp0_iter1                    |   1|   0|    1|          0|
    |ap_enable_reg_pp0_iter2                    |   1|   0|    1|          0|
    |ap_enable_reg_pp0_iter3                    |   1|   0|    1|          0|
    |ap_loop_exit_ready_pp0_iter1_reg           |   1|   0|    1|          0|
    |ap_loop_exit_ready_pp0_iter2_reg           |   1|   0|    1|          0|
    |icmp_ln769_reg_1035                        |   1|   0|    1|          0|
    |icmp_ln769_reg_1035_pp0_iter1_reg          |   1|   0|    1|          0|
    |icmp_ln777_reg_1039                        |   1|   0|    1|          0|
    |icmp_ln777_reg_1039_pp0_iter1_reg          |   1|   0|    1|          0|
    |icmp_ln833_reg_1045                        |   1|   0|    1|          0|
    |icmp_ln833_reg_1045_pp0_iter1_reg          |   1|   0|    1|          0|
    |lshr_ln1_reg_1081                          |   8|   0|    8|          0|
    |mpix_cb_3_fu_178                           |   8|   0|    8|          0|
    |mpix_cr_3_fu_182                           |   8|   0|    8|          0|
    |p_0_0_0_0_0509_1_3787_i_fu_158             |   8|   0|    8|          0|
    |p_0_0_0_0_0517757_i_fu_170                 |   8|   0|    8|          0|
    |p_0_3_0_0_0759_i_fu_174                    |   8|   0|    8|          0|
    |pixbuf_y_10_fu_198                         |   8|   0|    8|          0|
    |pixbuf_y_11_reg_1061                       |   8|   0|    8|          0|
    |pixbuf_y_12_reg_1066                       |   8|   0|    8|          0|
    |pixbuf_y_13_reg_1071                       |   8|   0|    8|          0|
    |pixbuf_y_14_reg_1076                       |   8|   0|    8|          0|
    |pixbuf_y_8_fu_190                          |   8|   0|    8|          0|
    |pixbuf_y_9_fu_194                          |   8|   0|    8|          0|
    |pixbuf_y_fu_186                            |   8|   0|    8|          0|
    |storemerge744791_i_fu_162                  |   8|   0|    8|          0|
    |tmp_reg_1057                               |   1|   0|    1|          0|
    |trunc_ln2_reg_1086                         |   8|   0|    8|          0|
    |x_fu_166                                   |  15|   0|   15|          0|
    |tmp_reg_1057                               |  64|  32|    1|          0|
    +-------------------------------------------+----+----+-----+-----------+
    |Total                                      | 222|  32|  159|          0|
    +-------------------------------------------+----+----+-----+-----------+



================================================================
== Interface
================================================================
* Summary: 
+----------------------------------------+-----+-----+------------+------------------------------------------------+--------------+
|                RTL Ports               | Dir | Bits|  Protocol  |                  Source Object                 |    C Type    |
+----------------------------------------+-----+-----+------------+------------------------------------------------+--------------+
|ap_clk                                  |   in|    1|  ap_ctrl_hs|  v_hcresampler_core.1_Pipeline_VITIS_LOOP_769_2|  return value|
|ap_rst                                  |   in|    1|  ap_ctrl_hs|  v_hcresampler_core.1_Pipeline_VITIS_LOOP_769_2|  return value|
|ap_start                                |   in|    1|  ap_ctrl_hs|  v_hcresampler_core.1_Pipeline_VITIS_LOOP_769_2|  return value|
|ap_done                                 |  out|    1|  ap_ctrl_hs|  v_hcresampler_core.1_Pipeline_VITIS_LOOP_769_2|  return value|
|ap_idle                                 |  out|    1|  ap_ctrl_hs|  v_hcresampler_core.1_Pipeline_VITIS_LOOP_769_2|  return value|
|ap_ready                                |  out|    1|  ap_ctrl_hs|  v_hcresampler_core.1_Pipeline_VITIS_LOOP_769_2|  return value|
|stream_csc_dout                         |   in|   48|     ap_fifo|                                      stream_csc|       pointer|
|stream_csc_empty_n                      |   in|    1|     ap_fifo|                                      stream_csc|       pointer|
|stream_csc_read                         |  out|    1|     ap_fifo|                                      stream_csc|       pointer|
|stream_csc_num_data_valid               |   in|    5|     ap_fifo|                                      stream_csc|       pointer|
|stream_csc_fifo_cap                     |   in|    5|     ap_fifo|                                      stream_csc|       pointer|
|stream_out_hresampled_din               |  out|   48|     ap_fifo|                           stream_out_hresampled|       pointer|
|stream_out_hresampled_full_n            |   in|    1|     ap_fifo|                           stream_out_hresampled|       pointer|
|stream_out_hresampled_write             |  out|    1|     ap_fifo|                           stream_out_hresampled|       pointer|
|stream_out_hresampled_num_data_valid    |   in|   32|     ap_fifo|                           stream_out_hresampled|       pointer|
|stream_out_hresampled_fifo_cap          |   in|   32|     ap_fifo|                           stream_out_hresampled|       pointer|
|pixbuf_y_5                              |   in|    8|     ap_none|                                      pixbuf_y_5|        scalar|
|pixbuf_y_4                              |   in|    8|     ap_none|                                      pixbuf_y_4|        scalar|
|pixbuf_y_3                              |   in|    8|     ap_none|                                      pixbuf_y_3|        scalar|
|pixbuf_y_2                              |   in|    8|     ap_none|                                      pixbuf_y_2|        scalar|
|mpix_cr_1                               |   in|    8|     ap_none|                                       mpix_cr_1|        scalar|
|mpix_cb_1                               |   in|    8|     ap_none|                                       mpix_cb_1|        scalar|
|storemerge_lcssa850_i                   |   in|    8|     ap_none|                           storemerge_lcssa850_i|        scalar|
|p_0_0_0_0_0509_1_3788_lcssa847_i        |   in|    8|     ap_none|                p_0_0_0_0_0509_1_3788_lcssa847_i|        scalar|
|p_0_3_0_0_0760_lcssa821_i               |   in|    8|     ap_none|                       p_0_3_0_0_0760_lcssa821_i|        scalar|
|p_0_0_0_0_0517758_lcssa818_i            |   in|    8|     ap_none|                    p_0_0_0_0_0517758_lcssa818_i|        scalar|
|loopWidth                               |   in|   16|     ap_none|                                       loopWidth|        scalar|
|p_read                                  |   in|    1|     ap_none|                                          p_read|        scalar|
|zext_ln730                              |   in|    1|     ap_none|                                      zext_ln730|        scalar|
|lshr_ln                                 |   in|   15|   ap_stable|                                         lshr_ln|        scalar|
|pixbuf_y_11_out                         |  out|    8|      ap_vld|                                 pixbuf_y_11_out|       pointer|
|pixbuf_y_11_out_ap_vld                  |  out|    1|      ap_vld|                                 pixbuf_y_11_out|       pointer|
|pixbuf_y_10_out                         |  out|    8|      ap_vld|                                 pixbuf_y_10_out|       pointer|
|pixbuf_y_10_out_ap_vld                  |  out|    1|      ap_vld|                                 pixbuf_y_10_out|       pointer|
|pixbuf_y_9_out                          |  out|    8|      ap_vld|                                  pixbuf_y_9_out|       pointer|
|pixbuf_y_9_out_ap_vld                   |  out|    1|      ap_vld|                                  pixbuf_y_9_out|       pointer|
|pixbuf_y_8_out                          |  out|    8|      ap_vld|                                  pixbuf_y_8_out|       pointer|
|pixbuf_y_8_out_ap_vld                   |  out|    1|      ap_vld|                                  pixbuf_y_8_out|       pointer|
|pixbuf_y_7_out_i                        |   in|    8|     ap_ovld|                                  pixbuf_y_7_out|       pointer|
|pixbuf_y_7_out_o                        |  out|    8|     ap_ovld|                                  pixbuf_y_7_out|       pointer|
|pixbuf_y_7_out_o_ap_vld                 |  out|    1|     ap_ovld|                                  pixbuf_y_7_out|       pointer|
|pixbuf_y_6_out_i                        |   in|    8|     ap_ovld|                                  pixbuf_y_6_out|       pointer|
|pixbuf_y_6_out_o                        |  out|    8|     ap_ovld|                                  pixbuf_y_6_out|       pointer|
|pixbuf_y_6_out_o_ap_vld                 |  out|    1|     ap_ovld|                                  pixbuf_y_6_out|       pointer|
|mpix_cr_3_out                           |  out|    8|      ap_vld|                                   mpix_cr_3_out|       pointer|
|mpix_cr_3_out_ap_vld                    |  out|    1|      ap_vld|                                   mpix_cr_3_out|       pointer|
|mpix_cr_2_out_i                         |   in|    8|     ap_ovld|                                   mpix_cr_2_out|       pointer|
|mpix_cr_2_out_o                         |  out|    8|     ap_ovld|                                   mpix_cr_2_out|       pointer|
|mpix_cr_2_out_o_ap_vld                  |  out|    1|     ap_ovld|                                   mpix_cr_2_out|       pointer|
|mpix_cb_3_out                           |  out|    8|      ap_vld|                                   mpix_cb_3_out|       pointer|
|mpix_cb_3_out_ap_vld                    |  out|    1|      ap_vld|                                   mpix_cb_3_out|       pointer|
|mpix_cb_2_out_i                         |   in|    8|     ap_ovld|                                   mpix_cb_2_out|       pointer|
|mpix_cb_2_out_o                         |  out|    8|     ap_ovld|                                   mpix_cb_2_out|       pointer|
|mpix_cb_2_out_o_ap_vld                  |  out|    1|     ap_ovld|                                   mpix_cb_2_out|       pointer|
|p_0_0_0_0_0_3782_i_out_i                |   in|    8|     ap_ovld|                          p_0_0_0_0_0_3782_i_out|       pointer|
|p_0_0_0_0_0_3782_i_out_o                |  out|    8|     ap_ovld|                          p_0_0_0_0_0_3782_i_out|       pointer|
|p_0_0_0_0_0_3782_i_out_o_ap_vld         |  out|    1|     ap_ovld|                          p_0_0_0_0_0_3782_i_out|       pointer|
|p_0_0_0_0_0509_3778_i_out_i             |   in|    8|     ap_ovld|                       p_0_0_0_0_0509_3778_i_out|       pointer|
|p_0_0_0_0_0509_3778_i_out_o             |  out|    8|     ap_ovld|                       p_0_0_0_0_0509_3778_i_out|       pointer|
|p_0_0_0_0_0509_3778_i_out_o_ap_vld      |  out|    1|     ap_ovld|                       p_0_0_0_0_0509_3778_i_out|       pointer|
|p_0_0_0_0_0_2774_i_out_i                |   in|    8|     ap_ovld|                          p_0_0_0_0_0_2774_i_out|       pointer|
|p_0_0_0_0_0_2774_i_out_o                |  out|    8|     ap_ovld|                          p_0_0_0_0_0_2774_i_out|       pointer|
|p_0_0_0_0_0_2774_i_out_o_ap_vld         |  out|    1|     ap_ovld|                          p_0_0_0_0_0_2774_i_out|       pointer|
|p_0_0_0_0_0509_2770_i_out_i             |   in|    8|     ap_ovld|                       p_0_0_0_0_0509_2770_i_out|       pointer|
|p_0_0_0_0_0509_2770_i_out_o             |  out|    8|     ap_ovld|                       p_0_0_0_0_0509_2770_i_out|       pointer|
|p_0_0_0_0_0509_2770_i_out_o_ap_vld      |  out|    1|     ap_ovld|                       p_0_0_0_0_0509_2770_i_out|       pointer|
|inpix_0_5_0_0_0_load755_i_out_i         |   in|    8|     ap_ovld|                   inpix_0_5_0_0_0_load755_i_out|       pointer|
|inpix_0_5_0_0_0_load755_i_out_o         |  out|    8|     ap_ovld|                   inpix_0_5_0_0_0_load755_i_out|       pointer|
|inpix_0_5_0_0_0_load755_i_out_o_ap_vld  |  out|    1|     ap_ovld|                   inpix_0_5_0_0_0_load755_i_out|       pointer|
|inpix_0_4_0_0_0_load753_i_out_i         |   in|    8|     ap_ovld|                   inpix_0_4_0_0_0_load753_i_out|       pointer|
|inpix_0_4_0_0_0_load753_i_out_o         |  out|    8|     ap_ovld|                   inpix_0_4_0_0_0_load753_i_out|       pointer|
|inpix_0_4_0_0_0_load753_i_out_o_ap_vld  |  out|    1|     ap_ovld|                   inpix_0_4_0_0_0_load753_i_out|       pointer|
|inpix_0_3_0_0_0_load751_i_out_i         |   in|    8|     ap_ovld|                   inpix_0_3_0_0_0_load751_i_out|       pointer|
|inpix_0_3_0_0_0_load751_i_out_o         |  out|    8|     ap_ovld|                   inpix_0_3_0_0_0_load751_i_out|       pointer|
|inpix_0_3_0_0_0_load751_i_out_o_ap_vld  |  out|    1|     ap_ovld|                   inpix_0_3_0_0_0_load751_i_out|       pointer|
|inpix_0_2_0_0_0_load749_i_out_i         |   in|    8|     ap_ovld|                   inpix_0_2_0_0_0_load749_i_out|       pointer|
|inpix_0_2_0_0_0_load749_i_out_o         |  out|    8|     ap_ovld|                   inpix_0_2_0_0_0_load749_i_out|       pointer|
|inpix_0_2_0_0_0_load749_i_out_o_ap_vld  |  out|    1|     ap_ovld|                   inpix_0_2_0_0_0_load749_i_out|       pointer|
|inpix_0_1_0_0_0_load747_i_out_i         |   in|    8|     ap_ovld|                   inpix_0_1_0_0_0_load747_i_out|       pointer|
|inpix_0_1_0_0_0_load747_i_out_o         |  out|    8|     ap_ovld|                   inpix_0_1_0_0_0_load747_i_out|       pointer|
|inpix_0_1_0_0_0_load747_i_out_o_ap_vld  |  out|    1|     ap_ovld|                   inpix_0_1_0_0_0_load747_i_out|       pointer|
|inpix_0_0_0_0_0_load745_i_out_i         |   in|    8|     ap_ovld|                   inpix_0_0_0_0_0_load745_i_out|       pointer|
|inpix_0_0_0_0_0_load745_i_out_o         |  out|    8|     ap_ovld|                   inpix_0_0_0_0_0_load745_i_out|       pointer|
|inpix_0_0_0_0_0_load745_i_out_o_ap_vld  |  out|    1|     ap_ovld|                   inpix_0_0_0_0_0_load745_i_out|       pointer|
+----------------------------------------+-----+-----+------------+------------------------------------------------+--------------+

