

================================================================
== Vitis HLS Report for 'v_hcresampler_core_1'
================================================================
* Date:           Wed Jan 21 13:02:35 2026

* Version:        2025.2 (Build 6295257 on Nov 14 2025)
* Project:        prj
* Solution:       sol (Vivado IP Flow Target)
* Product family: zynquplus
* Target device:  xczu2cg-sfvc784-1-e


================================================================
== Performance Estimates
================================================================
+ Timing: 
    * Summary: 
    +--------+---------+----------+------------+
    |  Clock |  Target | Estimated| Uncertainty|
    +--------+---------+----------+------------+
    |ap_clk  |  5.00 ns|  2.476 ns|     1.35 ns|
    +--------+---------+----------+------------+

+ Latency: 
    * Summary: 
    +---------+------------+-----------+-----------+-----+------------+---------+
    |   Latency (cycles)   |   Latency (absolute)  |     Interval     | Pipeline|
    |   min   |     max    |    min    |    max    | min |     max    |   Type  |
    +---------+------------+-----------+-----------+-----+------------+---------+
    |        2|  1073938427|  10.000 ns|  5.370 sec|    2|  1073938427|       no|
    +---------+------------+-----------+-----------+-----+------------+---------+

    + Detail: 
        * Instance: 
        +-----------------------------------------------------------+------------------------------------------------+---------+---------+-----------+----------+-----+-----+-------------------+
        |                                                           |                                                |  Latency (cycles) |  Latency (absolute)  |  Interval |      Pipeline     |
        |                          Instance                         |                     Module                     |   min   |   max   |    min    |    max   | min | max |        Type       |
        +-----------------------------------------------------------+------------------------------------------------+---------+---------+-----------+----------+-----+-----+-------------------+
        |grp_v_hcresampler_core_1_Pipeline_VITIS_LOOP_769_2_fu_190  |v_hcresampler_core_1_Pipeline_VITIS_LOOP_769_2  |        4|    32771|  20.000 ns|  0.164 ms|    0|    0|  loop pipeline stp|
        +-----------------------------------------------------------+------------------------------------------------+---------+---------+-----------+----------+-----+-----+-------------------+

        * Loop: 
        +--------------------+---------+------------+-----------+-----------+-----------+-----------+----------+
        |                    |   Latency (cycles)   | Iteration |  Initiation Interval  |    Trip   |          |
        |      Loop Name     |   min   |     max    |  Latency  |  achieved |   target  |   Count   | Pipelined|
        +--------------------+---------+------------+-----------+-----------+-----------+-----------+----------+
        |- VITIS_LOOP_767_1  |        0|  1073938425|  8 ~ 32775|          -|          -|  0 ~ 32767|        no|
        +--------------------+---------+------------+-----------+-----------+-----------+-----------+----------+



================================================================
== Utilization Estimates
================================================================
* Summary: 
+-----------------+---------+-----+-------+-------+-----+
|       Name      | BRAM_18K| DSP |   FF  |  LUT  | URAM|
+-----------------+---------+-----+-------+-------+-----+
|DSP              |        -|    -|      -|      -|    -|
|Expression       |        -|    -|      0|    127|    -|
|FIFO             |        -|    -|      -|      -|    -|
|Instance         |        -|    -|    222|    646|    -|
|Memory           |        -|    -|      -|      -|    -|
|Multiplexer      |        -|    -|      0|     64|    -|
|Register         |        -|    -|    282|      -|    -|
+-----------------+---------+-----+-------+-------+-----+
|Total            |        0|    0|    504|    837|    0|
+-----------------+---------+-----+-------+-------+-----+
|Available        |      300|  240|  94464|  47232|    0|
+-----------------+---------+-----+-------+-------+-----+
|Utilization (%)  |        0|    0|     ~0|      1|    0|
+-----------------+---------+-----+-------+-------+-----+

+ Detail: 
    * Instance: 
    +-----------------------------------------------------------+------------------------------------------------+---------+----+-----+-----+-----+
    |                          Instance                         |                     Module                     | BRAM_18K| DSP|  FF | LUT | URAM|
    +-----------------------------------------------------------+------------------------------------------------+---------+----+-----+-----+-----+
    |grp_v_hcresampler_core_1_Pipeline_VITIS_LOOP_769_2_fu_190  |v_hcresampler_core_1_Pipeline_VITIS_LOOP_769_2  |        0|   0|  222|  646|    0|
    +-----------------------------------------------------------+------------------------------------------------+---------+----+-----+-----+-----+
    |Total                                                      |                                                |        0|   0|  222|  646|    0|
    +-----------------------------------------------------------+------------------------------------------------+---------+----+-----+-----+-----+

    * DSP: 
    N/A

    * Memory: 
    N/A

    * FIFO: 
    N/A

    * Expression: 
    +--------------------------+----------+----+---+----+------------+------------+
    |       Variable Name      | Operation| DSP| FF| LUT| Bitwidth P0| Bitwidth P1|
    +--------------------------+----------+----+---+----+------------+------------+
    |add_ln767_fu_284_p2       |         +|   0|  0|  22|          15|           1|
    |loopWidth_fu_260_p2       |         +|   0|  0|  23|          16|          16|
    |icmp_ln767_fu_279_p2      |      icmp|   0|  0|  23|          16|          16|
    |icmp_ln769_fu_266_p2      |      icmp|   0|  0|  23|          16|           1|
    |ap_block_state1           |        or|   0|  0|   2|           1|           1|
    |select_ln738_1_fu_351_p3  |    select|   0|  0|   8|           1|           8|
    |select_ln738_2_fu_357_p3  |    select|   0|  0|   8|           1|           8|
    |select_ln738_3_fu_363_p3  |    select|   0|  0|   8|           1|           8|
    |select_ln738_fu_345_p3    |    select|   0|  0|   8|           1|           8|
    |xOffset_fu_237_p2         |       xor|   0|  0|   2|           1|           2|
    +--------------------------+----------+----+---+----+------------+------------+
    |Total                     |          |   0|  0| 127|          69|          69|
    +--------------------------+----------+----+---+----+------------+------------+

    * Multiplexer: 
    +------------+----+-----------+-----+-----------+
    |    Name    | LUT| Input Size| Bits| Total Bits|
    +------------+----+-----------+-----+-----------+
    |ap_NS_fsm   |  37|          7|    1|          7|
    |ap_done     |   9|          2|    1|          2|
    |real_start  |   9|          2|    1|          2|
    |y_2_fu_56   |   9|          2|   15|         30|
    +------------+----+-----------+-----+-----------+
    |Total       |  64|         13|   18|         41|
    +------------+----+-----------+-----+-----------+

    * Register: 
    +------------------------------------------------------------------------+----+----+-----+-----------+
    |                                  Name                                  | FF | LUT| Bits| Const Bits|
    +------------------------------------------------------------------------+----+----+-----+-----------+
    |ap_CS_fsm                                                               |   6|   0|    6|          0|
    |ap_done_reg                                                             |   1|   0|    1|          0|
    |grp_v_hcresampler_core_1_Pipeline_VITIS_LOOP_769_2_fu_190_ap_start_reg  |   1|   0|    1|          0|
    |icmp_ln769_reg_596                                                      |   1|   0|    1|          0|
    |inpix_0_0_0_0_0_load746_lcssa800_i_fu_60                                |   8|   0|    8|          0|
    |inpix_0_1_0_0_0_load748_lcssa803_i_fu_64                                |   8|   0|    8|          0|
    |inpix_0_2_0_0_0_load750_lcssa806_i_fu_68                                |   8|   0|    8|          0|
    |inpix_0_3_0_0_0_load752_lcssa809_i_fu_72                                |   8|   0|    8|          0|
    |inpix_0_4_0_0_0_load754_lcssa812_i_fu_76                                |   8|   0|    8|          0|
    |inpix_0_5_0_0_0_load756_lcssa815_i_fu_80                                |   8|   0|    8|          0|
    |loopHeight_reg_576                                                      |  16|   0|   16|          0|
    |loopWidth_reg_591                                                       |  16|   0|   16|          0|
    |lshr_ln_reg_586                                                         |  15|   0|   15|          0|
    |mpix_cb_1_fu_120                                                        |   8|   0|    8|          0|
    |mpix_cb_fu_116                                                          |   8|   0|    8|          0|
    |mpix_cr_1_fu_128                                                        |   8|   0|    8|          0|
    |mpix_cr_fu_124                                                          |   8|   0|    8|          0|
    |p_0_0_0_0_0509_1_3788_lcssa847_i_fu_108                                 |   8|   0|    8|          0|
    |p_0_0_0_0_0509_2771_lcssa835_i_fu_92                                    |   8|   0|    8|          0|
    |p_0_0_0_0_0509_3779_lcssa841_i_fu_100                                   |   8|   0|    8|          0|
    |p_0_0_0_0_0517758_lcssa818_i_fu_84                                      |   8|   0|    8|          0|
    |p_0_0_0_0_0_2775_lcssa838_i_fu_96                                       |   8|   0|    8|          0|
    |p_0_0_0_0_0_3783_lcssa844_i_fu_104                                      |   8|   0|    8|          0|
    |p_0_3_0_0_0760_lcssa821_i_fu_88                                         |   8|   0|    8|          0|
    |p_read_3_reg_546                                                        |   1|   0|    1|          0|
    |pixbuf_y_1_fu_136                                                       |   8|   0|    8|          0|
    |pixbuf_y_2_fu_140                                                       |   8|   0|    8|          0|
    |pixbuf_y_2_load_reg_607                                                 |   8|   0|    8|          0|
    |pixbuf_y_3_fu_144                                                       |   8|   0|    8|          0|
    |pixbuf_y_3_load_reg_612                                                 |   8|   0|    8|          0|
    |pixbuf_y_4_fu_148                                                       |   8|   0|    8|          0|
    |pixbuf_y_5_fu_152                                                       |   8|   0|    8|          0|
    |pixbuf_y_fu_132                                                         |   8|   0|    8|          0|
    |start_once_reg                                                          |   1|   0|    1|          0|
    |storemerge_lcssa850_i_fu_112                                            |   8|   0|    8|          0|
    |xOffset_reg_581                                                         |   1|   0|    1|          0|
    |y_2_fu_56                                                               |  15|   0|   15|          0|
    +------------------------------------------------------------------------+----+----+-----+-----------+
    |Total                                                                   | 282|   0|  282|          0|
    +------------------------------------------------------------------------+----+----+-----+-----------+



================================================================
== Interface
================================================================
* Summary: 
+--------------------------------------+-----+-----+------------+-----------------------+--------------+
|               RTL Ports              | Dir | Bits|  Protocol  |     Source Object     |    C Type    |
+--------------------------------------+-----+-----+------------+-----------------------+--------------+
|ap_clk                                |   in|    1|  ap_ctrl_hs|   v_hcresampler_core.1|  return value|
|ap_rst                                |   in|    1|  ap_ctrl_hs|   v_hcresampler_core.1|  return value|
|ap_start                              |   in|    1|  ap_ctrl_hs|   v_hcresampler_core.1|  return value|
|start_full_n                          |   in|    1|  ap_ctrl_hs|   v_hcresampler_core.1|  return value|
|ap_done                               |  out|    1|  ap_ctrl_hs|   v_hcresampler_core.1|  return value|
|ap_continue                           |   in|    1|  ap_ctrl_hs|   v_hcresampler_core.1|  return value|
|ap_idle                               |  out|    1|  ap_ctrl_hs|   v_hcresampler_core.1|  return value|
|ap_ready                              |  out|    1|  ap_ctrl_hs|   v_hcresampler_core.1|  return value|
|start_out                             |  out|    1|  ap_ctrl_hs|   v_hcresampler_core.1|  return value|
|start_write                           |  out|    1|  ap_ctrl_hs|   v_hcresampler_core.1|  return value|
|height                                |   in|   16|     ap_none|                 height|       pointer|
|width                                 |   in|   16|     ap_none|                  width|       pointer|
|p_read                                |   in|    1|     ap_none|                 p_read|        scalar|
|stream_csc_dout                       |   in|   48|     ap_fifo|             stream_csc|       pointer|
|stream_csc_empty_n                    |   in|    1|     ap_fifo|             stream_csc|       pointer|
|stream_csc_read                       |  out|    1|     ap_fifo|             stream_csc|       pointer|
|stream_csc_num_data_valid             |   in|    5|     ap_fifo|             stream_csc|       pointer|
|stream_csc_fifo_cap                   |   in|    5|     ap_fifo|             stream_csc|       pointer|
|stream_out_hresampled_din             |  out|   48|     ap_fifo|  stream_out_hresampled|       pointer|
|stream_out_hresampled_full_n          |   in|    1|     ap_fifo|  stream_out_hresampled|       pointer|
|stream_out_hresampled_write           |  out|    1|     ap_fifo|  stream_out_hresampled|       pointer|
|stream_out_hresampled_num_data_valid  |   in|   32|     ap_fifo|  stream_out_hresampled|       pointer|
|stream_out_hresampled_fifo_cap        |   in|   32|     ap_fifo|  stream_out_hresampled|       pointer|
+--------------------------------------+-----+-----+------------+-----------------------+--------------+

