Copyright 1986-2022 Xilinx, Inc. All Rights Reserved. Copyright 2022-2025 Advanced Micro Devices, Inc. All Rights Reserved.
----------------------------------------------------------------------------------------------------------------------------------------------------------------------
| Tool Version     : Vivado v.2025.2 (win64) Build 6299465 Fri Nov 14 19:35:11 GMT 2025
| Date             : Wed Jan 21 13:26:13 2026
| Host             : LAPTOP-N1KB207U running 64-bit major release  (build 9200)
| Command          : report_power -file design_1_wrapper_power_routed.rpt -pb design_1_wrapper_power_summary_routed.pb -rpx design_1_wrapper_power_routed.rpx
| Design           : design_1_wrapper
| Device           : xczu2cg-sfvc784-1-e
| Design State     : routed
| Grade            : extended
| Process          : typical
| Characterization : Production
----------------------------------------------------------------------------------------------------------------------------------------------------------------------

Power Report

Table of Contents
-----------------
1. Summary
1.1 On-Chip Components
1.2 Power Supply Summary
1.3 Confidence Level
2. Settings
2.1 Environment
2.2 Clock Constraints
3. Detailed Reports
3.1 By Hierarchy

1. Summary
----------

+--------------------------+--------------+
| Total On-Chip Power (W)  | 2.662        |
| Design Power Budget (W)  | Unspecified* |
| Power Budget Margin (W)  | NA           |
| Dynamic (W)              | 2.328        |
| Device Static (W)        | 0.334        |
| Effective TJA (C/W)      | 2.4          |
| Max Ambient (C)          | 93.7         |
| Junction Temperature (C) | 31.3         |
| Confidence Level         | Low          |
| Setting File             | ---          |
| Simulation Activity File | ---          |
| Design Nets Matched      | NA           |
+--------------------------+--------------+
* Specify Design Power Budget using, set_operating_conditions -design_power_budget <value in Watts>


1.1 On-Chip Components
----------------------

+--------------------------+-----------+----------+-----------+-----------------+
| On-Chip                  | Power (W) | Used     | Available | Utilization (%) |
+--------------------------+-----------+----------+-----------+-----------------+
| Clocks                   |     0.115 |       15 |       --- |             --- |
| CLB Logic                |     0.076 |    52175 |       --- |             --- |
|   LUT as Logic           |     0.063 |    18739 |     47232 |           39.67 |
|   LUT as Shift Register  |     0.005 |      958 |     28800 |            3.33 |
|   Register               |     0.004 |    25239 |     94464 |           26.72 |
|   CARRY8                 |     0.004 |      440 |      8820 |            4.99 |
|   LUT as Distributed RAM |    <0.001 |      112 |     28800 |            0.39 |
|   BUFG                   |    <0.001 |        2 |        24 |            8.33 |
|   Others                 |     0.000 |     1663 |       --- |             --- |
|   F7/F8 Muxes            |     0.000 |      365 |     70560 |            0.52 |
| Signals                  |     0.085 |    39783 |       --- |             --- |
| Block RAM                |     0.033 |       16 |       150 |           10.67 |
| MMCM                     |     0.097 |        0 |       --- |             --- |
| PLL                      |     0.125 |        2 |       --- |             --- |
| DSPs                     |     0.013 |       38 |       240 |           15.83 |
| I/O                      |     0.029 |       28 |       252 |           11.11 |
| PS8                      |     1.755 |        1 |       --- |             --- |
| Static Power             |     0.334 |          |           |                 |
|   PS Static              |     0.095 |          |           |                 |
|   PL Static              |     0.239 |          |           |                 |
| Total                    |     2.662 |          |           |                 |
+--------------------------+-----------+----------+-----------+-----------------+


1.2 Power Supply Summary
------------------------

+-----------------+-------------+-----------+-------------+------------+-------------+-------------+------------+
| Source          | Voltage (V) | Total (A) | Dynamic (A) | Static (A) | Powerup (A) | Budget (A)  | Margin (A) |
+-----------------+-------------+-----------+-------------+------------+-------------+-------------+------------+
| Vccint          |       0.850 |     0.437 |       0.381 |      0.055 |       NA    | Unspecified | NA         |
| Vccint_io       |       0.850 |     0.042 |       0.014 |      0.027 |       NA    | Unspecified | NA         |
| Vccbram         |       0.850 |     0.003 |       0.002 |      0.001 |       NA    | Unspecified | NA         |
| Vccaux          |       1.800 |     0.169 |       0.122 |      0.047 |       NA    | Unspecified | NA         |
| Vccaux_io       |       1.800 |     0.032 |       0.007 |      0.025 |       NA    | Unspecified | NA         |
| Vcco33          |       3.300 |     0.008 |       0.001 |      0.007 |       NA    | Unspecified | NA         |
| Vcco25          |       2.500 |     0.000 |       0.000 |      0.000 |       NA    | Unspecified | NA         |
| Vcco18          |       1.800 |     0.000 |       0.000 |      0.000 |       NA    | Unspecified | NA         |
| Vcco15          |       1.500 |     0.000 |       0.000 |      0.000 |       NA    | Unspecified | NA         |
| Vcco135         |       1.350 |     0.000 |       0.000 |      0.000 |       NA    | Unspecified | NA         |
| Vcco12          |       1.200 |     0.002 |       0.002 |      0.000 |       NA    | Unspecified | NA         |
| Vcco10          |       1.000 |     0.000 |       0.000 |      0.000 |       NA    | Unspecified | NA         |
| Vccadc          |       1.800 |     0.008 |       0.000 |      0.008 |       NA    | Unspecified | NA         |
| VCC_PSINTFP     |       0.850 |     0.446 |       0.417 |      0.029 |       NA    | Unspecified | NA         |
| VCC_PSINTLP     |       0.850 |     0.258 |       0.250 |      0.008 |       NA    | Unspecified | NA         |
| VPS_MGTRAVCC    |       0.850 |     0.119 |       0.118 |      0.001 |       NA    | Unspecified | NA         |
| VCC_PSINTFP_DDR |       0.850 |     0.597 |       0.592 |      0.005 |       NA    | Unspecified | NA         |
| VCC_PSPLL       |       1.200 |     0.071 |       0.069 |      0.002 |       NA    | Unspecified | NA         |
| VPS_MGTRAVTT    |       1.800 |     0.034 |       0.033 |      0.001 |       NA    | Unspecified | NA         |
| VCCO_PSDDR_504  |       1.200 |     0.401 |       0.367 |      0.034 |       NA    | Unspecified | NA         |
| VCC_PSAUX       |       1.800 |     0.002 |       0.000 |      0.002 |       NA    | Unspecified | NA         |
| VCC_PSBATT      |       1.200 |     0.000 |       0.000 |      0.000 |       NA    | Unspecified | NA         |
| VCC_PSDDR_PLL   |       1.800 |     0.001 |       0.000 |      0.001 |       NA    | Unspecified | NA         |
| VCCO_PSIO0_500  |       1.800 |     0.001 |       0.000 |      0.001 |       NA    | Unspecified | NA         |
| VCCO_PSIO1_501  |       1.800 |     0.001 |       0.000 |      0.001 |       NA    | Unspecified | NA         |
| VCCO_PSIO2_502  |       1.800 |     0.001 |       0.000 |      0.001 |       NA    | Unspecified | NA         |
| VCCO_PSIO3_503  |       3.300 |     0.001 |       0.000 |      0.001 |       NA    | Unspecified | NA         |
| VCC_PSADC       |       1.800 |     0.002 |       0.000 |      0.002 |       NA    | Unspecified | NA         |
+-----------------+-------------+-----------+-------------+------------+-------------+-------------+------------+


1.3 Confidence Level
--------------------

+-----------------------------+------------+--------------------------------------------------------+------------------------------------------------------------------------------------------------------------+
| User Input Data             | Confidence | Details                                                | Action                                                                                                     |
+-----------------------------+------------+--------------------------------------------------------+------------------------------------------------------------------------------------------------------------+
| Design implementation state | High       | Design is routed                                       |                                                                                                            |
| Clock nodes activity        | High       | User specified more than 95% of clocks                 |                                                                                                            |
| I/O nodes activity          | Low        | More than 75% of inputs are missing user specification | Provide missing input activity with simulation results or by editing the "By Resource Type -> I/Os" view   |
| Internal nodes activity     | Medium     | User specified less than 25% of internal nodes         | Provide missing internal nodes activity with simulation results or by editing the "By Resource Type" views |
| Device models               | High       | Device models are Production                           |                                                                                                            |
|                             |            |                                                        |                                                                                                            |
| Overall confidence level    | Low        |                                                        |                                                                                                            |
+-----------------------------+------------+--------------------------------------------------------+------------------------------------------------------------------------------------------------------------+


2. Settings
-----------

2.1 Environment
---------------

+-----------------------+--------------------------+
| Ambient Temp (C)      | 25.0                     |
| ThetaJA (C/W)         | 2.4                      |
| Airflow (LFM)         | 250                      |
| Heat Sink             | medium (Medium Profile)  |
| ThetaSA (C/W)         | 5.5                      |
| Board Selection       | medium (10"x10")         |
| # of Board Layers     | 12to15 (12 to 15 Layers) |
| Board Temperature (C) | 25.0                     |
+-----------------------+--------------------------+


2.2 Clock Constraints
---------------------

+------------------------------------+-------------------------------------------------------------------------------------------------------------------------------------------------------------------------------------------------+-----------------+
| Clock                              | Domain                                                                                                                                                                                          | Constraint (ns) |
+------------------------------------+-------------------------------------------------------------------------------------------------------------------------------------------------------------------------------------------------+-----------------+
| GEN_PLL_IN_IP_USP.pll0_clkout0     | design_1_i/mipi_csi2_rx_subsyst_0/inst/phy/inst/inst/bd_d10d_phy_0_rx_support_i/slave_rx.bd_d10d_phy_0_rx_hssio_i/inst/top_inst/clk_rst_top_inst/clk_scheme_inst/GEN_PLL_IN_IP_USP.pll0_clkout0 |             5.3 |
| GEN_PLL_IN_IP_USP.pll0_clkout0_1   | design_1_i/mipi_csi2_rx_subsyst_1/inst/phy/inst/inst/bd_115c_phy_0_rx_support_i/slave_rx.bd_115c_phy_0_rx_hssio_i/inst/top_inst/clk_rst_top_inst/clk_scheme_inst/GEN_PLL_IN_IP_USP.pll0_clkout0 |             5.3 |
| clk_out1_design_1_clk_wiz_0_0      | design_1_i/clk_wiz_0/inst/clk_out1_design_1_clk_wiz_0_0                                                                                                                                         |             5.0 |
| clkoutphy_out                      | design_1_i/mipi_csi2_rx_subsyst_0/inst/phy/inst/inst/bd_d10d_phy_0_rx_support_i/slave_rx.bd_d10d_phy_0_rx_hssio_i/inst/top_inst/clk_rst_top_inst/clk_scheme_inst/shared_pll0_clkoutphy_out      |             0.7 |
| clkoutphy_out_1                    | design_1_i/mipi_csi2_rx_subsyst_1/inst/phy/inst/inst/bd_115c_phy_0_rx_support_i/slave_rx.bd_115c_phy_0_rx_hssio_i/inst/top_inst/clk_rst_top_inst/clk_scheme_inst/shared_pll0_clkoutphy_out      |             0.7 |
| clkoutphy_out_1_DIV                | design_1_i/mipi_csi2_rx_subsyst_1/inst/phy/inst/inst/bd_115c_phy_0_rx_support_i/slave_rx.bd_115c_phy_0_rx_hssio_i/inst/top_inst/bs_ctrl_top_inst/rx_bs0_tx_bit_ctrl_in[26]                      |             5.3 |
| clkoutphy_out_DIV                  | design_1_i/mipi_csi2_rx_subsyst_0/inst/phy/inst/inst/bd_d10d_phy_0_rx_support_i/slave_rx.bd_d10d_phy_0_rx_hssio_i/inst/top_inst/bs_ctrl_top_inst/rx_bs0_tx_bit_ctrl_in[26]                      |             5.3 |
| mipi_phy_if_0_clk_p                | mipi_phy_if_0_clk_p                                                                                                                                                                             |             2.0 |
| mipi_phy_if_0_clk_p_FIFO_WRCLK_OUT | design_1_i/mipi_csi2_rx_subsyst_0/inst/phy/inst/inst/bd_d10d_phy_0_rx_support_i/slave_rx.bd_d10d_phy_0_rx_hssio_i/inst/top_inst/bs_top_inst/u_rx_bs/fifo_wr_clk_0                               |             8.0 |
| mipi_phy_if_1_clk_p                | mipi_phy_if_1_clk_p                                                                                                                                                                             |             2.0 |
| mipi_phy_if_1_clk_p_FIFO_WRCLK_OUT | design_1_i/mipi_csi2_rx_subsyst_1/inst/phy/inst/inst/bd_115c_phy_0_rx_support_i/slave_rx.bd_115c_phy_0_rx_hssio_i/inst/top_inst/bs_top_inst/u_rx_bs/fifo_wr_clk_0                               |             8.0 |
| pl_ref_clk                         | pl_ref_clk[0]                                                                                                                                                                                   |            40.0 |
+------------------------------------+-------------------------------------------------------------------------------------------------------------------------------------------------------------------------------------------------+-----------------+


3. Detailed Reports
-------------------

3.1 By Hierarchy
----------------

+----------------------------+-----------+
| Name                       | Power (W) |
+----------------------------+-----------+
| design_1_wrapper           |     2.328 |
|   design_1_i               |     2.325 |
|     axi_iic_0              |     0.003 |
|       U0                   |     0.003 |
|     axi_iic_1              |     0.003 |
|       U0                   |     0.003 |
|     clk_wiz_0              |     0.097 |
|       inst                 |     0.097 |
|     mipi_csi2_rx_subsyst_0 |     0.111 |
|       inst                 |     0.111 |
|     mipi_csi2_rx_subsyst_1 |     0.110 |
|       inst                 |     0.110 |
|     ps8_0_axi_periph       |     0.010 |
|       s00_couplers         |     0.006 |
|       xbar                 |     0.004 |
|     v_frmbuf_wr_0          |     0.063 |
|       inst                 |     0.063 |
|     v_frmbuf_wr_1          |     0.060 |
|       inst                 |     0.060 |
|     v_proc_ss_0            |     0.050 |
|       inst                 |     0.050 |
|     v_proc_ss_1            |     0.051 |
|       inst                 |     0.051 |
|     zynq_ultra_ps_e_0      |     1.766 |
|       inst                 |     1.766 |
+----------------------------+-----------+


