Copyright 1986-2022 Xilinx, Inc. All Rights Reserved. Copyright 2022-2025 Advanced Micro Devices, Inc. All Rights Reserved.
--------------------------------------------------------------------------------------------------------------------------------------------------
| Tool Version      : Vivado v.2025.2 (win64) Build 6299465 Fri Nov 14 19:35:11 GMT 2025
| Date              : Wed Jan 21 13:26:15 2026
| Host              : LAPTOP-N1KB207U running 64-bit major release  (build 9200)
| Command           : report_clock_utilization -file design_1_wrapper_clock_utilization_routed.rpt
| Design            : design_1_wrapper
| Device            : xczu2cg-sfvc784
| Speed File        : -1  PRODUCTION 1.30 05-15-2022
| Temperature Grade : E
| Design State      : Routed
--------------------------------------------------------------------------------------------------------------------------------------------------

Clock Utilization Report

Table of Contents
-----------------
1. Clock Primitive Utilization
2. Global Clock Resources
3. Global Clock Source Details
4. Clock Regions : Clock Primitives
5. Clock Regions : Load Primitives
6. Clock Regions : Global Clock Summary
7. Clock Regions : Routing Resource Utilization
8. Device Cell Placement Summary for Global Clock g0
9. Device Cell Placement Summary for Global Clock g1
10. Device Cell Placement Summary for Global Clock g2
11. Device Cell Placement Summary for Global Clock g3
12. Device Cell Placement Summary for Global Clock g4
13. Device Cell Placement Summary for Global Clock g5
14. Device Cell Placement Summary for Global Clock g6
15. Device Cell Placement Summary for Global Clock g7
16. Clock Region Cell Placement per Global Clock: Region X0Y0
17. Clock Region Cell Placement per Global Clock: Region X1Y0
18. Clock Region Cell Placement per Global Clock: Region X0Y1
19. Clock Region Cell Placement per Global Clock: Region X1Y1
20. Clock Region Cell Placement per Global Clock: Region X0Y2
21. Clock Region Cell Placement per Global Clock: Region X1Y2

1. Clock Primitive Utilization
------------------------------

+------------+------+-----------+-----+--------------+--------+
| Type       | Used | Available | LOC | Clock Region | Pblock |
+------------+------+-----------+-----+--------------+--------+
| BUFGCE     |    8 |        88 |   0 |            0 |      0 |
| BUFGCE_DIV |    0 |        12 |   0 |            0 |      0 |
| BUFGCTRL   |    0 |        24 |   0 |            0 |      0 |
| BUFG_PS    |    0 |        72 |   0 |            0 |      0 |
| MMCM       |    1 |         3 |   0 |            0 |      0 |
| PLL        |    2 |         6 |   0 |            0 |      0 |
+------------+------+-----------+-----+--------------+--------+


2. Global Clock Resources
-------------------------

+-----------+-----------+-----------------+------------+------------------+--------------+------+-------------------+------------------+-------------------+-------------+-----------------+--------------+------------------------------------+-------------------------------------------------------------------------------------------------------------------------------------------------------------------------------------------------------+-----------------------------------------------------------------------------------------------------------------------------------------------------------------------------------+
| Global Id | Source Id | Driver Type/Pin | Constraint | Site             | Clock Region | Root | Clock Delay Group | Clock Low Fanout | Load Clock Region | Clock Loads | Non-Clock Loads | Clock Period | Clock                              | Driver Pin                                                                                                                                                                                            | Net                                                                                                                                                                               |
+-----------+-----------+-----------------+------------+------------------+--------------+------+-------------------+------------------+-------------------+-------------+-----------------+--------------+------------------------------------+-------------------------------------------------------------------------------------------------------------------------------------------------------------------------------------------------------+-----------------------------------------------------------------------------------------------------------------------------------------------------------------------------------+
| g0        | src0      | BUFGCE/O        | None       | BUFGCE_X0Y13     | X1Y0         | X0Y1 |                   |                  |                 6 |       25566 |               2 |        5.000 | clk_out1_design_1_clk_wiz_0_0      | design_1_i/clk_wiz_0/inst/clkout1_buf/O                                                                                                                                                               | design_1_i/clk_wiz_0/inst/clk_out1                                                                                                                                                |
| g1        | src1      | BUFGCE/O        | None       | BUFGCE_X0Y0      | X1Y0         | X1Y0 |                   |                  |                 4 |         445 |               3 |        8.000 | mipi_phy_if_0_clk_p_FIFO_WRCLK_OUT | design_1_i/mipi_csi2_rx_subsyst_0/inst/phy/inst/inst/bd_d10d_phy_0_rx_support_i/slave_rx.rxbyteclkhs_buf/O                                                                                            | design_1_i/mipi_csi2_rx_subsyst_0/inst/phy/inst/inst/bd_d10d_phy_0_rx_support_i/rxbyteclkhs                                                                                       |
| g2        | src2      | BUFGCE/O        | None       | BUFGCE_X0Y27     | X1Y1         | X1Y1 |                   |                  |                 2 |         445 |               3 |        8.000 | mipi_phy_if_1_clk_p_FIFO_WRCLK_OUT | design_1_i/mipi_csi2_rx_subsyst_1/inst/phy/inst/inst/bd_115c_phy_0_rx_support_i/slave_rx.rxbyteclkhs_buf/O                                                                                            | design_1_i/mipi_csi2_rx_subsyst_1/inst/phy/inst/inst/bd_115c_phy_0_rx_support_i/rxbyteclkhs                                                                                       |
| g3        | src3      | BUFGCE/O        | None       | BUFGCE_X0Y1      | X1Y0         | X1Y0 |                   |                  |                 1 |          10 |               0 |        5.333 | GEN_PLL_IN_IP_USP.pll0_clkout0     | design_1_i/mipi_csi2_rx_subsyst_0/inst/phy/inst/inst/bd_d10d_phy_0_rx_support_i/slave_rx.bd_d10d_phy_0_rx_hssio_i/inst/top_inst/clk_rst_top_inst/clk_scheme_inst/GEN_PLL_IN_IP_USP.pll0_clkout0_buf/O | design_1_i/mipi_csi2_rx_subsyst_0/inst/phy/inst/inst/bd_d10d_phy_0_rx_support_i/slave_rx.bd_d10d_phy_0_rx_hssio_i/inst/top_inst/clk_rst_top_inst/clk_scheme_inst/pll0_clkout0_out |
| g4        | src4      | BUFGCE/O        | None       | BUFGCE_X0Y33     | X1Y1         | X1Y1 |                   |                  |                 1 |          10 |               0 |        5.333 | GEN_PLL_IN_IP_USP.pll0_clkout0_1   | design_1_i/mipi_csi2_rx_subsyst_1/inst/phy/inst/inst/bd_115c_phy_0_rx_support_i/slave_rx.bd_115c_phy_0_rx_hssio_i/inst/top_inst/clk_rst_top_inst/clk_scheme_inst/GEN_PLL_IN_IP_USP.pll0_clkout0_buf/O | design_1_i/mipi_csi2_rx_subsyst_1/inst/phy/inst/inst/bd_115c_phy_0_rx_support_i/slave_rx.bd_115c_phy_0_rx_hssio_i/inst/top_inst/clk_rst_top_inst/clk_scheme_inst/pll0_clkout0_out |
| g5        | src5      | BUFGCE/O        | None       | BUFGCE_HDIO_X3Y0 | X1Y0         | X1Y0 | n/a               |                  |                 1 |           0 |               1 |       40.000 | pl_ref_clk                         | design_1_i/util_ds_buf_0/U0/USE_BUFG.GEN_BUFG[0].BUFG_U/O                                                                                                                                             | design_1_i/util_ds_buf_0/U0/BUFG_O[0]                                                                                                                                             |
| g6        | src6      | BUFGCE/O        | None       | BUFGCE_X0Y8      | X1Y0         | X1Y0 | n/a               |                  |                 2 |           0 |            1178 |          n/a | n/a                                | design_1_i/zynq_ultra_ps_e_0/inst/PS8_i_bufg_place_1/O                                                                                                                                                | design_1_i/zynq_ultra_ps_e_0/inst/emio_gpio_o[7]                                                                                                                                  |
| g7        | src7      | BUFGCE/O        | None       | BUFGCE_X0Y2      | X1Y0         | X1Y0 | n/a               |                  |                 2 |           0 |            1178 |          n/a | n/a                                | design_1_i/zynq_ultra_ps_e_0/inst/PS8_i_bufg_place/O                                                                                                                                                  | design_1_i/zynq_ultra_ps_e_0/inst/emio_gpio_o[9]                                                                                                                                  |
+-----------+-----------+-----------------+------------+------------------+--------------+------+-------------------+------------------+-------------------+-------------+-----------------+--------------+------------------------------------+-------------------------------------------------------------------------------------------------------------------------------------------------------------------------------------------------------+-----------------------------------------------------------------------------------------------------------------------------------------------------------------------------------+
* Clock Loads column represents cell count of net connects that connect to a clock pin. Internal cell leaf pins are not considered
** Non-Clock Loads column represents cell count of non-clock pin loads


3. Global Clock Source Details
------------------------------

+-----------+-----------+----------------------------+----------------------+----------------------+--------------+-------------+-----------------+---------------------+------------------------------------+----------------------------------------------------------------------------------------------------------------------------------------------------------------------------------------------------------------+-------------------------------------------------------------------------------------------------------------------------------------------------------------------------------------------------+
| Source Id | Global Id | Driver Type/Pin            | Constraint           | Site                 | Clock Region | Clock Loads | Non-Clock Loads | Source Clock Period | Source Clock                       | Driver Pin                                                                                                                                                                                                     | Net                                                                                                                                                                                             |
+-----------+-----------+----------------------------+----------------------+----------------------+--------------+-------------+-----------------+---------------------+------------------------------------+----------------------------------------------------------------------------------------------------------------------------------------------------------------------------------------------------------------+-------------------------------------------------------------------------------------------------------------------------------------------------------------------------------------------------+
| src0      | g0        | MMCME4_ADV/CLKOUT0         | None                 | MMCM_X0Y0            | X1Y0         |           1 |               0 |               5.000 | clk_out1_design_1_clk_wiz_0_0      | design_1_i/clk_wiz_0/inst/mmcme4_adv_inst/CLKOUT0                                                                                                                                                              | design_1_i/clk_wiz_0/inst/clk_out1_design_1_clk_wiz_0_0                                                                                                                                         |
| src1      | g1        | RX_BITSLICE/FIFO_WRCLK_OUT | BITSLICE_RX_TX_X0Y0  | BITSLICE_RX_TX_X0Y0  | X1Y0         |           1 |               0 |               8.000 | mipi_phy_if_0_clk_p_FIFO_WRCLK_OUT | design_1_i/mipi_csi2_rx_subsyst_0/inst/phy/inst/inst/bd_d10d_phy_0_rx_support_i/slave_rx.bd_d10d_phy_0_rx_hssio_i/inst/top_inst/bs_top_inst/u_rx_bs/RX_BS[0].rx_bitslice_if_bs/FIFO_WRCLK_OUT                  | design_1_i/mipi_csi2_rx_subsyst_0/inst/phy/inst/inst/bd_d10d_phy_0_rx_support_i/slave_rx.bd_d10d_phy_0_rx_hssio_i/inst/top_inst/bs_top_inst/u_rx_bs/fifo_wr_clk_0                               |
| src2      | g2        | RX_BITSLICE/FIFO_WRCLK_OUT | BITSLICE_RX_TX_X0Y52 | BITSLICE_RX_TX_X0Y52 | X1Y1         |           1 |               0 |               8.000 | mipi_phy_if_1_clk_p_FIFO_WRCLK_OUT | design_1_i/mipi_csi2_rx_subsyst_1/inst/phy/inst/inst/bd_115c_phy_0_rx_support_i/slave_rx.bd_115c_phy_0_rx_hssio_i/inst/top_inst/bs_top_inst/u_rx_bs/RX_BS[0].rx_bitslice_if_bs/FIFO_WRCLK_OUT                  | design_1_i/mipi_csi2_rx_subsyst_1/inst/phy/inst/inst/bd_115c_phy_0_rx_support_i/slave_rx.bd_115c_phy_0_rx_hssio_i/inst/top_inst/bs_top_inst/u_rx_bs/fifo_wr_clk_0                               |
| src3      | g3        | PLLE4_ADV/CLKOUT0          | None                 | PLL_X0Y1             | X1Y0         |           1 |               0 |               5.333 | GEN_PLL_IN_IP_USP.pll0_clkout0     | design_1_i/mipi_csi2_rx_subsyst_0/inst/phy/inst/inst/bd_d10d_phy_0_rx_support_i/slave_rx.bd_d10d_phy_0_rx_hssio_i/inst/top_inst/clk_rst_top_inst/clk_scheme_inst/GEN_PLL_IN_IP_USP.plle4_adv_pll0_inst/CLKOUT0 | design_1_i/mipi_csi2_rx_subsyst_0/inst/phy/inst/inst/bd_d10d_phy_0_rx_support_i/slave_rx.bd_d10d_phy_0_rx_hssio_i/inst/top_inst/clk_rst_top_inst/clk_scheme_inst/GEN_PLL_IN_IP_USP.pll0_clkout0 |
| src4      | g4        | PLLE4_ADV/CLKOUT0          | None                 | PLL_X0Y2             | X1Y1         |           1 |               0 |               5.333 | GEN_PLL_IN_IP_USP.pll0_clkout0_1   | design_1_i/mipi_csi2_rx_subsyst_1/inst/phy/inst/inst/bd_115c_phy_0_rx_support_i/slave_rx.bd_115c_phy_0_rx_hssio_i/inst/top_inst/clk_rst_top_inst/clk_scheme_inst/GEN_PLL_IN_IP_USP.plle4_adv_pll0_inst/CLKOUT0 | design_1_i/mipi_csi2_rx_subsyst_1/inst/phy/inst/inst/bd_115c_phy_0_rx_support_i/slave_rx.bd_115c_phy_0_rx_hssio_i/inst/top_inst/clk_rst_top_inst/clk_scheme_inst/GEN_PLL_IN_IP_USP.pll0_clkout0 |
| src5      | g5        | IBUFCTRL/O                 | IOB_X1Y28            | IOB_X1Y28            | X1Y0         |           1 |               0 |              40.000 | pl_ref_clk                         | pl_ref_clk_IBUF[0]_inst/IBUFCTRL_INST/O                                                                                                                                                                        | pl_ref_clk_IBUF[0]_inst/O                                                                                                                                                                       |
| src6      | g6        | PS8/EMIOGPIOO[7]           | None                 | PS8_X0Y0             | X0Y0         |           1 |              37 |                     |                                    | design_1_i/zynq_ultra_ps_e_0/inst/PS8_i/EMIOGPIOO[7]                                                                                                                                                           | design_1_i/zynq_ultra_ps_e_0/inst/emio_gpio_o[7]_bufg_place                                                                                                                                     |
| src7      | g7        | PS8/EMIOGPIOO[9]           | None                 | PS8_X0Y0             | X0Y0         |           1 |              37 |                     |                                    | design_1_i/zynq_ultra_ps_e_0/inst/PS8_i/EMIOGPIOO[9]                                                                                                                                                           | design_1_i/zynq_ultra_ps_e_0/inst/emio_gpio_o[9]_bufg_place                                                                                                                                     |
+-----------+-----------+----------------------------+----------------------+----------------------+--------------+-------------+-----------------+---------------------+------------------------------------+----------------------------------------------------------------------------------------------------------------------------------------------------------------------------------------------------------------+-------------------------------------------------------------------------------------------------------------------------------------------------------------------------------------------------+
* Clock Loads column represents cell count of net connects that connect to a clock pin. Internal cell leaf pins are not considered
** Non-Clock Loads column represents cell count of non-clock pin loads


4. Clock Regions : Clock Primitives
-----------------------------------

+-------------------+---------------+---------------+---------------+---------------+---------------+---------------+---------------+---------------+
|                   |  Global Clock |     BUFGCE    |   BUFGCE_DIV  |    BUFGCTRL   |    BUFG_GT    |    BUFG_PS    |      MMCM     |      PLL      |
+-------------------+-------+-------+-------+-------+-------+-------+-------+-------+-------+-------+-------+-------+-------+-------+-------+-------+
| Clock Region Name | Used  | Avail | Used  | Avail | Used  | Avail | Used  | Avail | Used  | Avail | Used  | Avail | Used  | Avail | Used  | Avail |
+-------------------+-------+-------+-------+-------+-------+-------+-------+-------+-------+-------+-------+-------+-------+-------+-------+-------+
| X0Y0              |     3 |    24 |     0 |     4 |     0 |     0 |     0 |     0 |     0 |     0 |     0 |    24 |     0 |     0 |     0 |     0 |
| X1Y0              |     5 |    24 |     6 |    28 |     0 |     4 |     0 |     8 |     0 |     0 |     0 |     0 |     1 |     1 |     1 |     2 |
| X0Y1              |     4 |    24 |     0 |     4 |     0 |     0 |     0 |     0 |     0 |     0 |     0 |    24 |     0 |     0 |     0 |     0 |
| X1Y1              |     6 |    24 |     2 |    24 |     0 |     4 |     0 |     8 |     0 |     0 |     0 |     0 |     0 |     1 |     1 |     2 |
| X0Y2              |     2 |    24 |     0 |     4 |     0 |     0 |     0 |     0 |     0 |     0 |     0 |    24 |     0 |     0 |     0 |     0 |
| X1Y2              |     3 |    24 |     0 |    24 |     0 |     4 |     0 |     8 |     0 |     0 |     0 |     0 |     0 |     1 |     0 |     2 |
+-------------------+-------+-------+-------+-------+-------+-------+-------+-------+-------+-------+-------+-------+-------+-------+-------+-------+
* Global Clock column represents track count; while other columns represents cell counts


5. Clock Regions : Load Primitives
----------------------------------

+-------------------+------------------+------------------+------------------+------------------+------------------+------------------+------------------+
|                   |   Global Clock   |        FF        |      LUTRAM      |  Block RAM (18K) |        DSP       |        GT        |      HARD IP     |
+-------------------+--------+---------+--------+---------+--------+---------+--------+---------+--------+---------+--------+---------+--------+---------+
| Clock Region Name | Used   | Avail   | Used   | Avail   | Used   | Avail   | Used   | Avail   | Used   | Avail   | Used   | Avail   | Used   | Avail   |
+-------------------+--------+---------+--------+---------+--------+---------+--------+---------+--------+---------+--------+---------+--------+---------+
| X0Y0              |      3 |      24 |   7684 |   27840 |    492 |    4800 |      8 |      72 |     19 |      72 |      0 |       0 |      0 |       0 |
| X1Y0              |      5 |      24 |    125 |   19200 |      0 |    4800 |      0 |      72 |      0 |      48 |      0 |       0 |      0 |       0 |
| X0Y1              |      4 |      24 |   8901 |   27840 |    408 |    4800 |     16 |      72 |      1 |      72 |      0 |       0 |      0 |       0 |
| X1Y1              |      6 |      24 |    887 |   19200 |      1 |    4800 |      0 |      72 |      0 |      48 |      0 |       0 |      0 |       0 |
| X0Y2              |      2 |      24 |   6845 |   27840 |    274 |    4800 |      8 |      72 |     18 |      72 |      0 |       0 |      0 |       0 |
| X1Y2              |      3 |      24 |    797 |   19200 |      5 |    4800 |      0 |      72 |      0 |      48 |      0 |       0 |      0 |       0 |
+-------------------+--------+---------+--------+---------+--------+---------+--------+---------+--------+---------+--------+---------+--------+---------+
* Global Clock column represents track count; while other columns represents cell counts


6. Clock Regions : Global Clock Summary
---------------------------------------

All Modules
+----+----+----+
|    | X0 | X1 |
+----+----+----+
| Y2 |  2 |  3 |
| Y1 |  4 |  6 |
| Y0 |  3 |  6 |
+----+----+----+


7. Clock Regions : Routing Resource Utilization
-----------------------------------------------

All Modules
+-------------------+----------------------+----------------------+----------------------+----------------------+
|                   |        HROUTES       |        HDISTRS       |        VROUTES       |        VDISTRS       |
+-------------------+------+-------+-------+------+-------+-------+------+-------+-------+------+-------+-------+
| Clock Region Name | Used | Avail | Util% | Used | Avail | Util% | Used | Avail | Util% | Used | Avail | Util% |
+-------------------+------+-------+-------+------+-------+-------+------+-------+-------+------+-------+-------+
| X0Y0              |    1 |    24 |  4.17 |    3 |    24 | 12.50 |    0 |    24 |  0.00 |    1 |    24 |  4.17 |
| X1Y0              |    2 |    24 |  8.33 |    5 |    24 | 20.83 |    0 |    24 |  0.00 |    3 |    24 | 12.50 |
| X0Y1              |    0 |    24 |  0.00 |    4 |    24 | 16.67 |    1 |    24 |  4.17 |    1 |    24 |  4.17 |
| X1Y1              |    0 |    24 |  0.00 |    6 |    24 | 25.00 |    0 |    24 |  0.00 |    2 |    24 |  8.33 |
| X0Y2              |    0 |    24 |  0.00 |    2 |    24 |  8.33 |    0 |    24 |  0.00 |    0 |    24 |  0.00 |
| X1Y2              |    0 |    24 |  0.00 |    3 |    24 | 12.50 |    0 |    24 |  0.00 |    0 |    24 |  0.00 |
+-------------------+------+-------+-------+------+-------+-------+------+-------+-------+------+-------+-------+


8. Device Cell Placement Summary for Global Clock g0
----------------------------------------------------

+-----------+-----------------+-------------------+-------------------------------+-------------+---------------+----------+-------------+----------+----------------+----------+------------------------------------+
| Global Id | Driver Type/Pin | Driver Region (D) | Clock                         | Period (ns) | Waveform (ns) | Root (R) | Slice Loads | IO Loads | Clocking Loads | GT Loads | Net                                |
+-----------+-----------------+-------------------+-------------------------------+-------------+---------------+----------+-------------+----------+----------------+----------+------------------------------------+
| g0        | BUFGCE/O        | X1Y0              | clk_out1_design_1_clk_wiz_0_0 |       5.000 | {0.000 2.500} | X0Y1     |       25566 |        0 |              2 |        0 | design_1_i/clk_wiz_0/inst/clk_out1 |
+-----------+-----------------+-------------------+-------------------------------+-------------+---------------+----------+-------------+----------+----------------+----------+------------------------------------+
* Slice Loads column represents load cell count of all cell types other than IO, GT and clock resources
** IO Loads column represents load cell count of IO types
*** Clocking Loads column represents load cell count that are clock resources (global clock buffer, MMCM, PLL, etc)
**** GT Loads column represents load cell count of GT types


+----+----------+----------+-----------------------+
|    | X0       | X1       | HORIZONTAL PROG DELAY |
+----+----------+----------+-----------------------+
| Y2 |     7141 |      562 |                     1 |
| Y1 | (R) 8996 |      621 |                     1 |
| Y0 |     8147 |  (D) 101 |                     0 |
+----+----------+----------+-----------------------+


9. Device Cell Placement Summary for Global Clock g1
----------------------------------------------------

+-----------+-----------------+-------------------+------------------------------------+-------------+---------------+----------+-------------+----------+----------------+----------+---------------------------------------------------------------------------------------------+
| Global Id | Driver Type/Pin | Driver Region (D) | Clock                              | Period (ns) | Waveform (ns) | Root (R) | Slice Loads | IO Loads | Clocking Loads | GT Loads | Net                                                                                         |
+-----------+-----------------+-------------------+------------------------------------+-------------+---------------+----------+-------------+----------+----------------+----------+---------------------------------------------------------------------------------------------+
| g1        | BUFGCE/O        | X1Y0              | mipi_phy_if_0_clk_p_FIFO_WRCLK_OUT |       8.000 | {0.000 4.000} | X1Y0     |         448 |        0 |              0 |        0 | design_1_i/mipi_csi2_rx_subsyst_0/inst/phy/inst/inst/bd_d10d_phy_0_rx_support_i/rxbyteclkhs |
+-----------+-----------------+-------------------+------------------------------------+-------------+---------------+----------+-------------+----------+----------------+----------+---------------------------------------------------------------------------------------------+
* Slice Loads column represents load cell count of all cell types other than IO, GT and clock resources
** IO Loads column represents load cell count of IO types
*** Clocking Loads column represents load cell count that are clock resources (global clock buffer, MMCM, PLL, etc)
**** GT Loads column represents load cell count of GT types


+----+------+------------+-----------------------+
|    | X0   | X1         | HORIZONTAL PROG DELAY |
+----+------+------------+-----------------------+
| Y2 |    0 |          0 |                     - |
| Y1 |  322 |         54 |                     0 |
| Y0 |   53 | (R) (D) 19 |                     0 |
+----+------+------------+-----------------------+


10. Device Cell Placement Summary for Global Clock g2
-----------------------------------------------------

+-----------+-----------------+-------------------+------------------------------------+-------------+---------------+----------+-------------+----------+----------------+----------+---------------------------------------------------------------------------------------------+
| Global Id | Driver Type/Pin | Driver Region (D) | Clock                              | Period (ns) | Waveform (ns) | Root (R) | Slice Loads | IO Loads | Clocking Loads | GT Loads | Net                                                                                         |
+-----------+-----------------+-------------------+------------------------------------+-------------+---------------+----------+-------------+----------+----------------+----------+---------------------------------------------------------------------------------------------+
| g2        | BUFGCE/O        | X1Y1              | mipi_phy_if_1_clk_p_FIFO_WRCLK_OUT |       8.000 | {0.000 4.000} | X1Y1     |         448 |        0 |              0 |        0 | design_1_i/mipi_csi2_rx_subsyst_1/inst/phy/inst/inst/bd_115c_phy_0_rx_support_i/rxbyteclkhs |
+-----------+-----------------+-------------------+------------------------------------+-------------+---------------+----------+-------------+----------+----------------+----------+---------------------------------------------------------------------------------------------+
* Slice Loads column represents load cell count of all cell types other than IO, GT and clock resources
** IO Loads column represents load cell count of IO types
*** Clocking Loads column represents load cell count that are clock resources (global clock buffer, MMCM, PLL, etc)
**** GT Loads column represents load cell count of GT types


+----+----+-------------+-----------------------+
|    | X0 | X1          | HORIZONTAL PROG DELAY |
+----+----+-------------+-----------------------+
| Y2 |  0 |         240 |                     0 |
| Y1 |  0 | (R) (D) 208 |                     0 |
| Y0 |  0 |           0 |                     - |
+----+----+-------------+-----------------------+


11. Device Cell Placement Summary for Global Clock g3
-----------------------------------------------------

+-----------+-----------------+-------------------+--------------------------------+-------------+---------------+----------+-------------+----------+----------------+----------+-----------------------------------------------------------------------------------------------------------------------------------------------------------------------------------+
| Global Id | Driver Type/Pin | Driver Region (D) | Clock                          | Period (ns) | Waveform (ns) | Root (R) | Slice Loads | IO Loads | Clocking Loads | GT Loads | Net                                                                                                                                                                               |
+-----------+-----------------+-------------------+--------------------------------+-------------+---------------+----------+-------------+----------+----------------+----------+-----------------------------------------------------------------------------------------------------------------------------------------------------------------------------------+
| g3        | BUFGCE/O        | X1Y0              | GEN_PLL_IN_IP_USP.pll0_clkout0 |       5.333 | {0.000 2.667} | X1Y0     |          10 |        0 |              0 |        0 | design_1_i/mipi_csi2_rx_subsyst_0/inst/phy/inst/inst/bd_d10d_phy_0_rx_support_i/slave_rx.bd_d10d_phy_0_rx_hssio_i/inst/top_inst/clk_rst_top_inst/clk_scheme_inst/pll0_clkout0_out |
+-----------+-----------------+-------------------+--------------------------------+-------------+---------------+----------+-------------+----------+----------------+----------+-----------------------------------------------------------------------------------------------------------------------------------------------------------------------------------+
* Slice Loads column represents load cell count of all cell types other than IO, GT and clock resources
** IO Loads column represents load cell count of IO types
*** Clocking Loads column represents load cell count that are clock resources (global clock buffer, MMCM, PLL, etc)
**** GT Loads column represents load cell count of GT types


+----+----+------------+-----------------------+
|    | X0 | X1         | HORIZONTAL PROG DELAY |
+----+----+------------+-----------------------+
| Y2 |  0 |          0 |                     - |
| Y1 |  0 |          0 |                     - |
| Y0 |  0 | (R) (D) 10 |                     0 |
+----+----+------------+-----------------------+


12. Device Cell Placement Summary for Global Clock g4
-----------------------------------------------------

+-----------+-----------------+-------------------+----------------------------------+-------------+---------------+----------+-------------+----------+----------------+----------+-----------------------------------------------------------------------------------------------------------------------------------------------------------------------------------+
| Global Id | Driver Type/Pin | Driver Region (D) | Clock                            | Period (ns) | Waveform (ns) | Root (R) | Slice Loads | IO Loads | Clocking Loads | GT Loads | Net                                                                                                                                                                               |
+-----------+-----------------+-------------------+----------------------------------+-------------+---------------+----------+-------------+----------+----------------+----------+-----------------------------------------------------------------------------------------------------------------------------------------------------------------------------------+
| g4        | BUFGCE/O        | X1Y1              | GEN_PLL_IN_IP_USP.pll0_clkout0_1 |       5.333 | {0.000 2.667} | X1Y1     |          10 |        0 |              0 |        0 | design_1_i/mipi_csi2_rx_subsyst_1/inst/phy/inst/inst/bd_115c_phy_0_rx_support_i/slave_rx.bd_115c_phy_0_rx_hssio_i/inst/top_inst/clk_rst_top_inst/clk_scheme_inst/pll0_clkout0_out |
+-----------+-----------------+-------------------+----------------------------------+-------------+---------------+----------+-------------+----------+----------------+----------+-----------------------------------------------------------------------------------------------------------------------------------------------------------------------------------+
* Slice Loads column represents load cell count of all cell types other than IO, GT and clock resources
** IO Loads column represents load cell count of IO types
*** Clocking Loads column represents load cell count that are clock resources (global clock buffer, MMCM, PLL, etc)
**** GT Loads column represents load cell count of GT types


+----+----+------------+-----------------------+
|    | X0 | X1         | HORIZONTAL PROG DELAY |
+----+----+------------+-----------------------+
| Y2 |  0 |          0 |                     - |
| Y1 |  0 | (R) (D) 10 |                     0 |
| Y0 |  0 |          0 |                     - |
+----+----+------------+-----------------------+


13. Device Cell Placement Summary for Global Clock g5
-----------------------------------------------------

+-----------+-----------------+-------------------+------------+-------------+----------------+----------+-------------+----------+----------------+----------+---------------------------------------+
| Global Id | Driver Type/Pin | Driver Region (D) | Clock      | Period (ns) | Waveform (ns)  | Root (R) | Slice Loads | IO Loads | Clocking Loads | GT Loads | Net                                   |
+-----------+-----------------+-------------------+------------+-------------+----------------+----------+-------------+----------+----------------+----------+---------------------------------------+
| g5        | BUFGCE/O        | X1Y0              | pl_ref_clk |      40.000 | {0.000 20.000} | X1Y0     |           0 |        0 |              1 |        0 | design_1_i/util_ds_buf_0/U0/BUFG_O[0] |
+-----------+-----------------+-------------------+------------+-------------+----------------+----------+-------------+----------+----------------+----------+---------------------------------------+
* Slice Loads column represents load cell count of all cell types other than IO, GT and clock resources
** IO Loads column represents load cell count of IO types
*** Clocking Loads column represents load cell count that are clock resources (global clock buffer, MMCM, PLL, etc)
**** GT Loads column represents load cell count of GT types


+----+----+-----------+-----------------------+
|    | X0 | X1        | HORIZONTAL PROG DELAY |
+----+----+-----------+-----------------------+
| Y2 |  0 |         0 |                     - |
| Y1 |  0 |         0 |                     - |
| Y0 |  0 | (R) (D) 1 |                     0 |
+----+----+-----------+-----------------------+


14. Device Cell Placement Summary for Global Clock g6
-----------------------------------------------------

+-----------+-----------------+-------------------+-------+-------------+---------------+----------+-------------+----------+----------------+----------+--------------------------------------------------+
| Global Id | Driver Type/Pin | Driver Region (D) | Clock | Period (ns) | Waveform (ns) | Root (R) | Slice Loads | IO Loads | Clocking Loads | GT Loads | Net                                              |
+-----------+-----------------+-------------------+-------+-------------+---------------+----------+-------------+----------+----------------+----------+--------------------------------------------------+
| g6        | BUFGCE/O        | X1Y0              |       |             |               | X1Y0     |        1178 |        0 |              0 |        0 | design_1_i/zynq_ultra_ps_e_0/inst/emio_gpio_o[7] |
+-----------+-----------------+-------------------+-------+-------------+---------------+----------+-------------+----------+----------------+----------+--------------------------------------------------+
* Slice Loads column represents load cell count of all cell types other than IO, GT and clock resources
** IO Loads column represents load cell count of IO types
*** Clocking Loads column represents load cell count that are clock resources (global clock buffer, MMCM, PLL, etc)
**** GT Loads column represents load cell count of GT types


+----+-------+-----------+-----------------------+
|    | X0    | X1        | HORIZONTAL PROG DELAY |
+----+-------+-----------+-----------------------+
| Y2 |     0 |         0 |                     - |
| Y1 |     5 |         0 |                     0 |
| Y0 |  1173 | (R) (D) 0 |                     0 |
+----+-------+-----------+-----------------------+


15. Device Cell Placement Summary for Global Clock g7
-----------------------------------------------------

+-----------+-----------------+-------------------+-------+-------------+---------------+----------+-------------+----------+----------------+----------+--------------------------------------------------+
| Global Id | Driver Type/Pin | Driver Region (D) | Clock | Period (ns) | Waveform (ns) | Root (R) | Slice Loads | IO Loads | Clocking Loads | GT Loads | Net                                              |
+-----------+-----------------+-------------------+-------+-------------+---------------+----------+-------------+----------+----------------+----------+--------------------------------------------------+
| g7        | BUFGCE/O        | X1Y0              |       |             |               | X1Y0     |        1178 |        0 |              0 |        0 | design_1_i/zynq_ultra_ps_e_0/inst/emio_gpio_o[9] |
+-----------+-----------------+-------------------+-------+-------------+---------------+----------+-------------+----------+----------------+----------+--------------------------------------------------+
* Slice Loads column represents load cell count of all cell types other than IO, GT and clock resources
** IO Loads column represents load cell count of IO types
*** Clocking Loads column represents load cell count that are clock resources (global clock buffer, MMCM, PLL, etc)
**** GT Loads column represents load cell count of GT types


+----+-------+-----------+-----------------------+
|    | X0    | X1        | HORIZONTAL PROG DELAY |
+----+-------+-----------+-----------------------+
| Y2 |     3 |         0 |                     0 |
| Y1 |  1175 |         0 |                     0 |
| Y0 |     0 | (R) (D) 0 |                     - |
+----+-------+-----------+-----------------------+


16. Clock Region Cell Placement per Global Clock: Region X0Y0
-------------------------------------------------------------

+-----------+-------+-----------------+------------+-------------+-----------------+------+-------------+------+-----+----+------+-----+---------+---------------------------------------------------------------------------------------------+
| Global Id | Track | Driver Type/Pin | Constraint | Clock Loads | Non-Clock Loads | FF   | Memory LUTs | RAMB | DSP | GT | MMCM | PLL | Hard IP | Net                                                                                         |
+-----------+-------+-----------------+------------+-------------+-----------------+------+-------------+------+-----+----+------+-----+---------+---------------------------------------------------------------------------------------------+
| g0        | 13    | BUFGCE/O        | None       |        8147 |               0 | 7631 |         492 |    4 |  19 |  0 |    0 |   0 |       0 | design_1_i/clk_wiz_0/inst/clk_out1                                                          |
| g1        | 0     | BUFGCE/O        | None       |          53 |               0 |   53 |           0 |    0 |   0 |  0 |    0 |   0 |       0 | design_1_i/mipi_csi2_rx_subsyst_0/inst/phy/inst/inst/bd_d10d_phy_0_rx_support_i/rxbyteclkhs |
| g6        | 8     | BUFGCE/O        | None       |           0 |            1173 | 1173 |           0 |    0 |   0 |  0 |    0 |   0 |       0 | design_1_i/zynq_ultra_ps_e_0/inst/emio_gpio_o[7]                                            |
+-----------+-------+-----------------+------------+-------------+-----------------+------+-------------+------+-----+----+------+-----+---------+---------------------------------------------------------------------------------------------+
* Clock Loads column represents cell count of net connects that connect to a clock pin. Internal cell leaf pins are not considered
** Non-Clock Loads column represents cell count of non-clock pin loads
*** Columns FF, LUTRAM, RAMB through 'Hard IP' represents load cell counts


17. Clock Region Cell Placement per Global Clock: Region X1Y0
-------------------------------------------------------------

+-----------+-------+-----------------+------------+-------------+-----------------+----+-------------+------+-----+----+------+-----+---------+-----------------------------------------------------------------------------------------------------------------------------------------------------------------------------------+
| Global Id | Track | Driver Type/Pin | Constraint | Clock Loads | Non-Clock Loads | FF | Memory LUTs | RAMB | DSP | GT | MMCM | PLL | Hard IP | Net                                                                                                                                                                               |
+-----------+-------+-----------------+------------+-------------+-----------------+----+-------------+------+-----+----+------+-----+---------+-----------------------------------------------------------------------------------------------------------------------------------------------------------------------------------+
| g0        | 13    | BUFGCE/O        | None       |         100 |               1 | 99 |           0 |    0 |   0 |  0 |    0 |   1 |       0 | design_1_i/clk_wiz_0/inst/clk_out1                                                                                                                                                |
| g1        | 0     | BUFGCE/O        | None       |          16 |               3 | 16 |           0 |    0 |   0 |  0 |    0 |   0 |       0 | design_1_i/mipi_csi2_rx_subsyst_0/inst/phy/inst/inst/bd_d10d_phy_0_rx_support_i/rxbyteclkhs                                                                                       |
| g3        | 1     | BUFGCE/O        | None       |          10 |               0 | 10 |           0 |    0 |   0 |  0 |    0 |   0 |       0 | design_1_i/mipi_csi2_rx_subsyst_0/inst/phy/inst/inst/bd_d10d_phy_0_rx_support_i/slave_rx.bd_d10d_phy_0_rx_hssio_i/inst/top_inst/clk_rst_top_inst/clk_scheme_inst/pll0_clkout0_out |
| g5        | 23    | BUFGCE/O        | None       |           0 |               1 |  0 |           0 |    0 |   0 |  0 |    1 |   0 |       0 | design_1_i/util_ds_buf_0/U0/BUFG_O[0]                                                                                                                                             |
| g6+       | 8     | BUFGCE/O        | None       |           0 |               0 |  0 |           0 |    0 |   0 |  0 |    0 |   0 |       0 | design_1_i/zynq_ultra_ps_e_0/inst/emio_gpio_o[7]                                                                                                                                  |
| g7+       | 2     | BUFGCE/O        | None       |           0 |               0 |  0 |           0 |    0 |   0 |  0 |    0 |   0 |       0 | design_1_i/zynq_ultra_ps_e_0/inst/emio_gpio_o[9]                                                                                                                                  |
+-----------+-------+-----------------+------------+-------------+-----------------+----+-------------+------+-----+----+------+-----+---------+-----------------------------------------------------------------------------------------------------------------------------------------------------------------------------------+
* Clock Loads column represents cell count of net connects that connect to a clock pin. Internal cell leaf pins are not considered
** Non-Clock Loads column represents cell count of non-clock pin loads
*** Columns FF, LUTRAM, RAMB through 'Hard IP' represents load cell counts
**** In Global Id column, sympbol '+' indicates that global clock was used only to route through the clock region.


18. Clock Region Cell Placement per Global Clock: Region X0Y1
-------------------------------------------------------------

+-----------+-------+-----------------+------------+-------------+-----------------+------+-------------+------+-----+----+------+-----+---------+---------------------------------------------------------------------------------------------+
| Global Id | Track | Driver Type/Pin | Constraint | Clock Loads | Non-Clock Loads | FF   | Memory LUTs | RAMB | DSP | GT | MMCM | PLL | Hard IP | Net                                                                                         |
+-----------+-------+-----------------+------------+-------------+-----------------+------+-------------+------+-----+----+------+-----+---------+---------------------------------------------------------------------------------------------+
| g0        | 13    | BUFGCE/O        | None       |        8996 |               0 | 8585 |         402 |    8 |   1 |  0 |    0 |   0 |       0 | design_1_i/clk_wiz_0/inst/clk_out1                                                          |
| g1        | 0     | BUFGCE/O        | None       |         322 |               0 |  316 |           6 |    0 |   0 |  0 |    0 |   0 |       0 | design_1_i/mipi_csi2_rx_subsyst_0/inst/phy/inst/inst/bd_d10d_phy_0_rx_support_i/rxbyteclkhs |
| g6        | 8     | BUFGCE/O        | None       |           0 |               5 |    5 |           0 |    0 |   0 |  0 |    0 |   0 |       0 | design_1_i/zynq_ultra_ps_e_0/inst/emio_gpio_o[7]                                            |
| g7        | 2     | BUFGCE/O        | None       |           0 |            1175 | 1175 |           0 |    0 |   0 |  0 |    0 |   0 |       0 | design_1_i/zynq_ultra_ps_e_0/inst/emio_gpio_o[9]                                            |
+-----------+-------+-----------------+------------+-------------+-----------------+------+-------------+------+-----+----+------+-----+---------+---------------------------------------------------------------------------------------------+
* Clock Loads column represents cell count of net connects that connect to a clock pin. Internal cell leaf pins are not considered
** Non-Clock Loads column represents cell count of non-clock pin loads
*** Columns FF, LUTRAM, RAMB through 'Hard IP' represents load cell counts


19. Clock Region Cell Placement per Global Clock: Region X1Y1
-------------------------------------------------------------

+-----------+-------+-----------------+------------+-------------+-----------------+-----+-------------+------+-----+----+------+-----+---------+-----------------------------------------------------------------------------------------------------------------------------------------------------------------------------------+
| Global Id | Track | Driver Type/Pin | Constraint | Clock Loads | Non-Clock Loads | FF  | Memory LUTs | RAMB | DSP | GT | MMCM | PLL | Hard IP | Net                                                                                                                                                                               |
+-----------+-------+-----------------+------------+-------------+-----------------+-----+-------------+------+-----+----+------+-----+---------+-----------------------------------------------------------------------------------------------------------------------------------------------------------------------------------+
| g0        | 13    | BUFGCE/O        | None       |         620 |               1 | 619 |           0 |    0 |   0 |  0 |    0 |   1 |       0 | design_1_i/clk_wiz_0/inst/clk_out1                                                                                                                                                |
| g1        | 0     | BUFGCE/O        | None       |          54 |               0 |  54 |           0 |    0 |   0 |  0 |    0 |   0 |       0 | design_1_i/mipi_csi2_rx_subsyst_0/inst/phy/inst/inst/bd_d10d_phy_0_rx_support_i/rxbyteclkhs                                                                                       |
| g2        | 3     | BUFGCE/O        | None       |         205 |               3 | 204 |           1 |    0 |   0 |  0 |    0 |   0 |       0 | design_1_i/mipi_csi2_rx_subsyst_1/inst/phy/inst/inst/bd_115c_phy_0_rx_support_i/rxbyteclkhs                                                                                       |
| g4        | 9     | BUFGCE/O        | None       |          10 |               0 |  10 |           0 |    0 |   0 |  0 |    0 |   0 |       0 | design_1_i/mipi_csi2_rx_subsyst_1/inst/phy/inst/inst/bd_115c_phy_0_rx_support_i/slave_rx.bd_115c_phy_0_rx_hssio_i/inst/top_inst/clk_rst_top_inst/clk_scheme_inst/pll0_clkout0_out |
| g6+       | 8     | BUFGCE/O        | None       |           0 |               0 |   0 |           0 |    0 |   0 |  0 |    0 |   0 |       0 | design_1_i/zynq_ultra_ps_e_0/inst/emio_gpio_o[7]                                                                                                                                  |
| g7+       | 2     | BUFGCE/O        | None       |           0 |               0 |   0 |           0 |    0 |   0 |  0 |    0 |   0 |       0 | design_1_i/zynq_ultra_ps_e_0/inst/emio_gpio_o[9]                                                                                                                                  |
+-----------+-------+-----------------+------------+-------------+-----------------+-----+-------------+------+-----+----+------+-----+---------+-----------------------------------------------------------------------------------------------------------------------------------------------------------------------------------+
* Clock Loads column represents cell count of net connects that connect to a clock pin. Internal cell leaf pins are not considered
** Non-Clock Loads column represents cell count of non-clock pin loads
*** Columns FF, LUTRAM, RAMB through 'Hard IP' represents load cell counts
**** In Global Id column, sympbol '+' indicates that global clock was used only to route through the clock region.


20. Clock Region Cell Placement per Global Clock: Region X0Y2
-------------------------------------------------------------

+-----------+-------+-----------------+------------+-------------+-----------------+------+-------------+------+-----+----+------+-----+---------+--------------------------------------------------+
| Global Id | Track | Driver Type/Pin | Constraint | Clock Loads | Non-Clock Loads | FF   | Memory LUTs | RAMB | DSP | GT | MMCM | PLL | Hard IP | Net                                              |
+-----------+-------+-----------------+------------+-------------+-----------------+------+-------------+------+-----+----+------+-----+---------+--------------------------------------------------+
| g0        | 13    | BUFGCE/O        | None       |        7141 |               0 | 6845 |         274 |    4 |  18 |  0 |    0 |   0 |       0 | design_1_i/clk_wiz_0/inst/clk_out1               |
| g7        | 2     | BUFGCE/O        | None       |           0 |               3 |    3 |           0 |    0 |   0 |  0 |    0 |   0 |       0 | design_1_i/zynq_ultra_ps_e_0/inst/emio_gpio_o[9] |
+-----------+-------+-----------------+------------+-------------+-----------------+------+-------------+------+-----+----+------+-----+---------+--------------------------------------------------+
* Clock Loads column represents cell count of net connects that connect to a clock pin. Internal cell leaf pins are not considered
** Non-Clock Loads column represents cell count of non-clock pin loads
*** Columns FF, LUTRAM, RAMB through 'Hard IP' represents load cell counts


21. Clock Region Cell Placement per Global Clock: Region X1Y2
-------------------------------------------------------------

+-----------+-------+-----------------+------------+-------------+-----------------+-----+-------------+------+-----+----+------+-----+---------+---------------------------------------------------------------------------------------------+
| Global Id | Track | Driver Type/Pin | Constraint | Clock Loads | Non-Clock Loads | FF  | Memory LUTs | RAMB | DSP | GT | MMCM | PLL | Hard IP | Net                                                                                         |
+-----------+-------+-----------------+------------+-------------+-----------------+-----+-------------+------+-----+----+------+-----+---------+---------------------------------------------------------------------------------------------+
| g0        | 13    | BUFGCE/O        | None       |         562 |               0 | 562 |           0 |    0 |   0 |  0 |    0 |   0 |       0 | design_1_i/clk_wiz_0/inst/clk_out1                                                          |
| g2        | 3     | BUFGCE/O        | None       |         240 |               0 | 235 |           5 |    0 |   0 |  0 |    0 |   0 |       0 | design_1_i/mipi_csi2_rx_subsyst_1/inst/phy/inst/inst/bd_115c_phy_0_rx_support_i/rxbyteclkhs |
| g7+       | 2     | BUFGCE/O        | None       |           0 |               0 |   0 |           0 |    0 |   0 |  0 |    0 |   0 |       0 | design_1_i/zynq_ultra_ps_e_0/inst/emio_gpio_o[9]                                            |
+-----------+-------+-----------------+------------+-------------+-----------------+-----+-------------+------+-----+----+------+-----+---------+---------------------------------------------------------------------------------------------+
* Clock Loads column represents cell count of net connects that connect to a clock pin. Internal cell leaf pins are not considered
** Non-Clock Loads column represents cell count of non-clock pin loads
*** Columns FF, LUTRAM, RAMB through 'Hard IP' represents load cell counts
**** In Global Id column, sympbol '+' indicates that global clock was used only to route through the clock region.


