Copyright 1986-2022 Xilinx, Inc. All Rights Reserved. Copyright 2022-2025 Advanced Micro Devices, Inc. All Rights Reserved.
---------------------------------------------------------------------------------------------------------------------------------------------
| Tool Version : Vivado v.2025.2 (win64) Build 6299465 Fri Nov 14 19:35:11 GMT 2025
| Date         : Wed Jan 21 13:24:18 2026
| Host         : LAPTOP-N1KB207U running 64-bit major release  (build 9200)
| Command      : report_utilization -file design_1_wrapper_utilization_placed.rpt -pb design_1_wrapper_utilization_placed.pb
| Design       : design_1_wrapper
| Device       : xczu2cg-sfvc784-1-e
| Speed File   : -1
| Design State : Fully Placed
---------------------------------------------------------------------------------------------------------------------------------------------

Utilization Design Information

Table of Contents
-----------------
1. CLB Logic
1.1 Summary of Registers by Type
2. CLB Logic Distribution
3. BLOCKRAM
4. ARITHMETIC
5. I/O
6. CLOCK
7. ADVANCED
8. CONFIGURATION
9. Primitives
10. Black Boxes
11. Instantiated Netlists

1. CLB Logic
------------

+----------------------------+-------+-------+------------+-----------+-------+
|          Site Type         |  Used | Fixed | Prohibited | Available | Util% |
+----------------------------+-------+-------+------------+-----------+-------+
| CLB LUTs                   | 19809 |     0 |          0 |     47232 | 41.94 |
|   LUT as Logic             | 18739 |     0 |          0 |     47232 | 39.67 |
|   LUT as Memory            |  1070 |     0 |          0 |     28800 |  3.72 |
|     LUT as Distributed RAM |   112 |     0 |            |           |       |
|     LUT as Shift Register  |   958 |     0 |            |           |       |
| CLB Registers              | 25239 |     0 |          0 |     94464 | 26.72 |
|   Register as Flip Flop    | 25239 |     0 |          0 |     94464 | 26.72 |
|   Register as Latch        |     0 |     0 |          0 |     94464 |  0.00 |
| CARRY8                     |   440 |     0 |          0 |      8820 |  4.99 |
| F7 Muxes                   |   257 |     0 |          0 |     35280 |  0.73 |
| F8 Muxes                   |   108 |     0 |          0 |     17640 |  0.61 |
| F9 Muxes                   |     0 |     0 |          0 |      8820 |  0.00 |
| Unique Control Sets        |  1058 |       |          0 |     17640 |  6.00 |
+----------------------------+-------+-------+------------+-----------+-------+
* Warning! LUT value is adjusted to account for LUT combining.
** Note: Available Control Sets calculated as Slices * 2, Review the Control Sets Report for more information regarding control sets.


1.1 Summary of Registers by Type
--------------------------------

+-------+--------------+-------------+--------------+
| Total | Clock Enable | Synchronous | Asynchronous |
+-------+--------------+-------------+--------------+
| 0     |            _ |           - |            - |
| 0     |            _ |           - |          Set |
| 0     |            _ |           - |        Reset |
| 0     |            _ |         Set |            - |
| 0     |            _ |       Reset |            - |
| 0     |          Yes |           - |            - |
| 82    |          Yes |           - |          Set |
| 186   |          Yes |           - |        Reset |
| 459   |          Yes |         Set |            - |
| 24512 |          Yes |       Reset |            - |
+-------+--------------+-------------+--------------+


2. CLB Logic Distribution
-------------------------

+--------------------------------------------+-------+-------+------------+-----------+-------+
|                  Site Type                 |  Used | Fixed | Prohibited | Available | Util% |
+--------------------------------------------+-------+-------+------------+-----------+-------+
| CLB                                        |  4156 |     0 |          0 |      8820 | 47.12 |
|   CLBL                                     |  2659 |     0 |            |           |       |
|   CLBM                                     |  1497 |     0 |            |           |       |
| LUT as Logic                               | 18739 |     0 |          0 |     47232 | 39.67 |
|   using O5 output only                     |   441 |       |            |           |       |
|   using O6 output only                     | 13961 |       |            |           |       |
|   using O5 and O6                          |  4337 |       |            |           |       |
| LUT as Memory                              |  1070 |     0 |          0 |     28800 |  3.72 |
|   LUT as Distributed RAM                   |   112 |     0 |            |           |       |
|     using O5 output only                   |     0 |       |            |           |       |
|     using O6 output only                   |     0 |       |            |           |       |
|     using O5 and O6                        |   112 |       |            |           |       |
|   LUT as Shift Register                    |   958 |     0 |            |           |       |
|     using O5 output only                   |     0 |       |            |           |       |
|     using O6 output only                   |   750 |       |            |           |       |
|     using O5 and O6                        |   208 |       |            |           |       |
| CLB Registers                              | 25239 |     0 |          0 |     94464 | 26.72 |
|   Register driven from within the CLB      | 13872 |       |            |           |       |
|   Register driven from outside the CLB     | 11367 |       |            |           |       |
|     LUT in front of the register is unused |  6802 |       |            |           |       |
|     LUT in front of the register is used   |  4565 |       |            |           |       |
+--------------------------------------------+-------+-------+------------+-----------+-------+


3. BLOCKRAM
-----------

+-------------------+------+-------+------------+-----------+-------+
|     Site Type     | Used | Fixed | Prohibited | Available | Util% |
+-------------------+------+-------+------------+-----------+-------+
| Block RAM Tile    |   16 |     0 |          0 |       150 | 10.67 |
|   RAMB36/FIFO*    |   16 |     0 |          0 |       150 | 10.67 |
|     RAMB36E2 only |   16 |       |            |           |       |
|   RAMB18          |    0 |     0 |          0 |       300 |  0.00 |
+-------------------+------+-------+------------+-----------+-------+
* Note: Each Block RAM Tile only has one FIFO logic available and therefore can accommodate only one FIFO36E2 or one FIFO18E2. However, if a FIFO18E2 occupies a Block RAM Tile, that tile can still accommodate a RAMB18E2


4. ARITHMETIC
-------------

+----------------+------+-------+------------+-----------+-------+
|    Site Type   | Used | Fixed | Prohibited | Available | Util% |
+----------------+------+-------+------------+-----------+-------+
| DSPs           |   38 |     0 |          0 |       240 | 15.83 |
|   DSP48E2 only |   38 |       |            |           |       |
+----------------+------+-------+------------+-----------+-------+


5. I/O
------

+------------------+------+-------+------------+-----------+-------+
|     Site Type    | Used | Fixed | Prohibited | Available | Util% |
+------------------+------+-------+------------+-----------+-------+
| Bonded IOB       |   28 |    28 |          0 |       252 | 11.11 |
|   HPIOB_M        |    6 |     6 |          0 |        72 |  8.33 |
|     INPUT        |    6 |       |            |           |       |
|     OUTPUT       |    0 |       |            |           |       |
|     BIDIR        |    0 |       |            |           |       |
|   HPIOB_S        |    6 |     6 |          0 |        72 |  8.33 |
|     INPUT        |    6 |       |            |           |       |
|     OUTPUT       |    0 |       |            |           |       |
|     BIDIR        |    0 |       |            |           |       |
|   HDIOB_M        |    8 |     8 |          0 |        48 | 16.67 |
|     INPUT        |    4 |       |            |           |       |
|     OUTPUT       |    3 |       |            |           |       |
|     BIDIR        |    1 |       |            |           |       |
|   HDIOB_S        |    8 |     8 |          0 |        48 | 16.67 |
|     INPUT        |    1 |       |            |           |       |
|     OUTPUT       |    4 |       |            |           |       |
|     BIDIR        |    3 |       |            |           |       |
|   HPIOB_SNGL     |    0 |     0 |          0 |        12 |  0.00 |
| HPIOBDIFFINBUF   |    6 |     6 |          0 |        72 |  8.33 |
| HPIOBDIFFOUTBUF  |    0 |     0 |          0 |        72 |  0.00 |
| HDIOBDIFFINBUF   |    0 |     0 |          0 |        48 |  0.00 |
| BITSLICE_CONTROL |    2 |     0 |          0 |        24 |  8.33 |
| BITSLICE_RX_TX   |    6 |     6 |          0 |       936 |  0.64 |
|   RX_BITSLICE    |    6 |     6 |            |           |       |
| BITSLICE_TX      |    0 |     0 |          0 |        24 |  0.00 |
| RIU_OR           |    0 |     0 |          0 |        12 |  0.00 |
+------------------+------+-------+------------+-----------+-------+


6. CLOCK
--------

+------------+------+-------+------------+-----------+-------+
|  Site Type | Used | Fixed | Prohibited | Available | Util% |
+------------+------+-------+------------+-----------+-------+
| BUFGCE     |    8 |     0 |          0 |        88 |  9.09 |
| BUFGCE_DIV |    0 |     0 |          0 |        12 |  0.00 |
| BUFG_PS    |    0 |     0 |          0 |        72 |  0.00 |
| BUFGCTRL*  |    0 |     0 |          0 |        24 |  0.00 |
| PLL        |    2 |     0 |          0 |         6 | 33.33 |
| MMCM       |    1 |     0 |          0 |         3 | 33.33 |
+------------+------+-------+------------+-----------+-------+
* Note: Each used BUFGCTRL counts as two GLOBAL CLOCK BUFFERs. This table does not include global clocking resources, only buffer cell usage. See the Clock Utilization Report (report_clock_utilization) for detailed accounting of global clocking resource availability.


7. ADVANCED
-----------

+-----------+------+-------+------------+-----------+--------+
| Site Type | Used | Fixed | Prohibited | Available |  Util% |
+-----------+------+-------+------------+-----------+--------+
| PS8       |    1 |     0 |          0 |         1 | 100.00 |
| SYSMONE4  |    0 |     0 |          0 |         1 |   0.00 |
+-----------+------+-------+------------+-----------+--------+


8. CONFIGURATION
----------------

+-------------+------+-------+------------+-----------+-------+
|  Site Type  | Used | Fixed | Prohibited | Available | Util% |
+-------------+------+-------+------------+-----------+-------+
| BSCANE2     |    0 |     0 |          0 |         4 |  0.00 |
| DNA_PORTE2  |    0 |     0 |          0 |         1 |  0.00 |
| EFUSE_USR   |    0 |     0 |          0 |         1 |  0.00 |
| FRAME_ECCE4 |    0 |     0 |          0 |         1 |  0.00 |
| ICAPE3      |    0 |     0 |          0 |         2 |  0.00 |
| MASTER_JTAG |    0 |     0 |          0 |         1 |  0.00 |
| STARTUPE3   |    0 |     0 |          0 |         1 |  0.00 |
+-------------+------+-------+------------+-----------+-------+


9. Primitives
-------------

+------------------+-------+---------------------+
|     Ref Name     |  Used | Functional Category |
+------------------+-------+---------------------+
| FDRE             | 24512 |            Register |
| LUT6             |  6984 |                 CLB |
| LUT3             |  4560 |                 CLB |
| LUT4             |  4094 |                 CLB |
| LUT5             |  4030 |                 CLB |
| LUT2             |  3028 |                 CLB |
| SRLC32E          |   643 |                 CLB |
| SRL16E           |   523 |                 CLB |
| FDSE             |   459 |            Register |
| CARRY8           |   440 |                 CLB |
| LUT1             |   380 |                 CLB |
| MUXF7            |   257 |                 CLB |
| RAMD32           |   196 |                 CLB |
| FDCE             |   186 |            Register |
| MUXF8            |   108 |                 CLB |
| FDPE             |    82 |            Register |
| DSP48E2          |    38 |          Arithmetic |
| RAMS32           |    28 |                 CLB |
| RAMB36E2         |    16 |            BLOCKRAM |
| IBUFCTRL         |    15 |              Others |
| INBUF            |     9 |                 I/O |
| BUFGCE           |     8 |               Clock |
| OBUF             |     7 |                 I/O |
| RX_BITSLICE      |     6 |                 I/O |
| DPHY_DIFFINBUF   |     6 |              Others |
| OBUFT            |     4 |                 I/O |
| PLLE4_ADV        |     2 |               Clock |
| BITSLICE_CONTROL |     2 |                 I/O |
| PS8              |     1 |            Advanced |
| MMCME4_ADV       |     1 |               Clock |
+------------------+-------+---------------------+


10. Black Boxes
---------------

+----------+------+
| Ref Name | Used |
+----------+------+


11. Instantiated Netlists
-------------------------

+-----------------------------------------+------+
|                 Ref Name                | Used |
+-----------------------------------------+------+
| design_1_zynq_ultra_ps_e_0_0            |    1 |
| design_1_v_proc_ss_1_0                  |    1 |
| design_1_v_proc_ss_0_0                  |    1 |
| design_1_v_frmbuf_wr_1_0                |    1 |
| design_1_v_frmbuf_wr_0_0                |    1 |
| design_1_util_ds_buf_0_0                |    1 |
| design_1_ps8_0_axi_periph_imp_xbar_0    |    1 |
| design_1_ps8_0_axi_periph_imp_auto_pc_0 |    1 |
| design_1_proc_sys_reset_200M_0          |    1 |
| design_1_mipi_csi2_rx_subsyst_1_0       |    1 |
| design_1_mipi_csi2_rx_subsyst_0_0       |    1 |
| design_1_fan_gpio_0                     |    1 |
| design_1_clk_wiz_0_0                    |    1 |
| design_1_axis_subset_converter_1_0      |    1 |
| design_1_axis_subset_converter_0_0      |    1 |
| design_1_axi_iic_1_0                    |    1 |
| design_1_axi_iic_0_0                    |    1 |
| design_1_axi_gpio_1_0                   |    1 |
| design_1_axi_gpio_0_0                   |    1 |
| bd_d92b_csc_0                           |    1 |
| bd_d10d_vfb_0_0                         |    1 |
| bd_d10d_rx_0                            |    1 |
| bd_d10d_r_sync_0                        |    1 |
| bd_d10d_phy_0                           |    1 |
| bd_197a_csc_0                           |    1 |
| bd_115c_vfb_0_0                         |    1 |
| bd_115c_rx_0                            |    1 |
| bd_115c_r_sync_0                        |    1 |
| bd_115c_phy_0                           |    1 |
+-----------------------------------------+------+


