Copyright 1986-2022 Xilinx, Inc. All Rights Reserved. Copyright 2022-2025 Advanced Micro Devices, Inc. All Rights Reserved.
--------------------------------------------------------------------------------------------------------------------------------------------------------------------------------------
| Tool Version : Vivado v.2025.2 (win64) Build 6299465 Fri Nov 14 19:35:11 GMT 2025
| Date         : Wed Jan 21 13:25:51 2026
| Host         : LAPTOP-N1KB207U running 64-bit major release  (build 9200)
| Command      : report_methodology -file design_1_wrapper_methodology_drc_routed.rpt -pb design_1_wrapper_methodology_drc_routed.pb -rpx design_1_wrapper_methodology_drc_routed.rpx
| Design       : design_1_wrapper
| Device       : xczu2cg-sfvc784-1-e
| Speed File   : -1
| Design State : Fully Routed
--------------------------------------------------------------------------------------------------------------------------------------------------------------------------------------

Report Methodology

Table of Contents
-----------------
1. REPORT SUMMARY
2. REPORT DETAILS

1. REPORT SUMMARY
-----------------
            Netlist: netlist
          Floorplan: design_1
      Design limits: <entire design considered>
             Max checks: <unlimited>
             Checks found: 31
+-----------+------------------+-------------------------------------------------------------------------------------+--------+
| Rule      | Severity         | Description                                                                         | Checks |
+-----------+------------------+-------------------------------------------------------------------------------------+--------+
| TIMING-54 | Critical Warning | Scoped false path, clock group or max delay datapath only constraint between clocks | 2      |
| LUTAR-1   | Warning          | LUT drives async reset alert                                                        | 2      |
| TIMING-24 | Warning          | Overridden Max delay datapath only                                                  | 20     |
| TIMING-28 | Warning          | Auto-derived clock referenced by a timing constraint                                | 4      |
| CLKC-56   | Advisory         | MMCME4 with global clock driver has no LOC                                          | 1      |
| CLKC-58   | Advisory         | PLLE4 with global clock driver has no LOC                                           | 2      |
+-----------+------------------+-------------------------------------------------------------------------------------+--------+

2. REPORT DETAILS
-----------------
TIMING-54#1 Critical Warning
Scoped false path, clock group or max delay datapath only constraint between clocks  
A scoped Clock Group timing constraint is set between clocks mipi_phy_if_0_clk_p_FIFO_WRCLK_OUT and clk_out1_design_1_clk_wiz_0_0 (see constraint position 10 in the Timing Constraint window in Vivado IDE). It is not recommended to define such scoped constraints between clocks as the constraint impacts timing paths outside of the scope.
Related violations: <none>

TIMING-54#2 Critical Warning
Scoped false path, clock group or max delay datapath only constraint between clocks  
A scoped Clock Group timing constraint is set between clocks mipi_phy_if_1_clk_p_FIFO_WRCLK_OUT and clk_out1_design_1_clk_wiz_0_0 (see constraint position 9 in the Timing Constraint window in Vivado IDE). It is not recommended to define such scoped constraints between clocks as the constraint impacts timing paths outside of the scope.
Related violations: <none>

LUTAR-1#1 Warning
LUT drives async reset alert  
LUT cell design_1_i/mipi_csi2_rx_subsyst_0/inst/rx/mipi_csi2_rx_ctrl_v1_0_14_top_dut/AXI_LITE.reg_inf/gen_spkt_fifo/xpm_arst_03_i_1, with 2 or more inputs, drives asynchronous preset/clear pin(s) design_1_i/mipi_csi2_rx_subsyst_0/inst/rx/mipi_csi2_rx_ctrl_v1_0_14_top_dut/AXI_LITE.reg_inf/gen_spkt_fifo/xpm_arst_03/arststages_ff_reg[0]/CLR,
design_1_i/mipi_csi2_rx_subsyst_0/inst/rx/mipi_csi2_rx_ctrl_v1_0_14_top_dut/AXI_LITE.reg_inf/gen_spkt_fifo/xpm_arst_03/arststages_ff_reg[1]/CLR
design_1_i/mipi_csi2_rx_subsyst_0/inst/rx/mipi_csi2_rx_ctrl_v1_0_14_top_dut/AXI_LITE.reg_inf/gen_spkt_fifo/xpm_arst_03/arststages_ff_reg[2]/CLR. The LUT may glitch and trigger an unexpected reset, even if it is a properly timed path.
Related violations: <none>

LUTAR-1#2 Warning
LUT drives async reset alert  
LUT cell design_1_i/mipi_csi2_rx_subsyst_1/inst/rx/mipi_csi2_rx_ctrl_v1_0_14_top_dut/AXI_LITE.reg_inf/gen_spkt_fifo/xpm_arst_03_i_1, with 2 or more inputs, drives asynchronous preset/clear pin(s) design_1_i/mipi_csi2_rx_subsyst_1/inst/rx/mipi_csi2_rx_ctrl_v1_0_14_top_dut/AXI_LITE.reg_inf/gen_spkt_fifo/xpm_arst_03/arststages_ff_reg[0]/CLR,
design_1_i/mipi_csi2_rx_subsyst_1/inst/rx/mipi_csi2_rx_ctrl_v1_0_14_top_dut/AXI_LITE.reg_inf/gen_spkt_fifo/xpm_arst_03/arststages_ff_reg[1]/CLR
design_1_i/mipi_csi2_rx_subsyst_1/inst/rx/mipi_csi2_rx_ctrl_v1_0_14_top_dut/AXI_LITE.reg_inf/gen_spkt_fifo/xpm_arst_03/arststages_ff_reg[2]/CLR. The LUT may glitch and trigger an unexpected reset, even if it is a properly timed path.
Related violations: <none>

TIMING-24#1 Warning
Overridden Max delay datapath only  
An asynchronous set_clock_groups or a set_false path (see constraint position 10 in the Timing Constraints window in Vivado IDE) between clocks clk_out1_design_1_clk_wiz_0_0 and mipi_phy_if_0_clk_p_FIFO_WRCLK_OUT overrides a set_max_delay -datapath_only (position 132). It is not recommended to override a set_max_delay -datapath_only constraint. Replace the set_clock_groups or set_false_path between clocks with point-to-point set_false_path constraints
Related violations: <none>

TIMING-24#2 Warning
Overridden Max delay datapath only  
An asynchronous set_clock_groups or a set_false path (see constraint position 10 in the Timing Constraints window in Vivado IDE) between clocks clk_out1_design_1_clk_wiz_0_0 and mipi_phy_if_0_clk_p_FIFO_WRCLK_OUT overrides a set_max_delay -datapath_only (position 136). It is not recommended to override a set_max_delay -datapath_only constraint. Replace the set_clock_groups or set_false_path between clocks with point-to-point set_false_path constraints
Related violations: <none>

TIMING-24#3 Warning
Overridden Max delay datapath only  
An asynchronous set_clock_groups or a set_false path (see constraint position 10 in the Timing Constraints window in Vivado IDE) between clocks clk_out1_design_1_clk_wiz_0_0 and mipi_phy_if_1_clk_p_FIFO_WRCLK_OUT overrides a set_max_delay -datapath_only (position 124). It is not recommended to override a set_max_delay -datapath_only constraint. Replace the set_clock_groups or set_false_path between clocks with point-to-point set_false_path constraints
Related violations: <none>

TIMING-24#4 Warning
Overridden Max delay datapath only  
An asynchronous set_clock_groups or a set_false path (see constraint position 10 in the Timing Constraints window in Vivado IDE) between clocks clk_out1_design_1_clk_wiz_0_0 and mipi_phy_if_1_clk_p_FIFO_WRCLK_OUT overrides a set_max_delay -datapath_only (position 128). It is not recommended to override a set_max_delay -datapath_only constraint. Replace the set_clock_groups or set_false_path between clocks with point-to-point set_false_path constraints
Related violations: <none>

TIMING-24#5 Warning
Overridden Max delay datapath only  
An asynchronous set_clock_groups or a set_false path (see constraint position 10 in the Timing Constraints window in Vivado IDE) between clocks mipi_phy_if_0_clk_p_FIFO_WRCLK_OUT and clk_out1_design_1_clk_wiz_0_0 overrides a set_max_delay -datapath_only (position 134). It is not recommended to override a set_max_delay -datapath_only constraint. Replace the set_clock_groups or set_false_path between clocks with point-to-point set_false_path constraints
Related violations: <none>

TIMING-24#6 Warning
Overridden Max delay datapath only  
An asynchronous set_clock_groups or a set_false path (see constraint position 10 in the Timing Constraints window in Vivado IDE) between clocks mipi_phy_if_0_clk_p_FIFO_WRCLK_OUT and clk_out1_design_1_clk_wiz_0_0 overrides a set_max_delay -datapath_only (position 138). It is not recommended to override a set_max_delay -datapath_only constraint. Replace the set_clock_groups or set_false_path between clocks with point-to-point set_false_path constraints
Related violations: <none>

TIMING-24#7 Warning
Overridden Max delay datapath only  
An asynchronous set_clock_groups or a set_false path (see constraint position 10 in the Timing Constraints window in Vivado IDE) between clocks mipi_phy_if_0_clk_p_FIFO_WRCLK_OUT and clk_out1_design_1_clk_wiz_0_0 overrides a set_max_delay -datapath_only (position 429). It is not recommended to override a set_max_delay -datapath_only constraint. Replace the set_clock_groups or set_false_path between clocks with point-to-point set_false_path constraints
Related violations: <none>

TIMING-24#8 Warning
Overridden Max delay datapath only  
An asynchronous set_clock_groups or a set_false path (see constraint position 10 in the Timing Constraints window in Vivado IDE) between clocks mipi_phy_if_1_clk_p_FIFO_WRCLK_OUT and clk_out1_design_1_clk_wiz_0_0 overrides a set_max_delay -datapath_only (position 126). It is not recommended to override a set_max_delay -datapath_only constraint. Replace the set_clock_groups or set_false_path between clocks with point-to-point set_false_path constraints
Related violations: <none>

TIMING-24#9 Warning
Overridden Max delay datapath only  
An asynchronous set_clock_groups or a set_false path (see constraint position 10 in the Timing Constraints window in Vivado IDE) between clocks mipi_phy_if_1_clk_p_FIFO_WRCLK_OUT and clk_out1_design_1_clk_wiz_0_0 overrides a set_max_delay -datapath_only (position 130). It is not recommended to override a set_max_delay -datapath_only constraint. Replace the set_clock_groups or set_false_path between clocks with point-to-point set_false_path constraints
Related violations: <none>

TIMING-24#10 Warning
Overridden Max delay datapath only  
An asynchronous set_clock_groups or a set_false path (see constraint position 10 in the Timing Constraints window in Vivado IDE) between clocks mipi_phy_if_1_clk_p_FIFO_WRCLK_OUT and clk_out1_design_1_clk_wiz_0_0 overrides a set_max_delay -datapath_only (position 427). It is not recommended to override a set_max_delay -datapath_only constraint. Replace the set_clock_groups or set_false_path between clocks with point-to-point set_false_path constraints
Related violations: <none>

TIMING-24#11 Warning
Overridden Max delay datapath only  
An asynchronous set_clock_groups or a set_false path (see constraint position 9 in the Timing Constraints window in Vivado IDE) between clocks clk_out1_design_1_clk_wiz_0_0 and mipi_phy_if_0_clk_p_FIFO_WRCLK_OUT overrides a set_max_delay -datapath_only (position 132). It is not recommended to override a set_max_delay -datapath_only constraint. Replace the set_clock_groups or set_false_path between clocks with point-to-point set_false_path constraints
Related violations: <none>

TIMING-24#12 Warning
Overridden Max delay datapath only  
An asynchronous set_clock_groups or a set_false path (see constraint position 9 in the Timing Constraints window in Vivado IDE) between clocks clk_out1_design_1_clk_wiz_0_0 and mipi_phy_if_0_clk_p_FIFO_WRCLK_OUT overrides a set_max_delay -datapath_only (position 136). It is not recommended to override a set_max_delay -datapath_only constraint. Replace the set_clock_groups or set_false_path between clocks with point-to-point set_false_path constraints
Related violations: <none>

TIMING-24#13 Warning
Overridden Max delay datapath only  
An asynchronous set_clock_groups or a set_false path (see constraint position 9 in the Timing Constraints window in Vivado IDE) between clocks clk_out1_design_1_clk_wiz_0_0 and mipi_phy_if_1_clk_p_FIFO_WRCLK_OUT overrides a set_max_delay -datapath_only (position 124). It is not recommended to override a set_max_delay -datapath_only constraint. Replace the set_clock_groups or set_false_path between clocks with point-to-point set_false_path constraints
Related violations: <none>

TIMING-24#14 Warning
Overridden Max delay datapath only  
An asynchronous set_clock_groups or a set_false path (see constraint position 9 in the Timing Constraints window in Vivado IDE) between clocks clk_out1_design_1_clk_wiz_0_0 and mipi_phy_if_1_clk_p_FIFO_WRCLK_OUT overrides a set_max_delay -datapath_only (position 128). It is not recommended to override a set_max_delay -datapath_only constraint. Replace the set_clock_groups or set_false_path between clocks with point-to-point set_false_path constraints
Related violations: <none>

TIMING-24#15 Warning
Overridden Max delay datapath only  
An asynchronous set_clock_groups or a set_false path (see constraint position 9 in the Timing Constraints window in Vivado IDE) between clocks mipi_phy_if_0_clk_p_FIFO_WRCLK_OUT and clk_out1_design_1_clk_wiz_0_0 overrides a set_max_delay -datapath_only (position 134). It is not recommended to override a set_max_delay -datapath_only constraint. Replace the set_clock_groups or set_false_path between clocks with point-to-point set_false_path constraints
Related violations: <none>

TIMING-24#16 Warning
Overridden Max delay datapath only  
An asynchronous set_clock_groups or a set_false path (see constraint position 9 in the Timing Constraints window in Vivado IDE) between clocks mipi_phy_if_0_clk_p_FIFO_WRCLK_OUT and clk_out1_design_1_clk_wiz_0_0 overrides a set_max_delay -datapath_only (position 138). It is not recommended to override a set_max_delay -datapath_only constraint. Replace the set_clock_groups or set_false_path between clocks with point-to-point set_false_path constraints
Related violations: <none>

TIMING-24#17 Warning
Overridden Max delay datapath only  
An asynchronous set_clock_groups or a set_false path (see constraint position 9 in the Timing Constraints window in Vivado IDE) between clocks mipi_phy_if_0_clk_p_FIFO_WRCLK_OUT and clk_out1_design_1_clk_wiz_0_0 overrides a set_max_delay -datapath_only (position 429). It is not recommended to override a set_max_delay -datapath_only constraint. Replace the set_clock_groups or set_false_path between clocks with point-to-point set_false_path constraints
Related violations: <none>

TIMING-24#18 Warning
Overridden Max delay datapath only  
An asynchronous set_clock_groups or a set_false path (see constraint position 9 in the Timing Constraints window in Vivado IDE) between clocks mipi_phy_if_1_clk_p_FIFO_WRCLK_OUT and clk_out1_design_1_clk_wiz_0_0 overrides a set_max_delay -datapath_only (position 126). It is not recommended to override a set_max_delay -datapath_only constraint. Replace the set_clock_groups or set_false_path between clocks with point-to-point set_false_path constraints
Related violations: <none>

TIMING-24#19 Warning
Overridden Max delay datapath only  
An asynchronous set_clock_groups or a set_false path (see constraint position 9 in the Timing Constraints window in Vivado IDE) between clocks mipi_phy_if_1_clk_p_FIFO_WRCLK_OUT and clk_out1_design_1_clk_wiz_0_0 overrides a set_max_delay -datapath_only (position 130). It is not recommended to override a set_max_delay -datapath_only constraint. Replace the set_clock_groups or set_false_path between clocks with point-to-point set_false_path constraints
Related violations: <none>

TIMING-24#20 Warning
Overridden Max delay datapath only  
An asynchronous set_clock_groups or a set_false path (see constraint position 9 in the Timing Constraints window in Vivado IDE) between clocks mipi_phy_if_1_clk_p_FIFO_WRCLK_OUT and clk_out1_design_1_clk_wiz_0_0 overrides a set_max_delay -datapath_only (position 427). It is not recommended to override a set_max_delay -datapath_only constraint. Replace the set_clock_groups or set_false_path between clocks with point-to-point set_false_path constraints
Related violations: <none>

TIMING-28#1 Warning
Auto-derived clock referenced by a timing constraint  
The auto-derived clock mipi_phy_if_0_clk_p_FIFO_WRCLK_OUT is referenced by name inside timing constraint (see constraint position 10 in the Timing Constraint window in Vivado IDE). It is recommended to reference an auto-derived clock by the pin name attached to the clock: get_clocks -of_objects [get_pins design_1_i/mipi_csi2_rx_subsyst_0/inst/phy/inst/inst/bd_d10d_phy_0_rx_support_i/slave_rx.bd_d10d_phy_0_rx_hssio_i/inst/top_inst/bs_top_inst/u_rx_bs/RX_BS[0].rx_bitslice_if_bs/FIFO_WRCLK_OUT]
Related violations: <none>

TIMING-28#2 Warning
Auto-derived clock referenced by a timing constraint  
The auto-derived clock mipi_phy_if_0_clk_p_FIFO_WRCLK_OUT is referenced by name inside timing constraint (see constraint position 9 in the Timing Constraint window in Vivado IDE). It is recommended to reference an auto-derived clock by the pin name attached to the clock: get_clocks -of_objects [get_pins design_1_i/mipi_csi2_rx_subsyst_0/inst/phy/inst/inst/bd_d10d_phy_0_rx_support_i/slave_rx.bd_d10d_phy_0_rx_hssio_i/inst/top_inst/bs_top_inst/u_rx_bs/RX_BS[0].rx_bitslice_if_bs/FIFO_WRCLK_OUT]
Related violations: <none>

TIMING-28#3 Warning
Auto-derived clock referenced by a timing constraint  
The auto-derived clock mipi_phy_if_1_clk_p_FIFO_WRCLK_OUT is referenced by name inside timing constraint (see constraint position 10 in the Timing Constraint window in Vivado IDE). It is recommended to reference an auto-derived clock by the pin name attached to the clock: get_clocks -of_objects [get_pins design_1_i/mipi_csi2_rx_subsyst_1/inst/phy/inst/inst/bd_115c_phy_0_rx_support_i/slave_rx.bd_115c_phy_0_rx_hssio_i/inst/top_inst/bs_top_inst/u_rx_bs/RX_BS[0].rx_bitslice_if_bs/FIFO_WRCLK_OUT]
Related violations: <none>

TIMING-28#4 Warning
Auto-derived clock referenced by a timing constraint  
The auto-derived clock mipi_phy_if_1_clk_p_FIFO_WRCLK_OUT is referenced by name inside timing constraint (see constraint position 9 in the Timing Constraint window in Vivado IDE). It is recommended to reference an auto-derived clock by the pin name attached to the clock: get_clocks -of_objects [get_pins design_1_i/mipi_csi2_rx_subsyst_1/inst/phy/inst/inst/bd_115c_phy_0_rx_support_i/slave_rx.bd_115c_phy_0_rx_hssio_i/inst/top_inst/bs_top_inst/u_rx_bs/RX_BS[0].rx_bitslice_if_bs/FIFO_WRCLK_OUT]
Related violations: <none>

CLKC-56#1 Advisory
MMCME4 with global clock driver has no LOC  
The MMCME4_ADV cell design_1_i/clk_wiz_0/inst/mmcme4_adv_inst CLKIN1 or CLKIN2 pin is driven by global Clock buffer(s) design_1_i/util_ds_buf_0/U0/USE_BUFG.GEN_BUFG[0].BUFG_U and does not have a LOC constraint. It is recommended to LOC the MMCM and use the CLOCK_DEDICATED_ROUTE constraint on the net(s) driven by the global Clock buffer(s).
Related violations: <none>

CLKC-58#1 Advisory
PLLE4 with global clock driver has no LOC  
The PLLE4_ADV cell design_1_i/mipi_csi2_rx_subsyst_0/inst/phy/inst/inst/bd_d10d_phy_0_rx_support_i/slave_rx.bd_d10d_phy_0_rx_hssio_i/inst/top_inst/clk_rst_top_inst/clk_scheme_inst/GEN_PLL_IN_IP_USP.plle4_adv_pll0_inst CLKIN pin is driven by global Clock buffer design_1_i/clk_wiz_0/inst/clkout1_buf and does not have a LOC constraint. It is recommended to LOC the PLL and use the CLOCK_DEDICATED_ROUTE constraint on the net driven by the global Clock buffer.
Related violations: <none>

CLKC-58#2 Advisory
PLLE4 with global clock driver has no LOC  
The PLLE4_ADV cell design_1_i/mipi_csi2_rx_subsyst_1/inst/phy/inst/inst/bd_115c_phy_0_rx_support_i/slave_rx.bd_115c_phy_0_rx_hssio_i/inst/top_inst/clk_rst_top_inst/clk_scheme_inst/GEN_PLL_IN_IP_USP.plle4_adv_pll0_inst CLKIN pin is driven by global Clock buffer design_1_i/clk_wiz_0/inst/clkout1_buf and does not have a LOC constraint. It is recommended to LOC the PLL and use the CLOCK_DEDICATED_ROUTE constraint on the net driven by the global Clock buffer.
Related violations: <none>


