17:19:37 DEBUG : Logs will be stored at 'C:/TFG_Vivado/demo/course_s2_Vitis/01_ps_hello/vitis/IDE.log'.
17:19:42 INFO  : Launching XSCT server: xsct.bat -n  -interactive C:\TFG_Vivado\demo\course_s2_Vitis\01_ps_hello\vitis\temp_xsdb_launch_script.tcl
17:19:42 INFO  : Registering command handlers for Vitis TCF services
17:19:42 INFO  : Platform repository initialization has completed.
17:19:44 INFO  : XSCT server has started successfully.
17:19:44 INFO  : Successfully done setting XSCT server connection channel  
17:19:44 INFO  : plnx-install-location is set to ''
17:19:44 INFO  : Successfully done setting workspace for the tool. 
17:19:44 INFO  : Successfully done query RDI_DATADIR 
17:20:36 INFO  : Result from executing command 'getProjects': design_1_wrapper
17:20:36 INFO  : Result from executing command 'getPlatforms': xilinx_zcu102_base_202310_1|C:/Xilinx/Vitis/2023.1/base_platforms/xilinx_zcu102_base_202310_1/xilinx_zcu102_base_202310_1.xpfm;xilinx_zcu102_base_dfx_202310_1|C:/Xilinx/Vitis/2023.1/base_platforms/xilinx_zcu102_base_dfx_202310_1/xilinx_zcu102_base_dfx_202310_1.xpfm;xilinx_zcu104_base_202310_1|C:/Xilinx/Vitis/2023.1/base_platforms/xilinx_zcu104_base_202310_1/xilinx_zcu104_base_202310_1.xpfm
17:20:36 WARN  : An unexpected exception occurred in the module 'platform project logging'
17:20:37 INFO  : Platform 'design_1_wrapper' is added to custom repositories.
17:20:43 INFO  : Platform 'design_1_wrapper' is added to custom repositories.
17:21:53 INFO  : Result from executing command 'getProjects': design_1_wrapper
17:21:53 INFO  : Result from executing command 'getPlatforms': design_1_wrapper|C:/TFG_Vivado/demo/course_s2_Vitis/01_ps_hello/vitis/design_1_wrapper/export/design_1_wrapper/design_1_wrapper.xpfm;xilinx_zcu102_base_202310_1|C:/Xilinx/Vitis/2023.1/base_platforms/xilinx_zcu102_base_202310_1/xilinx_zcu102_base_202310_1.xpfm;xilinx_zcu102_base_dfx_202310_1|C:/Xilinx/Vitis/2023.1/base_platforms/xilinx_zcu102_base_dfx_202310_1/xilinx_zcu102_base_dfx_202310_1.xpfm;xilinx_zcu104_base_202310_1|C:/Xilinx/Vitis/2023.1/base_platforms/xilinx_zcu104_base_202310_1/xilinx_zcu104_base_202310_1.xpfm
17:21:54 INFO  : Checking for BSP changes to sync application flags for project 'hello'...
17:22:57 INFO  : Connected to target on host '127.0.0.1' and port '3121'.
17:22:58 INFO  : Jtag cable 'Digilent JTAG-HS1 210512180081' is selected.
17:22:58 INFO  : 'jtag frequency' command is executed.
17:22:58 INFO  : Sourcing of 'C:/Xilinx/Vitis/2023.1/scripts/vitis/util/zynqmp_utils.tcl' is done.
17:22:58 INFO  : Context for 'APU' is selected.
17:22:58 INFO  : System reset is completed.
17:23:01 INFO  : 'after 3000' command is executed.
17:23:01 INFO  : Context for 'APU' is selected.
17:23:01 INFO  : Hardware design and registers information is loaded from 'C:/TFG_Vivado/demo/course_s2_Vitis/01_ps_hello/vitis/design_1_wrapper/export/design_1_wrapper/hw/design_1_wrapper.xsa'.
17:23:01 INFO  : 'configparams force-mem-access 1' command is executed.
17:23:01 INFO  : Context for 'APU' is selected.
17:23:01 INFO  : Boot mode is read from the target.
17:23:01 INFO  : Context for processor 'psu_cortexa53_0' is selected.
17:23:02 INFO  : Processor reset is completed for 'psu_cortexa53_0'.
17:23:02 INFO  : The application 'C:/TFG_Vivado/demo/course_s2_Vitis/01_ps_hello/vitis/design_1_wrapper/export/design_1_wrapper/sw/design_1_wrapper/boot/fsbl.elf' is downloaded to processor 'psu_cortexa53_0'.
17:23:02 INFO  : 'set bp_23_2_fsbl_bp [bpadd -addr &XFsbl_Exit]' command is executed.
17:23:04 INFO  : 'con -block -timeout 60' command is executed.
17:23:04 INFO  : 'bpremove $bp_23_2_fsbl_bp' command is executed.
17:23:04 INFO  : Context for processor 'psu_cortexa53_0' is selected.
17:23:04 INFO  : Processor reset is completed for 'psu_cortexa53_0'.
17:23:04 INFO  : The application 'C:/TFG_Vivado/demo/course_s2_Vitis/01_ps_hello/vitis/hello/Debug/hello.elf' is downloaded to processor 'psu_cortexa53_0'.
17:23:04 INFO  : 'configparams force-mem-access 0' command is executed.
17:23:04 INFO  : ----------------XSDB Script----------------
connect -url tcp:127.0.0.1:3121
source C:/Xilinx/Vitis/2023.1/scripts/vitis/util/zynqmp_utils.tcl
targets -set -nocase -filter {name =~"APU*"}
rst -system
after 3000
targets -set -nocase -filter {name =~"APU*"}
loadhw -hw C:/TFG_Vivado/demo/course_s2_Vitis/01_ps_hello/vitis/design_1_wrapper/export/design_1_wrapper/hw/design_1_wrapper.xsa -mem-ranges [list {0x80000000 0xbfffffff} {0x400000000 0x5ffffffff} {0x1000000000 0x7fffffffff}] -regs
configparams force-mem-access 1
targets -set -nocase -filter {name =~"APU*"}
set mode [expr [mrd -value 0xFF5E0200] & 0xf]
targets -set -nocase -filter {name =~ "*A53*#0"}
rst -processor
dow C:/TFG_Vivado/demo/course_s2_Vitis/01_ps_hello/vitis/design_1_wrapper/export/design_1_wrapper/sw/design_1_wrapper/boot/fsbl.elf
set bp_23_2_fsbl_bp [bpadd -addr &XFsbl_Exit]
con -block -timeout 60
bpremove $bp_23_2_fsbl_bp
targets -set -nocase -filter {name =~ "*A53*#0"}
rst -processor
dow C:/TFG_Vivado/demo/course_s2_Vitis/01_ps_hello/vitis/hello/Debug/hello.elf
configparams force-mem-access 0
----------------End of Script----------------

17:23:04 INFO  : Context for processor 'psu_cortexa53_0' is selected.
17:23:04 INFO  : 'con' command is executed.
17:23:04 INFO  : ----------------XSDB Script (After Launch)----------------
targets -set -nocase -filter {name =~ "*A53*#0"}
con
----------------End of Script----------------

17:23:04 INFO  : Launch script is exported to file 'C:\TFG_Vivado\demo\course_s2_Vitis\01_ps_hello\vitis\hello_system\_ide\scripts\debugger_hello-default.tcl'
10:27:01 INFO  : Disconnected from the channel tcfchan#2.
17:24:32 DEBUG : Logs will be stored at 'C:/TFG_Vivado/demo/course_s2_Vitis/01_ps_hello/vitis/IDE.log'.
17:24:33 INFO  : Launching XSCT server: xsct.bat -n  -interactive C:\TFG_Vivado\demo\course_s2_Vitis\01_ps_hello\vitis\temp_xsdb_launch_script.tcl
17:24:35 INFO  : Platform repository initialization has completed.
17:24:38 INFO  : Registering command handlers for Vitis TCF services
17:24:44 INFO  : XSCT server has started successfully.
17:24:44 INFO  : plnx-install-location is set to ''
17:24:44 INFO  : Successfully done setting XSCT server connection channel  
17:24:44 INFO  : Successfully done query RDI_DATADIR 
17:24:44 INFO  : Successfully done setting workspace for the tool. 
18:14:11 INFO  : Result from executing command 'getProjects': design_1_wrapper
18:14:11 INFO  : Result from executing command 'getPlatforms': design_1_wrapper|C:/TFG_Vivado/demo/course_s2_Vitis/01_ps_hello/vitis/design_1_wrapper/export/design_1_wrapper/design_1_wrapper.xpfm;xilinx_zcu102_base_202310_1|C:/Xilinx/Vitis/2023.1/base_platforms/xilinx_zcu102_base_202310_1/xilinx_zcu102_base_202310_1.xpfm;xilinx_zcu102_base_dfx_202310_1|C:/Xilinx/Vitis/2023.1/base_platforms/xilinx_zcu102_base_dfx_202310_1/xilinx_zcu102_base_dfx_202310_1.xpfm;xilinx_zcu104_base_202310_1|C:/Xilinx/Vitis/2023.1/base_platforms/xilinx_zcu104_base_202310_1/xilinx_zcu104_base_202310_1.xpfm
18:14:40 INFO  : Checking for BSP changes to sync application flags for project 'hello'...
18:15:27 INFO  : Generated template bif file for hello_system
18:18:25 INFO  : Invoking Bootgen: bootgen -image hello_system.bif -arch zynqmp -o C:/TFG_Vivado/demo/course_s2_Vitis/01_ps_hello/vitis/hello_system/_ide/bootimage/BOOT.bin
18:18:27 INFO  : Bootgen command execution is done.
