

================================================================
== Vitis HLS Report for 'AXIvideo2MultiPixStream'
================================================================
* Date:           Wed Jan 21 13:07:59 2026

* Version:        2025.2 (Build 6295257 on Nov 14 2025)
* Project:        prj
* Solution:       sol (Vivado IP Flow Target)
* Product family: zynquplus
* Target device:  xczu2cg-sfvc784-1-e


================================================================
== Performance Estimates
================================================================
+ Timing: 
    * Summary: 
    +--------+---------+----------+------------+
    |  Clock |  Target | Estimated| Uncertainty|
    +--------+---------+----------+------------+
    |ap_clk  |  5.00 ns|  3.017 ns|     1.35 ns|
    +--------+---------+----------+------------+

+ Latency: 
    * Summary: 
    +---------+---------+-----------+----------+-----+---------+---------+
    |  Latency (cycles) |  Latency (absolute)  |    Interval   | Pipeline|
    |   min   |   max   |    min    |    max   | min |   max   |   Type  |
    +---------+---------+-----------+----------+-----+---------+---------+
    |        5|  1047605|  25.000 ns|  5.238 ms|    5|  1047605|       no|
    +---------+---------+-----------+----------+-----+---------+---------+

    + Detail: 
        * Instance: 
        +-----------------------------------------------------------------+------------------------------------------------------+---------+---------+-----------+-----------+-----+-----+-------------------+
        |                                                                 |                                                      |  Latency (cycles) |   Latency (absolute)  |  Interval |      Pipeline     |
        |                             Instance                            |                        Module                        |   min   |   max   |    min    |    max    | min | max |        Type       |
        +-----------------------------------------------------------------+------------------------------------------------------+---------+---------+-----------+-----------+-----+-----+-------------------+
        |grp_AXIvideo2MultiPixStream_Pipeline_loop_wait_for_start_fu_148  |AXIvideo2MultiPixStream_Pipeline_loop_wait_for_start  |        2|        2|  10.000 ns|  10.000 ns|    0|    0|  loop pipeline stp|
        |grp_AXIvideo2MultiPixStream_Pipeline_loop_width_fu_168           |AXIvideo2MultiPixStream_Pipeline_loop_width           |        3|      963|  15.000 ns|   4.815 us|    0|    0|  loop pipeline stp|
        |grp_AXIvideo2MultiPixStream_Pipeline_loop_wait_for_eol_fu_197    |AXIvideo2MultiPixStream_Pipeline_loop_wait_for_eol    |        2|        2|  10.000 ns|  10.000 ns|    0|    0|  loop pipeline stp|
        |grp_reg_unsigned_short_s_fu_225                                  |reg_unsigned_short_s                                  |        1|        1|   5.000 ns|   5.000 ns|    1|    1|                yes|
        |grp_reg_unsigned_short_s_fu_231                                  |reg_unsigned_short_s                                  |        1|        1|   5.000 ns|   5.000 ns|    1|    1|                yes|
        +-----------------------------------------------------------------+------------------------------------------------------+---------+---------+-----------+-----------+-----+-----+-------------------+

        * Loop: 
        +---------------+---------+---------+----------+-----------+-----------+----------+----------+
        |               |  Latency (cycles) | Iteration|  Initiation Interval  |   Trip   |          |
        |   Loop Name   |   min   |   max   |  Latency |  achieved |   target  |   Count  | Pipelined|
        +---------------+---------+---------+----------+-----------+-----------+----------+----------+
        |- loop_height  |        0|  1047600|  10 ~ 970|          -|          -|  0 ~ 1080|        no|
        +---------------+---------+---------+----------+-----------+-----------+----------+----------+



================================================================
== Utilization Estimates
================================================================
* Summary: 
+-----------------+---------+-----+-------+-------+-----+
|       Name      | BRAM_18K| DSP |   FF  |  LUT  | URAM|
+-----------------+---------+-----+-------+-------+-----+
|DSP              |        -|    -|      -|      -|    -|
|Expression       |        -|    -|      0|     61|    -|
|FIFO             |        -|    -|      -|      -|    -|
|Instance         |        -|    -|    109|    328|    -|
|Memory           |        -|    -|      -|      -|    -|
|Multiplexer      |        -|    -|      0|    123|    -|
|Register         |        -|    -|    106|      -|    -|
+-----------------+---------+-----+-------+-------+-----+
|Total            |        0|    0|    215|    512|    0|
+-----------------+---------+-----+-------+-------+-----+
|Available        |      300|  240|  94464|  47232|    0|
+-----------------+---------+-----+-------+-------+-----+
|Utilization (%)  |        0|    0|     ~0|      1|    0|
+-----------------+---------+-----+-------+-------+-----+

+ Detail: 
    * Instance: 
    +-----------------------------------------------------------------+------------------------------------------------------+---------+----+----+-----+-----+
    |                             Instance                            |                        Module                        | BRAM_18K| DSP| FF | LUT | URAM|
    +-----------------------------------------------------------------+------------------------------------------------------+---------+----+----+-----+-----+
    |grp_AXIvideo2MultiPixStream_Pipeline_loop_wait_for_eol_fu_197    |AXIvideo2MultiPixStream_Pipeline_loop_wait_for_eol    |        0|   0|   4|   52|    0|
    |grp_AXIvideo2MultiPixStream_Pipeline_loop_wait_for_start_fu_148  |AXIvideo2MultiPixStream_Pipeline_loop_wait_for_start  |        0|   0|   4|   47|    0|
    |grp_AXIvideo2MultiPixStream_Pipeline_loop_width_fu_168           |AXIvideo2MultiPixStream_Pipeline_loop_width           |        0|   0|  75|  225|    0|
    |grp_reg_unsigned_short_s_fu_225                                  |reg_unsigned_short_s                                  |        0|   0|  13|    2|    0|
    |grp_reg_unsigned_short_s_fu_231                                  |reg_unsigned_short_s                                  |        0|   0|  13|    2|    0|
    +-----------------------------------------------------------------+------------------------------------------------------+---------+----+----+-----+-----+
    |Total                                                            |                                                      |        0|   0| 109|  328|    0|
    +-----------------------------------------------------------------+------------------------------------------------------+---------+----+----+-----+-----+

    * DSP: 
    N/A

    * Memory: 
    N/A

    * FIFO: 
    N/A

    * Expression: 
    +-----------------------+----------+----+---+----+------------+------------+
    |     Variable Name     | Operation| DSP| FF| LUT| Bitwidth P0| Bitwidth P1|
    +-----------------------+----------+----+---+----+------------+------------+
    |i_2_fu_308_p2          |         +|   0|  0|  18|          11|           1|
    |and_ln407_1_fu_318_p2  |       and|   0|  0|   2|           1|           1|
    |and_ln407_fu_374_p2    |       and|   0|  0|   2|           1|           1|
    |icmp_ln322_fu_303_p2   |      icmp|   0|  0|  18|          11|          11|
    |icmp_ln326_fu_288_p2   |      icmp|   0|  0|  17|          10|           1|
    |ap_block_state1        |        or|   0|  0|   2|           1|           1|
    |xor_ln407_fu_294_p2    |       xor|   0|  0|   2|           1|           2|
    +-----------------------+----------+----+---+----+------------+------------+
    |Total                  |          |   0|  0|  61|          36|          18|
    +-----------------------+----------+----+---+----+------------+------------+

    * Multiplexer: 
    +----------------------------------+----+-----------+-----+-----------+
    |               Name               | LUT| Input Size| Bits| Total Bits|
    +----------------------------------+----+-----------+-----+-----------+
    |ap_NS_fsm                         |  49|          9|    1|          9|
    |ap_done                           |   9|          2|    1|          2|
    |i_fu_84                           |   9|          2|   11|         22|
    |p_0_0_0_0179416_lcssa432_fu_88    |   9|          2|   48|         96|
    |p_4_0_0_0187423_lcssa448_reg_126  |   9|          2|    1|          2|
    |real_start                        |   9|          2|    1|          2|
    |s_axis_video_TREADY               |  20|          4|    1|          4|
    |sof_reg_136                       |   9|          2|    1|          2|
    +----------------------------------+----+-----------+-----+-----------+
    |Total                             | 123|         25|   65|        139|
    +----------------------------------+----+-----------+-----+-----------+

    * Register: 
    +------------------------------------------------------------------------------+----+----+-----+-----------+
    |                                     Name                                     | FF | LUT| Bits| Const Bits|
    +------------------------------------------------------------------------------+----+----+-----+-----------+
    |and_ln407_1_reg_503                                                           |   1|   0|    1|          0|
    |and_ln407_reg_514                                                             |   1|   0|    1|          0|
    |ap_CS_fsm                                                                     |   8|   0|    8|          0|
    |ap_done_reg                                                                   |   1|   0|    1|          0|
    |axi_last_loc_fu_104                                                           |   1|   0|    1|          0|
    |colorFormat_val_read_reg_469                                                  |   3|   0|    3|          0|
    |grp_AXIvideo2MultiPixStream_Pipeline_loop_wait_for_eol_fu_197_ap_start_reg    |   1|   0|    1|          0|
    |grp_AXIvideo2MultiPixStream_Pipeline_loop_wait_for_start_fu_148_ap_start_reg  |   1|   0|    1|          0|
    |grp_AXIvideo2MultiPixStream_Pipeline_loop_width_fu_168_ap_start_reg           |   1|   0|    1|          0|
    |grp_reg_unsigned_short_s_fu_225_ap_start_reg                                  |   1|   0|    1|          0|
    |grp_reg_unsigned_short_s_fu_231_ap_start_reg                                  |   1|   0|    1|          0|
    |i_fu_84                                                                       |  11|   0|   11|          0|
    |icmp_ln326_reg_487                                                            |   1|   0|    1|          0|
    |p_0_0_0_0179416_lcssa432_fu_88                                                |  48|   0|   48|          0|
    |p_4_0_0_0187423_lcssa446_loc_fu_92                                            |   1|   0|    1|          0|
    |p_4_0_0_0187423_lcssa448_reg_126                                              |   1|   0|    1|          0|
    |rows_reg_474                                                                  |  11|   0|   11|          0|
    |sof_reg_136                                                                   |   1|   0|    1|          0|
    |start_once_reg                                                                |   1|   0|    1|          0|
    |trunc_ln7_reg_482                                                             |  10|   0|   10|          0|
    |xor_ln407_reg_492                                                             |   1|   0|    1|          0|
    +------------------------------------------------------------------------------+----+----+-----+-----------+
    |Total                                                                         | 106|   0|  106|          0|
    +------------------------------------------------------------------------------+----+----+-----+-----------+



================================================================
== Interface
================================================================
* Summary: 
+---------------------+-----+-----+------------+-------------------------+--------------+
|      RTL Ports      | Dir | Bits|  Protocol  |      Source Object      |    C Type    |
+---------------------+-----+-----+------------+-------------------------+--------------+
|ap_clk               |   in|    1|  ap_ctrl_hs|  AXIvideo2MultiPixStream|  return value|
|ap_rst               |   in|    1|  ap_ctrl_hs|  AXIvideo2MultiPixStream|  return value|
|ap_start             |   in|    1|  ap_ctrl_hs|  AXIvideo2MultiPixStream|  return value|
|start_full_n         |   in|    1|  ap_ctrl_hs|  AXIvideo2MultiPixStream|  return value|
|ap_done              |  out|    1|  ap_ctrl_hs|  AXIvideo2MultiPixStream|  return value|
|ap_continue          |   in|    1|  ap_ctrl_hs|  AXIvideo2MultiPixStream|  return value|
|ap_idle              |  out|    1|  ap_ctrl_hs|  AXIvideo2MultiPixStream|  return value|
|ap_ready             |  out|    1|  ap_ctrl_hs|  AXIvideo2MultiPixStream|  return value|
|start_out            |  out|    1|  ap_ctrl_hs|  AXIvideo2MultiPixStream|  return value|
|start_write          |  out|    1|  ap_ctrl_hs|  AXIvideo2MultiPixStream|  return value|
|s_axis_video_TDATA   |   in|   48|        axis|    s_axis_video_V_data_V|       pointer|
|s_axis_video_TVALID  |   in|    1|        axis|    s_axis_video_V_dest_V|       pointer|
|s_axis_video_TREADY  |  out|    1|        axis|    s_axis_video_V_dest_V|       pointer|
|s_axis_video_TDEST   |   in|    1|        axis|    s_axis_video_V_dest_V|       pointer|
|s_axis_video_TKEEP   |   in|    6|        axis|    s_axis_video_V_keep_V|       pointer|
|s_axis_video_TSTRB   |   in|    6|        axis|    s_axis_video_V_strb_V|       pointer|
|s_axis_video_TUSER   |   in|    1|        axis|    s_axis_video_V_user_V|       pointer|
|s_axis_video_TLAST   |   in|    1|        axis|    s_axis_video_V_last_V|       pointer|
|s_axis_video_TID     |   in|    1|        axis|      s_axis_video_V_id_V|       pointer|
|img_din              |  out|   48|     ap_fifo|                      img|       pointer|
|img_full_n           |   in|    1|     ap_fifo|                      img|       pointer|
|img_write            |  out|    1|     ap_fifo|                      img|       pointer|
|img_num_data_valid   |   in|    3|     ap_fifo|                      img|       pointer|
|img_fifo_cap         |   in|    3|     ap_fifo|                      img|       pointer|
|Height_val           |   in|   11|   ap_stable|               Height_val|        scalar|
|WidthIn_val          |   in|   11|   ap_stable|              WidthIn_val|        scalar|
|colorFormat_val      |   in|    3|   ap_stable|          colorFormat_val|        scalar|
+---------------------+-----+-----+------------+-------------------------+--------------+

============================================================
+ Verbose Summary: Synthesis Manager
============================================================
InlineROM: 1
ExposeGlobal: 0
============================================================
+ Verbose Summary: CDFG Model
============================================================
IsTopModel: 0
ResetActiveHigh: 1
IsCombinational: 2
IsDatapathOnly: 0
HasWiredReturn: 1
HasMFsm: 0
HasVarLatency: 1
IsPipeline: 0
IsRtlPipelined: 0
IsInstanceOverlapped: 0
IsDontTouch: 0
HasImplIP: 0
IsGatedGlobalClock: 0


============================================================
+ Verbose Summary: Schedule
============================================================
* Number of FSM states : 8
* Pipeline : 0
* Dataflow Pipeline: 0

* FSM state transitions: 
1 --> 2 
2 --> 3 
3 --> 4 
4 --> 5 
5 --> 6 
6 --> 7 
7 --> 8 
8 --> 4 

* FSM state operations: 

State 1 <SV = 0> <Delay = 0.62>
ST_1 : Operation 9 [1/1] (0.00ns)   --->   "%i = alloca i32 1" [C:/TFG_Vivado/vivado/axu2cga_trd.runs/design_1_v_frmbuf_wr_1_0_synth_1/prj/sol/.autopilot/db/v_frmbuf_wr.cpp:322]   --->   Operation 9 'alloca' 'i' <Predicate = true> <Delay = 0.00>
ST_1 : Operation 10 [1/1] (0.00ns)   --->   "%p_0_0_0_0179416_lcssa432 = alloca i32 1"   --->   Operation 10 'alloca' 'p_0_0_0_0179416_lcssa432' <Predicate = true> <Delay = 0.00>
ST_1 : Operation 11 [1/1] (0.00ns)   --->   "%p_4_0_0_0187423_lcssa446_loc = alloca i32 1"   --->   Operation 11 'alloca' 'p_4_0_0_0187423_lcssa446_loc' <Predicate = true> <Delay = 0.00>
ST_1 : Operation 12 [1/1] (0.00ns)   --->   "%p_0_0_0_0179415_loc = alloca i32 1"   --->   Operation 12 'alloca' 'p_0_0_0_0179415_loc' <Predicate = true> <Delay = 0.00>
ST_1 : Operation 13 [1/1] (0.00ns)   --->   "%p_4_0_0_0187424_loc = alloca i32 1"   --->   Operation 13 'alloca' 'p_4_0_0_0187424_loc' <Predicate = true> <Delay = 0.00>
ST_1 : Operation 14 [1/1] (0.00ns)   --->   "%axi_last_loc = alloca i32 1"   --->   Operation 14 'alloca' 'axi_last_loc' <Predicate = true> <Delay = 0.00>
ST_1 : Operation 15 [2/2] (0.62ns)   --->   "%call_ln0 = call void @AXIvideo2MultiPixStream_Pipeline_loop_wait_for_start, i48 %s_axis_video_V_data_V, i6 %s_axis_video_V_keep_V, i6 %s_axis_video_V_strb_V, i1 %s_axis_video_V_user_V, i1 %s_axis_video_V_last_V, i1 %s_axis_video_V_id_V, i1 %s_axis_video_V_dest_V, i1 %axi_last_loc, i48 %p_0_0_0_0179416_lcssa432"   --->   Operation 15 'call' 'call_ln0' <Predicate = true> <Delay = 0.62> <CoreType = "Generic">   --->   Generic Core
ST_1 : Operation 16 [1/1] (0.48ns)   --->   "%store_ln322 = store i11 0, i11 %i" [C:/TFG_Vivado/vivado/axu2cga_trd.runs/design_1_v_frmbuf_wr_1_0_synth_1/prj/sol/.autopilot/db/v_frmbuf_wr.cpp:322]   --->   Operation 16 'store' 'store_ln322' <Predicate = true> <Delay = 0.48>

State 2 <SV = 1> <Delay = 0.97>
ST_2 : Operation 17 [1/1] (0.00ns)   --->   "%WidthIn_val_read = read i11 @_ssdm_op_Read.ap_auto.i11, i11 %WidthIn_val"   --->   Operation 17 'read' 'WidthIn_val_read' <Predicate = true> <Delay = 0.00>
ST_2 : Operation 18 [1/1] (0.00ns)   --->   "%Height_val_read = read i11 @_ssdm_op_Read.ap_auto.i11, i11 %Height_val"   --->   Operation 18 'read' 'Height_val_read' <Predicate = true> <Delay = 0.00>
ST_2 : Operation 19 [2/2] (0.00ns)   --->   "%rows = call i11 @reg<unsigned short>, i11 %Height_val_read" [C:/TFG_Vivado/vivado/axu2cga_trd.runs/design_1_v_frmbuf_wr_1_0_synth_1/prj/sol/.autopilot/db/v_frmbuf_wr.cpp:299]   --->   Operation 19 'call' 'rows' <Predicate = true> <Delay = 0.00> <CoreType = "Generic">   --->   Generic Core
ST_2 : Operation 20 [2/2] (0.00ns)   --->   "%cols = call i11 @reg<unsigned short>, i11 %WidthIn_val_read" [C:/TFG_Vivado/vivado/axu2cga_trd.runs/design_1_v_frmbuf_wr_1_0_synth_1/prj/sol/.autopilot/db/v_frmbuf_wr.cpp:300]   --->   Operation 20 'call' 'cols' <Predicate = true> <Delay = 0.00> <CoreType = "Generic">   --->   Generic Core
ST_2 : Operation 21 [1/2] (0.97ns)   --->   "%call_ln0 = call void @AXIvideo2MultiPixStream_Pipeline_loop_wait_for_start, i48 %s_axis_video_V_data_V, i6 %s_axis_video_V_keep_V, i6 %s_axis_video_V_strb_V, i1 %s_axis_video_V_user_V, i1 %s_axis_video_V_last_V, i1 %s_axis_video_V_id_V, i1 %s_axis_video_V_dest_V, i1 %axi_last_loc, i48 %p_0_0_0_0179416_lcssa432"   --->   Operation 21 'call' 'call_ln0' <Predicate = true> <Delay = 0.97> <CoreType = "Generic">   --->   Generic Core

State 3 <SV = 2> <Delay = 1.26>
ST_3 : Operation 22 [1/1] (0.00ns)   --->   "%colorFormat_val_read = read i3 @_ssdm_op_Read.ap_auto.i3, i3 %colorFormat_val"   --->   Operation 22 'read' 'colorFormat_val_read' <Predicate = true> <Delay = 0.00>
ST_3 : Operation 23 [1/1] (0.00ns)   --->   "%specstablecontent_ln0 = specstablecontent void @_ssdm_op_SpecStableContent, i3 %colorFormat_val, i1 1, void @p_str"   --->   Operation 23 'specstablecontent' 'specstablecontent_ln0' <Predicate = true> <Delay = 0.00>
ST_3 : Operation 24 [1/1] (0.00ns)   --->   "%specaxissidechannel_ln0 = specaxissidechannel void @_ssdm_op_SpecAXISSideChannel, i48 %s_axis_video_V_data_V, i6 %s_axis_video_V_keep_V, i6 %s_axis_video_V_strb_V, i1 %s_axis_video_V_user_V, i1 %s_axis_video_V_last_V, i1 %s_axis_video_V_id_V, i1 %s_axis_video_V_dest_V, void @empty_10"   --->   Operation 24 'specaxissidechannel' 'specaxissidechannel_ln0' <Predicate = true> <Delay = 0.00>
ST_3 : Operation 25 [1/1] (0.00ns)   --->   "%specstablecontent_ln0 = specstablecontent void @_ssdm_op_SpecStableContent, i11 %Height_val, i1 1, void "   --->   Operation 25 'specstablecontent' 'specstablecontent_ln0' <Predicate = true> <Delay = 0.00>
ST_3 : Operation 26 [1/1] (0.00ns)   --->   "%specstablecontent_ln0 = specstablecontent void @_ssdm_op_SpecStableContent, i11 %WidthIn_val, i1 1, void "   --->   Operation 26 'specstablecontent' 'specstablecontent_ln0' <Predicate = true> <Delay = 0.00>
ST_3 : Operation 27 [1/1] (0.00ns)   --->   "%specinterface_ln0 = specinterface void @_ssdm_op_SpecInterface, i48 %img, void @empty_11, i32 0, i32 0, void @empty_29, i32 0, i32 0, void @empty_29, void @empty_29, void @empty_29, i32 0, i32 0, i32 0, i32 0, void @empty_29, void @empty_29, i32 4294967295, i32 0, i32 0, i32 0"   --->   Operation 27 'specinterface' 'specinterface_ln0' <Predicate = true> <Delay = 0.00>
ST_3 : Operation 28 [1/1] (0.00ns)   --->   "%specinterface_ln0 = specinterface void @_ssdm_op_SpecInterface, i48 %s_axis_video_V_data_V, i6 %s_axis_video_V_keep_V, i6 %s_axis_video_V_strb_V, i1 %s_axis_video_V_user_V, i1 %s_axis_video_V_last_V, i1 %s_axis_video_V_id_V, i1 %s_axis_video_V_dest_V, void @empty_8, i32 0, i32 0, void @empty_9, i32 0, i32 0, void @empty_29, void @empty_29, void @empty_29, i32 0, i32 0, i32 0, i32 0, void @empty_29, void @empty_29, i32 4294967295, i32 0, i32 0, i32 0"   --->   Operation 28 'specinterface' 'specinterface_ln0' <Predicate = true> <Delay = 0.00>
ST_3 : Operation 29 [1/2] (0.00ns)   --->   "%rows = call i11 @reg<unsigned short>, i11 %Height_val_read" [C:/TFG_Vivado/vivado/axu2cga_trd.runs/design_1_v_frmbuf_wr_1_0_synth_1/prj/sol/.autopilot/db/v_frmbuf_wr.cpp:299]   --->   Operation 29 'call' 'rows' <Predicate = true> <Delay = 0.00> <CoreType = "Generic">   --->   Generic Core
ST_3 : Operation 30 [1/2] (0.00ns)   --->   "%cols = call i11 @reg<unsigned short>, i11 %WidthIn_val_read" [C:/TFG_Vivado/vivado/axu2cga_trd.runs/design_1_v_frmbuf_wr_1_0_synth_1/prj/sol/.autopilot/db/v_frmbuf_wr.cpp:300]   --->   Operation 30 'call' 'cols' <Predicate = true> <Delay = 0.00> <CoreType = "Generic">   --->   Generic Core
ST_3 : Operation 31 [1/1] (0.00ns)   --->   "%fence_ln307 = fence void @_ssdm_op_Fence, i48 %s_axis_video_V_data_V, i6 %s_axis_video_V_keep_V, i6 %s_axis_video_V_strb_V, i1 %s_axis_video_V_user_V, i1 %s_axis_video_V_last_V, i1 %s_axis_video_V_id_V, i1 %s_axis_video_V_dest_V, i32 4294967295, i48 %s_axis_video_V_data_V, i6 %s_axis_video_V_keep_V, i6 %s_axis_video_V_strb_V, i1 %s_axis_video_V_user_V, i1 %s_axis_video_V_last_V, i1 %s_axis_video_V_id_V, i1 %s_axis_video_V_dest_V, i48 %img, i32 0" [C:/TFG_Vivado/vivado/axu2cga_trd.runs/design_1_v_frmbuf_wr_1_0_synth_1/prj/sol/.autopilot/db/v_frmbuf_wr.cpp:307]   --->   Operation 31 'fence' 'fence_ln307' <Predicate = true> <Delay = 0.00>
ST_3 : Operation 32 [1/1] (0.00ns)   --->   "%axi_last_loc_load = load i1 %axi_last_loc"   --->   Operation 32 'load' 'axi_last_loc_load' <Predicate = true> <Delay = 0.00>
ST_3 : Operation 33 [1/1] (0.00ns)   --->   "%trunc_ln7 = partselect i10 @_ssdm_op_PartSelect.i10.i11.i32.i32, i11 %cols, i32 1, i32 10" [C:/TFG_Vivado/vivado/axu2cga_trd.runs/design_1_v_frmbuf_wr_1_0_synth_1/prj/sol/.autopilot/db/v_frmbuf_wr.cpp:307]   --->   Operation 33 'partselect' 'trunc_ln7' <Predicate = true> <Delay = 0.00>
ST_3 : Operation 34 [1/1] (0.93ns)   --->   "%icmp_ln326 = icmp_ne  i10 %trunc_ln7, i10 0" [C:/TFG_Vivado/vivado/axu2cga_trd.runs/design_1_v_frmbuf_wr_1_0_synth_1/prj/sol/.autopilot/db/v_frmbuf_wr.cpp:326]   --->   Operation 34 'icmp' 'icmp_ln326' <Predicate = true> <Delay = 0.93> <CoreInst = "Cmp">   --->   Core 9 'Cmp' <Latency = 0> <II = 1> <Delay = 0.93> <FuncUnit> <Opcode : 'seteq' 'setne' 'setle' 'setge' 'setlt' 'setgt'> <InPorts = 2> <OutPorts = 1>
ST_3 : Operation 35 [1/1] (0.33ns)   --->   "%xor_ln407 = xor i1 %icmp_ln326, i1 1" [C:/TFG_Vivado/vivado/axu2cga_trd.runs/design_1_v_frmbuf_wr_1_0_synth_1/prj/sol/.autopilot/db/v_frmbuf_wr.cpp:407]   --->   Operation 35 'xor' 'xor_ln407' <Predicate = true> <Delay = 0.33> <CoreInst = "LogicGate">   --->   Core 74 'LogicGate' <Latency = 0> <II = 1> <Delay = 0.33> <FuncUnit> <Opcode : 'and' 'or' 'xor'> <InPorts = 2> <OutPorts = 1>
ST_3 : Operation 36 [1/1] (0.48ns)   --->   "%br_ln322 = br void %loop_width" [C:/TFG_Vivado/vivado/axu2cga_trd.runs/design_1_v_frmbuf_wr_1_0_synth_1/prj/sol/.autopilot/db/v_frmbuf_wr.cpp:322]   --->   Operation 36 'br' 'br_ln322' <Predicate = true> <Delay = 0.48>

State 4 <SV = 3> <Delay = 2.37>
ST_4 : Operation 37 [1/1] (0.00ns)   --->   "%p_4_0_0_0187423_lcssa448 = phi i1 %axi_last_loc_load, void %entry, i1 %p_4_0_0_0187423_lcssa446_loc_load, void %for.body12.lr.ph"   --->   Operation 37 'phi' 'p_4_0_0_0187423_lcssa448' <Predicate = true> <Delay = 0.00>
ST_4 : Operation 38 [1/1] (0.00ns)   --->   "%sof = phi i1 1, void %entry, i1 %and_ln407_1, void %for.body12.lr.ph" [C:/TFG_Vivado/vivado/axu2cga_trd.runs/design_1_v_frmbuf_wr_1_0_synth_1/prj/sol/.autopilot/db/v_frmbuf_wr.cpp:407]   --->   Operation 38 'phi' 'sof' <Predicate = true> <Delay = 0.00>
ST_4 : Operation 39 [1/1] (0.00ns)   --->   "%i_1 = load i11 %i" [C:/TFG_Vivado/vivado/axu2cga_trd.runs/design_1_v_frmbuf_wr_1_0_synth_1/prj/sol/.autopilot/db/v_frmbuf_wr.cpp:322]   --->   Operation 39 'load' 'i_1' <Predicate = true> <Delay = 0.00>
ST_4 : Operation 40 [1/1] (0.94ns)   --->   "%icmp_ln322 = icmp_eq  i11 %i_1, i11 %rows" [C:/TFG_Vivado/vivado/axu2cga_trd.runs/design_1_v_frmbuf_wr_1_0_synth_1/prj/sol/.autopilot/db/v_frmbuf_wr.cpp:322]   --->   Operation 40 'icmp' 'icmp_ln322' <Predicate = true> <Delay = 0.94> <CoreInst = "Cmp">   --->   Core 9 'Cmp' <Latency = 0> <II = 1> <Delay = 0.94> <FuncUnit> <Opcode : 'seteq' 'setne' 'setle' 'setge' 'setlt' 'setgt'> <InPorts = 2> <OutPorts = 1>
ST_4 : Operation 41 [1/1] (0.00ns)   --->   "%speclooptripcount_ln0 = speclooptripcount void @_ssdm_op_SpecLoopTripCount, i64 0, i64 1080, i64 0"   --->   Operation 41 'speclooptripcount' 'speclooptripcount_ln0' <Predicate = true> <Delay = 0.00>
ST_4 : Operation 42 [1/1] (0.94ns)   --->   "%i_2 = add i11 %i_1, i11 1" [C:/TFG_Vivado/vivado/axu2cga_trd.runs/design_1_v_frmbuf_wr_1_0_synth_1/prj/sol/.autopilot/db/v_frmbuf_wr.cpp:322]   --->   Operation 42 'add' 'i_2' <Predicate = true> <Delay = 0.94> <CoreInst = "Adder">   --->   Core 1 'Adder' <Latency = 0> <II = 1> <Delay = 0.94> <FuncUnit> <Opcode : 'add' 'sub'> <InPorts = 2> <OutPorts = 1>
ST_4 : Operation 43 [1/1] (0.00ns)   --->   "%br_ln322 = br i1 %icmp_ln322, void %for.body12.lr.ph, void %for.end71" [C:/TFG_Vivado/vivado/axu2cga_trd.runs/design_1_v_frmbuf_wr_1_0_synth_1/prj/sol/.autopilot/db/v_frmbuf_wr.cpp:322]   --->   Operation 43 'br' 'br_ln322' <Predicate = true> <Delay = 0.00>
ST_4 : Operation 44 [1/1] (0.00ns)   --->   "%p_0_0_0_0179416_lcssa432_load = load i48 %p_0_0_0_0179416_lcssa432"   --->   Operation 44 'load' 'p_0_0_0_0179416_lcssa432_load' <Predicate = (!icmp_ln322)> <Delay = 0.00>
ST_4 : Operation 45 [2/2] (1.42ns)   --->   "%call_ln407 = call void @AXIvideo2MultiPixStream_Pipeline_loop_width, i1 %p_4_0_0_0187423_lcssa448, i48 %p_0_0_0_0179416_lcssa432_load, i1 %sof, i3 %colorFormat_val_read, i10 %trunc_ln7, i48 %img, i48 %s_axis_video_V_data_V, i6 %s_axis_video_V_keep_V, i6 %s_axis_video_V_strb_V, i1 %s_axis_video_V_user_V, i1 %s_axis_video_V_last_V, i1 %s_axis_video_V_id_V, i1 %s_axis_video_V_dest_V, i1 %p_4_0_0_0187424_loc, i48 %p_0_0_0_0179415_loc" [C:/TFG_Vivado/vivado/axu2cga_trd.runs/design_1_v_frmbuf_wr_1_0_synth_1/prj/sol/.autopilot/db/v_frmbuf_wr.cpp:407]   --->   Operation 45 'call' 'call_ln407' <Predicate = (!icmp_ln322)> <Delay = 1.42> <CoreType = "Generic">   --->   Generic Core
ST_4 : Operation 46 [1/1] (0.33ns)   --->   "%and_ln407_1 = and i1 %sof, i1 %xor_ln407" [C:/TFG_Vivado/vivado/axu2cga_trd.runs/design_1_v_frmbuf_wr_1_0_synth_1/prj/sol/.autopilot/db/v_frmbuf_wr.cpp:407]   --->   Operation 46 'and' 'and_ln407_1' <Predicate = (!icmp_ln322)> <Delay = 0.33> <CoreInst = "LogicGate">   --->   Core 74 'LogicGate' <Latency = 0> <II = 1> <Delay = 0.33> <FuncUnit> <Opcode : 'and' 'or' 'xor'> <InPorts = 2> <OutPorts = 1>
ST_4 : Operation 47 [1/1] (0.48ns)   --->   "%store_ln322 = store i11 %i_2, i11 %i" [C:/TFG_Vivado/vivado/axu2cga_trd.runs/design_1_v_frmbuf_wr_1_0_synth_1/prj/sol/.autopilot/db/v_frmbuf_wr.cpp:322]   --->   Operation 47 'store' 'store_ln322' <Predicate = (!icmp_ln322)> <Delay = 0.48>
ST_4 : Operation 48 [1/1] (0.00ns)   --->   "%ret_ln0 = ret"   --->   Operation 48 'ret' 'ret_ln0' <Predicate = (icmp_ln322)> <Delay = 0.00>

State 5 <SV = 4> <Delay = 0.00>
ST_5 : Operation 49 [1/2] (0.00ns)   --->   "%call_ln407 = call void @AXIvideo2MultiPixStream_Pipeline_loop_width, i1 %p_4_0_0_0187423_lcssa448, i48 %p_0_0_0_0179416_lcssa432_load, i1 %sof, i3 %colorFormat_val_read, i10 %trunc_ln7, i48 %img, i48 %s_axis_video_V_data_V, i6 %s_axis_video_V_keep_V, i6 %s_axis_video_V_strb_V, i1 %s_axis_video_V_user_V, i1 %s_axis_video_V_last_V, i1 %s_axis_video_V_id_V, i1 %s_axis_video_V_dest_V, i1 %p_4_0_0_0187424_loc, i48 %p_0_0_0_0179415_loc" [C:/TFG_Vivado/vivado/axu2cga_trd.runs/design_1_v_frmbuf_wr_1_0_synth_1/prj/sol/.autopilot/db/v_frmbuf_wr.cpp:407]   --->   Operation 49 'call' 'call_ln407' <Predicate = true> <Delay = 0.00> <CoreType = "Generic">   --->   Generic Core

State 6 <SV = 5> <Delay = 0.95>
ST_6 : Operation 50 [1/1] (0.00ns)   --->   "%fence_ln407 = fence void @_ssdm_op_Fence, i48 %s_axis_video_V_data_V, i6 %s_axis_video_V_keep_V, i6 %s_axis_video_V_strb_V, i1 %s_axis_video_V_user_V, i1 %s_axis_video_V_last_V, i1 %s_axis_video_V_id_V, i1 %s_axis_video_V_dest_V, i48 %img, i32 4294967295, i48 %s_axis_video_V_data_V, i6 %s_axis_video_V_keep_V, i6 %s_axis_video_V_strb_V, i1 %s_axis_video_V_user_V, i1 %s_axis_video_V_last_V, i1 %s_axis_video_V_id_V, i1 %s_axis_video_V_dest_V, i32 0" [C:/TFG_Vivado/vivado/axu2cga_trd.runs/design_1_v_frmbuf_wr_1_0_synth_1/prj/sol/.autopilot/db/v_frmbuf_wr.cpp:407]   --->   Operation 50 'fence' 'fence_ln407' <Predicate = true> <Delay = 0.00>
ST_6 : Operation 51 [1/1] (0.00ns)   --->   "%p_4_0_0_0187424_loc_load = load i1 %p_4_0_0_0187424_loc"   --->   Operation 51 'load' 'p_4_0_0_0187424_loc_load' <Predicate = true> <Delay = 0.00>
ST_6 : Operation 52 [1/1] (0.00ns)   --->   "%p_0_0_0_0179415_loc_load = load i48 %p_0_0_0_0179415_loc"   --->   Operation 52 'load' 'p_0_0_0_0179415_loc_load' <Predicate = true> <Delay = 0.00>
ST_6 : Operation 53 [1/1] (0.33ns)   --->   "%and_ln407 = and i1 %icmp_ln326, i1 %p_4_0_0_0187424_loc_load" [C:/TFG_Vivado/vivado/axu2cga_trd.runs/design_1_v_frmbuf_wr_1_0_synth_1/prj/sol/.autopilot/db/v_frmbuf_wr.cpp:407]   --->   Operation 53 'and' 'and_ln407' <Predicate = true> <Delay = 0.33> <CoreInst = "LogicGate">   --->   Core 74 'LogicGate' <Latency = 0> <II = 1> <Delay = 0.33> <FuncUnit> <Opcode : 'and' 'or' 'xor'> <InPorts = 2> <OutPorts = 1>
ST_6 : Operation 54 [1/1] (0.00ns)   --->   "%fence_ln407 = fence void @_ssdm_op_Fence, i48 %s_axis_video_V_data_V, i6 %s_axis_video_V_keep_V, i6 %s_axis_video_V_strb_V, i1 %s_axis_video_V_user_V, i1 %s_axis_video_V_last_V, i1 %s_axis_video_V_id_V, i1 %s_axis_video_V_dest_V, i48 %img, i32 4294967295, i48 %s_axis_video_V_data_V, i6 %s_axis_video_V_keep_V, i6 %s_axis_video_V_strb_V, i1 %s_axis_video_V_user_V, i1 %s_axis_video_V_last_V, i1 %s_axis_video_V_id_V, i1 %s_axis_video_V_dest_V, i32 0" [C:/TFG_Vivado/vivado/axu2cga_trd.runs/design_1_v_frmbuf_wr_1_0_synth_1/prj/sol/.autopilot/db/v_frmbuf_wr.cpp:407]   --->   Operation 54 'fence' 'fence_ln407' <Predicate = true> <Delay = 0.00>
ST_6 : Operation 55 [2/2] (0.62ns)   --->   "%call_ln407 = call void @AXIvideo2MultiPixStream_Pipeline_loop_wait_for_eol, i1 %p_4_0_0_0187424_loc_load, i48 %p_0_0_0_0179415_loc_load, i1 %and_ln407, i48 %s_axis_video_V_data_V, i6 %s_axis_video_V_keep_V, i6 %s_axis_video_V_strb_V, i1 %s_axis_video_V_user_V, i1 %s_axis_video_V_last_V, i1 %s_axis_video_V_id_V, i1 %s_axis_video_V_dest_V, i1 %p_4_0_0_0187423_lcssa446_loc, i48 %p_0_0_0_0179416_lcssa432" [C:/TFG_Vivado/vivado/axu2cga_trd.runs/design_1_v_frmbuf_wr_1_0_synth_1/prj/sol/.autopilot/db/v_frmbuf_wr.cpp:407]   --->   Operation 55 'call' 'call_ln407' <Predicate = true> <Delay = 0.62> <CoreType = "Generic">   --->   Generic Core

State 7 <SV = 6> <Delay = 0.97>
ST_7 : Operation 56 [1/2] (0.97ns)   --->   "%call_ln407 = call void @AXIvideo2MultiPixStream_Pipeline_loop_wait_for_eol, i1 %p_4_0_0_0187424_loc_load, i48 %p_0_0_0_0179415_loc_load, i1 %and_ln407, i48 %s_axis_video_V_data_V, i6 %s_axis_video_V_keep_V, i6 %s_axis_video_V_strb_V, i1 %s_axis_video_V_user_V, i1 %s_axis_video_V_last_V, i1 %s_axis_video_V_id_V, i1 %s_axis_video_V_dest_V, i1 %p_4_0_0_0187423_lcssa446_loc, i48 %p_0_0_0_0179416_lcssa432" [C:/TFG_Vivado/vivado/axu2cga_trd.runs/design_1_v_frmbuf_wr_1_0_synth_1/prj/sol/.autopilot/db/v_frmbuf_wr.cpp:407]   --->   Operation 56 'call' 'call_ln407' <Predicate = true> <Delay = 0.97> <CoreType = "Generic">   --->   Generic Core

State 8 <SV = 7> <Delay = 0.00>
ST_8 : Operation 57 [1/1] (0.00ns)   --->   "%specloopname_ln322 = specloopname void @_ssdm_op_SpecLoopName, void @empty_14" [C:/TFG_Vivado/vivado/axu2cga_trd.runs/design_1_v_frmbuf_wr_1_0_synth_1/prj/sol/.autopilot/db/v_frmbuf_wr.cpp:322]   --->   Operation 57 'specloopname' 'specloopname_ln322' <Predicate = true> <Delay = 0.00>
ST_8 : Operation 58 [1/1] (0.00ns)   --->   "%p_4_0_0_0187423_lcssa446_loc_load = load i1 %p_4_0_0_0187423_lcssa446_loc"   --->   Operation 58 'load' 'p_4_0_0_0187423_lcssa446_loc_load' <Predicate = true> <Delay = 0.00>
ST_8 : Operation 59 [1/1] (0.00ns)   --->   "%br_ln322 = br void %loop_width" [C:/TFG_Vivado/vivado/axu2cga_trd.runs/design_1_v_frmbuf_wr_1_0_synth_1/prj/sol/.autopilot/db/v_frmbuf_wr.cpp:322]   --->   Operation 59 'br' 'br_ln322' <Predicate = true> <Delay = 0.00>


============================================================
+ Verbose Summary: Binding
============================================================
STG Binding: 
---------------- STG Properties BEGIN ----------------
- Is combinational: 0
- Is one-state seq: 0
- Is datapath-only: 0
- Is pipelined: 0
- Is top level: 0
Port [ Return ] is wired: 1; IO mode=ap_ctrl_hs:ce=0
Port [ s_axis_video_V_data_V]:  wired=1; compound=1; hidden=0; nouse=0; global=0; static=0; extern=0; dir=0; type=0; pingpong=0; private_global=0; IO mode=axis:ce=0
Port [ s_axis_video_V_keep_V]:  wired=1; compound=1; hidden=0; nouse=0; global=0; static=0; extern=0; dir=0; type=0; pingpong=0; private_global=0; IO mode=axis:ce=0
Port [ s_axis_video_V_strb_V]:  wired=1; compound=1; hidden=0; nouse=0; global=0; static=0; extern=0; dir=0; type=0; pingpong=0; private_global=0; IO mode=axis:ce=0
Port [ s_axis_video_V_user_V]:  wired=1; compound=1; hidden=0; nouse=0; global=0; static=0; extern=0; dir=0; type=0; pingpong=0; private_global=0; IO mode=axis:ce=0
Port [ s_axis_video_V_last_V]:  wired=1; compound=1; hidden=0; nouse=0; global=0; static=0; extern=0; dir=0; type=0; pingpong=0; private_global=0; IO mode=axis:ce=0
Port [ s_axis_video_V_id_V]:  wired=1; compound=1; hidden=0; nouse=0; global=0; static=0; extern=0; dir=0; type=0; pingpong=0; private_global=0; IO mode=axis:ce=0
Port [ s_axis_video_V_dest_V]:  wired=1; compound=1; hidden=0; nouse=0; global=0; static=0; extern=0; dir=0; type=0; pingpong=0; private_global=0; IO mode=axis:ce=0
Port [ img]:  wired=1; compound=1; hidden=0; nouse=0; global=0; static=0; extern=0; dir=1; type=3; pingpong=0; private_global=0; IO mode=ap_fifo:ce=0
Port [ Height_val]:  wired=1; compound=0; hidden=0; nouse=0; global=0; static=0; extern=0; dir=0; type=0; pingpong=0; private_global=0; IO mode=ap_stable:ce=0
Port [ WidthIn_val]:  wired=1; compound=0; hidden=0; nouse=0; global=0; static=0; extern=0; dir=0; type=0; pingpong=0; private_global=0; IO mode=ap_stable:ce=0
Port [ colorFormat_val]:  wired=1; compound=0; hidden=0; nouse=0; global=0; static=0; extern=0; dir=0; type=0; pingpong=0; private_global=0; IO mode=ap_stable:ce=0
---------------- STG Properties END ------------------

---------------- Datapath Model BEGIN ----------------

<LifeTime>
<method=bitvector/>
i                                 (alloca             ) [ 011111111]
p_0_0_0_0179416_lcssa432          (alloca             ) [ 011111111]
p_4_0_0_0187423_lcssa446_loc      (alloca             ) [ 001111111]
p_0_0_0_0179415_loc               (alloca             ) [ 001111111]
p_4_0_0_0187424_loc               (alloca             ) [ 001111111]
axi_last_loc                      (alloca             ) [ 011100000]
store_ln322                       (store              ) [ 000000000]
WidthIn_val_read                  (read               ) [ 000100000]
Height_val_read                   (read               ) [ 000100000]
call_ln0                          (call               ) [ 000000000]
colorFormat_val_read              (read               ) [ 000011111]
specstablecontent_ln0             (specstablecontent  ) [ 000000000]
specaxissidechannel_ln0           (specaxissidechannel) [ 000000000]
specstablecontent_ln0             (specstablecontent  ) [ 000000000]
specstablecontent_ln0             (specstablecontent  ) [ 000000000]
specinterface_ln0                 (specinterface      ) [ 000000000]
specinterface_ln0                 (specinterface      ) [ 000000000]
rows                              (call               ) [ 000011111]
cols                              (call               ) [ 000000000]
fence_ln307                       (fence              ) [ 000000000]
axi_last_loc_load                 (load               ) [ 000111111]
trunc_ln7                         (partselect         ) [ 000011111]
icmp_ln326                        (icmp               ) [ 000011111]
xor_ln407                         (xor                ) [ 000011111]
br_ln322                          (br                 ) [ 000111111]
p_4_0_0_0187423_lcssa448          (phi                ) [ 000011000]
sof                               (phi                ) [ 000011000]
i_1                               (load               ) [ 000000000]
icmp_ln322                        (icmp               ) [ 000011111]
speclooptripcount_ln0             (speclooptripcount  ) [ 000000000]
i_2                               (add                ) [ 000000000]
br_ln322                          (br                 ) [ 000000000]
p_0_0_0_0179416_lcssa432_load     (load               ) [ 000001000]
and_ln407_1                       (and                ) [ 000111111]
store_ln322                       (store              ) [ 000000000]
ret_ln0                           (ret                ) [ 000000000]
call_ln407                        (call               ) [ 000000000]
fence_ln407                       (fence              ) [ 000000000]
p_4_0_0_0187424_loc_load          (load               ) [ 000000010]
p_0_0_0_0179415_loc_load          (load               ) [ 000000010]
and_ln407                         (and                ) [ 000000010]
fence_ln407                       (fence              ) [ 000000000]
call_ln407                        (call               ) [ 000000000]
specloopname_ln322                (specloopname       ) [ 000000000]
p_4_0_0_0187423_lcssa446_loc_load (load               ) [ 000111111]
br_ln322                          (br                 ) [ 000111111]
</LifeTime>

<model>

<comp_list>
<comp id="0" class="1000" name="s_axis_video_V_data_V">
<pin_list>
<pin id="1" dir="1" index="0" bw="1" slack="0"/>
</pin_list>
<bind>
<StgValue><ssdm name="s_axis_video_V_data_V"/></StgValue>
</bind>
</comp>

<comp id="2" class="1000" name="s_axis_video_V_keep_V">
<pin_list>
<pin id="3" dir="1" index="0" bw="1" slack="0"/>
</pin_list>
<bind>
<StgValue><ssdm name="s_axis_video_V_keep_V"/></StgValue>
</bind>
</comp>

<comp id="4" class="1000" name="s_axis_video_V_strb_V">
<pin_list>
<pin id="5" dir="1" index="0" bw="1" slack="0"/>
</pin_list>
<bind>
<StgValue><ssdm name="s_axis_video_V_strb_V"/></StgValue>
</bind>
</comp>

<comp id="6" class="1000" name="s_axis_video_V_user_V">
<pin_list>
<pin id="7" dir="1" index="0" bw="1" slack="0"/>
</pin_list>
<bind>
<StgValue><ssdm name="s_axis_video_V_user_V"/></StgValue>
</bind>
</comp>

<comp id="8" class="1000" name="s_axis_video_V_last_V">
<pin_list>
<pin id="9" dir="1" index="0" bw="1" slack="0"/>
</pin_list>
<bind>
<StgValue><ssdm name="s_axis_video_V_last_V"/></StgValue>
</bind>
</comp>

<comp id="10" class="1000" name="s_axis_video_V_id_V">
<pin_list>
<pin id="11" dir="1" index="0" bw="1" slack="0"/>
</pin_list>
<bind>
<StgValue><ssdm name="s_axis_video_V_id_V"/></StgValue>
</bind>
</comp>

<comp id="12" class="1000" name="s_axis_video_V_dest_V">
<pin_list>
<pin id="13" dir="1" index="0" bw="1" slack="0"/>
</pin_list>
<bind>
<StgValue><ssdm name="s_axis_video_V_dest_V"/></StgValue>
</bind>
</comp>

<comp id="14" class="1000" name="img">
<pin_list>
<pin id="15" dir="1" index="0" bw="1" slack="0"/>
</pin_list>
<bind>
<StgValue><ssdm name="img"/></StgValue>
</bind>
</comp>

<comp id="16" class="1000" name="Height_val">
<pin_list>
<pin id="17" dir="1" index="0" bw="1" slack="0"/>
</pin_list>
<bind>
<StgValue><ssdm name="Height_val"/></StgValue>
</bind>
</comp>

<comp id="18" class="1000" name="WidthIn_val">
<pin_list>
<pin id="19" dir="1" index="0" bw="1" slack="0"/>
</pin_list>
<bind>
<StgValue><ssdm name="WidthIn_val"/></StgValue>
</bind>
</comp>

<comp id="20" class="1000" name="colorFormat_val">
<pin_list>
<pin id="21" dir="1" index="0" bw="1" slack="0"/>
</pin_list>
<bind>
<StgValue><ssdm name="colorFormat_val"/></StgValue>
</bind>
</comp>

<comp id="22" class="1001" name="const_22">
<pin_list>
<pin id="23" dir="1" index="0" bw="1" slack="0"/>
</pin_list>
<bind>
<StgValue><ssdm name=""/></StgValue>
</bind>
</comp>

<comp id="24" class="1001" name="const_24">
<pin_list>
<pin id="25" dir="1" index="0" bw="1" slack="0"/>
</pin_list>
<bind>
<StgValue><ssdm name="AXIvideo2MultiPixStream_Pipeline_loop_wait_for_start"/></StgValue>
</bind>
</comp>

<comp id="26" class="1001" name="const_26">
<pin_list>
<pin id="27" dir="1" index="0" bw="1" slack="0"/>
</pin_list>
<bind>
<StgValue><ssdm name=""/></StgValue>
</bind>
</comp>

<comp id="28" class="1001" name="const_28">
<pin_list>
<pin id="29" dir="1" index="0" bw="1" slack="0"/>
</pin_list>
<bind>
<StgValue><ssdm name="_ssdm_op_Read.ap_auto.i11"/></StgValue>
</bind>
</comp>

<comp id="30" class="1001" name="const_30">
<pin_list>
<pin id="31" dir="1" index="0" bw="1" slack="0"/>
</pin_list>
<bind>
<StgValue><ssdm name="reg<unsigned short>"/></StgValue>
</bind>
</comp>

<comp id="32" class="1001" name="const_32">
<pin_list>
<pin id="33" dir="1" index="0" bw="1" slack="0"/>
</pin_list>
<bind>
<StgValue><ssdm name="_ssdm_op_Read.ap_auto.i3"/></StgValue>
</bind>
</comp>

<comp id="34" class="1001" name="const_34">
<pin_list>
<pin id="35" dir="1" index="0" bw="1" slack="2147483647"/>
</pin_list>
<bind>
<StgValue><ssdm name="_ssdm_op_SpecStableContent"/></StgValue>
</bind>
</comp>

<comp id="36" class="1001" name="const_36">
<pin_list>
<pin id="37" dir="1" index="0" bw="1" slack="0"/>
</pin_list>
<bind>
<StgValue><ssdm name=""/></StgValue>
</bind>
</comp>

<comp id="38" class="1001" name="const_38">
<pin_list>
<pin id="39" dir="1" index="0" bw="1" slack="2147483647"/>
</pin_list>
<bind>
<StgValue><ssdm name="p_str"/></StgValue>
</bind>
</comp>

<comp id="40" class="1001" name="const_40">
<pin_list>
<pin id="41" dir="1" index="0" bw="1" slack="2147483647"/>
</pin_list>
<bind>
<StgValue><ssdm name="_ssdm_op_SpecAXISSideChannel"/></StgValue>
</bind>
</comp>

<comp id="42" class="1001" name="const_42">
<pin_list>
<pin id="43" dir="1" index="0" bw="1" slack="2147483647"/>
</pin_list>
<bind>
<StgValue><ssdm name="empty_10"/></StgValue>
</bind>
</comp>

<comp id="44" class="1001" name="const_44">
<pin_list>
<pin id="45" dir="1" index="0" bw="1" slack="2147483647"/>
</pin_list>
<bind>
<StgValue><ssdm name=""/></StgValue>
</bind>
</comp>

<comp id="46" class="1001" name="const_46">
<pin_list>
<pin id="47" dir="1" index="0" bw="1" slack="2147483647"/>
</pin_list>
<bind>
<StgValue><ssdm name="_ssdm_op_SpecInterface"/></StgValue>
</bind>
</comp>

<comp id="48" class="1001" name="const_48">
<pin_list>
<pin id="49" dir="1" index="0" bw="1" slack="2147483647"/>
</pin_list>
<bind>
<StgValue><ssdm name="empty_11"/></StgValue>
</bind>
</comp>

<comp id="50" class="1001" name="const_50">
<pin_list>
<pin id="51" dir="1" index="0" bw="1" slack="0"/>
</pin_list>
<bind>
<StgValue><ssdm name=""/></StgValue>
</bind>
</comp>

<comp id="52" class="1001" name="const_52">
<pin_list>
<pin id="53" dir="1" index="0" bw="1" slack="2147483647"/>
</pin_list>
<bind>
<StgValue><ssdm name="empty_29"/></StgValue>
</bind>
</comp>

<comp id="54" class="1001" name="const_54">
<pin_list>
<pin id="55" dir="1" index="0" bw="1" slack="0"/>
</pin_list>
<bind>
<StgValue><ssdm name=""/></StgValue>
</bind>
</comp>

<comp id="56" class="1001" name="const_56">
<pin_list>
<pin id="57" dir="1" index="0" bw="1" slack="2147483647"/>
</pin_list>
<bind>
<StgValue><ssdm name="empty_8"/></StgValue>
</bind>
</comp>

<comp id="58" class="1001" name="const_58">
<pin_list>
<pin id="59" dir="1" index="0" bw="1" slack="2147483647"/>
</pin_list>
<bind>
<StgValue><ssdm name="empty_9"/></StgValue>
</bind>
</comp>

<comp id="60" class="1001" name="const_60">
<pin_list>
<pin id="61" dir="1" index="0" bw="1" slack="0"/>
</pin_list>
<bind>
<StgValue><ssdm name="_ssdm_op_Fence"/></StgValue>
</bind>
</comp>

<comp id="62" class="1001" name="const_62">
<pin_list>
<pin id="63" dir="1" index="0" bw="1" slack="0"/>
</pin_list>
<bind>
<StgValue><ssdm name="_ssdm_op_PartSelect.i10.i11.i32.i32"/></StgValue>
</bind>
</comp>

<comp id="64" class="1001" name="const_64">
<pin_list>
<pin id="65" dir="1" index="0" bw="1" slack="0"/>
</pin_list>
<bind>
<StgValue><ssdm name=""/></StgValue>
</bind>
</comp>

<comp id="66" class="1001" name="const_66">
<pin_list>
<pin id="67" dir="1" index="0" bw="1" slack="0"/>
</pin_list>
<bind>
<StgValue><ssdm name=""/></StgValue>
</bind>
</comp>

<comp id="68" class="1001" name="const_68">
<pin_list>
<pin id="69" dir="1" index="0" bw="1" slack="2147483647"/>
</pin_list>
<bind>
<StgValue><ssdm name="_ssdm_op_SpecLoopTripCount"/></StgValue>
</bind>
</comp>

<comp id="70" class="1001" name="const_70">
<pin_list>
<pin id="71" dir="1" index="0" bw="1" slack="2147483647"/>
</pin_list>
<bind>
<StgValue><ssdm name=""/></StgValue>
</bind>
</comp>

<comp id="72" class="1001" name="const_72">
<pin_list>
<pin id="73" dir="1" index="0" bw="1" slack="2147483647"/>
</pin_list>
<bind>
<StgValue><ssdm name=""/></StgValue>
</bind>
</comp>

<comp id="74" class="1001" name="const_74">
<pin_list>
<pin id="75" dir="1" index="0" bw="1" slack="0"/>
</pin_list>
<bind>
<StgValue><ssdm name=""/></StgValue>
</bind>
</comp>

<comp id="76" class="1001" name="const_76">
<pin_list>
<pin id="77" dir="1" index="0" bw="1" slack="0"/>
</pin_list>
<bind>
<StgValue><ssdm name="AXIvideo2MultiPixStream_Pipeline_loop_width"/></StgValue>
</bind>
</comp>

<comp id="78" class="1001" name="const_78">
<pin_list>
<pin id="79" dir="1" index="0" bw="1" slack="0"/>
</pin_list>
<bind>
<StgValue><ssdm name="AXIvideo2MultiPixStream_Pipeline_loop_wait_for_eol"/></StgValue>
</bind>
</comp>

<comp id="80" class="1001" name="const_80">
<pin_list>
<pin id="81" dir="1" index="0" bw="1" slack="2147483647"/>
</pin_list>
<bind>
<StgValue><ssdm name="_ssdm_op_SpecLoopName"/></StgValue>
</bind>
</comp>

<comp id="82" class="1001" name="const_82">
<pin_list>
<pin id="83" dir="1" index="0" bw="1" slack="2147483647"/>
</pin_list>
<bind>
<StgValue><ssdm name="empty_14"/></StgValue>
</bind>
</comp>

<comp id="84" class="1004" name="i_fu_84">
<pin_list>
<pin id="85" dir="0" index="0" bw="1" slack="0"/>
<pin id="86" dir="1" index="1" bw="11" slack="0"/>
</pin_list>
<bind>
<opcode="alloca(26) " fcode="alloca"/>
<opset="i/1 "/>
</bind>
</comp>

<comp id="88" class="1004" name="p_0_0_0_0179416_lcssa432_fu_88">
<pin_list>
<pin id="89" dir="0" index="0" bw="1" slack="0"/>
<pin id="90" dir="1" index="1" bw="48" slack="0"/>
</pin_list>
<bind>
<opcode="alloca(26) " fcode="alloca"/>
<opset="p_0_0_0_0179416_lcssa432/1 "/>
</bind>
</comp>

<comp id="92" class="1004" name="p_4_0_0_0187423_lcssa446_loc_fu_92">
<pin_list>
<pin id="93" dir="0" index="0" bw="1" slack="0"/>
<pin id="94" dir="1" index="1" bw="1" slack="5"/>
</pin_list>
<bind>
<opcode="alloca(26) " fcode="alloca"/>
<opset="p_4_0_0_0187423_lcssa446_loc/1 "/>
</bind>
</comp>

<comp id="96" class="1004" name="p_0_0_0_0179415_loc_fu_96">
<pin_list>
<pin id="97" dir="0" index="0" bw="1" slack="0"/>
<pin id="98" dir="1" index="1" bw="48" slack="3"/>
</pin_list>
<bind>
<opcode="alloca(26) " fcode="alloca"/>
<opset="p_0_0_0_0179415_loc/1 "/>
</bind>
</comp>

<comp id="100" class="1004" name="p_4_0_0_0187424_loc_fu_100">
<pin_list>
<pin id="101" dir="0" index="0" bw="1" slack="0"/>
<pin id="102" dir="1" index="1" bw="1" slack="3"/>
</pin_list>
<bind>
<opcode="alloca(26) " fcode="alloca"/>
<opset="p_4_0_0_0187424_loc/1 "/>
</bind>
</comp>

<comp id="104" class="1004" name="axi_last_loc_fu_104">
<pin_list>
<pin id="105" dir="0" index="0" bw="1" slack="0"/>
<pin id="106" dir="1" index="1" bw="1" slack="0"/>
</pin_list>
<bind>
<opcode="alloca(26) " fcode="alloca"/>
<opset="axi_last_loc/1 "/>
</bind>
</comp>

<comp id="108" class="1004" name="WidthIn_val_read_read_fu_108">
<pin_list>
<pin id="109" dir="0" index="0" bw="11" slack="0"/>
<pin id="110" dir="0" index="1" bw="11" slack="0"/>
<pin id="111" dir="1" index="2" bw="11" slack="0"/>
</pin_list>
<bind>
<opcode="read(1150) " fcode="read"/>
<opset="WidthIn_val_read/2 "/>
</bind>
</comp>

<comp id="114" class="1004" name="Height_val_read_read_fu_114">
<pin_list>
<pin id="115" dir="0" index="0" bw="11" slack="0"/>
<pin id="116" dir="0" index="1" bw="11" slack="0"/>
<pin id="117" dir="1" index="2" bw="11" slack="0"/>
</pin_list>
<bind>
<opcode="read(1150) " fcode="read"/>
<opset="Height_val_read/2 "/>
</bind>
</comp>

<comp id="120" class="1004" name="colorFormat_val_read_read_fu_120">
<pin_list>
<pin id="121" dir="0" index="0" bw="3" slack="0"/>
<pin id="122" dir="0" index="1" bw="3" slack="0"/>
<pin id="123" dir="1" index="2" bw="3" slack="1"/>
</pin_list>
<bind>
<opcode="read(1150) " fcode="read"/>
<opset="colorFormat_val_read/3 "/>
</bind>
</comp>

<comp id="126" class="1005" name="p_4_0_0_0187423_lcssa448_reg_126">
<pin_list>
<pin id="127" dir="0" index="0" bw="1" slack="1"/>
<pin id="128" dir="1" index="1" bw="1" slack="2147483647"/>
</pin_list>
<bind>
<opset="p_4_0_0_0187423_lcssa448 (phireg) "/>
</bind>
</comp>

<comp id="129" class="1004" name="p_4_0_0_0187423_lcssa448_phi_fu_129">
<pin_list>
<pin id="130" dir="0" index="0" bw="1" slack="2147483647"/>
<pin id="131" dir="0" index="1" bw="0" slack="2147483647"/>
<pin id="132" dir="0" index="2" bw="1" slack="2147483647"/>
<pin id="133" dir="0" index="3" bw="0" slack="2147483647"/>
<pin id="134" dir="1" index="4" bw="1" slack="0"/>
</pin_list>
<bind>
<opcode="phi(47) " fcode="phi"/>
<opset="p_4_0_0_0187423_lcssa448/4 "/>
</bind>
</comp>

<comp id="136" class="1005" name="sof_reg_136">
<pin_list>
<pin id="137" dir="0" index="0" bw="1" slack="1"/>
<pin id="138" dir="1" index="1" bw="1" slack="1"/>
</pin_list>
<bind>
<opset="sof (phireg) "/>
</bind>
</comp>

<comp id="140" class="1004" name="sof_phi_fu_140">
<pin_list>
<pin id="141" dir="0" index="0" bw="1" slack="1"/>
<pin id="142" dir="0" index="1" bw="0" slack="2147483647"/>
<pin id="143" dir="0" index="2" bw="1" slack="0"/>
<pin id="144" dir="0" index="3" bw="0" slack="2147483647"/>
<pin id="145" dir="1" index="4" bw="1" slack="0"/>
</pin_list>
<bind>
<opcode="phi(47) " fcode="phi"/>
<opset="sof/4 "/>
</bind>
</comp>

<comp id="148" class="1004" name="grp_AXIvideo2MultiPixStream_Pipeline_loop_wait_for_start_fu_148">
<pin_list>
<pin id="149" dir="0" index="0" bw="0" slack="0"/>
<pin id="150" dir="0" index="1" bw="48" slack="0"/>
<pin id="151" dir="0" index="2" bw="6" slack="0"/>
<pin id="152" dir="0" index="3" bw="6" slack="0"/>
<pin id="153" dir="0" index="4" bw="1" slack="0"/>
<pin id="154" dir="0" index="5" bw="1" slack="0"/>
<pin id="155" dir="0" index="6" bw="1" slack="0"/>
<pin id="156" dir="0" index="7" bw="1" slack="0"/>
<pin id="157" dir="0" index="8" bw="1" slack="0"/>
<pin id="158" dir="0" index="9" bw="48" slack="0"/>
<pin id="159" dir="1" index="10" bw="0" slack="2147483647"/>
</pin_list>
<bind>
<opcode="call(48) " fcode="call"/>
<opset="call_ln0/1 "/>
</bind>
</comp>

<comp id="168" class="1004" name="grp_AXIvideo2MultiPixStream_Pipeline_loop_width_fu_168">
<pin_list>
<pin id="169" dir="0" index="0" bw="0" slack="0"/>
<pin id="170" dir="0" index="1" bw="1" slack="0"/>
<pin id="171" dir="0" index="2" bw="48" slack="0"/>
<pin id="172" dir="0" index="3" bw="1" slack="0"/>
<pin id="173" dir="0" index="4" bw="3" slack="1"/>
<pin id="174" dir="0" index="5" bw="10" slack="1"/>
<pin id="175" dir="0" index="6" bw="48" slack="0"/>
<pin id="176" dir="0" index="7" bw="48" slack="0"/>
<pin id="177" dir="0" index="8" bw="6" slack="0"/>
<pin id="178" dir="0" index="9" bw="6" slack="0"/>
<pin id="179" dir="0" index="10" bw="1" slack="0"/>
<pin id="180" dir="0" index="11" bw="1" slack="0"/>
<pin id="181" dir="0" index="12" bw="1" slack="0"/>
<pin id="182" dir="0" index="13" bw="1" slack="0"/>
<pin id="183" dir="0" index="14" bw="1" slack="3"/>
<pin id="184" dir="0" index="15" bw="48" slack="3"/>
<pin id="185" dir="1" index="16" bw="0" slack="2147483647"/>
</pin_list>
<bind>
<opcode="call(48) " fcode="call"/>
<opset="call_ln407/4 "/>
</bind>
</comp>

<comp id="197" class="1004" name="grp_AXIvideo2MultiPixStream_Pipeline_loop_wait_for_eol_fu_197">
<pin_list>
<pin id="198" dir="0" index="0" bw="0" slack="0"/>
<pin id="199" dir="0" index="1" bw="1" slack="0"/>
<pin id="200" dir="0" index="2" bw="48" slack="0"/>
<pin id="201" dir="0" index="3" bw="1" slack="0"/>
<pin id="202" dir="0" index="4" bw="48" slack="0"/>
<pin id="203" dir="0" index="5" bw="6" slack="0"/>
<pin id="204" dir="0" index="6" bw="6" slack="0"/>
<pin id="205" dir="0" index="7" bw="1" slack="0"/>
<pin id="206" dir="0" index="8" bw="1" slack="0"/>
<pin id="207" dir="0" index="9" bw="1" slack="0"/>
<pin id="208" dir="0" index="10" bw="1" slack="0"/>
<pin id="209" dir="0" index="11" bw="1" slack="5"/>
<pin id="210" dir="0" index="12" bw="48" slack="5"/>
<pin id="211" dir="1" index="13" bw="0" slack="2147483647"/>
</pin_list>
<bind>
<opcode="call(48) " fcode="call"/>
<opset="call_ln407/6 "/>
</bind>
</comp>

<comp id="220" class="1004" name="store_ln322_store_fu_220">
<pin_list>
<pin id="221" dir="0" index="0" bw="1" slack="0"/>
<pin id="222" dir="0" index="1" bw="11" slack="0"/>
<pin id="223" dir="1" index="2" bw="0" slack="2147483647"/>
</pin_list>
<bind>
<opcode="store(28) " fcode="store"/>
<opset="store_ln322/1 "/>
</bind>
</comp>

<comp id="225" class="1004" name="grp_reg_unsigned_short_s_fu_225">
<pin_list>
<pin id="226" dir="0" index="0" bw="11" slack="0"/>
<pin id="227" dir="0" index="1" bw="11" slack="0"/>
<pin id="228" dir="1" index="2" bw="11" slack="1"/>
</pin_list>
<bind>
<opcode="call(48) " fcode="call"/>
<opset="rows/2 "/>
</bind>
</comp>

<comp id="231" class="1004" name="grp_reg_unsigned_short_s_fu_231">
<pin_list>
<pin id="232" dir="0" index="0" bw="11" slack="0"/>
<pin id="233" dir="0" index="1" bw="11" slack="0"/>
<pin id="234" dir="1" index="2" bw="11" slack="0"/>
</pin_list>
<bind>
<opcode="call(48) " fcode="call"/>
<opset="cols/2 "/>
</bind>
</comp>

<comp id="237" class="1004" name="fence_ln307_fu_237">
<pin_list>
<pin id="238" dir="0" index="0" bw="0" slack="0"/>
<pin id="239" dir="0" index="1" bw="48" slack="0"/>
<pin id="240" dir="0" index="2" bw="6" slack="0"/>
<pin id="241" dir="0" index="3" bw="6" slack="0"/>
<pin id="242" dir="0" index="4" bw="1" slack="0"/>
<pin id="243" dir="0" index="5" bw="1" slack="0"/>
<pin id="244" dir="0" index="6" bw="1" slack="0"/>
<pin id="245" dir="0" index="7" bw="1" slack="0"/>
<pin id="246" dir="0" index="8" bw="1" slack="0"/>
<pin id="247" dir="0" index="9" bw="48" slack="0"/>
<pin id="248" dir="0" index="10" bw="6" slack="0"/>
<pin id="249" dir="0" index="11" bw="6" slack="0"/>
<pin id="250" dir="0" index="12" bw="1" slack="0"/>
<pin id="251" dir="0" index="13" bw="1" slack="0"/>
<pin id="252" dir="0" index="14" bw="1" slack="0"/>
<pin id="253" dir="0" index="15" bw="1" slack="0"/>
<pin id="254" dir="0" index="16" bw="48" slack="0"/>
<pin id="255" dir="0" index="17" bw="1" slack="0"/>
<pin id="256" dir="1" index="18" bw="0" slack="2147483647"/>
</pin_list>
<bind>
<opcode="fence(30) " fcode="fence"/>
<opset="fence_ln307/3 "/>
</bind>
</comp>

<comp id="275" class="1004" name="axi_last_loc_load_load_fu_275">
<pin_list>
<pin id="276" dir="0" index="0" bw="1" slack="2"/>
<pin id="277" dir="1" index="1" bw="1" slack="2147483647"/>
</pin_list>
<bind>
<opcode="load(27) " fcode="load"/>
<opset="axi_last_loc_load/3 "/>
</bind>
</comp>

<comp id="278" class="1004" name="trunc_ln7_fu_278">
<pin_list>
<pin id="279" dir="0" index="0" bw="10" slack="0"/>
<pin id="280" dir="0" index="1" bw="11" slack="0"/>
<pin id="281" dir="0" index="2" bw="1" slack="0"/>
<pin id="282" dir="0" index="3" bw="5" slack="0"/>
<pin id="283" dir="1" index="4" bw="10" slack="0"/>
</pin_list>
<bind>
<opcode="partselect(1002) " fcode="partselect"/>
<opset="trunc_ln7/3 "/>
</bind>
</comp>

<comp id="288" class="1004" name="icmp_ln326_fu_288">
<pin_list>
<pin id="289" dir="0" index="0" bw="10" slack="0"/>
<pin id="290" dir="0" index="1" bw="10" slack="0"/>
<pin id="291" dir="1" index="2" bw="1" slack="0"/>
</pin_list>
<bind>
<opcode="icmp(45) " fcode="icmp"/>
<opset="icmp_ln326/3 "/>
</bind>
</comp>

<comp id="294" class="1004" name="xor_ln407_fu_294">
<pin_list>
<pin id="295" dir="0" index="0" bw="1" slack="0"/>
<pin id="296" dir="0" index="1" bw="1" slack="0"/>
<pin id="297" dir="1" index="2" bw="1" slack="1"/>
</pin_list>
<bind>
<opcode="xor(25) " fcode="xor"/>
<opset="xor_ln407/3 "/>
</bind>
</comp>

<comp id="300" class="1004" name="i_1_load_fu_300">
<pin_list>
<pin id="301" dir="0" index="0" bw="11" slack="3"/>
<pin id="302" dir="1" index="1" bw="11" slack="0"/>
</pin_list>
<bind>
<opcode="load(27) " fcode="load"/>
<opset="i_1/4 "/>
</bind>
</comp>

<comp id="303" class="1004" name="icmp_ln322_fu_303">
<pin_list>
<pin id="304" dir="0" index="0" bw="11" slack="0"/>
<pin id="305" dir="0" index="1" bw="11" slack="1"/>
<pin id="306" dir="1" index="2" bw="1" slack="2147483647"/>
</pin_list>
<bind>
<opcode="icmp(45) " fcode="icmp"/>
<opset="icmp_ln322/4 "/>
</bind>
</comp>

<comp id="308" class="1004" name="i_2_fu_308">
<pin_list>
<pin id="309" dir="0" index="0" bw="11" slack="0"/>
<pin id="310" dir="0" index="1" bw="1" slack="0"/>
<pin id="311" dir="1" index="2" bw="11" slack="0"/>
</pin_list>
<bind>
<opcode="add(8) " fcode="add"/>
<opset="i_2/4 "/>
</bind>
</comp>

<comp id="314" class="1004" name="p_0_0_0_0179416_lcssa432_load_load_fu_314">
<pin_list>
<pin id="315" dir="0" index="0" bw="48" slack="3"/>
<pin id="316" dir="1" index="1" bw="48" slack="0"/>
</pin_list>
<bind>
<opcode="load(27) " fcode="load"/>
<opset="p_0_0_0_0179416_lcssa432_load/4 "/>
</bind>
</comp>

<comp id="318" class="1004" name="and_ln407_1_fu_318">
<pin_list>
<pin id="319" dir="0" index="0" bw="1" slack="0"/>
<pin id="320" dir="0" index="1" bw="1" slack="1"/>
<pin id="321" dir="1" index="2" bw="1" slack="0"/>
</pin_list>
<bind>
<opcode="and(23) " fcode="and"/>
<opset="and_ln407_1/4 "/>
</bind>
</comp>

<comp id="323" class="1004" name="store_ln322_store_fu_323">
<pin_list>
<pin id="324" dir="0" index="0" bw="11" slack="0"/>
<pin id="325" dir="0" index="1" bw="11" slack="3"/>
<pin id="326" dir="1" index="2" bw="0" slack="2147483647"/>
</pin_list>
<bind>
<opcode="store(28) " fcode="store"/>
<opset="store_ln322/4 "/>
</bind>
</comp>

<comp id="328" class="1004" name="fence_ln407_fu_328">
<pin_list>
<pin id="329" dir="0" index="0" bw="0" slack="0"/>
<pin id="330" dir="0" index="1" bw="48" slack="0"/>
<pin id="331" dir="0" index="2" bw="6" slack="0"/>
<pin id="332" dir="0" index="3" bw="6" slack="0"/>
<pin id="333" dir="0" index="4" bw="1" slack="0"/>
<pin id="334" dir="0" index="5" bw="1" slack="0"/>
<pin id="335" dir="0" index="6" bw="1" slack="0"/>
<pin id="336" dir="0" index="7" bw="1" slack="0"/>
<pin id="337" dir="0" index="8" bw="48" slack="0"/>
<pin id="338" dir="0" index="9" bw="1" slack="0"/>
<pin id="339" dir="0" index="10" bw="48" slack="0"/>
<pin id="340" dir="0" index="11" bw="6" slack="0"/>
<pin id="341" dir="0" index="12" bw="6" slack="0"/>
<pin id="342" dir="0" index="13" bw="1" slack="0"/>
<pin id="343" dir="0" index="14" bw="1" slack="0"/>
<pin id="344" dir="0" index="15" bw="1" slack="0"/>
<pin id="345" dir="0" index="16" bw="1" slack="0"/>
<pin id="346" dir="0" index="17" bw="1" slack="0"/>
<pin id="347" dir="1" index="18" bw="0" slack="2147483647"/>
</pin_list>
<bind>
<opcode="fence(30) " fcode="fence"/>
<opset="fence_ln407/6 "/>
</bind>
</comp>

<comp id="366" class="1004" name="p_4_0_0_0187424_loc_load_load_fu_366">
<pin_list>
<pin id="367" dir="0" index="0" bw="1" slack="5"/>
<pin id="368" dir="1" index="1" bw="1" slack="0"/>
</pin_list>
<bind>
<opcode="load(27) " fcode="load"/>
<opset="p_4_0_0_0187424_loc_load/6 "/>
</bind>
</comp>

<comp id="370" class="1004" name="p_0_0_0_0179415_loc_load_load_fu_370">
<pin_list>
<pin id="371" dir="0" index="0" bw="48" slack="5"/>
<pin id="372" dir="1" index="1" bw="48" slack="0"/>
</pin_list>
<bind>
<opcode="load(27) " fcode="load"/>
<opset="p_0_0_0_0179415_loc_load/6 "/>
</bind>
</comp>

<comp id="374" class="1004" name="and_ln407_fu_374">
<pin_list>
<pin id="375" dir="0" index="0" bw="1" slack="3"/>
<pin id="376" dir="0" index="1" bw="1" slack="0"/>
<pin id="377" dir="1" index="2" bw="1" slack="0"/>
</pin_list>
<bind>
<opcode="and(23) " fcode="and"/>
<opset="and_ln407/6 "/>
</bind>
</comp>

<comp id="380" class="1004" name="fence_ln407_fu_380">
<pin_list>
<pin id="381" dir="0" index="0" bw="0" slack="0"/>
<pin id="382" dir="0" index="1" bw="48" slack="0"/>
<pin id="383" dir="0" index="2" bw="6" slack="0"/>
<pin id="384" dir="0" index="3" bw="6" slack="0"/>
<pin id="385" dir="0" index="4" bw="1" slack="0"/>
<pin id="386" dir="0" index="5" bw="1" slack="0"/>
<pin id="387" dir="0" index="6" bw="1" slack="0"/>
<pin id="388" dir="0" index="7" bw="1" slack="0"/>
<pin id="389" dir="0" index="8" bw="48" slack="0"/>
<pin id="390" dir="0" index="9" bw="1" slack="0"/>
<pin id="391" dir="0" index="10" bw="48" slack="0"/>
<pin id="392" dir="0" index="11" bw="6" slack="0"/>
<pin id="393" dir="0" index="12" bw="6" slack="0"/>
<pin id="394" dir="0" index="13" bw="1" slack="0"/>
<pin id="395" dir="0" index="14" bw="1" slack="0"/>
<pin id="396" dir="0" index="15" bw="1" slack="0"/>
<pin id="397" dir="0" index="16" bw="1" slack="0"/>
<pin id="398" dir="0" index="17" bw="1" slack="0"/>
<pin id="399" dir="1" index="18" bw="0" slack="2147483647"/>
</pin_list>
<bind>
<opcode="fence(30) " fcode="fence"/>
<opset="fence_ln407/6 "/>
</bind>
</comp>

<comp id="418" class="1004" name="p_4_0_0_0187423_lcssa446_loc_load_load_fu_418">
<pin_list>
<pin id="419" dir="0" index="0" bw="1" slack="7"/>
<pin id="420" dir="1" index="1" bw="1" slack="2147483647"/>
</pin_list>
<bind>
<opcode="load(27) " fcode="load"/>
<opset="p_4_0_0_0187423_lcssa446_loc_load/8 "/>
</bind>
</comp>

<comp id="421" class="1005" name="i_reg_421">
<pin_list>
<pin id="422" dir="0" index="0" bw="11" slack="0"/>
<pin id="423" dir="1" index="1" bw="11" slack="0"/>
</pin_list>
<bind>
<opset="i "/>
</bind>
</comp>

<comp id="428" class="1005" name="p_0_0_0_0179416_lcssa432_reg_428">
<pin_list>
<pin id="429" dir="0" index="0" bw="48" slack="0"/>
<pin id="430" dir="1" index="1" bw="48" slack="0"/>
</pin_list>
<bind>
<opset="p_0_0_0_0179416_lcssa432 "/>
</bind>
</comp>

<comp id="435" class="1005" name="p_4_0_0_0187423_lcssa446_loc_reg_435">
<pin_list>
<pin id="436" dir="0" index="0" bw="1" slack="5"/>
<pin id="437" dir="1" index="1" bw="1" slack="5"/>
</pin_list>
<bind>
<opset="p_4_0_0_0187423_lcssa446_loc "/>
</bind>
</comp>

<comp id="441" class="1005" name="p_0_0_0_0179415_loc_reg_441">
<pin_list>
<pin id="442" dir="0" index="0" bw="48" slack="3"/>
<pin id="443" dir="1" index="1" bw="48" slack="3"/>
</pin_list>
<bind>
<opset="p_0_0_0_0179415_loc "/>
</bind>
</comp>

<comp id="447" class="1005" name="p_4_0_0_0187424_loc_reg_447">
<pin_list>
<pin id="448" dir="0" index="0" bw="1" slack="3"/>
<pin id="449" dir="1" index="1" bw="1" slack="3"/>
</pin_list>
<bind>
<opset="p_4_0_0_0187424_loc "/>
</bind>
</comp>

<comp id="453" class="1005" name="axi_last_loc_reg_453">
<pin_list>
<pin id="454" dir="0" index="0" bw="1" slack="0"/>
<pin id="455" dir="1" index="1" bw="1" slack="0"/>
</pin_list>
<bind>
<opset="axi_last_loc "/>
</bind>
</comp>

<comp id="459" class="1005" name="WidthIn_val_read_reg_459">
<pin_list>
<pin id="460" dir="0" index="0" bw="11" slack="1"/>
<pin id="461" dir="1" index="1" bw="11" slack="1"/>
</pin_list>
<bind>
<opset="WidthIn_val_read "/>
</bind>
</comp>

<comp id="464" class="1005" name="Height_val_read_reg_464">
<pin_list>
<pin id="465" dir="0" index="0" bw="11" slack="1"/>
<pin id="466" dir="1" index="1" bw="11" slack="1"/>
</pin_list>
<bind>
<opset="Height_val_read "/>
</bind>
</comp>

<comp id="469" class="1005" name="colorFormat_val_read_reg_469">
<pin_list>
<pin id="470" dir="0" index="0" bw="3" slack="1"/>
<pin id="471" dir="1" index="1" bw="3" slack="1"/>
</pin_list>
<bind>
<opset="colorFormat_val_read "/>
</bind>
</comp>

<comp id="474" class="1005" name="rows_reg_474">
<pin_list>
<pin id="475" dir="0" index="0" bw="11" slack="1"/>
<pin id="476" dir="1" index="1" bw="11" slack="1"/>
</pin_list>
<bind>
<opset="rows "/>
</bind>
</comp>

<comp id="482" class="1005" name="trunc_ln7_reg_482">
<pin_list>
<pin id="483" dir="0" index="0" bw="10" slack="1"/>
<pin id="484" dir="1" index="1" bw="10" slack="1"/>
</pin_list>
<bind>
<opset="trunc_ln7 "/>
</bind>
</comp>

<comp id="487" class="1005" name="icmp_ln326_reg_487">
<pin_list>
<pin id="488" dir="0" index="0" bw="1" slack="3"/>
<pin id="489" dir="1" index="1" bw="1" slack="3"/>
</pin_list>
<bind>
<opset="icmp_ln326 "/>
</bind>
</comp>

<comp id="492" class="1005" name="xor_ln407_reg_492">
<pin_list>
<pin id="493" dir="0" index="0" bw="1" slack="1"/>
<pin id="494" dir="1" index="1" bw="1" slack="1"/>
</pin_list>
<bind>
<opset="xor_ln407 "/>
</bind>
</comp>

<comp id="503" class="1005" name="and_ln407_1_reg_503">
<pin_list>
<pin id="504" dir="0" index="0" bw="1" slack="0"/>
<pin id="505" dir="1" index="1" bw="1" slack="0"/>
</pin_list>
<bind>
<opset="and_ln407_1 "/>
</bind>
</comp>

<comp id="514" class="1005" name="and_ln407_reg_514">
<pin_list>
<pin id="515" dir="0" index="0" bw="1" slack="1"/>
<pin id="516" dir="1" index="1" bw="1" slack="1"/>
</pin_list>
<bind>
<opset="and_ln407 "/>
</bind>
</comp>

</comp_list>

<net_list>
<net id="87"><net_src comp="22" pin="0"/><net_sink comp="84" pin=0"/></net>

<net id="91"><net_src comp="22" pin="0"/><net_sink comp="88" pin=0"/></net>

<net id="95"><net_src comp="22" pin="0"/><net_sink comp="92" pin=0"/></net>

<net id="99"><net_src comp="22" pin="0"/><net_sink comp="96" pin=0"/></net>

<net id="103"><net_src comp="22" pin="0"/><net_sink comp="100" pin=0"/></net>

<net id="107"><net_src comp="22" pin="0"/><net_sink comp="104" pin=0"/></net>

<net id="112"><net_src comp="28" pin="0"/><net_sink comp="108" pin=0"/></net>

<net id="113"><net_src comp="18" pin="0"/><net_sink comp="108" pin=1"/></net>

<net id="118"><net_src comp="28" pin="0"/><net_sink comp="114" pin=0"/></net>

<net id="119"><net_src comp="16" pin="0"/><net_sink comp="114" pin=1"/></net>

<net id="124"><net_src comp="32" pin="0"/><net_sink comp="120" pin=0"/></net>

<net id="125"><net_src comp="20" pin="0"/><net_sink comp="120" pin=1"/></net>

<net id="135"><net_src comp="129" pin="4"/><net_sink comp="126" pin=0"/></net>

<net id="139"><net_src comp="36" pin="0"/><net_sink comp="136" pin=0"/></net>

<net id="146"><net_src comp="136" pin="1"/><net_sink comp="140" pin=0"/></net>

<net id="147"><net_src comp="140" pin="4"/><net_sink comp="136" pin=0"/></net>

<net id="160"><net_src comp="24" pin="0"/><net_sink comp="148" pin=0"/></net>

<net id="161"><net_src comp="0" pin="0"/><net_sink comp="148" pin=1"/></net>

<net id="162"><net_src comp="2" pin="0"/><net_sink comp="148" pin=2"/></net>

<net id="163"><net_src comp="4" pin="0"/><net_sink comp="148" pin=3"/></net>

<net id="164"><net_src comp="6" pin="0"/><net_sink comp="148" pin=4"/></net>

<net id="165"><net_src comp="8" pin="0"/><net_sink comp="148" pin=5"/></net>

<net id="166"><net_src comp="10" pin="0"/><net_sink comp="148" pin=6"/></net>

<net id="167"><net_src comp="12" pin="0"/><net_sink comp="148" pin=7"/></net>

<net id="186"><net_src comp="76" pin="0"/><net_sink comp="168" pin=0"/></net>

<net id="187"><net_src comp="129" pin="4"/><net_sink comp="168" pin=1"/></net>

<net id="188"><net_src comp="140" pin="4"/><net_sink comp="168" pin=3"/></net>

<net id="189"><net_src comp="14" pin="0"/><net_sink comp="168" pin=6"/></net>

<net id="190"><net_src comp="0" pin="0"/><net_sink comp="168" pin=7"/></net>

<net id="191"><net_src comp="2" pin="0"/><net_sink comp="168" pin=8"/></net>

<net id="192"><net_src comp="4" pin="0"/><net_sink comp="168" pin=9"/></net>

<net id="193"><net_src comp="6" pin="0"/><net_sink comp="168" pin=10"/></net>

<net id="194"><net_src comp="8" pin="0"/><net_sink comp="168" pin=11"/></net>

<net id="195"><net_src comp="10" pin="0"/><net_sink comp="168" pin=12"/></net>

<net id="196"><net_src comp="12" pin="0"/><net_sink comp="168" pin=13"/></net>

<net id="212"><net_src comp="78" pin="0"/><net_sink comp="197" pin=0"/></net>

<net id="213"><net_src comp="0" pin="0"/><net_sink comp="197" pin=4"/></net>

<net id="214"><net_src comp="2" pin="0"/><net_sink comp="197" pin=5"/></net>

<net id="215"><net_src comp="4" pin="0"/><net_sink comp="197" pin=6"/></net>

<net id="216"><net_src comp="6" pin="0"/><net_sink comp="197" pin=7"/></net>

<net id="217"><net_src comp="8" pin="0"/><net_sink comp="197" pin=8"/></net>

<net id="218"><net_src comp="10" pin="0"/><net_sink comp="197" pin=9"/></net>

<net id="219"><net_src comp="12" pin="0"/><net_sink comp="197" pin=10"/></net>

<net id="224"><net_src comp="26" pin="0"/><net_sink comp="220" pin=0"/></net>

<net id="229"><net_src comp="30" pin="0"/><net_sink comp="225" pin=0"/></net>

<net id="230"><net_src comp="114" pin="2"/><net_sink comp="225" pin=1"/></net>

<net id="235"><net_src comp="30" pin="0"/><net_sink comp="231" pin=0"/></net>

<net id="236"><net_src comp="108" pin="2"/><net_sink comp="231" pin=1"/></net>

<net id="257"><net_src comp="60" pin="0"/><net_sink comp="237" pin=0"/></net>

<net id="258"><net_src comp="0" pin="0"/><net_sink comp="237" pin=1"/></net>

<net id="259"><net_src comp="2" pin="0"/><net_sink comp="237" pin=2"/></net>

<net id="260"><net_src comp="4" pin="0"/><net_sink comp="237" pin=3"/></net>

<net id="261"><net_src comp="6" pin="0"/><net_sink comp="237" pin=4"/></net>

<net id="262"><net_src comp="8" pin="0"/><net_sink comp="237" pin=5"/></net>

<net id="263"><net_src comp="10" pin="0"/><net_sink comp="237" pin=6"/></net>

<net id="264"><net_src comp="12" pin="0"/><net_sink comp="237" pin=7"/></net>

<net id="265"><net_src comp="54" pin="0"/><net_sink comp="237" pin=8"/></net>

<net id="266"><net_src comp="0" pin="0"/><net_sink comp="237" pin=9"/></net>

<net id="267"><net_src comp="2" pin="0"/><net_sink comp="237" pin=10"/></net>

<net id="268"><net_src comp="4" pin="0"/><net_sink comp="237" pin=11"/></net>

<net id="269"><net_src comp="6" pin="0"/><net_sink comp="237" pin=12"/></net>

<net id="270"><net_src comp="8" pin="0"/><net_sink comp="237" pin=13"/></net>

<net id="271"><net_src comp="10" pin="0"/><net_sink comp="237" pin=14"/></net>

<net id="272"><net_src comp="12" pin="0"/><net_sink comp="237" pin=15"/></net>

<net id="273"><net_src comp="14" pin="0"/><net_sink comp="237" pin=16"/></net>

<net id="274"><net_src comp="50" pin="0"/><net_sink comp="237" pin=17"/></net>

<net id="284"><net_src comp="62" pin="0"/><net_sink comp="278" pin=0"/></net>

<net id="285"><net_src comp="231" pin="2"/><net_sink comp="278" pin=1"/></net>

<net id="286"><net_src comp="22" pin="0"/><net_sink comp="278" pin=2"/></net>

<net id="287"><net_src comp="64" pin="0"/><net_sink comp="278" pin=3"/></net>

<net id="292"><net_src comp="278" pin="4"/><net_sink comp="288" pin=0"/></net>

<net id="293"><net_src comp="66" pin="0"/><net_sink comp="288" pin=1"/></net>

<net id="298"><net_src comp="288" pin="2"/><net_sink comp="294" pin=0"/></net>

<net id="299"><net_src comp="36" pin="0"/><net_sink comp="294" pin=1"/></net>

<net id="307"><net_src comp="300" pin="1"/><net_sink comp="303" pin=0"/></net>

<net id="312"><net_src comp="300" pin="1"/><net_sink comp="308" pin=0"/></net>

<net id="313"><net_src comp="74" pin="0"/><net_sink comp="308" pin=1"/></net>

<net id="317"><net_src comp="314" pin="1"/><net_sink comp="168" pin=2"/></net>

<net id="322"><net_src comp="140" pin="4"/><net_sink comp="318" pin=0"/></net>

<net id="327"><net_src comp="308" pin="2"/><net_sink comp="323" pin=0"/></net>

<net id="348"><net_src comp="60" pin="0"/><net_sink comp="328" pin=0"/></net>

<net id="349"><net_src comp="0" pin="0"/><net_sink comp="328" pin=1"/></net>

<net id="350"><net_src comp="2" pin="0"/><net_sink comp="328" pin=2"/></net>

<net id="351"><net_src comp="4" pin="0"/><net_sink comp="328" pin=3"/></net>

<net id="352"><net_src comp="6" pin="0"/><net_sink comp="328" pin=4"/></net>

<net id="353"><net_src comp="8" pin="0"/><net_sink comp="328" pin=5"/></net>

<net id="354"><net_src comp="10" pin="0"/><net_sink comp="328" pin=6"/></net>

<net id="355"><net_src comp="12" pin="0"/><net_sink comp="328" pin=7"/></net>

<net id="356"><net_src comp="14" pin="0"/><net_sink comp="328" pin=8"/></net>

<net id="357"><net_src comp="54" pin="0"/><net_sink comp="328" pin=9"/></net>

<net id="358"><net_src comp="0" pin="0"/><net_sink comp="328" pin=10"/></net>

<net id="359"><net_src comp="2" pin="0"/><net_sink comp="328" pin=11"/></net>

<net id="360"><net_src comp="4" pin="0"/><net_sink comp="328" pin=12"/></net>

<net id="361"><net_src comp="6" pin="0"/><net_sink comp="328" pin=13"/></net>

<net id="362"><net_src comp="8" pin="0"/><net_sink comp="328" pin=14"/></net>

<net id="363"><net_src comp="10" pin="0"/><net_sink comp="328" pin=15"/></net>

<net id="364"><net_src comp="12" pin="0"/><net_sink comp="328" pin=16"/></net>

<net id="365"><net_src comp="50" pin="0"/><net_sink comp="328" pin=17"/></net>

<net id="369"><net_src comp="366" pin="1"/><net_sink comp="197" pin=1"/></net>

<net id="373"><net_src comp="370" pin="1"/><net_sink comp="197" pin=2"/></net>

<net id="378"><net_src comp="366" pin="1"/><net_sink comp="374" pin=1"/></net>

<net id="379"><net_src comp="374" pin="2"/><net_sink comp="197" pin=3"/></net>

<net id="400"><net_src comp="60" pin="0"/><net_sink comp="380" pin=0"/></net>

<net id="401"><net_src comp="0" pin="0"/><net_sink comp="380" pin=1"/></net>

<net id="402"><net_src comp="2" pin="0"/><net_sink comp="380" pin=2"/></net>

<net id="403"><net_src comp="4" pin="0"/><net_sink comp="380" pin=3"/></net>

<net id="404"><net_src comp="6" pin="0"/><net_sink comp="380" pin=4"/></net>

<net id="405"><net_src comp="8" pin="0"/><net_sink comp="380" pin=5"/></net>

<net id="406"><net_src comp="10" pin="0"/><net_sink comp="380" pin=6"/></net>

<net id="407"><net_src comp="12" pin="0"/><net_sink comp="380" pin=7"/></net>

<net id="408"><net_src comp="14" pin="0"/><net_sink comp="380" pin=8"/></net>

<net id="409"><net_src comp="54" pin="0"/><net_sink comp="380" pin=9"/></net>

<net id="410"><net_src comp="0" pin="0"/><net_sink comp="380" pin=10"/></net>

<net id="411"><net_src comp="2" pin="0"/><net_sink comp="380" pin=11"/></net>

<net id="412"><net_src comp="4" pin="0"/><net_sink comp="380" pin=12"/></net>

<net id="413"><net_src comp="6" pin="0"/><net_sink comp="380" pin=13"/></net>

<net id="414"><net_src comp="8" pin="0"/><net_sink comp="380" pin=14"/></net>

<net id="415"><net_src comp="10" pin="0"/><net_sink comp="380" pin=15"/></net>

<net id="416"><net_src comp="12" pin="0"/><net_sink comp="380" pin=16"/></net>

<net id="417"><net_src comp="50" pin="0"/><net_sink comp="380" pin=17"/></net>

<net id="424"><net_src comp="84" pin="1"/><net_sink comp="421" pin=0"/></net>

<net id="425"><net_src comp="421" pin="1"/><net_sink comp="220" pin=1"/></net>

<net id="426"><net_src comp="421" pin="1"/><net_sink comp="300" pin=0"/></net>

<net id="427"><net_src comp="421" pin="1"/><net_sink comp="323" pin=1"/></net>

<net id="431"><net_src comp="88" pin="1"/><net_sink comp="428" pin=0"/></net>

<net id="432"><net_src comp="428" pin="1"/><net_sink comp="148" pin=9"/></net>

<net id="433"><net_src comp="428" pin="1"/><net_sink comp="314" pin=0"/></net>

<net id="434"><net_src comp="428" pin="1"/><net_sink comp="197" pin=12"/></net>

<net id="438"><net_src comp="92" pin="1"/><net_sink comp="435" pin=0"/></net>

<net id="439"><net_src comp="435" pin="1"/><net_sink comp="197" pin=11"/></net>

<net id="440"><net_src comp="435" pin="1"/><net_sink comp="418" pin=0"/></net>

<net id="444"><net_src comp="96" pin="1"/><net_sink comp="441" pin=0"/></net>

<net id="445"><net_src comp="441" pin="1"/><net_sink comp="168" pin=15"/></net>

<net id="446"><net_src comp="441" pin="1"/><net_sink comp="370" pin=0"/></net>

<net id="450"><net_src comp="100" pin="1"/><net_sink comp="447" pin=0"/></net>

<net id="451"><net_src comp="447" pin="1"/><net_sink comp="168" pin=14"/></net>

<net id="452"><net_src comp="447" pin="1"/><net_sink comp="366" pin=0"/></net>

<net id="456"><net_src comp="104" pin="1"/><net_sink comp="453" pin=0"/></net>

<net id="457"><net_src comp="453" pin="1"/><net_sink comp="148" pin=8"/></net>

<net id="458"><net_src comp="453" pin="1"/><net_sink comp="275" pin=0"/></net>

<net id="462"><net_src comp="108" pin="2"/><net_sink comp="459" pin=0"/></net>

<net id="463"><net_src comp="459" pin="1"/><net_sink comp="231" pin=1"/></net>

<net id="467"><net_src comp="114" pin="2"/><net_sink comp="464" pin=0"/></net>

<net id="468"><net_src comp="464" pin="1"/><net_sink comp="225" pin=1"/></net>

<net id="472"><net_src comp="120" pin="2"/><net_sink comp="469" pin=0"/></net>

<net id="473"><net_src comp="469" pin="1"/><net_sink comp="168" pin=4"/></net>

<net id="477"><net_src comp="225" pin="2"/><net_sink comp="474" pin=0"/></net>

<net id="478"><net_src comp="474" pin="1"/><net_sink comp="303" pin=1"/></net>

<net id="485"><net_src comp="278" pin="4"/><net_sink comp="482" pin=0"/></net>

<net id="486"><net_src comp="482" pin="1"/><net_sink comp="168" pin=5"/></net>

<net id="490"><net_src comp="288" pin="2"/><net_sink comp="487" pin=0"/></net>

<net id="491"><net_src comp="487" pin="1"/><net_sink comp="374" pin=0"/></net>

<net id="495"><net_src comp="294" pin="2"/><net_sink comp="492" pin=0"/></net>

<net id="496"><net_src comp="492" pin="1"/><net_sink comp="318" pin=1"/></net>

<net id="506"><net_src comp="318" pin="2"/><net_sink comp="503" pin=0"/></net>

<net id="507"><net_src comp="503" pin="1"/><net_sink comp="140" pin=2"/></net>

<net id="517"><net_src comp="374" pin="2"/><net_sink comp="514" pin=0"/></net>

<net id="518"><net_src comp="514" pin="1"/><net_sink comp="197" pin=3"/></net>

</net_list>

</model> 
---------------- Datapath Model END ------------------

* FSMD analyzer results:
  - Output states:
	Port: s_axis_video_V_data_V | {}
	Port: s_axis_video_V_keep_V | {}
	Port: s_axis_video_V_strb_V | {}
	Port: s_axis_video_V_user_V | {}
	Port: s_axis_video_V_last_V | {}
	Port: s_axis_video_V_id_V | {}
	Port: s_axis_video_V_dest_V | {}
	Port: img | {4 5 }
 - Input state : 
	Port: AXIvideo2MultiPixStream : s_axis_video_V_data_V | {1 2 4 5 6 7 }
	Port: AXIvideo2MultiPixStream : s_axis_video_V_keep_V | {1 2 4 5 6 7 }
	Port: AXIvideo2MultiPixStream : s_axis_video_V_strb_V | {1 2 4 5 6 7 }
	Port: AXIvideo2MultiPixStream : s_axis_video_V_user_V | {1 2 4 5 6 7 }
	Port: AXIvideo2MultiPixStream : s_axis_video_V_last_V | {1 2 4 5 6 7 }
	Port: AXIvideo2MultiPixStream : s_axis_video_V_id_V | {1 2 4 5 6 7 }
	Port: AXIvideo2MultiPixStream : s_axis_video_V_dest_V | {1 2 4 5 6 7 }
	Port: AXIvideo2MultiPixStream : Height_val | {2 }
	Port: AXIvideo2MultiPixStream : WidthIn_val | {2 }
	Port: AXIvideo2MultiPixStream : colorFormat_val | {3 }
  - Chain level:
	State 1
		call_ln0 : 1
		store_ln322 : 1
	State 2
	State 3
		trunc_ln7 : 1
		icmp_ln326 : 2
		xor_ln407 : 3
	State 4
		icmp_ln322 : 1
		i_2 : 1
		br_ln322 : 2
		call_ln407 : 1
		and_ln407_1 : 1
		store_ln322 : 2
	State 5
	State 6
		and_ln407 : 1
		call_ln407 : 1
	State 7
	State 8


============================================================
+ Verbose Summary: Datapath Resource usage 
============================================================

* Functional unit list:
|----------|-----------------------------------------------------------------|---------|---------|
| Operation|                         Functional Unit                         |    FF   |   LUT   |
|----------|-----------------------------------------------------------------|---------|---------|
|          | grp_AXIvideo2MultiPixStream_Pipeline_loop_wait_for_start_fu_148 |    4    |    0    |
|          |      grp_AXIvideo2MultiPixStream_Pipeline_loop_width_fu_168     |    76   |   105   |
|   call   |  grp_AXIvideo2MultiPixStream_Pipeline_loop_wait_for_eol_fu_197  |    3    |    0    |
|          |                 grp_reg_unsigned_short_s_fu_225                 |    0    |    0    |
|          |                 grp_reg_unsigned_short_s_fu_231                 |    0    |    0    |
|----------|-----------------------------------------------------------------|---------|---------|
|   icmp   |                        icmp_ln326_fu_288                        |    0    |    17   |
|          |                        icmp_ln322_fu_303                        |    0    |    18   |
|----------|-----------------------------------------------------------------|---------|---------|
|    add   |                            i_2_fu_308                           |    0    |    18   |
|----------|-----------------------------------------------------------------|---------|---------|
|    and   |                        and_ln407_1_fu_318                       |    0    |    2    |
|          |                         and_ln407_fu_374                        |    0    |    2    |
|----------|-----------------------------------------------------------------|---------|---------|
|    xor   |                         xor_ln407_fu_294                        |    0    |    2    |
|----------|-----------------------------------------------------------------|---------|---------|
|          |                   WidthIn_val_read_read_fu_108                  |    0    |    0    |
|   read   |                   Height_val_read_read_fu_114                   |    0    |    0    |
|          |                 colorFormat_val_read_read_fu_120                |    0    |    0    |
|----------|-----------------------------------------------------------------|---------|---------|
|          |                        fence_ln307_fu_237                       |    0    |    0    |
|   fence  |                        fence_ln407_fu_328                       |    0    |    0    |
|          |                        fence_ln407_fu_380                       |    0    |    0    |
|----------|-----------------------------------------------------------------|---------|---------|
|partselect|                         trunc_ln7_fu_278                        |    0    |    0    |
|----------|-----------------------------------------------------------------|---------|---------|
|   Total  |                                                                 |    83   |   164   |
|----------|-----------------------------------------------------------------|---------|---------|

Memories:
N/A

* Register list:
+------------------------------------+--------+
|                                    |   FF   |
+------------------------------------+--------+
|       Height_val_read_reg_464      |   11   |
|      WidthIn_val_read_reg_459      |   11   |
|         and_ln407_1_reg_503        |    1   |
|          and_ln407_reg_514         |    1   |
|        axi_last_loc_reg_453        |    1   |
|    colorFormat_val_read_reg_469    |    3   |
|              i_reg_421             |   11   |
|         icmp_ln326_reg_487         |    1   |
|     p_0_0_0_0179415_loc_reg_441    |   48   |
|  p_0_0_0_0179416_lcssa432_reg_428  |   48   |
|p_4_0_0_0187423_lcssa446_loc_reg_435|    1   |
|  p_4_0_0_0187423_lcssa448_reg_126  |    1   |
|     p_4_0_0_0187424_loc_reg_447    |    1   |
|            rows_reg_474            |   11   |
|             sof_reg_136            |    1   |
|          trunc_ln7_reg_482         |   10   |
|          xor_ln407_reg_492         |    1   |
+------------------------------------+--------+
|                Total               |   162  |
+------------------------------------+--------+

* Multiplexer (MUX) list: 
|---------------------------------------------------------------|------|------|------|--------||---------||---------||---------|
|                              Comp                             |  Pin | Size |  BW  | S x BW ||  Delay  ||    FF   ||   LUT   |
|---------------------------------------------------------------|------|------|------|--------||---------||---------||---------|
|                          sof_reg_136                          |  p0  |   2  |   1  |    2   ||    0    ||    9    |
| grp_AXIvideo2MultiPixStream_Pipeline_loop_wait_for_eol_fu_197 |  p3  |   2  |   1  |    2   ||    0    ||    9    |
|                grp_reg_unsigned_short_s_fu_225                |  p1  |   2  |  11  |   22   ||    0    ||    9    |
|                grp_reg_unsigned_short_s_fu_231                |  p1  |   2  |  11  |   22   ||    0    ||    9    |
|---------------------------------------------------------------|------|------|------|--------||---------||---------||---------|
|                             Total                             |      |      |      |   48   ||  1.956  ||    0    ||    36   |
|---------------------------------------------------------------|------|------|------|--------||---------||---------||---------|



* Summary:
+-----------+--------+--------+--------+
|           |  Delay |   FF   |   LUT  |
+-----------+--------+--------+--------+
|  Function |    -   |   83   |   164  |
|   Memory  |    -   |    -   |    -   |
|Multiplexer|    1   |    0   |   36   |
|  Register |    -   |   162  |    -   |
+-----------+--------+--------+--------+
|   Total   |    1   |   245  |   200  |
+-----------+--------+--------+--------+
