

================================================================
== Vitis HLS Report for 'FrmbufWrHlsDataFlow'
================================================================
* Date:           Wed Jan 21 13:07:57 2026

* Version:        2025.2 (Build 6295257 on Nov 14 2025)
* Project:        prj
* Solution:       sol (Vivado IP Flow Target)
* Product family: zynquplus
* Target device:  xczu2cg-sfvc784-1-e


================================================================
== Performance Estimates
================================================================
+ Timing: 
    * Summary: 
    +--------+---------+----------+------------+
    |  Clock |  Target | Estimated| Uncertainty|
    +--------+---------+----------+------------+
    |ap_clk  |  5.00 ns|  3.650 ns|     1.35 ns|
    +--------+---------+----------+------------+

+ Latency: 
    * Summary: 
    +---------+---------+----------+-----------+------+---------+----------+
    |  Latency (cycles) |  Latency (absolute)  |    Interval    | Pipeline |
    |   min   |   max   |    min   |    max    |  min |   max   |   Type   |
    +---------+---------+----------+-----------+------+---------+----------+
    |   265731|  6227285|  1.329 ms|  31.136 ms|  7106|  6227283|  dataflow|
    +---------+---------+----------+-----------+------+---------+----------+

    + Detail: 
        * Instance: 
        N/A

        * Loop: 
        N/A

============================================================
+ Verbose Summary: Synthesis Manager
============================================================
InlineROM: 1
ExposeGlobal: 0
============================================================
+ Verbose Summary: CDFG Model
============================================================
IsTopModel: 0
ResetActiveHigh: 1
IsCombinational: 2
IsDatapathOnly: 0
HasWiredReturn: 1
HasMFsm: 0
HasVarLatency: 1
IsPipeline: 0
IsRtlPipelined: 0
IsInstanceOverlapped: 0
IsDontTouch: 0
HasImplIP: 0
IsGatedGlobalClock: 0


============================================================
+ Verbose Summary: Schedule
============================================================
* Number of FSM states : 6
* Pipeline : 0
* Dataflow Pipeline: 1
  DF-Pipeline-0: Size = 6, States = { 1 2 3 4 5 6 }

* FSM state transitions: 
1 --> 2 
2 --> 3 
3 --> 4 
4 --> 5 
5 --> 6 
6 --> 

* FSM state operations: 

State 1 <SV = 0> <Delay = 0.00>
ST_1 : Operation 7 [1/1] (0.00ns)   --->   "%height_val8_read = read i11 @_ssdm_op_Read.ap_auto.i11, i11 %height_val8"   --->   Operation 7 'read' 'height_val8_read' <Predicate = true> <Delay = 0.00>
ST_1 : Operation 8 [1/1] (0.00ns)   --->   "%width_val5_read = read i11 @_ssdm_op_Read.ap_auto.i11, i11 %width_val5"   --->   Operation 8 'read' 'width_val5_read' <Predicate = true> <Delay = 0.00>
ST_1 : Operation 9 [1/1] (0.00ns)   --->   "%colorFormat_val3_read = read i3 @_ssdm_op_Read.ap_auto.i3, i3 %colorFormat_val3"   --->   Operation 9 'read' 'colorFormat_val3_read' <Predicate = true> <Delay = 0.00>
ST_1 : Operation 10 [1/1] (0.00ns)   --->   "%img = alloca i32 1" [C:/TFG_Vivado/vivado/axu2cga_trd.runs/design_1_v_frmbuf_wr_1_0_synth_1/prj/sol/.autopilot/db/v_frmbuf_wr.cpp:100]   --->   Operation 10 'alloca' 'img' <Predicate = true> <Delay = 0.00> <CoreInst = "FIFO_SRL">   --->   Core 80 'FIFO_SRL' <Latency = 0> <II = 1> <Delay = 2.16> <Storage> <Opcode : 'read' 'write' 'nbread' 'nbwrite'> <Ports = 0> <Width = 48> <Depth = 2> <FIFO>
ST_1 : Operation 11 [1/1] (0.00ns)   --->   "%bytePlanes_plane0 = alloca i32 1" [C:/TFG_Vivado/vivado/axu2cga_trd.runs/design_1_v_frmbuf_wr_1_0_synth_1/prj/sol/.autopilot/db/v_frmbuf_wr.cpp:104]   --->   Operation 11 'alloca' 'bytePlanes_plane0' <Predicate = true> <Delay = 0.00> <CoreInst = "FIFO_BRAM">   --->   Core 78 'FIFO_BRAM' <Latency = 0> <II = 1> <Delay = 1.90> <Storage> <Opcode : 'read' 'write' 'nbread' 'nbwrite'> <Ports = 0> <Width = 128> <Depth = 241> <FIFO>
ST_1 : Operation 12 [1/1] (0.00ns)   --->   "%bytePlanes_plane1 = alloca i32 1" [C:/TFG_Vivado/vivado/axu2cga_trd.runs/design_1_v_frmbuf_wr_1_0_synth_1/prj/sol/.autopilot/db/v_frmbuf_wr.cpp:104]   --->   Operation 12 'alloca' 'bytePlanes_plane1' <Predicate = true> <Delay = 0.00> <CoreInst = "FIFO_BRAM">   --->   Core 78 'FIFO_BRAM' <Latency = 0> <II = 1> <Delay = 1.90> <Storage> <Opcode : 'read' 'write' 'nbread' 'nbwrite'> <Ports = 0> <Width = 128> <Depth = 241> <FIFO>
ST_1 : Operation 13 [2/2] (0.00ns)   --->   "%call_ln126 = call void @AXIvideo2MultiPixStream, i48 %s_axis_video_V_data_V, i6 %s_axis_video_V_keep_V, i6 %s_axis_video_V_strb_V, i1 %s_axis_video_V_user_V, i1 %s_axis_video_V_last_V, i1 %s_axis_video_V_id_V, i1 %s_axis_video_V_dest_V, i48 %img, i11 %height_val8_read, i11 %width_val5_read, i3 %colorFormat_val3_read" [C:/TFG_Vivado/vivado/axu2cga_trd.runs/design_1_v_frmbuf_wr_1_0_synth_1/prj/sol/.autopilot/db/v_frmbuf_wr.cpp:126]   --->   Operation 13 'call' 'call_ln126' <Predicate = true> <Delay = 0.00> <CoreType = "Generic">   --->   Generic Core

State 2 <SV = 1> <Delay = 0.94>
ST_2 : Operation 14 [1/2] (0.94ns)   --->   "%call_ln126 = call void @AXIvideo2MultiPixStream, i48 %s_axis_video_V_data_V, i6 %s_axis_video_V_keep_V, i6 %s_axis_video_V_strb_V, i1 %s_axis_video_V_user_V, i1 %s_axis_video_V_last_V, i1 %s_axis_video_V_id_V, i1 %s_axis_video_V_dest_V, i48 %img, i11 %height_val8_read, i11 %width_val5_read, i3 %colorFormat_val3_read" [C:/TFG_Vivado/vivado/axu2cga_trd.runs/design_1_v_frmbuf_wr_1_0_synth_1/prj/sol/.autopilot/db/v_frmbuf_wr.cpp:126]   --->   Operation 14 'call' 'call_ln126' <Predicate = true> <Delay = 0.94> <CoreType = "Generic">   --->   Generic Core

State 3 <SV = 2> <Delay = 2.18>
ST_3 : Operation 15 [1/1] (0.00ns)   --->   "%video_format_val11_read = read i6 @_ssdm_op_Read.ap_auto.i6, i6 %video_format_val11"   --->   Operation 15 'read' 'video_format_val11_read' <Predicate = true> <Delay = 0.00>
ST_3 : Operation 16 [1/1] (0.00ns)   --->   "%WidthInBytes_val2_read = read i14 @_ssdm_op_Read.ap_auto.i14, i14 %WidthInBytes_val2"   --->   Operation 16 'read' 'WidthInBytes_val2_read' <Predicate = true> <Delay = 0.00>
ST_3 : Operation 17 [2/2] (2.18ns)   --->   "%call_ln139 = call void @MultiPixStream2Bytes, i48 %img, i128 %bytePlanes_plane0, i128 %bytePlanes_plane1, i11 %height_val8_read, i11 %width_val5_read, i14 %WidthInBytes_val2_read, i6 %video_format_val11_read" [C:/TFG_Vivado/vivado/axu2cga_trd.runs/design_1_v_frmbuf_wr_1_0_synth_1/prj/sol/.autopilot/db/v_frmbuf_wr.cpp:139]   --->   Operation 17 'call' 'call_ln139' <Predicate = true> <Delay = 2.18> <CoreType = "Generic">   --->   Generic Core

State 4 <SV = 3> <Delay = 0.00>
ST_4 : Operation 18 [1/2] (0.00ns)   --->   "%call_ln139 = call void @MultiPixStream2Bytes, i48 %img, i128 %bytePlanes_plane0, i128 %bytePlanes_plane1, i11 %height_val8_read, i11 %width_val5_read, i14 %WidthInBytes_val2_read, i6 %video_format_val11_read" [C:/TFG_Vivado/vivado/axu2cga_trd.runs/design_1_v_frmbuf_wr_1_0_synth_1/prj/sol/.autopilot/db/v_frmbuf_wr.cpp:139]   --->   Operation 18 'call' 'call_ln139' <Predicate = true> <Delay = 0.00> <CoreType = "Generic">   --->   Generic Core

State 5 <SV = 4> <Delay = 2.10>
ST_5 : Operation 19 [1/1] (0.00ns)   --->   "%stride_val9_read = read i16 @_ssdm_op_Read.ap_auto.i16, i16 %stride_val9"   --->   Operation 19 'read' 'stride_val9_read' <Predicate = true> <Delay = 0.00>
ST_5 : Operation 20 [1/1] (0.00ns)   --->   "%HwReg_frm_buffer2_read = read i32 @_ssdm_op_Read.ap_auto.i32, i32 %HwReg_frm_buffer2"   --->   Operation 20 'read' 'HwReg_frm_buffer2_read' <Predicate = true> <Delay = 0.00>
ST_5 : Operation 21 [1/1] (0.00ns)   --->   "%HwReg_frm_buffer_read = read i32 @_ssdm_op_Read.ap_auto.i32, i32 %HwReg_frm_buffer"   --->   Operation 21 'read' 'HwReg_frm_buffer_read' <Predicate = true> <Delay = 0.00>
ST_5 : Operation 22 [2/2] (2.10ns)   --->   "%call_ln141 = call void @Bytes2AXIMMvideo, i128 %bytePlanes_plane0, i128 %bytePlanes_plane1, i128 %mm_video, i32 %HwReg_frm_buffer_read, i32 %HwReg_frm_buffer2_read, i11 %height_val8_read, i14 %WidthInBytes_val2_read, i16 %stride_val9_read, i6 %video_format_val11_read" [C:/TFG_Vivado/vivado/axu2cga_trd.runs/design_1_v_frmbuf_wr_1_0_synth_1/prj/sol/.autopilot/db/v_frmbuf_wr.cpp:141]   --->   Operation 22 'call' 'call_ln141' <Predicate = true> <Delay = 2.10> <CoreType = "Generic">   --->   Generic Core

State 6 <SV = 5> <Delay = 0.94>
ST_6 : Operation 23 [1/1] (0.00ns)   --->   "%specstablecontent_ln0 = specstablecontent void @_ssdm_op_SpecStableContent, i3 %colorFormat_val3, i1 1, void @p_str"   --->   Operation 23 'specstablecontent' 'specstablecontent_ln0' <Predicate = true> <Delay = 0.00>
ST_6 : Operation 24 [1/1] (0.00ns)   --->   "%specstablecontent_ln0 = specstablecontent void @_ssdm_op_SpecStableContent, i14 %WidthInBytes_val2, i1 1, void @p_str"   --->   Operation 24 'specstablecontent' 'specstablecontent_ln0' <Predicate = true> <Delay = 0.00>
ST_6 : Operation 25 [1/1] (0.00ns)   --->   "%specstablecontent_ln0 = specstablecontent void @_ssdm_op_SpecStableContent, i32 %HwReg_frm_buffer2, i1 1, void @p_str"   --->   Operation 25 'specstablecontent' 'specstablecontent_ln0' <Predicate = true> <Delay = 0.00>
ST_6 : Operation 26 [1/1] (0.00ns)   --->   "%specstablecontent_ln0 = specstablecontent void @_ssdm_op_SpecStableContent, i32 %HwReg_frm_buffer, i1 1, void @p_str"   --->   Operation 26 'specstablecontent' 'specstablecontent_ln0' <Predicate = true> <Delay = 0.00>
ST_6 : Operation 27 [1/1] (0.00ns)   --->   "%specdataflowpipeline_ln0 = specdataflowpipeline void @_ssdm_op_SpecDataflowPipeline, i32 4294967295, i32 0, void @empty_29"   --->   Operation 27 'specdataflowpipeline' 'specdataflowpipeline_ln0' <Predicate = true> <Delay = 0.00>
ST_6 : Operation 28 [1/1] (0.00ns)   --->   "%specaxissidechannel_ln0 = specaxissidechannel void @_ssdm_op_SpecAXISSideChannel, i48 %s_axis_video_V_data_V, i6 %s_axis_video_V_keep_V, i6 %s_axis_video_V_strb_V, i1 %s_axis_video_V_user_V, i1 %s_axis_video_V_last_V, i1 %s_axis_video_V_id_V, i1 %s_axis_video_V_dest_V, void @empty_10"   --->   Operation 28 'specaxissidechannel' 'specaxissidechannel_ln0' <Predicate = true> <Delay = 0.00>
ST_6 : Operation 29 [1/1] (0.00ns)   --->   "%specstablecontent_ln0 = specstablecontent void @_ssdm_op_SpecStableContent, i6 %video_format_val11, i1 1, void "   --->   Operation 29 'specstablecontent' 'specstablecontent_ln0' <Predicate = true> <Delay = 0.00>
ST_6 : Operation 30 [1/1] (0.00ns)   --->   "%specstablecontent_ln0 = specstablecontent void @_ssdm_op_SpecStableContent, i16 %stride_val9, i1 1, void "   --->   Operation 30 'specstablecontent' 'specstablecontent_ln0' <Predicate = true> <Delay = 0.00>
ST_6 : Operation 31 [1/1] (0.00ns)   --->   "%specstablecontent_ln0 = specstablecontent void @_ssdm_op_SpecStableContent, i11 %height_val8, i1 1, void "   --->   Operation 31 'specstablecontent' 'specstablecontent_ln0' <Predicate = true> <Delay = 0.00>
ST_6 : Operation 32 [1/1] (0.00ns)   --->   "%specstablecontent_ln0 = specstablecontent void @_ssdm_op_SpecStableContent, i11 %width_val5, i1 1, void "   --->   Operation 32 'specstablecontent' 'specstablecontent_ln0' <Predicate = true> <Delay = 0.00>
ST_6 : Operation 33 [1/1] (0.00ns)   --->   "%specinterface_ln0 = specinterface void @_ssdm_op_SpecInterface, i1 %s_axis_video_V_dest_V, i1 %s_axis_video_V_id_V, i1 %s_axis_video_V_last_V, i1 %s_axis_video_V_user_V, i6 %s_axis_video_V_strb_V, i6 %s_axis_video_V_keep_V, i48 %s_axis_video_V_data_V, void @empty_8, i32 0, i32 0, void @empty_9, i32 0, i32 0, void @empty_29, void @empty_29, void @empty_29, i32 0, i32 0, i32 0, i32 0, void @empty_29, void @empty_29, i32 4294967295, i32 0, i32 0, i32 0"   --->   Operation 33 'specinterface' 'specinterface_ln0' <Predicate = true> <Delay = 0.00>
ST_6 : Operation 34 [1/1] (0.00ns)   --->   "%specinterface_ln0 = specinterface void @_ssdm_op_SpecInterface, i128 %mm_video, void @empty_27, i32 0, i32 0, void @empty_29, i32 100, i32 2073600, void @empty_30, void @empty_23, void @empty_29, i32 16, i32 4, i32 16, i32 16, void @empty_29, void @empty_29, i32 4294967295, i32 0, i32 0, i32 16"   --->   Operation 34 'specinterface' 'specinterface_ln0' <Predicate = true> <Delay = 0.00>
ST_6 : Operation 35 [1/1] (0.00ns)   --->   "%empty = specchannel i32 @_ssdm_op_SpecChannel, void @img_str, i32 1, void @p_str, void @p_str, i32 2, i32 2, i48 %img, i48 %img"   --->   Operation 35 'specchannel' 'empty' <Predicate = true> <Delay = 0.00>
ST_6 : Operation 36 [1/1] (0.00ns)   --->   "%specinterface_ln0 = specinterface void @_ssdm_op_SpecInterface, i48 %img, void @empty_11, i32 0, i32 0, void @empty_29, i32 0, i32 0, void @empty_29, void @empty_29, void @empty_29, i32 0, i32 0, i32 0, i32 0, void @empty_29, void @empty_29, i32 4294967295, i32 0, i32 0, i32 0"   --->   Operation 36 'specinterface' 'specinterface_ln0' <Predicate = true> <Delay = 0.00>
ST_6 : Operation 37 [1/1] (0.00ns)   --->   "%empty_195 = specchannel i32 @_ssdm_op_SpecChannel, void @bytePlanes_OC_plane0_str, i32 1, void @p_str, void @p_str, i32 241, i32 241, i128 %bytePlanes_plane0, i128 %bytePlanes_plane0"   --->   Operation 37 'specchannel' 'empty_195' <Predicate = true> <Delay = 0.00>
ST_6 : Operation 38 [1/1] (0.00ns)   --->   "%specinterface_ln0 = specinterface void @_ssdm_op_SpecInterface, i128 %bytePlanes_plane0, void @empty_11, i32 0, i32 0, void @empty_29, i32 0, i32 0, void @empty_29, void @empty_29, void @empty_29, i32 0, i32 0, i32 0, i32 0, void @empty_29, void @empty_29, i32 4294967295, i32 0, i32 0, i32 0"   --->   Operation 38 'specinterface' 'specinterface_ln0' <Predicate = true> <Delay = 0.00>
ST_6 : Operation 39 [1/1] (0.00ns)   --->   "%empty_196 = specchannel i32 @_ssdm_op_SpecChannel, void @bytePlanes_OC_plane1_str, i32 1, void @p_str, void @p_str, i32 241, i32 241, i128 %bytePlanes_plane1, i128 %bytePlanes_plane1"   --->   Operation 39 'specchannel' 'empty_196' <Predicate = true> <Delay = 0.00>
ST_6 : Operation 40 [1/1] (0.00ns)   --->   "%specinterface_ln0 = specinterface void @_ssdm_op_SpecInterface, i128 %bytePlanes_plane1, void @empty_11, i32 0, i32 0, void @empty_29, i32 0, i32 0, void @empty_29, void @empty_29, void @empty_29, i32 0, i32 0, i32 0, i32 0, void @empty_29, void @empty_29, i32 4294967295, i32 0, i32 0, i32 0"   --->   Operation 40 'specinterface' 'specinterface_ln0' <Predicate = true> <Delay = 0.00>
ST_6 : Operation 41 [1/1] (0.00ns)   --->   "%specmemcore_ln116 = specmemcore void @_ssdm_op_SpecMemCore, i128 %bytePlanes_plane1, i64 666, i64 8, i64 18446744073709551615, i1 0" [C:/TFG_Vivado/vivado/axu2cga_trd.runs/design_1_v_frmbuf_wr_1_0_synth_1/prj/sol/.autopilot/db/v_frmbuf_wr.cpp:116]   --->   Operation 41 'specmemcore' 'specmemcore_ln116' <Predicate = true> <Delay = 0.00>
ST_6 : Operation 42 [1/1] (0.00ns)   --->   "%specmemcore_ln120 = specmemcore void @_ssdm_op_SpecMemCore, i128 %bytePlanes_plane0, i64 666, i64 8, i64 18446744073709551615, i1 0" [C:/TFG_Vivado/vivado/axu2cga_trd.runs/design_1_v_frmbuf_wr_1_0_synth_1/prj/sol/.autopilot/db/v_frmbuf_wr.cpp:120]   --->   Operation 42 'specmemcore' 'specmemcore_ln120' <Predicate = true> <Delay = 0.00>
ST_6 : Operation 43 [1/2] (0.94ns)   --->   "%call_ln141 = call void @Bytes2AXIMMvideo, i128 %bytePlanes_plane0, i128 %bytePlanes_plane1, i128 %mm_video, i32 %HwReg_frm_buffer_read, i32 %HwReg_frm_buffer2_read, i11 %height_val8_read, i14 %WidthInBytes_val2_read, i16 %stride_val9_read, i6 %video_format_val11_read" [C:/TFG_Vivado/vivado/axu2cga_trd.runs/design_1_v_frmbuf_wr_1_0_synth_1/prj/sol/.autopilot/db/v_frmbuf_wr.cpp:141]   --->   Operation 43 'call' 'call_ln141' <Predicate = true> <Delay = 0.94> <CoreType = "Generic">   --->   Generic Core
ST_6 : Operation 44 [1/1] (0.00ns)   --->   "%ret_ln149 = ret" [C:/TFG_Vivado/vivado/axu2cga_trd.runs/design_1_v_frmbuf_wr_1_0_synth_1/prj/sol/.autopilot/db/v_frmbuf_wr.cpp:149]   --->   Operation 44 'ret' 'ret_ln149' <Predicate = true> <Delay = 0.00>


============================================================
+ Verbose Summary: Timing violations
============================================================
Target clock period: 5.000ns, clock uncertainty: 1.350ns.

 <State 1>: 0.000ns
The critical path consists of the following:

 <State 2>: 0.948ns
The critical path consists of the following:
	'call' operation ('call_ln126', C:/TFG_Vivado/vivado/axu2cga_trd.runs/design_1_v_frmbuf_wr_1_0_synth_1/prj/sol/.autopilot/db/v_frmbuf_wr.cpp:126) to 'AXIvideo2MultiPixStream' [48]  (0.948 ns)

 <State 3>: 2.186ns
The critical path consists of the following:
	wire read operation ('video_format_val11_read') on port 'video_format_val11' [22]  (0.000 ns)
	'call' operation ('call_ln139', C:/TFG_Vivado/vivado/axu2cga_trd.runs/design_1_v_frmbuf_wr_1_0_synth_1/prj/sol/.autopilot/db/v_frmbuf_wr.cpp:139) to 'MultiPixStream2Bytes' [49]  (2.186 ns)

 <State 4>: 0.000ns
The critical path consists of the following:

 <State 5>: 2.106ns
The critical path consists of the following:
	wire read operation ('stride_val9_read') on port 'stride_val9' [23]  (0.000 ns)
	'call' operation ('call_ln141', C:/TFG_Vivado/vivado/axu2cga_trd.runs/design_1_v_frmbuf_wr_1_0_synth_1/prj/sol/.autopilot/db/v_frmbuf_wr.cpp:141) to 'Bytes2AXIMMvideo' [50]  (2.106 ns)

 <State 6>: 0.948ns
The critical path consists of the following:
	'call' operation ('call_ln141', C:/TFG_Vivado/vivado/axu2cga_trd.runs/design_1_v_frmbuf_wr_1_0_synth_1/prj/sol/.autopilot/db/v_frmbuf_wr.cpp:141) to 'Bytes2AXIMMvideo' [50]  (0.948 ns)


============================================================
+ Verbose Summary: Binding
============================================================
N/A
* FSMD analyzer results:
  - Output states:
 - Input state : 
  - Chain level:
	State 1
	State 2
	State 3
	State 4
	State 5
	State 6


============================================================
+ Verbose Summary: Datapath Resource usage 
============================================================
N/A
