

================================================================
== Vitis HLS Report for 'MultiPixStream2Bytes_Pipeline_VITIS_LOOP_904_8'
================================================================
* Date:           Wed Jan 21 13:07:53 2026

* Version:        2025.2 (Build 6295257 on Nov 14 2025)
* Project:        prj
* Solution:       sol (Vivado IP Flow Target)
* Product family: zynquplus
* Target device:  xczu2cg-sfvc784-1-e


================================================================
== Performance Estimates
================================================================
+ Timing: 
    * Summary: 
    +--------+---------+----------+------------+
    |  Clock |  Target | Estimated| Uncertainty|
    +--------+---------+----------+------------+
    |ap_clk  |  5.00 ns|  2.314 ns|     1.35 ns|
    +--------+---------+----------+------------+

+ Latency: 
    * Summary: 
    +---------+---------+-----------+-----------+-----+-----+-------------------+
    |  Latency (cycles) |   Latency (absolute)  |  Interval |      Pipeline     |
    |   min   |   max   |    min    |    max    | min | max |        Type       |
    +---------+---------+-----------+-----------+-----+-----+-------------------+
    |        3|     5763|  15.000 ns|  28.815 us|    0|    0|  loop pipeline stp|
    +---------+---------+-----------+-----------+-----+-----+-------------------+

    + Detail: 
        * Instance: 
        N/A

        * Loop: 
        +--------------------+---------+---------+----------+-----------+-----------+---------+----------+
        |                    |  Latency (cycles) | Iteration|  Initiation Interval  |   Trip  |          |
        |      Loop Name     |   min   |   max   |  Latency |  achieved |   target  |  Count  | Pipelined|
        +--------------------+---------+---------+----------+-----------+-----------+---------+----------+
        |- VITIS_LOOP_904_8  |        1|     5761|        10|          8|          8|  0 ~ 720|       yes|
        +--------------------+---------+---------+----------+-----------+-----------+---------+----------+

============================================================
+ Verbose Summary: Synthesis Manager
============================================================
InlineROM: 1
ExposeGlobal: 0
============================================================
+ Verbose Summary: CDFG Model
============================================================
IsTopModel: 0
ResetActiveHigh: 1
IsCombinational: 0
IsDatapathOnly: 0
HasWiredReturn: 1
HasMFsm: 2
HasVarLatency: 1
IsPipeline: 0
IsRtlPipelined: 0
IsInstanceOverlapped: 0
IsDontTouch: 0
HasImplIP: 0
IsGatedGlobalClock: 0

+ Individual pipeline summary: 
  * Pipeline-0: initiation interval (II) = 8, depth = 10


============================================================
+ Verbose Summary: Schedule
============================================================
* Number of FSM states : 10
* Pipeline : 1
  Pipeline-0 : II = 8, D = 10, States = { 1 2 3 4 5 6 7 8 9 10 }
* Dataflow Pipeline: 0

* FSM state transitions: 
1 --> 2 
2 --> 3 
3 --> 4 
4 --> 5 
5 --> 6 
6 --> 7 
7 --> 8 
8 --> 9 
9 --> 10 
10 --> 

* FSM state operations: 

State 1 <SV = 0> <Delay = 2.25>
ST_1 : Operation 13 [1/1] (0.00ns)   --->   "%x = alloca i32 1" [C:/TFG_Vivado/vivado/axu2cga_trd.runs/design_1_v_frmbuf_wr_1_0_synth_1/prj/sol/.autopilot/db/v_frmbuf_wr.cpp:904]   --->   Operation 13 'alloca' 'x' <Predicate = true> <Delay = 0.00>
ST_1 : Operation 14 [1/1] (0.00ns)   --->   "%pix = alloca i32 1" [C:/TFG_Vivado/vivado/axu2cga_trd.runs/design_1_v_frmbuf_wr_1_0_synth_1/prj/sol/.autopilot/db/v_frmbuf_wr.cpp:431]   --->   Operation 14 'alloca' 'pix' <Predicate = true> <Delay = 0.00>
ST_1 : Operation 15 [1/1] (0.00ns)   --->   "%pix_1 = alloca i32 1" [C:/TFG_Vivado/vivado/axu2cga_trd.runs/design_1_v_frmbuf_wr_1_0_synth_1/prj/sol/.autopilot/db/v_frmbuf_wr.cpp:431]   --->   Operation 15 'alloca' 'pix_1' <Predicate = true> <Delay = 0.00>
ST_1 : Operation 16 [1/1] (0.00ns)   --->   "%pix_2 = alloca i32 1" [C:/TFG_Vivado/vivado/axu2cga_trd.runs/design_1_v_frmbuf_wr_1_0_synth_1/prj/sol/.autopilot/db/v_frmbuf_wr.cpp:431]   --->   Operation 16 'alloca' 'pix_2' <Predicate = true> <Delay = 0.00>
ST_1 : Operation 17 [1/1] (0.00ns)   --->   "%pix_3 = alloca i32 1" [C:/TFG_Vivado/vivado/axu2cga_trd.runs/design_1_v_frmbuf_wr_1_0_synth_1/prj/sol/.autopilot/db/v_frmbuf_wr.cpp:431]   --->   Operation 17 'alloca' 'pix_3' <Predicate = true> <Delay = 0.00>
ST_1 : Operation 18 [1/1] (0.00ns)   --->   "%specstablecontent_ln0 = specstablecontent void @_ssdm_op_SpecStableContent, i5 %VideoFormat_val, i1 1, void "   --->   Operation 18 'specstablecontent' 'specstablecontent_ln0' <Predicate = true> <Delay = 0.00>
ST_1 : Operation 19 [1/1] (0.00ns)   --->   "%specmemcore_ln0 = specmemcore void @_ssdm_op_SpecMemCore, i128 %bytePlanes_plane1, i64 666, i64 8, i64 18446744073709551615, i1 0"   --->   Operation 19 'specmemcore' 'specmemcore_ln0' <Predicate = true> <Delay = 0.00>
ST_1 : Operation 20 [1/1] (0.00ns)   --->   "%specmemcore_ln0 = specmemcore void @_ssdm_op_SpecMemCore, i128 %bytePlanes_plane0, i64 666, i64 8, i64 18446744073709551615, i1 0"   --->   Operation 20 'specmemcore' 'specmemcore_ln0' <Predicate = true> <Delay = 0.00>
ST_1 : Operation 21 [1/1] (0.00ns)   --->   "%specinterface_ln0 = specinterface void @_ssdm_op_SpecInterface, i48 %img, void @empty_11, i32 0, i32 0, void @empty_29, i32 0, i32 0, void @empty_29, void @empty_29, void @empty_29, i32 0, i32 0, i32 0, i32 0, void @empty_29, void @empty_29, i32 4294967295, i32 0, i32 0, i32 0"   --->   Operation 21 'specinterface' 'specinterface_ln0' <Predicate = true> <Delay = 0.00>
ST_1 : Operation 22 [1/1] (0.00ns)   --->   "%specinterface_ln0 = specinterface void @_ssdm_op_SpecInterface, i128 %bytePlanes_plane0, void @empty_11, i32 0, i32 0, void @empty_29, i32 0, i32 0, void @empty_29, void @empty_29, void @empty_29, i32 0, i32 0, i32 0, i32 0, void @empty_29, void @empty_29, i32 4294967295, i32 0, i32 0, i32 0"   --->   Operation 22 'specinterface' 'specinterface_ln0' <Predicate = true> <Delay = 0.00>
ST_1 : Operation 23 [1/1] (0.00ns)   --->   "%specinterface_ln0 = specinterface void @_ssdm_op_SpecInterface, i128 %bytePlanes_plane1, void @empty_11, i32 0, i32 0, void @empty_29, i32 0, i32 0, void @empty_29, void @empty_29, void @empty_29, i32 0, i32 0, i32 0, i32 0, void @empty_29, void @empty_29, i32 4294967295, i32 0, i32 0, i32 0"   --->   Operation 23 'specinterface' 'specinterface_ln0' <Predicate = true> <Delay = 0.00>
ST_1 : Operation 24 [1/1] (0.00ns)   --->   "%icmp_ln909_read = read i1 @_ssdm_op_Read.ap_auto.i1, i1 %icmp_ln909" [C:/TFG_Vivado/vivado/axu2cga_trd.runs/design_1_v_frmbuf_wr_1_0_synth_1/prj/sol/.autopilot/db/v_frmbuf_wr.cpp:428]   --->   Operation 24 'read' 'icmp_ln909_read' <Predicate = true> <Delay = 0.00>
ST_1 : Operation 25 [1/1] (0.00ns)   --->   "%sext_ln909_read = read i11 @_ssdm_op_Read.ap_auto.i11, i11 %sext_ln909" [C:/TFG_Vivado/vivado/axu2cga_trd.runs/design_1_v_frmbuf_wr_1_0_synth_1/prj/sol/.autopilot/db/v_frmbuf_wr.cpp:428]   --->   Operation 25 'read' 'sext_ln909_read' <Predicate = true> <Delay = 0.00>
ST_1 : Operation 26 [1/1] (0.00ns)   --->   "%icmp12_read = read i1 @_ssdm_op_Read.ap_auto.i1, i1 %icmp12" [C:/TFG_Vivado/vivado/axu2cga_trd.runs/design_1_v_frmbuf_wr_1_0_synth_1/prj/sol/.autopilot/db/v_frmbuf_wr.cpp:428]   --->   Operation 26 'read' 'icmp12_read' <Predicate = true> <Delay = 0.00>
ST_1 : Operation 27 [1/1] (0.00ns)   --->   "%icmp_ln909_2_read = read i1 @_ssdm_op_Read.ap_auto.i1, i1 %icmp_ln909_2" [C:/TFG_Vivado/vivado/axu2cga_trd.runs/design_1_v_frmbuf_wr_1_0_synth_1/prj/sol/.autopilot/db/v_frmbuf_wr.cpp:428]   --->   Operation 27 'read' 'icmp_ln909_2_read' <Predicate = true> <Delay = 0.00>
ST_1 : Operation 28 [1/1] (0.00ns)   --->   "%icmp15_read = read i1 @_ssdm_op_Read.ap_auto.i1, i1 %icmp15" [C:/TFG_Vivado/vivado/axu2cga_trd.runs/design_1_v_frmbuf_wr_1_0_synth_1/prj/sol/.autopilot/db/v_frmbuf_wr.cpp:428]   --->   Operation 28 'read' 'icmp15_read' <Predicate = true> <Delay = 0.00>
ST_1 : Operation 29 [1/1] (0.00ns)   --->   "%icmp_ln909_4_read = read i1 @_ssdm_op_Read.ap_auto.i1, i1 %icmp_ln909_4" [C:/TFG_Vivado/vivado/axu2cga_trd.runs/design_1_v_frmbuf_wr_1_0_synth_1/prj/sol/.autopilot/db/v_frmbuf_wr.cpp:428]   --->   Operation 29 'read' 'icmp_ln909_4_read' <Predicate = true> <Delay = 0.00>
ST_1 : Operation 30 [1/1] (0.00ns)   --->   "%icmp_ln909_5_read = read i1 @_ssdm_op_Read.ap_auto.i1, i1 %icmp_ln909_5" [C:/TFG_Vivado/vivado/axu2cga_trd.runs/design_1_v_frmbuf_wr_1_0_synth_1/prj/sol/.autopilot/db/v_frmbuf_wr.cpp:428]   --->   Operation 30 'read' 'icmp_ln909_5_read' <Predicate = true> <Delay = 0.00>
ST_1 : Operation 31 [1/1] (0.00ns)   --->   "%icmp_ln909_6_read = read i1 @_ssdm_op_Read.ap_auto.i1, i1 %icmp_ln909_6" [C:/TFG_Vivado/vivado/axu2cga_trd.runs/design_1_v_frmbuf_wr_1_0_synth_1/prj/sol/.autopilot/db/v_frmbuf_wr.cpp:428]   --->   Operation 31 'read' 'icmp_ln909_6_read' <Predicate = true> <Delay = 0.00>
ST_1 : Operation 32 [1/1] (0.00ns)   --->   "%icmp_ln892_read = read i1 @_ssdm_op_Read.ap_auto.i1, i1 %icmp_ln892" [C:/TFG_Vivado/vivado/axu2cga_trd.runs/design_1_v_frmbuf_wr_1_0_synth_1/prj/sol/.autopilot/db/v_frmbuf_wr.cpp:428]   --->   Operation 32 'read' 'icmp_ln892_read' <Predicate = true> <Delay = 0.00>
ST_1 : Operation 33 [1/1] (0.00ns)   --->   "%tmp = read i1 @_ssdm_op_Read.ap_auto.i1, i1 %empty" [C:/TFG_Vivado/vivado/axu2cga_trd.runs/design_1_v_frmbuf_wr_1_0_synth_1/prj/sol/.autopilot/db/v_frmbuf_wr.cpp:428]   --->   Operation 33 'read' 'tmp' <Predicate = true> <Delay = 0.00>
ST_1 : Operation 34 [1/1] (0.00ns)   --->   "%VideoFormat_val_read = read i5 @_ssdm_op_Read.ap_auto.i5, i5 %VideoFormat_val" [C:/TFG_Vivado/vivado/axu2cga_trd.runs/design_1_v_frmbuf_wr_1_0_synth_1/prj/sol/.autopilot/db/v_frmbuf_wr.cpp:428]   --->   Operation 34 'read' 'VideoFormat_val_read' <Predicate = true> <Delay = 0.00>
ST_1 : Operation 35 [1/1] (0.00ns)   --->   "%loopWidth_2_read = read i10 @_ssdm_op_Read.ap_auto.i10, i10 %loopWidth_2" [C:/TFG_Vivado/vivado/axu2cga_trd.runs/design_1_v_frmbuf_wr_1_0_synth_1/prj/sol/.autopilot/db/v_frmbuf_wr.cpp:428]   --->   Operation 35 'read' 'loopWidth_2_read' <Predicate = true> <Delay = 0.00>
ST_1 : Operation 36 [1/1] (0.00ns)   --->   "%pix_8_read = read i8 @_ssdm_op_Read.ap_auto.i8, i8 %pix_8" [C:/TFG_Vivado/vivado/axu2cga_trd.runs/design_1_v_frmbuf_wr_1_0_synth_1/prj/sol/.autopilot/db/v_frmbuf_wr.cpp:428]   --->   Operation 36 'read' 'pix_8_read' <Predicate = true> <Delay = 0.00>
ST_1 : Operation 37 [1/1] (0.00ns)   --->   "%pix_9_read = read i8 @_ssdm_op_Read.ap_auto.i8, i8 %pix_9" [C:/TFG_Vivado/vivado/axu2cga_trd.runs/design_1_v_frmbuf_wr_1_0_synth_1/prj/sol/.autopilot/db/v_frmbuf_wr.cpp:428]   --->   Operation 37 'read' 'pix_9_read' <Predicate = true> <Delay = 0.00>
ST_1 : Operation 38 [1/1] (0.00ns)   --->   "%pix_10_read = read i8 @_ssdm_op_Read.ap_auto.i8, i8 %pix_10" [C:/TFG_Vivado/vivado/axu2cga_trd.runs/design_1_v_frmbuf_wr_1_0_synth_1/prj/sol/.autopilot/db/v_frmbuf_wr.cpp:428]   --->   Operation 38 'read' 'pix_10_read' <Predicate = true> <Delay = 0.00>
ST_1 : Operation 39 [1/1] (0.00ns)   --->   "%pix_11_read = read i8 @_ssdm_op_Read.ap_auto.i8, i8 %pix_11" [C:/TFG_Vivado/vivado/axu2cga_trd.runs/design_1_v_frmbuf_wr_1_0_synth_1/prj/sol/.autopilot/db/v_frmbuf_wr.cpp:428]   --->   Operation 39 'read' 'pix_11_read' <Predicate = true> <Delay = 0.00>
ST_1 : Operation 40 [1/1] (0.48ns)   --->   "%store_ln431 = store i8 %pix_11_read, i8 %pix_3" [C:/TFG_Vivado/vivado/axu2cga_trd.runs/design_1_v_frmbuf_wr_1_0_synth_1/prj/sol/.autopilot/db/v_frmbuf_wr.cpp:431]   --->   Operation 40 'store' 'store_ln431' <Predicate = true> <Delay = 0.48>
ST_1 : Operation 41 [1/1] (0.48ns)   --->   "%store_ln431 = store i8 %pix_10_read, i8 %pix_2" [C:/TFG_Vivado/vivado/axu2cga_trd.runs/design_1_v_frmbuf_wr_1_0_synth_1/prj/sol/.autopilot/db/v_frmbuf_wr.cpp:431]   --->   Operation 41 'store' 'store_ln431' <Predicate = true> <Delay = 0.48>
ST_1 : Operation 42 [1/1] (0.48ns)   --->   "%store_ln431 = store i8 %pix_9_read, i8 %pix_1" [C:/TFG_Vivado/vivado/axu2cga_trd.runs/design_1_v_frmbuf_wr_1_0_synth_1/prj/sol/.autopilot/db/v_frmbuf_wr.cpp:431]   --->   Operation 42 'store' 'store_ln431' <Predicate = true> <Delay = 0.48>
ST_1 : Operation 43 [1/1] (0.48ns)   --->   "%store_ln431 = store i8 %pix_8_read, i8 %pix" [C:/TFG_Vivado/vivado/axu2cga_trd.runs/design_1_v_frmbuf_wr_1_0_synth_1/prj/sol/.autopilot/db/v_frmbuf_wr.cpp:431]   --->   Operation 43 'store' 'store_ln431' <Predicate = true> <Delay = 0.48>
ST_1 : Operation 44 [1/1] (0.48ns)   --->   "%store_ln904 = store i10 0, i10 %x" [C:/TFG_Vivado/vivado/axu2cga_trd.runs/design_1_v_frmbuf_wr_1_0_synth_1/prj/sol/.autopilot/db/v_frmbuf_wr.cpp:904]   --->   Operation 44 'store' 'store_ln904' <Predicate = true> <Delay = 0.48>
ST_1 : Operation 45 [1/1] (0.00ns)   --->   "%br_ln904 = br void %VITIS_LOOP_907_9" [C:/TFG_Vivado/vivado/axu2cga_trd.runs/design_1_v_frmbuf_wr_1_0_synth_1/prj/sol/.autopilot/db/v_frmbuf_wr.cpp:904]   --->   Operation 45 'br' 'br_ln904' <Predicate = true> <Delay = 0.00>
ST_1 : Operation 46 [1/1] (0.00ns)   --->   "%x_1 = load i10 %x" [C:/TFG_Vivado/vivado/axu2cga_trd.runs/design_1_v_frmbuf_wr_1_0_synth_1/prj/sol/.autopilot/db/v_frmbuf_wr.cpp:904]   --->   Operation 46 'load' 'x_1' <Predicate = true> <Delay = 0.00>
ST_1 : Operation 47 [1/1] (0.93ns)   --->   "%icmp_ln904 = icmp_eq  i10 %x_1, i10 %loopWidth_2_read" [C:/TFG_Vivado/vivado/axu2cga_trd.runs/design_1_v_frmbuf_wr_1_0_synth_1/prj/sol/.autopilot/db/v_frmbuf_wr.cpp:904]   --->   Operation 47 'icmp' 'icmp_ln904' <Predicate = true> <Delay = 0.93> <CoreInst = "Cmp">   --->   Core 9 'Cmp' <Latency = 0> <II = 1> <Delay = 0.93> <FuncUnit> <Opcode : 'seteq' 'setne' 'setle' 'setge' 'setlt' 'setgt'> <InPorts = 2> <OutPorts = 1>
ST_1 : Operation 48 [1/1] (0.93ns)   --->   "%x_2 = add i10 %x_1, i10 1" [C:/TFG_Vivado/vivado/axu2cga_trd.runs/design_1_v_frmbuf_wr_1_0_synth_1/prj/sol/.autopilot/db/v_frmbuf_wr.cpp:904]   --->   Operation 48 'add' 'x_2' <Predicate = true> <Delay = 0.93> <CoreInst = "Adder">   --->   Core 1 'Adder' <Latency = 0> <II = 1> <Delay = 0.93> <FuncUnit> <Opcode : 'add' 'sub'> <InPorts = 2> <OutPorts = 1>
ST_1 : Operation 49 [1/1] (0.00ns)   --->   "%br_ln904 = br i1 %icmp_ln904, void %VITIS_LOOP_907_9.split, void %for.inc295.exitStub" [C:/TFG_Vivado/vivado/axu2cga_trd.runs/design_1_v_frmbuf_wr_1_0_synth_1/prj/sol/.autopilot/db/v_frmbuf_wr.cpp:904]   --->   Operation 49 'br' 'br_ln904' <Predicate = true> <Delay = 0.00>
ST_1 : Operation 50 [1/1] (0.00ns)   --->   "%zext_ln906 = zext i10 %x_1" [C:/TFG_Vivado/vivado/axu2cga_trd.runs/design_1_v_frmbuf_wr_1_0_synth_1/prj/sol/.autopilot/db/v_frmbuf_wr.cpp:906]   --->   Operation 50 'zext' 'zext_ln906' <Predicate = (!icmp_ln904)> <Delay = 0.00>
ST_1 : Operation 51 [1/1] (0.00ns)   --->   "%specpipeline_ln906 = specpipeline void @_ssdm_op_SpecPipeline, i32 8, i32 0, i32 0, i32 0, i32 4294967295, void @empty_29" [C:/TFG_Vivado/vivado/axu2cga_trd.runs/design_1_v_frmbuf_wr_1_0_synth_1/prj/sol/.autopilot/db/v_frmbuf_wr.cpp:906]   --->   Operation 51 'specpipeline' 'specpipeline_ln906' <Predicate = (!icmp_ln904)> <Delay = 0.00>
ST_1 : Operation 52 [1/1] (0.00ns)   --->   "%specloopname_ln904 = specloopname void @_ssdm_op_SpecLoopName, void @empty_20" [C:/TFG_Vivado/vivado/axu2cga_trd.runs/design_1_v_frmbuf_wr_1_0_synth_1/prj/sol/.autopilot/db/v_frmbuf_wr.cpp:904]   --->   Operation 52 'specloopname' 'specloopname_ln904' <Predicate = (!icmp_ln904)> <Delay = 0.00>
ST_1 : Operation 53 [1/1] (0.94ns)   --->   "%icmp_ln909_1 = icmp_slt  i11 %zext_ln906, i11 %sext_ln909_read" [C:/TFG_Vivado/vivado/axu2cga_trd.runs/design_1_v_frmbuf_wr_1_0_synth_1/prj/sol/.autopilot/db/v_frmbuf_wr.cpp:909]   --->   Operation 53 'icmp' 'icmp_ln909_1' <Predicate = (!icmp_ln904)> <Delay = 0.94> <CoreInst = "Cmp">   --->   Core 9 'Cmp' <Latency = 0> <II = 1> <Delay = 0.94> <FuncUnit> <Opcode : 'seteq' 'setne' 'setle' 'setge' 'setlt' 'setgt'> <InPorts = 2> <OutPorts = 1>
ST_1 : Operation 54 [1/1] (0.33ns)   --->   "%or_ln909 = or i1 %icmp_ln909_1, i1 %icmp_ln909_read" [C:/TFG_Vivado/vivado/axu2cga_trd.runs/design_1_v_frmbuf_wr_1_0_synth_1/prj/sol/.autopilot/db/v_frmbuf_wr.cpp:909]   --->   Operation 54 'or' 'or_ln909' <Predicate = (!icmp_ln904)> <Delay = 0.33> <CoreInst = "LogicGate">   --->   Core 74 'LogicGate' <Latency = 0> <II = 1> <Delay = 0.33> <FuncUnit> <Opcode : 'and' 'or' 'xor'> <InPorts = 2> <OutPorts = 1>
ST_1 : Operation 55 [1/1] (0.48ns)   --->   "%br_ln909 = br i1 %or_ln909, void %for.inc253, void %if.then222" [C:/TFG_Vivado/vivado/axu2cga_trd.runs/design_1_v_frmbuf_wr_1_0_synth_1/prj/sol/.autopilot/db/v_frmbuf_wr.cpp:909]   --->   Operation 55 'br' 'br_ln909' <Predicate = (!icmp_ln904)> <Delay = 0.48>
ST_1 : Operation 56 [1/1] (0.48ns)   --->   "%br_ln910 = br void %for.inc253" [C:/TFG_Vivado/vivado/axu2cga_trd.runs/design_1_v_frmbuf_wr_1_0_synth_1/prj/sol/.autopilot/db/v_frmbuf_wr.cpp:910]   --->   Operation 56 'br' 'br_ln910' <Predicate = (!icmp_ln904 & or_ln909)> <Delay = 0.48>
ST_1 : Operation 57 [1/1] (0.33ns)   --->   "%or_ln909_1 = or i1 %icmp_ln909_1, i1 %icmp12_read" [C:/TFG_Vivado/vivado/axu2cga_trd.runs/design_1_v_frmbuf_wr_1_0_synth_1/prj/sol/.autopilot/db/v_frmbuf_wr.cpp:909]   --->   Operation 57 'or' 'or_ln909_1' <Predicate = (!icmp_ln904)> <Delay = 0.33> <CoreInst = "LogicGate">   --->   Core 74 'LogicGate' <Latency = 0> <II = 1> <Delay = 0.33> <FuncUnit> <Opcode : 'and' 'or' 'xor'> <InPorts = 2> <OutPorts = 1>
ST_1 : Operation 58 [1/1] (0.48ns)   --->   "%br_ln909 = br i1 %or_ln909_1, void %for.inc253.1, void %if.then222.1" [C:/TFG_Vivado/vivado/axu2cga_trd.runs/design_1_v_frmbuf_wr_1_0_synth_1/prj/sol/.autopilot/db/v_frmbuf_wr.cpp:909]   --->   Operation 58 'br' 'br_ln909' <Predicate = (!icmp_ln904)> <Delay = 0.48>
ST_1 : Operation 59 [1/1] (0.33ns)   --->   "%or_ln909_2 = or i1 %icmp_ln909_1, i1 %icmp_ln909_2_read" [C:/TFG_Vivado/vivado/axu2cga_trd.runs/design_1_v_frmbuf_wr_1_0_synth_1/prj/sol/.autopilot/db/v_frmbuf_wr.cpp:909]   --->   Operation 59 'or' 'or_ln909_2' <Predicate = (!icmp_ln904)> <Delay = 0.33> <CoreInst = "LogicGate">   --->   Core 74 'LogicGate' <Latency = 0> <II = 1> <Delay = 0.33> <FuncUnit> <Opcode : 'and' 'or' 'xor'> <InPorts = 2> <OutPorts = 1>
ST_1 : Operation 60 [1/1] (0.48ns)   --->   "%br_ln909 = br i1 %or_ln909_2, void %for.inc253.2, void %if.then222.2" [C:/TFG_Vivado/vivado/axu2cga_trd.runs/design_1_v_frmbuf_wr_1_0_synth_1/prj/sol/.autopilot/db/v_frmbuf_wr.cpp:909]   --->   Operation 60 'br' 'br_ln909' <Predicate = (!icmp_ln904)> <Delay = 0.48>
ST_1 : Operation 61 [1/1] (0.87ns)   --->   "%icmp_ln925 = icmp_eq  i5 %VideoFormat_val_read, i5 19" [C:/TFG_Vivado/vivado/axu2cga_trd.runs/design_1_v_frmbuf_wr_1_0_synth_1/prj/sol/.autopilot/db/v_frmbuf_wr.cpp:925]   --->   Operation 61 'icmp' 'icmp_ln925' <Predicate = (!icmp_ln904)> <Delay = 0.87> <CoreInst = "Cmp">   --->   Core 9 'Cmp' <Latency = 0> <II = 1> <Delay = 0.87> <FuncUnit> <Opcode : 'seteq' 'setne' 'setle' 'setge' 'setlt' 'setgt'> <InPorts = 2> <OutPorts = 1>
ST_1 : Operation 62 [1/1] (0.33ns)   --->   "%and_ln925 = and i1 %tmp, i1 %icmp_ln925" [C:/TFG_Vivado/vivado/axu2cga_trd.runs/design_1_v_frmbuf_wr_1_0_synth_1/prj/sol/.autopilot/db/v_frmbuf_wr.cpp:925]   --->   Operation 62 'and' 'and_ln925' <Predicate = (!icmp_ln904)> <Delay = 0.33> <CoreInst = "LogicGate">   --->   Core 74 'LogicGate' <Latency = 0> <II = 1> <Delay = 0.33> <FuncUnit> <Opcode : 'and' 'or' 'xor'> <InPorts = 2> <OutPorts = 1>
ST_1 : Operation 63 [1/1] (0.00ns)   --->   "%br_ln925 = br i1 %and_ln925, void %if.then290, void %for.inc292" [C:/TFG_Vivado/vivado/axu2cga_trd.runs/design_1_v_frmbuf_wr_1_0_synth_1/prj/sol/.autopilot/db/v_frmbuf_wr.cpp:925]   --->   Operation 63 'br' 'br_ln925' <Predicate = (!icmp_ln904)> <Delay = 0.00>
ST_1 : Operation 64 [1/1] (0.48ns)   --->   "%store_ln904 = store i10 %x_2, i10 %x" [C:/TFG_Vivado/vivado/axu2cga_trd.runs/design_1_v_frmbuf_wr_1_0_synth_1/prj/sol/.autopilot/db/v_frmbuf_wr.cpp:904]   --->   Operation 64 'store' 'store_ln904' <Predicate = (!icmp_ln904)> <Delay = 0.48>

State 2 <SV = 1> <Delay = 1.82>
ST_2 : Operation 65 [1/1] (0.00ns)   --->   "%pix_4 = load i8 %pix"   --->   Operation 65 'load' 'pix_4' <Predicate = true> <Delay = 0.00>
ST_2 : Operation 66 [1/1] (0.00ns)   --->   "%pix_5 = load i8 %pix_1"   --->   Operation 66 'load' 'pix_5' <Predicate = true> <Delay = 0.00>
ST_2 : Operation 67 [1/1] (0.00ns)   --->   "%pix_6 = load i8 %pix_2"   --->   Operation 67 'load' 'pix_6' <Predicate = true> <Delay = 0.00>
ST_2 : Operation 68 [1/1] (0.00ns)   --->   "%pix_7 = load i8 %pix_3"   --->   Operation 68 'load' 'pix_7' <Predicate = true> <Delay = 0.00>
ST_2 : Operation 69 [1/1] (0.00ns)   --->   "%speclooptripcount_ln0 = speclooptripcount void @_ssdm_op_SpecLoopTripCount, i64 0, i64 720, i64 0"   --->   Operation 69 'speclooptripcount' 'speclooptripcount_ln0' <Predicate = true> <Delay = 0.00>
ST_2 : Operation 70 [1/1] ( I:1.82ns O:1.82ns )   --->   "%img_read = read i48 @_ssdm_op_Read.ap_fifo.volatile.i48P0A, i48 %img" [C:/TFG_Vivado/vivado/axu2cga_trd.runs/design_1_v_frmbuf_wr_1_0_synth_1/prj/sol/.autopilot/db/v_frmbuf_wr.cpp:910]   --->   Operation 70 'read' 'img_read' <Predicate = (!icmp_ln904 & or_ln909)> <Delay = 1.82> <CoreInst = "FIFO_SRL">   --->   Core 80 'FIFO_SRL' <Latency = 0> <II = 1> <Delay = 2.16> <Storage> <Opcode : 'read' 'write' 'nbread' 'nbwrite'> <Ports = 0> <Width = 48> <Depth = 2> <FIFO>
ST_2 : Operation 71 [1/1] (0.00ns)   --->   "%pix_14 = trunc i48 %img_read" [C:/TFG_Vivado/vivado/axu2cga_trd.runs/design_1_v_frmbuf_wr_1_0_synth_1/prj/sol/.autopilot/db/v_frmbuf_wr.cpp:910]   --->   Operation 71 'trunc' 'pix_14' <Predicate = (!icmp_ln904 & or_ln909)> <Delay = 0.00>
ST_2 : Operation 72 [1/1] (0.00ns)   --->   "%pix_15 = partselect i8 @_ssdm_op_PartSelect.i8.i48.i32.i32, i48 %img_read, i32 8, i32 15" [C:/TFG_Vivado/vivado/axu2cga_trd.runs/design_1_v_frmbuf_wr_1_0_synth_1/prj/sol/.autopilot/db/v_frmbuf_wr.cpp:910]   --->   Operation 72 'partselect' 'pix_15' <Predicate = (!icmp_ln904 & or_ln909)> <Delay = 0.00>
ST_2 : Operation 73 [1/1] (0.00ns)   --->   "%pix_12 = partselect i8 @_ssdm_op_PartSelect.i8.i48.i32.i32, i48 %img_read, i32 24, i32 31" [C:/TFG_Vivado/vivado/axu2cga_trd.runs/design_1_v_frmbuf_wr_1_0_synth_1/prj/sol/.autopilot/db/v_frmbuf_wr.cpp:910]   --->   Operation 73 'partselect' 'pix_12' <Predicate = (!icmp_ln904 & or_ln909)> <Delay = 0.00>
ST_2 : Operation 74 [1/1] (0.00ns)   --->   "%pix_13 = partselect i8 @_ssdm_op_PartSelect.i8.i48.i32.i32, i48 %img_read, i32 32, i32 39" [C:/TFG_Vivado/vivado/axu2cga_trd.runs/design_1_v_frmbuf_wr_1_0_synth_1/prj/sol/.autopilot/db/v_frmbuf_wr.cpp:910]   --->   Operation 74 'partselect' 'pix_13' <Predicate = (!icmp_ln904 & or_ln909)> <Delay = 0.00>
ST_2 : Operation 75 [1/1] (0.00ns)   --->   "%pix_19 = phi i8 %pix_13, void %if.then222, i8 %pix_7, void %VITIS_LOOP_907_9.split"   --->   Operation 75 'phi' 'pix_19' <Predicate = (!icmp_ln904)> <Delay = 0.00>
ST_2 : Operation 76 [1/1] (0.00ns)   --->   "%pix_18 = phi i8 %pix_12, void %if.then222, i8 %pix_6, void %VITIS_LOOP_907_9.split"   --->   Operation 76 'phi' 'pix_18' <Predicate = (!icmp_ln904)> <Delay = 0.00>
ST_2 : Operation 77 [1/1] (0.00ns)   --->   "%pix_17 = phi i8 %pix_15, void %if.then222, i8 %pix_5, void %VITIS_LOOP_907_9.split"   --->   Operation 77 'phi' 'pix_17' <Predicate = (!icmp_ln904)> <Delay = 0.00>
ST_2 : Operation 78 [1/1] (0.00ns)   --->   "%pix_16 = phi i8 %pix_14, void %if.then222, i8 %pix_4, void %VITIS_LOOP_907_9.split"   --->   Operation 78 'phi' 'pix_16' <Predicate = (!icmp_ln904)> <Delay = 0.00>
ST_2 : Operation 79 [1/1] (0.48ns)   --->   "%br_ln910 = br void %for.inc253.1" [C:/TFG_Vivado/vivado/axu2cga_trd.runs/design_1_v_frmbuf_wr_1_0_synth_1/prj/sol/.autopilot/db/v_frmbuf_wr.cpp:910]   --->   Operation 79 'br' 'br_ln910' <Predicate = (!icmp_ln904 & or_ln909_1)> <Delay = 0.48>
ST_2 : Operation 169 [1/1] (0.00ns)   --->   "%store_ln0 = store i8 %pix_7, i8 %pix_23_out"   --->   Operation 169 'store' 'store_ln0' <Predicate = (icmp_ln904)> <Delay = 0.00>
ST_2 : Operation 170 [1/1] (0.00ns)   --->   "%store_ln0 = store i8 %pix_6, i8 %pix_22_out"   --->   Operation 170 'store' 'store_ln0' <Predicate = (icmp_ln904)> <Delay = 0.00>
ST_2 : Operation 171 [1/1] (0.00ns)   --->   "%store_ln0 = store i8 %pix_5, i8 %pix_21_out"   --->   Operation 171 'store' 'store_ln0' <Predicate = (icmp_ln904)> <Delay = 0.00>
ST_2 : Operation 172 [1/1] (0.00ns)   --->   "%store_ln0 = store i8 %pix_4, i8 %pix_20_out"   --->   Operation 172 'store' 'store_ln0' <Predicate = (icmp_ln904)> <Delay = 0.00>
ST_2 : Operation 173 [1/1] (0.48ns)   --->   "%ret_ln0 = ret"   --->   Operation 173 'ret' 'ret_ln0' <Predicate = (icmp_ln904)> <Delay = 0.48>

State 3 <SV = 2> <Delay = 1.82>
ST_3 : Operation 80 [1/1] ( I:1.82ns O:1.82ns )   --->   "%img_read_1 = read i48 @_ssdm_op_Read.ap_fifo.volatile.i48P0A, i48 %img" [C:/TFG_Vivado/vivado/axu2cga_trd.runs/design_1_v_frmbuf_wr_1_0_synth_1/prj/sol/.autopilot/db/v_frmbuf_wr.cpp:910]   --->   Operation 80 'read' 'img_read_1' <Predicate = (!icmp_ln904 & or_ln909_1)> <Delay = 1.82> <CoreInst = "FIFO_SRL">   --->   Core 80 'FIFO_SRL' <Latency = 0> <II = 1> <Delay = 2.16> <Storage> <Opcode : 'read' 'write' 'nbread' 'nbwrite'> <Ports = 0> <Width = 48> <Depth = 2> <FIFO>
ST_3 : Operation 81 [1/1] (0.00ns)   --->   "%pix_22 = trunc i48 %img_read_1" [C:/TFG_Vivado/vivado/axu2cga_trd.runs/design_1_v_frmbuf_wr_1_0_synth_1/prj/sol/.autopilot/db/v_frmbuf_wr.cpp:910]   --->   Operation 81 'trunc' 'pix_22' <Predicate = (!icmp_ln904 & or_ln909_1)> <Delay = 0.00>
ST_3 : Operation 82 [1/1] (0.00ns)   --->   "%pix_23 = partselect i8 @_ssdm_op_PartSelect.i8.i48.i32.i32, i48 %img_read_1, i32 8, i32 15" [C:/TFG_Vivado/vivado/axu2cga_trd.runs/design_1_v_frmbuf_wr_1_0_synth_1/prj/sol/.autopilot/db/v_frmbuf_wr.cpp:910]   --->   Operation 82 'partselect' 'pix_23' <Predicate = (!icmp_ln904 & or_ln909_1)> <Delay = 0.00>
ST_3 : Operation 83 [1/1] (0.00ns)   --->   "%pix_20 = partselect i8 @_ssdm_op_PartSelect.i8.i48.i32.i32, i48 %img_read_1, i32 24, i32 31" [C:/TFG_Vivado/vivado/axu2cga_trd.runs/design_1_v_frmbuf_wr_1_0_synth_1/prj/sol/.autopilot/db/v_frmbuf_wr.cpp:910]   --->   Operation 83 'partselect' 'pix_20' <Predicate = (!icmp_ln904 & or_ln909_1)> <Delay = 0.00>
ST_3 : Operation 84 [1/1] (0.00ns)   --->   "%pix_21 = partselect i8 @_ssdm_op_PartSelect.i8.i48.i32.i32, i48 %img_read_1, i32 32, i32 39" [C:/TFG_Vivado/vivado/axu2cga_trd.runs/design_1_v_frmbuf_wr_1_0_synth_1/prj/sol/.autopilot/db/v_frmbuf_wr.cpp:910]   --->   Operation 84 'partselect' 'pix_21' <Predicate = (!icmp_ln904 & or_ln909_1)> <Delay = 0.00>
ST_3 : Operation 85 [1/1] (0.00ns)   --->   "%pix_27 = phi i8 %pix_21, void %if.then222.1, i8 %pix_19, void %for.inc253"   --->   Operation 85 'phi' 'pix_27' <Predicate = (!icmp_ln904)> <Delay = 0.00>
ST_3 : Operation 86 [1/1] (0.00ns)   --->   "%pix_26 = phi i8 %pix_20, void %if.then222.1, i8 %pix_18, void %for.inc253"   --->   Operation 86 'phi' 'pix_26' <Predicate = (!icmp_ln904)> <Delay = 0.00>
ST_3 : Operation 87 [1/1] (0.00ns)   --->   "%pix_25 = phi i8 %pix_23, void %if.then222.1, i8 %pix_17, void %for.inc253"   --->   Operation 87 'phi' 'pix_25' <Predicate = (!icmp_ln904)> <Delay = 0.00>
ST_3 : Operation 88 [1/1] (0.00ns)   --->   "%pix_24 = phi i8 %pix_22, void %if.then222.1, i8 %pix_16, void %for.inc253"   --->   Operation 88 'phi' 'pix_24' <Predicate = (!icmp_ln904)> <Delay = 0.00>
ST_3 : Operation 89 [1/1] (0.48ns)   --->   "%br_ln910 = br void %for.inc253.2" [C:/TFG_Vivado/vivado/axu2cga_trd.runs/design_1_v_frmbuf_wr_1_0_synth_1/prj/sol/.autopilot/db/v_frmbuf_wr.cpp:910]   --->   Operation 89 'br' 'br_ln910' <Predicate = (!icmp_ln904 & or_ln909_2)> <Delay = 0.48>
ST_3 : Operation 90 [1/1] (0.33ns)   --->   "%or_ln909_3 = or i1 %icmp_ln909_1, i1 %icmp15_read" [C:/TFG_Vivado/vivado/axu2cga_trd.runs/design_1_v_frmbuf_wr_1_0_synth_1/prj/sol/.autopilot/db/v_frmbuf_wr.cpp:909]   --->   Operation 90 'or' 'or_ln909_3' <Predicate = (!icmp_ln904)> <Delay = 0.33> <CoreInst = "LogicGate">   --->   Core 74 'LogicGate' <Latency = 0> <II = 1> <Delay = 0.33> <FuncUnit> <Opcode : 'and' 'or' 'xor'> <InPorts = 2> <OutPorts = 1>
ST_3 : Operation 91 [1/1] (0.48ns)   --->   "%br_ln909 = br i1 %or_ln909_3, void %for.inc253.3, void %if.then222.3" [C:/TFG_Vivado/vivado/axu2cga_trd.runs/design_1_v_frmbuf_wr_1_0_synth_1/prj/sol/.autopilot/db/v_frmbuf_wr.cpp:909]   --->   Operation 91 'br' 'br_ln909' <Predicate = (!icmp_ln904)> <Delay = 0.48>

State 4 <SV = 3> <Delay = 1.82>
ST_4 : Operation 92 [1/1] ( I:1.82ns O:1.82ns )   --->   "%img_read_2 = read i48 @_ssdm_op_Read.ap_fifo.volatile.i48P0A, i48 %img" [C:/TFG_Vivado/vivado/axu2cga_trd.runs/design_1_v_frmbuf_wr_1_0_synth_1/prj/sol/.autopilot/db/v_frmbuf_wr.cpp:910]   --->   Operation 92 'read' 'img_read_2' <Predicate = (!icmp_ln904 & or_ln909_2)> <Delay = 1.82> <CoreInst = "FIFO_SRL">   --->   Core 80 'FIFO_SRL' <Latency = 0> <II = 1> <Delay = 2.16> <Storage> <Opcode : 'read' 'write' 'nbread' 'nbwrite'> <Ports = 0> <Width = 48> <Depth = 2> <FIFO>
ST_4 : Operation 93 [1/1] (0.00ns)   --->   "%pix_30 = trunc i48 %img_read_2" [C:/TFG_Vivado/vivado/axu2cga_trd.runs/design_1_v_frmbuf_wr_1_0_synth_1/prj/sol/.autopilot/db/v_frmbuf_wr.cpp:910]   --->   Operation 93 'trunc' 'pix_30' <Predicate = (!icmp_ln904 & or_ln909_2)> <Delay = 0.00>
ST_4 : Operation 94 [1/1] (0.00ns)   --->   "%pix_31 = partselect i8 @_ssdm_op_PartSelect.i8.i48.i32.i32, i48 %img_read_2, i32 8, i32 15" [C:/TFG_Vivado/vivado/axu2cga_trd.runs/design_1_v_frmbuf_wr_1_0_synth_1/prj/sol/.autopilot/db/v_frmbuf_wr.cpp:910]   --->   Operation 94 'partselect' 'pix_31' <Predicate = (!icmp_ln904 & or_ln909_2)> <Delay = 0.00>
ST_4 : Operation 95 [1/1] (0.00ns)   --->   "%pix_28 = partselect i8 @_ssdm_op_PartSelect.i8.i48.i32.i32, i48 %img_read_2, i32 24, i32 31" [C:/TFG_Vivado/vivado/axu2cga_trd.runs/design_1_v_frmbuf_wr_1_0_synth_1/prj/sol/.autopilot/db/v_frmbuf_wr.cpp:910]   --->   Operation 95 'partselect' 'pix_28' <Predicate = (!icmp_ln904 & or_ln909_2)> <Delay = 0.00>
ST_4 : Operation 96 [1/1] (0.00ns)   --->   "%pix_29 = partselect i8 @_ssdm_op_PartSelect.i8.i48.i32.i32, i48 %img_read_2, i32 32, i32 39" [C:/TFG_Vivado/vivado/axu2cga_trd.runs/design_1_v_frmbuf_wr_1_0_synth_1/prj/sol/.autopilot/db/v_frmbuf_wr.cpp:910]   --->   Operation 96 'partselect' 'pix_29' <Predicate = (!icmp_ln904 & or_ln909_2)> <Delay = 0.00>
ST_4 : Operation 97 [1/1] (0.00ns)   --->   "%pix_35 = phi i8 %pix_29, void %if.then222.2, i8 %pix_27, void %for.inc253.1"   --->   Operation 97 'phi' 'pix_35' <Predicate = (!icmp_ln904)> <Delay = 0.00>
ST_4 : Operation 98 [1/1] (0.00ns)   --->   "%pix_34 = phi i8 %pix_28, void %if.then222.2, i8 %pix_26, void %for.inc253.1"   --->   Operation 98 'phi' 'pix_34' <Predicate = (!icmp_ln904)> <Delay = 0.00>
ST_4 : Operation 99 [1/1] (0.00ns)   --->   "%pix_33 = phi i8 %pix_31, void %if.then222.2, i8 %pix_25, void %for.inc253.1"   --->   Operation 99 'phi' 'pix_33' <Predicate = (!icmp_ln904)> <Delay = 0.00>
ST_4 : Operation 100 [1/1] (0.00ns)   --->   "%pix_32 = phi i8 %pix_30, void %if.then222.2, i8 %pix_24, void %for.inc253.1"   --->   Operation 100 'phi' 'pix_32' <Predicate = (!icmp_ln904)> <Delay = 0.00>
ST_4 : Operation 101 [1/1] (0.48ns)   --->   "%br_ln910 = br void %for.inc253.3" [C:/TFG_Vivado/vivado/axu2cga_trd.runs/design_1_v_frmbuf_wr_1_0_synth_1/prj/sol/.autopilot/db/v_frmbuf_wr.cpp:910]   --->   Operation 101 'br' 'br_ln910' <Predicate = (!icmp_ln904 & or_ln909_3)> <Delay = 0.48>
ST_4 : Operation 102 [1/1] (0.33ns)   --->   "%or_ln909_4 = or i1 %icmp_ln909_1, i1 %icmp_ln909_4_read" [C:/TFG_Vivado/vivado/axu2cga_trd.runs/design_1_v_frmbuf_wr_1_0_synth_1/prj/sol/.autopilot/db/v_frmbuf_wr.cpp:909]   --->   Operation 102 'or' 'or_ln909_4' <Predicate = (!icmp_ln904)> <Delay = 0.33> <CoreInst = "LogicGate">   --->   Core 74 'LogicGate' <Latency = 0> <II = 1> <Delay = 0.33> <FuncUnit> <Opcode : 'and' 'or' 'xor'> <InPorts = 2> <OutPorts = 1>
ST_4 : Operation 103 [1/1] (0.48ns)   --->   "%br_ln909 = br i1 %or_ln909_4, void %for.inc253.4, void %if.then222.4" [C:/TFG_Vivado/vivado/axu2cga_trd.runs/design_1_v_frmbuf_wr_1_0_synth_1/prj/sol/.autopilot/db/v_frmbuf_wr.cpp:909]   --->   Operation 103 'br' 'br_ln909' <Predicate = (!icmp_ln904)> <Delay = 0.48>
ST_4 : Operation 104 [1/1] (0.33ns)   --->   "%or_ln909_5 = or i1 %icmp_ln909_1, i1 %icmp_ln909_5_read" [C:/TFG_Vivado/vivado/axu2cga_trd.runs/design_1_v_frmbuf_wr_1_0_synth_1/prj/sol/.autopilot/db/v_frmbuf_wr.cpp:909]   --->   Operation 104 'or' 'or_ln909_5' <Predicate = (!icmp_ln904)> <Delay = 0.33> <CoreInst = "LogicGate">   --->   Core 74 'LogicGate' <Latency = 0> <II = 1> <Delay = 0.33> <FuncUnit> <Opcode : 'and' 'or' 'xor'> <InPorts = 2> <OutPorts = 1>
ST_4 : Operation 105 [1/1] (0.33ns)   --->   "%or_ln909_6 = or i1 %icmp_ln909_1, i1 %icmp_ln909_6_read" [C:/TFG_Vivado/vivado/axu2cga_trd.runs/design_1_v_frmbuf_wr_1_0_synth_1/prj/sol/.autopilot/db/v_frmbuf_wr.cpp:909]   --->   Operation 105 'or' 'or_ln909_6' <Predicate = (!icmp_ln904)> <Delay = 0.33> <CoreInst = "LogicGate">   --->   Core 74 'LogicGate' <Latency = 0> <II = 1> <Delay = 0.33> <FuncUnit> <Opcode : 'and' 'or' 'xor'> <InPorts = 2> <OutPorts = 1>
ST_4 : Operation 106 [1/1] (0.33ns)   --->   "%or_ln909_7 = or i1 %icmp_ln909_1, i1 %icmp_ln892_read" [C:/TFG_Vivado/vivado/axu2cga_trd.runs/design_1_v_frmbuf_wr_1_0_synth_1/prj/sol/.autopilot/db/v_frmbuf_wr.cpp:909]   --->   Operation 106 'or' 'or_ln909_7' <Predicate = (!icmp_ln904)> <Delay = 0.33> <CoreInst = "LogicGate">   --->   Core 74 'LogicGate' <Latency = 0> <II = 1> <Delay = 0.33> <FuncUnit> <Opcode : 'and' 'or' 'xor'> <InPorts = 2> <OutPorts = 1>

State 5 <SV = 4> <Delay = 1.82>
ST_5 : Operation 107 [1/1] ( I:1.82ns O:1.82ns )   --->   "%img_read_3 = read i48 @_ssdm_op_Read.ap_fifo.volatile.i48P0A, i48 %img" [C:/TFG_Vivado/vivado/axu2cga_trd.runs/design_1_v_frmbuf_wr_1_0_synth_1/prj/sol/.autopilot/db/v_frmbuf_wr.cpp:910]   --->   Operation 107 'read' 'img_read_3' <Predicate = (!icmp_ln904 & or_ln909_3)> <Delay = 1.82> <CoreInst = "FIFO_SRL">   --->   Core 80 'FIFO_SRL' <Latency = 0> <II = 1> <Delay = 2.16> <Storage> <Opcode : 'read' 'write' 'nbread' 'nbwrite'> <Ports = 0> <Width = 48> <Depth = 2> <FIFO>
ST_5 : Operation 108 [1/1] (0.00ns)   --->   "%pix_38 = trunc i48 %img_read_3" [C:/TFG_Vivado/vivado/axu2cga_trd.runs/design_1_v_frmbuf_wr_1_0_synth_1/prj/sol/.autopilot/db/v_frmbuf_wr.cpp:910]   --->   Operation 108 'trunc' 'pix_38' <Predicate = (!icmp_ln904 & or_ln909_3)> <Delay = 0.00>
ST_5 : Operation 109 [1/1] (0.00ns)   --->   "%pix_39 = partselect i8 @_ssdm_op_PartSelect.i8.i48.i32.i32, i48 %img_read_3, i32 8, i32 15" [C:/TFG_Vivado/vivado/axu2cga_trd.runs/design_1_v_frmbuf_wr_1_0_synth_1/prj/sol/.autopilot/db/v_frmbuf_wr.cpp:910]   --->   Operation 109 'partselect' 'pix_39' <Predicate = (!icmp_ln904 & or_ln909_3)> <Delay = 0.00>
ST_5 : Operation 110 [1/1] (0.00ns)   --->   "%pix_36 = partselect i8 @_ssdm_op_PartSelect.i8.i48.i32.i32, i48 %img_read_3, i32 24, i32 31" [C:/TFG_Vivado/vivado/axu2cga_trd.runs/design_1_v_frmbuf_wr_1_0_synth_1/prj/sol/.autopilot/db/v_frmbuf_wr.cpp:910]   --->   Operation 110 'partselect' 'pix_36' <Predicate = (!icmp_ln904 & or_ln909_3)> <Delay = 0.00>
ST_5 : Operation 111 [1/1] (0.00ns)   --->   "%pix_37 = partselect i8 @_ssdm_op_PartSelect.i8.i48.i32.i32, i48 %img_read_3, i32 32, i32 39" [C:/TFG_Vivado/vivado/axu2cga_trd.runs/design_1_v_frmbuf_wr_1_0_synth_1/prj/sol/.autopilot/db/v_frmbuf_wr.cpp:910]   --->   Operation 111 'partselect' 'pix_37' <Predicate = (!icmp_ln904 & or_ln909_3)> <Delay = 0.00>
ST_5 : Operation 112 [1/1] (0.00ns)   --->   "%pix_43 = phi i8 %pix_37, void %if.then222.3, i8 %pix_35, void %for.inc253.2"   --->   Operation 112 'phi' 'pix_43' <Predicate = (!icmp_ln904)> <Delay = 0.00>
ST_5 : Operation 113 [1/1] (0.00ns)   --->   "%pix_42 = phi i8 %pix_36, void %if.then222.3, i8 %pix_34, void %for.inc253.2"   --->   Operation 113 'phi' 'pix_42' <Predicate = (!icmp_ln904)> <Delay = 0.00>
ST_5 : Operation 114 [1/1] (0.00ns)   --->   "%pix_41 = phi i8 %pix_39, void %if.then222.3, i8 %pix_33, void %for.inc253.2"   --->   Operation 114 'phi' 'pix_41' <Predicate = (!icmp_ln904)> <Delay = 0.00>
ST_5 : Operation 115 [1/1] (0.00ns)   --->   "%pix_40 = phi i8 %pix_38, void %if.then222.3, i8 %pix_32, void %for.inc253.2"   --->   Operation 115 'phi' 'pix_40' <Predicate = (!icmp_ln904)> <Delay = 0.00>
ST_5 : Operation 116 [1/1] (0.48ns)   --->   "%br_ln910 = br void %for.inc253.4" [C:/TFG_Vivado/vivado/axu2cga_trd.runs/design_1_v_frmbuf_wr_1_0_synth_1/prj/sol/.autopilot/db/v_frmbuf_wr.cpp:910]   --->   Operation 116 'br' 'br_ln910' <Predicate = (!icmp_ln904 & or_ln909_4)> <Delay = 0.48>
ST_5 : Operation 117 [1/1] (0.48ns)   --->   "%br_ln909 = br i1 %or_ln909_5, void %for.inc253.5, void %if.then222.5" [C:/TFG_Vivado/vivado/axu2cga_trd.runs/design_1_v_frmbuf_wr_1_0_synth_1/prj/sol/.autopilot/db/v_frmbuf_wr.cpp:909]   --->   Operation 117 'br' 'br_ln909' <Predicate = (!icmp_ln904)> <Delay = 0.48>

State 6 <SV = 5> <Delay = 1.82>
ST_6 : Operation 118 [1/1] ( I:1.82ns O:1.82ns )   --->   "%img_read_4 = read i48 @_ssdm_op_Read.ap_fifo.volatile.i48P0A, i48 %img" [C:/TFG_Vivado/vivado/axu2cga_trd.runs/design_1_v_frmbuf_wr_1_0_synth_1/prj/sol/.autopilot/db/v_frmbuf_wr.cpp:910]   --->   Operation 118 'read' 'img_read_4' <Predicate = (!icmp_ln904 & or_ln909_4)> <Delay = 1.82> <CoreInst = "FIFO_SRL">   --->   Core 80 'FIFO_SRL' <Latency = 0> <II = 1> <Delay = 2.16> <Storage> <Opcode : 'read' 'write' 'nbread' 'nbwrite'> <Ports = 0> <Width = 48> <Depth = 2> <FIFO>
ST_6 : Operation 119 [1/1] (0.00ns)   --->   "%pix_46 = trunc i48 %img_read_4" [C:/TFG_Vivado/vivado/axu2cga_trd.runs/design_1_v_frmbuf_wr_1_0_synth_1/prj/sol/.autopilot/db/v_frmbuf_wr.cpp:910]   --->   Operation 119 'trunc' 'pix_46' <Predicate = (!icmp_ln904 & or_ln909_4)> <Delay = 0.00>
ST_6 : Operation 120 [1/1] (0.00ns)   --->   "%pix_47 = partselect i8 @_ssdm_op_PartSelect.i8.i48.i32.i32, i48 %img_read_4, i32 8, i32 15" [C:/TFG_Vivado/vivado/axu2cga_trd.runs/design_1_v_frmbuf_wr_1_0_synth_1/prj/sol/.autopilot/db/v_frmbuf_wr.cpp:910]   --->   Operation 120 'partselect' 'pix_47' <Predicate = (!icmp_ln904 & or_ln909_4)> <Delay = 0.00>
ST_6 : Operation 121 [1/1] (0.00ns)   --->   "%pix_44 = partselect i8 @_ssdm_op_PartSelect.i8.i48.i32.i32, i48 %img_read_4, i32 24, i32 31" [C:/TFG_Vivado/vivado/axu2cga_trd.runs/design_1_v_frmbuf_wr_1_0_synth_1/prj/sol/.autopilot/db/v_frmbuf_wr.cpp:910]   --->   Operation 121 'partselect' 'pix_44' <Predicate = (!icmp_ln904 & or_ln909_4)> <Delay = 0.00>
ST_6 : Operation 122 [1/1] (0.00ns)   --->   "%pix_45 = partselect i8 @_ssdm_op_PartSelect.i8.i48.i32.i32, i48 %img_read_4, i32 32, i32 39" [C:/TFG_Vivado/vivado/axu2cga_trd.runs/design_1_v_frmbuf_wr_1_0_synth_1/prj/sol/.autopilot/db/v_frmbuf_wr.cpp:910]   --->   Operation 122 'partselect' 'pix_45' <Predicate = (!icmp_ln904 & or_ln909_4)> <Delay = 0.00>
ST_6 : Operation 123 [1/1] (0.00ns)   --->   "%pix_51 = phi i8 %pix_45, void %if.then222.4, i8 %pix_43, void %for.inc253.3"   --->   Operation 123 'phi' 'pix_51' <Predicate = (!icmp_ln904)> <Delay = 0.00>
ST_6 : Operation 124 [1/1] (0.00ns)   --->   "%pix_50 = phi i8 %pix_44, void %if.then222.4, i8 %pix_42, void %for.inc253.3"   --->   Operation 124 'phi' 'pix_50' <Predicate = (!icmp_ln904)> <Delay = 0.00>
ST_6 : Operation 125 [1/1] (0.00ns)   --->   "%pix_49 = phi i8 %pix_47, void %if.then222.4, i8 %pix_41, void %for.inc253.3"   --->   Operation 125 'phi' 'pix_49' <Predicate = (!icmp_ln904)> <Delay = 0.00>
ST_6 : Operation 126 [1/1] (0.00ns)   --->   "%pix_48 = phi i8 %pix_46, void %if.then222.4, i8 %pix_40, void %for.inc253.3"   --->   Operation 126 'phi' 'pix_48' <Predicate = (!icmp_ln904)> <Delay = 0.00>
ST_6 : Operation 127 [1/1] (0.48ns)   --->   "%br_ln910 = br void %for.inc253.5" [C:/TFG_Vivado/vivado/axu2cga_trd.runs/design_1_v_frmbuf_wr_1_0_synth_1/prj/sol/.autopilot/db/v_frmbuf_wr.cpp:910]   --->   Operation 127 'br' 'br_ln910' <Predicate = (!icmp_ln904 & or_ln909_5)> <Delay = 0.48>
ST_6 : Operation 128 [1/1] (0.48ns)   --->   "%br_ln909 = br i1 %or_ln909_6, void %for.inc253.6, void %if.then222.6" [C:/TFG_Vivado/vivado/axu2cga_trd.runs/design_1_v_frmbuf_wr_1_0_synth_1/prj/sol/.autopilot/db/v_frmbuf_wr.cpp:909]   --->   Operation 128 'br' 'br_ln909' <Predicate = (!icmp_ln904)> <Delay = 0.48>

State 7 <SV = 6> <Delay = 1.82>
ST_7 : Operation 129 [1/1] ( I:1.82ns O:1.82ns )   --->   "%img_read_5 = read i48 @_ssdm_op_Read.ap_fifo.volatile.i48P0A, i48 %img" [C:/TFG_Vivado/vivado/axu2cga_trd.runs/design_1_v_frmbuf_wr_1_0_synth_1/prj/sol/.autopilot/db/v_frmbuf_wr.cpp:910]   --->   Operation 129 'read' 'img_read_5' <Predicate = (!icmp_ln904 & or_ln909_5)> <Delay = 1.82> <CoreInst = "FIFO_SRL">   --->   Core 80 'FIFO_SRL' <Latency = 0> <II = 1> <Delay = 2.16> <Storage> <Opcode : 'read' 'write' 'nbread' 'nbwrite'> <Ports = 0> <Width = 48> <Depth = 2> <FIFO>
ST_7 : Operation 130 [1/1] (0.00ns)   --->   "%pix_54 = trunc i48 %img_read_5" [C:/TFG_Vivado/vivado/axu2cga_trd.runs/design_1_v_frmbuf_wr_1_0_synth_1/prj/sol/.autopilot/db/v_frmbuf_wr.cpp:910]   --->   Operation 130 'trunc' 'pix_54' <Predicate = (!icmp_ln904 & or_ln909_5)> <Delay = 0.00>
ST_7 : Operation 131 [1/1] (0.00ns)   --->   "%pix_55 = partselect i8 @_ssdm_op_PartSelect.i8.i48.i32.i32, i48 %img_read_5, i32 8, i32 15" [C:/TFG_Vivado/vivado/axu2cga_trd.runs/design_1_v_frmbuf_wr_1_0_synth_1/prj/sol/.autopilot/db/v_frmbuf_wr.cpp:910]   --->   Operation 131 'partselect' 'pix_55' <Predicate = (!icmp_ln904 & or_ln909_5)> <Delay = 0.00>
ST_7 : Operation 132 [1/1] (0.00ns)   --->   "%pix_52 = partselect i8 @_ssdm_op_PartSelect.i8.i48.i32.i32, i48 %img_read_5, i32 24, i32 31" [C:/TFG_Vivado/vivado/axu2cga_trd.runs/design_1_v_frmbuf_wr_1_0_synth_1/prj/sol/.autopilot/db/v_frmbuf_wr.cpp:910]   --->   Operation 132 'partselect' 'pix_52' <Predicate = (!icmp_ln904 & or_ln909_5)> <Delay = 0.00>
ST_7 : Operation 133 [1/1] (0.00ns)   --->   "%pix_53 = partselect i8 @_ssdm_op_PartSelect.i8.i48.i32.i32, i48 %img_read_5, i32 32, i32 39" [C:/TFG_Vivado/vivado/axu2cga_trd.runs/design_1_v_frmbuf_wr_1_0_synth_1/prj/sol/.autopilot/db/v_frmbuf_wr.cpp:910]   --->   Operation 133 'partselect' 'pix_53' <Predicate = (!icmp_ln904 & or_ln909_5)> <Delay = 0.00>
ST_7 : Operation 134 [1/1] (0.00ns)   --->   "%pix_59 = phi i8 %pix_53, void %if.then222.5, i8 %pix_51, void %for.inc253.4"   --->   Operation 134 'phi' 'pix_59' <Predicate = (!icmp_ln904)> <Delay = 0.00>
ST_7 : Operation 135 [1/1] (0.00ns)   --->   "%pix_58 = phi i8 %pix_52, void %if.then222.5, i8 %pix_50, void %for.inc253.4"   --->   Operation 135 'phi' 'pix_58' <Predicate = (!icmp_ln904)> <Delay = 0.00>
ST_7 : Operation 136 [1/1] (0.00ns)   --->   "%pix_57 = phi i8 %pix_55, void %if.then222.5, i8 %pix_49, void %for.inc253.4"   --->   Operation 136 'phi' 'pix_57' <Predicate = (!icmp_ln904)> <Delay = 0.00>
ST_7 : Operation 137 [1/1] (0.00ns)   --->   "%pix_56 = phi i8 %pix_54, void %if.then222.5, i8 %pix_48, void %for.inc253.4"   --->   Operation 137 'phi' 'pix_56' <Predicate = (!icmp_ln904)> <Delay = 0.00>
ST_7 : Operation 138 [1/1] (0.48ns)   --->   "%br_ln910 = br void %for.inc253.6" [C:/TFG_Vivado/vivado/axu2cga_trd.runs/design_1_v_frmbuf_wr_1_0_synth_1/prj/sol/.autopilot/db/v_frmbuf_wr.cpp:910]   --->   Operation 138 'br' 'br_ln910' <Predicate = (!icmp_ln904 & or_ln909_6)> <Delay = 0.48>
ST_7 : Operation 139 [1/1] (0.48ns)   --->   "%br_ln909 = br i1 %or_ln909_7, void %for.inc253.7, void %if.then222.7" [C:/TFG_Vivado/vivado/axu2cga_trd.runs/design_1_v_frmbuf_wr_1_0_synth_1/prj/sol/.autopilot/db/v_frmbuf_wr.cpp:909]   --->   Operation 139 'br' 'br_ln909' <Predicate = (!icmp_ln904)> <Delay = 0.48>

State 8 <SV = 7> <Delay = 1.82>
ST_8 : Operation 140 [1/1] ( I:1.82ns O:1.82ns )   --->   "%img_read_6 = read i48 @_ssdm_op_Read.ap_fifo.volatile.i48P0A, i48 %img" [C:/TFG_Vivado/vivado/axu2cga_trd.runs/design_1_v_frmbuf_wr_1_0_synth_1/prj/sol/.autopilot/db/v_frmbuf_wr.cpp:910]   --->   Operation 140 'read' 'img_read_6' <Predicate = (!icmp_ln904 & or_ln909_6)> <Delay = 1.82> <CoreInst = "FIFO_SRL">   --->   Core 80 'FIFO_SRL' <Latency = 0> <II = 1> <Delay = 2.16> <Storage> <Opcode : 'read' 'write' 'nbread' 'nbwrite'> <Ports = 0> <Width = 48> <Depth = 2> <FIFO>
ST_8 : Operation 141 [1/1] (0.00ns)   --->   "%pix_62 = trunc i48 %img_read_6" [C:/TFG_Vivado/vivado/axu2cga_trd.runs/design_1_v_frmbuf_wr_1_0_synth_1/prj/sol/.autopilot/db/v_frmbuf_wr.cpp:910]   --->   Operation 141 'trunc' 'pix_62' <Predicate = (!icmp_ln904 & or_ln909_6)> <Delay = 0.00>
ST_8 : Operation 142 [1/1] (0.00ns)   --->   "%pix_63 = partselect i8 @_ssdm_op_PartSelect.i8.i48.i32.i32, i48 %img_read_6, i32 8, i32 15" [C:/TFG_Vivado/vivado/axu2cga_trd.runs/design_1_v_frmbuf_wr_1_0_synth_1/prj/sol/.autopilot/db/v_frmbuf_wr.cpp:910]   --->   Operation 142 'partselect' 'pix_63' <Predicate = (!icmp_ln904 & or_ln909_6)> <Delay = 0.00>
ST_8 : Operation 143 [1/1] (0.00ns)   --->   "%pix_60 = partselect i8 @_ssdm_op_PartSelect.i8.i48.i32.i32, i48 %img_read_6, i32 24, i32 31" [C:/TFG_Vivado/vivado/axu2cga_trd.runs/design_1_v_frmbuf_wr_1_0_synth_1/prj/sol/.autopilot/db/v_frmbuf_wr.cpp:910]   --->   Operation 143 'partselect' 'pix_60' <Predicate = (!icmp_ln904 & or_ln909_6)> <Delay = 0.00>
ST_8 : Operation 144 [1/1] (0.00ns)   --->   "%pix_61 = partselect i8 @_ssdm_op_PartSelect.i8.i48.i32.i32, i48 %img_read_6, i32 32, i32 39" [C:/TFG_Vivado/vivado/axu2cga_trd.runs/design_1_v_frmbuf_wr_1_0_synth_1/prj/sol/.autopilot/db/v_frmbuf_wr.cpp:910]   --->   Operation 144 'partselect' 'pix_61' <Predicate = (!icmp_ln904 & or_ln909_6)> <Delay = 0.00>
ST_8 : Operation 145 [1/1] (0.00ns)   --->   "%pix_67 = phi i8 %pix_61, void %if.then222.6, i8 %pix_59, void %for.inc253.5"   --->   Operation 145 'phi' 'pix_67' <Predicate = (!icmp_ln904)> <Delay = 0.00>
ST_8 : Operation 146 [1/1] (0.00ns)   --->   "%pix_66 = phi i8 %pix_60, void %if.then222.6, i8 %pix_58, void %for.inc253.5"   --->   Operation 146 'phi' 'pix_66' <Predicate = (!icmp_ln904)> <Delay = 0.00>
ST_8 : Operation 147 [1/1] (0.00ns)   --->   "%pix_65 = phi i8 %pix_63, void %if.then222.6, i8 %pix_57, void %for.inc253.5"   --->   Operation 147 'phi' 'pix_65' <Predicate = (!icmp_ln904)> <Delay = 0.00>
ST_8 : Operation 148 [1/1] (0.00ns)   --->   "%pix_64 = phi i8 %pix_62, void %if.then222.6, i8 %pix_56, void %for.inc253.5"   --->   Operation 148 'phi' 'pix_64' <Predicate = (!icmp_ln904)> <Delay = 0.00>
ST_8 : Operation 149 [1/1] (0.48ns)   --->   "%br_ln910 = br void %for.inc253.7" [C:/TFG_Vivado/vivado/axu2cga_trd.runs/design_1_v_frmbuf_wr_1_0_synth_1/prj/sol/.autopilot/db/v_frmbuf_wr.cpp:910]   --->   Operation 149 'br' 'br_ln910' <Predicate = (!icmp_ln904 & or_ln909_7)> <Delay = 0.48>

State 9 <SV = 8> <Delay = 2.31>
ST_9 : Operation 150 [1/1] ( I:1.82ns O:1.82ns )   --->   "%img_read_7 = read i48 @_ssdm_op_Read.ap_fifo.volatile.i48P0A, i48 %img" [C:/TFG_Vivado/vivado/axu2cga_trd.runs/design_1_v_frmbuf_wr_1_0_synth_1/prj/sol/.autopilot/db/v_frmbuf_wr.cpp:910]   --->   Operation 150 'read' 'img_read_7' <Predicate = (!icmp_ln904 & or_ln909_7)> <Delay = 1.82> <CoreInst = "FIFO_SRL">   --->   Core 80 'FIFO_SRL' <Latency = 0> <II = 1> <Delay = 2.16> <Storage> <Opcode : 'read' 'write' 'nbread' 'nbwrite'> <Ports = 0> <Width = 48> <Depth = 2> <FIFO>
ST_9 : Operation 151 [1/1] (0.00ns)   --->   "%pix_70 = trunc i48 %img_read_7" [C:/TFG_Vivado/vivado/axu2cga_trd.runs/design_1_v_frmbuf_wr_1_0_synth_1/prj/sol/.autopilot/db/v_frmbuf_wr.cpp:910]   --->   Operation 151 'trunc' 'pix_70' <Predicate = (!icmp_ln904 & or_ln909_7)> <Delay = 0.00>
ST_9 : Operation 152 [1/1] (0.00ns)   --->   "%pix_71 = partselect i8 @_ssdm_op_PartSelect.i8.i48.i32.i32, i48 %img_read_7, i32 8, i32 15" [C:/TFG_Vivado/vivado/axu2cga_trd.runs/design_1_v_frmbuf_wr_1_0_synth_1/prj/sol/.autopilot/db/v_frmbuf_wr.cpp:910]   --->   Operation 152 'partselect' 'pix_71' <Predicate = (!icmp_ln904 & or_ln909_7)> <Delay = 0.00>
ST_9 : Operation 153 [1/1] (0.00ns)   --->   "%pix_68 = partselect i8 @_ssdm_op_PartSelect.i8.i48.i32.i32, i48 %img_read_7, i32 24, i32 31" [C:/TFG_Vivado/vivado/axu2cga_trd.runs/design_1_v_frmbuf_wr_1_0_synth_1/prj/sol/.autopilot/db/v_frmbuf_wr.cpp:910]   --->   Operation 153 'partselect' 'pix_68' <Predicate = (!icmp_ln904 & or_ln909_7)> <Delay = 0.00>
ST_9 : Operation 154 [1/1] (0.00ns)   --->   "%pix_69 = partselect i8 @_ssdm_op_PartSelect.i8.i48.i32.i32, i48 %img_read_7, i32 32, i32 39" [C:/TFG_Vivado/vivado/axu2cga_trd.runs/design_1_v_frmbuf_wr_1_0_synth_1/prj/sol/.autopilot/db/v_frmbuf_wr.cpp:910]   --->   Operation 154 'partselect' 'pix_69' <Predicate = (!icmp_ln904 & or_ln909_7)> <Delay = 0.00>
ST_9 : Operation 155 [1/1] (0.00ns)   --->   "%pix_75 = phi i8 %pix_69, void %if.then222.7, i8 %pix_67, void %for.inc253.6"   --->   Operation 155 'phi' 'pix_75' <Predicate = true> <Delay = 0.00>
ST_9 : Operation 156 [1/1] (0.00ns)   --->   "%pix_74 = phi i8 %pix_68, void %if.then222.7, i8 %pix_66, void %for.inc253.6"   --->   Operation 156 'phi' 'pix_74' <Predicate = true> <Delay = 0.00>
ST_9 : Operation 157 [1/1] (0.00ns)   --->   "%pix_73 = phi i8 %pix_71, void %if.then222.7, i8 %pix_65, void %for.inc253.6"   --->   Operation 157 'phi' 'pix_73' <Predicate = true> <Delay = 0.00>
ST_9 : Operation 158 [1/1] (0.00ns)   --->   "%pix_72 = phi i8 %pix_70, void %if.then222.7, i8 %pix_64, void %for.inc253.6"   --->   Operation 158 'phi' 'pix_72' <Predicate = true> <Delay = 0.00>
ST_9 : Operation 159 [1/1] (0.48ns)   --->   "%store_ln431 = store i8 %pix_75, i8 %pix_3" [C:/TFG_Vivado/vivado/axu2cga_trd.runs/design_1_v_frmbuf_wr_1_0_synth_1/prj/sol/.autopilot/db/v_frmbuf_wr.cpp:431]   --->   Operation 159 'store' 'store_ln431' <Predicate = true> <Delay = 0.48>
ST_9 : Operation 160 [1/1] (0.48ns)   --->   "%store_ln431 = store i8 %pix_74, i8 %pix_2" [C:/TFG_Vivado/vivado/axu2cga_trd.runs/design_1_v_frmbuf_wr_1_0_synth_1/prj/sol/.autopilot/db/v_frmbuf_wr.cpp:431]   --->   Operation 160 'store' 'store_ln431' <Predicate = true> <Delay = 0.48>
ST_9 : Operation 161 [1/1] (0.48ns)   --->   "%store_ln431 = store i8 %pix_73, i8 %pix_1" [C:/TFG_Vivado/vivado/axu2cga_trd.runs/design_1_v_frmbuf_wr_1_0_synth_1/prj/sol/.autopilot/db/v_frmbuf_wr.cpp:431]   --->   Operation 161 'store' 'store_ln431' <Predicate = true> <Delay = 0.48>
ST_9 : Operation 162 [1/1] (0.48ns)   --->   "%store_ln431 = store i8 %pix_72, i8 %pix" [C:/TFG_Vivado/vivado/axu2cga_trd.runs/design_1_v_frmbuf_wr_1_0_synth_1/prj/sol/.autopilot/db/v_frmbuf_wr.cpp:431]   --->   Operation 162 'store' 'store_ln431' <Predicate = true> <Delay = 0.48>
ST_9 : Operation 163 [1/1] (0.00ns)   --->   "%br_ln904 = br void %VITIS_LOOP_907_9" [C:/TFG_Vivado/vivado/axu2cga_trd.runs/design_1_v_frmbuf_wr_1_0_synth_1/prj/sol/.autopilot/db/v_frmbuf_wr.cpp:904]   --->   Operation 163 'br' 'br_ln904' <Predicate = true> <Delay = 0.00>

State 10 <SV = 9> <Delay = 1.82>
ST_10 : Operation 164 [1/1] (0.00ns)   --->   "%out_pix_Y = bitconcatenate i128 @_ssdm_op_BitConcatenate.i128.i8.i8.i8.i8.i8.i8.i8.i8.i8.i8.i8.i8.i8.i8.i8.i8, i8 %pix_74, i8 %pix_72, i8 %pix_66, i8 %pix_64, i8 %pix_58, i8 %pix_56, i8 %pix_50, i8 %pix_48, i8 %pix_42, i8 %pix_40, i8 %pix_34, i8 %pix_32, i8 %pix_26, i8 %pix_24, i8 %pix_18, i8 %pix_16" [C:/TFG_Vivado/vivado/axu2cga_trd.runs/design_1_v_frmbuf_wr_1_0_synth_1/prj/sol/.autopilot/db/v_frmbuf_wr.cpp:918]   --->   Operation 164 'bitconcatenate' 'out_pix_Y' <Predicate = true> <Delay = 0.00>
ST_10 : Operation 165 [1/1] (0.00ns)   --->   "%out_pix_UV = bitconcatenate i128 @_ssdm_op_BitConcatenate.i128.i8.i8.i8.i8.i8.i8.i8.i8.i8.i8.i8.i8.i8.i8.i8.i8, i8 %pix_75, i8 %pix_73, i8 %pix_67, i8 %pix_65, i8 %pix_59, i8 %pix_57, i8 %pix_51, i8 %pix_49, i8 %pix_43, i8 %pix_41, i8 %pix_35, i8 %pix_33, i8 %pix_27, i8 %pix_25, i8 %pix_19, i8 %pix_17" [C:/TFG_Vivado/vivado/axu2cga_trd.runs/design_1_v_frmbuf_wr_1_0_synth_1/prj/sol/.autopilot/db/v_frmbuf_wr.cpp:920]   --->   Operation 165 'bitconcatenate' 'out_pix_UV' <Predicate = true> <Delay = 0.00>
ST_10 : Operation 166 [1/1] ( I:1.82ns O:1.82ns )   --->   "%write_ln923 = write void @_ssdm_op_Write.ap_fifo.volatile.i128P0A, i128 %bytePlanes_plane0, i128 %out_pix_Y" [C:/TFG_Vivado/vivado/axu2cga_trd.runs/design_1_v_frmbuf_wr_1_0_synth_1/prj/sol/.autopilot/db/v_frmbuf_wr.cpp:923]   --->   Operation 166 'write' 'write_ln923' <Predicate = true> <Delay = 1.82> <CoreInst = "FIFO_BRAM">   --->   Core 78 'FIFO_BRAM' <Latency = 0> <II = 1> <Delay = 1.90> <Storage> <Opcode : 'read' 'write' 'nbread' 'nbwrite'> <Ports = 0> <Width = 128> <Depth = 241> <FIFO>
ST_10 : Operation 167 [1/1] ( I:1.82ns O:1.82ns )   --->   "%write_ln926 = write void @_ssdm_op_Write.ap_fifo.volatile.i128P0A, i128 %bytePlanes_plane1, i128 %out_pix_UV" [C:/TFG_Vivado/vivado/axu2cga_trd.runs/design_1_v_frmbuf_wr_1_0_synth_1/prj/sol/.autopilot/db/v_frmbuf_wr.cpp:926]   --->   Operation 167 'write' 'write_ln926' <Predicate = (!and_ln925)> <Delay = 1.82> <CoreInst = "FIFO_BRAM">   --->   Core 78 'FIFO_BRAM' <Latency = 0> <II = 1> <Delay = 1.90> <Storage> <Opcode : 'read' 'write' 'nbread' 'nbwrite'> <Ports = 0> <Width = 128> <Depth = 241> <FIFO>
ST_10 : Operation 168 [1/1] (0.00ns)   --->   "%br_ln926 = br void %for.inc292" [C:/TFG_Vivado/vivado/axu2cga_trd.runs/design_1_v_frmbuf_wr_1_0_synth_1/prj/sol/.autopilot/db/v_frmbuf_wr.cpp:926]   --->   Operation 168 'br' 'br_ln926' <Predicate = (!and_ln925)> <Delay = 0.00>


============================================================
+ Verbose Summary: Timing violations
============================================================
Target clock period: 5.000ns, clock uncertainty: 1.350ns.

 <State 1>: 2.257ns
The critical path consists of the following:
	'store' operation ('store_ln904', C:/TFG_Vivado/vivado/axu2cga_trd.runs/design_1_v_frmbuf_wr_1_0_synth_1/prj/sol/.autopilot/db/v_frmbuf_wr.cpp:904) of constant 0 10 bit on local variable 'x', C:/TFG_Vivado/vivado/axu2cga_trd.runs/design_1_v_frmbuf_wr_1_0_synth_1/prj/sol/.autopilot/db/v_frmbuf_wr.cpp:904 [55]  (0.489 ns)
	'load' operation 10 bit ('x', C:/TFG_Vivado/vivado/axu2cga_trd.runs/design_1_v_frmbuf_wr_1_0_synth_1/prj/sol/.autopilot/db/v_frmbuf_wr.cpp:904) on local variable 'x', C:/TFG_Vivado/vivado/axu2cga_trd.runs/design_1_v_frmbuf_wr_1_0_synth_1/prj/sol/.autopilot/db/v_frmbuf_wr.cpp:904 [58]  (0.000 ns)
	'icmp' operation 1 bit ('icmp_ln909_1', C:/TFG_Vivado/vivado/axu2cga_trd.runs/design_1_v_frmbuf_wr_1_0_synth_1/prj/sol/.autopilot/db/v_frmbuf_wr.cpp:909) [71]  (0.948 ns)
	'or' operation 1 bit ('or_ln909_1', C:/TFG_Vivado/vivado/axu2cga_trd.runs/design_1_v_frmbuf_wr_1_0_synth_1/prj/sol/.autopilot/db/v_frmbuf_wr.cpp:909) [86]  (0.331 ns)
	multiplexor before 'phi' operation 8 bit ('pix') with incoming values : ('pix') ('pix', C:/TFG_Vivado/vivado/axu2cga_trd.runs/design_1_v_frmbuf_wr_1_0_synth_1/prj/sol/.autopilot/db/v_frmbuf_wr.cpp:910) [96]  (0.489 ns)
	'br' operation ('br_ln909', C:/TFG_Vivado/vivado/axu2cga_trd.runs/design_1_v_frmbuf_wr_1_0_synth_1/prj/sol/.autopilot/db/v_frmbuf_wr.cpp:909) [87]  (0.489 ns)

 <State 2>: 1.825ns
The critical path consists of the following:
	fifo read operation ('img_read', C:/TFG_Vivado/vivado/axu2cga_trd.runs/design_1_v_frmbuf_wr_1_0_synth_1/prj/sol/.autopilot/db/v_frmbuf_wr.cpp:910) on port 'img' (C:/TFG_Vivado/vivado/axu2cga_trd.runs/design_1_v_frmbuf_wr_1_0_synth_1/prj/sol/.autopilot/db/v_frmbuf_wr.cpp:910) [75]  (1.825 ns)

 <State 3>: 1.825ns
The critical path consists of the following:
	fifo read operation ('img_read_1', C:/TFG_Vivado/vivado/axu2cga_trd.runs/design_1_v_frmbuf_wr_1_0_synth_1/prj/sol/.autopilot/db/v_frmbuf_wr.cpp:910) on port 'img' (C:/TFG_Vivado/vivado/axu2cga_trd.runs/design_1_v_frmbuf_wr_1_0_synth_1/prj/sol/.autopilot/db/v_frmbuf_wr.cpp:910) [89]  (1.825 ns)

 <State 4>: 1.825ns
The critical path consists of the following:
	fifo read operation ('img_read_2', C:/TFG_Vivado/vivado/axu2cga_trd.runs/design_1_v_frmbuf_wr_1_0_synth_1/prj/sol/.autopilot/db/v_frmbuf_wr.cpp:910) on port 'img' (C:/TFG_Vivado/vivado/axu2cga_trd.runs/design_1_v_frmbuf_wr_1_0_synth_1/prj/sol/.autopilot/db/v_frmbuf_wr.cpp:910) [103]  (1.825 ns)

 <State 5>: 1.825ns
The critical path consists of the following:
	fifo read operation ('img_read_3', C:/TFG_Vivado/vivado/axu2cga_trd.runs/design_1_v_frmbuf_wr_1_0_synth_1/prj/sol/.autopilot/db/v_frmbuf_wr.cpp:910) on port 'img' (C:/TFG_Vivado/vivado/axu2cga_trd.runs/design_1_v_frmbuf_wr_1_0_synth_1/prj/sol/.autopilot/db/v_frmbuf_wr.cpp:910) [117]  (1.825 ns)

 <State 6>: 1.825ns
The critical path consists of the following:
	fifo read operation ('img_read_4', C:/TFG_Vivado/vivado/axu2cga_trd.runs/design_1_v_frmbuf_wr_1_0_synth_1/prj/sol/.autopilot/db/v_frmbuf_wr.cpp:910) on port 'img' (C:/TFG_Vivado/vivado/axu2cga_trd.runs/design_1_v_frmbuf_wr_1_0_synth_1/prj/sol/.autopilot/db/v_frmbuf_wr.cpp:910) [131]  (1.825 ns)

 <State 7>: 1.825ns
The critical path consists of the following:
	fifo read operation ('img_read_5', C:/TFG_Vivado/vivado/axu2cga_trd.runs/design_1_v_frmbuf_wr_1_0_synth_1/prj/sol/.autopilot/db/v_frmbuf_wr.cpp:910) on port 'img' (C:/TFG_Vivado/vivado/axu2cga_trd.runs/design_1_v_frmbuf_wr_1_0_synth_1/prj/sol/.autopilot/db/v_frmbuf_wr.cpp:910) [145]  (1.825 ns)

 <State 8>: 1.825ns
The critical path consists of the following:
	fifo read operation ('img_read_6', C:/TFG_Vivado/vivado/axu2cga_trd.runs/design_1_v_frmbuf_wr_1_0_synth_1/prj/sol/.autopilot/db/v_frmbuf_wr.cpp:910) on port 'img' (C:/TFG_Vivado/vivado/axu2cga_trd.runs/design_1_v_frmbuf_wr_1_0_synth_1/prj/sol/.autopilot/db/v_frmbuf_wr.cpp:910) [159]  (1.825 ns)
	'phi' operation 8 bit ('pix') with incoming values : ('pix') ('pix', C:/TFG_Vivado/vivado/axu2cga_trd.runs/design_1_v_frmbuf_wr_1_0_synth_1/prj/sol/.autopilot/db/v_frmbuf_wr.cpp:910) [166]  (0.000 ns)

 <State 9>: 2.314ns
The critical path consists of the following:
	fifo read operation ('img_read_7', C:/TFG_Vivado/vivado/axu2cga_trd.runs/design_1_v_frmbuf_wr_1_0_synth_1/prj/sol/.autopilot/db/v_frmbuf_wr.cpp:910) on port 'img' (C:/TFG_Vivado/vivado/axu2cga_trd.runs/design_1_v_frmbuf_wr_1_0_synth_1/prj/sol/.autopilot/db/v_frmbuf_wr.cpp:910) [173]  (1.825 ns)
	'phi' operation 8 bit ('pix') with incoming values : ('pix') ('pix', C:/TFG_Vivado/vivado/axu2cga_trd.runs/design_1_v_frmbuf_wr_1_0_synth_1/prj/sol/.autopilot/db/v_frmbuf_wr.cpp:910) [180]  (0.000 ns)
	'store' operation ('store_ln431', C:/TFG_Vivado/vivado/axu2cga_trd.runs/design_1_v_frmbuf_wr_1_0_synth_1/prj/sol/.autopilot/db/v_frmbuf_wr.cpp:431) of variable 'pix' 8 bit on local variable 'pix', C:/TFG_Vivado/vivado/axu2cga_trd.runs/design_1_v_frmbuf_wr_1_0_synth_1/prj/sol/.autopilot/db/v_frmbuf_wr.cpp:431 [194]  (0.489 ns)

 <State 10>: 1.825ns
The critical path consists of the following:
	fifo write operation ('write_ln926', C:/TFG_Vivado/vivado/axu2cga_trd.runs/design_1_v_frmbuf_wr_1_0_synth_1/prj/sol/.autopilot/db/v_frmbuf_wr.cpp:926) on port 'bytePlanes_plane1' (C:/TFG_Vivado/vivado/axu2cga_trd.runs/design_1_v_frmbuf_wr_1_0_synth_1/prj/sol/.autopilot/db/v_frmbuf_wr.cpp:926) [191]  (1.825 ns)


============================================================
+ Verbose Summary: Binding
============================================================
N/A
* FSMD analyzer results:
  - Output states:
 - Input state : 
  - Chain level:
	State 1
	State 2
	State 3
	State 4
	State 5
	State 6
	State 7
	State 8
	State 9
	State 10


============================================================
+ Verbose Summary: Datapath Resource usage 
============================================================
N/A
