

================================================================
== Vitis HLS Report for 'MultiPixStream2Bytes_Pipeline_VITIS_LOOP_821_1'
================================================================
* Date:           Wed Jan 21 13:07:54 2026

* Version:        2025.2 (Build 6295257 on Nov 14 2025)
* Project:        prj
* Solution:       sol (Vivado IP Flow Target)
* Product family: zynquplus
* Target device:  xczu2cg-sfvc784-1-e


================================================================
== Performance Estimates
================================================================
+ Timing: 
    * Summary: 
    +--------+---------+----------+------------+
    |  Clock |  Target | Estimated| Uncertainty|
    +--------+---------+----------+------------+
    |ap_clk  |  5.00 ns|  2.314 ns|     1.35 ns|
    +--------+---------+----------+------------+

+ Latency: 
    * Summary: 
    +---------+---------+-----------+-----------+-----+-----+-------------------+
    |  Latency (cycles) |   Latency (absolute)  |  Interval |      Pipeline     |
    |   min   |   max   |    min    |    max    | min | max |        Type       |
    +---------+---------+-----------+-----------+-----+-----+-------------------+
    |        3|     2883|  15.000 ns|  14.415 us|    0|    0|  loop pipeline stp|
    +---------+---------+-----------+-----------+-----+-----+-------------------+

    + Detail: 
        * Instance: 
        N/A

        * Loop: 
        +--------------------+---------+---------+----------+-----------+-----------+---------+----------+
        |                    |  Latency (cycles) | Iteration|  Initiation Interval  |   Trip  |          |
        |      Loop Name     |   min   |   max   |  Latency |  achieved |   target  |  Count  | Pipelined|
        +--------------------+---------+---------+----------+-----------+-----------+---------+----------+
        |- VITIS_LOOP_821_1  |        1|     2881|         6|          4|          4|  0 ~ 720|       yes|
        +--------------------+---------+---------+----------+-----------+-----------+---------+----------+

============================================================
+ Verbose Summary: Synthesis Manager
============================================================
InlineROM: 1
ExposeGlobal: 0
============================================================
+ Verbose Summary: CDFG Model
============================================================
IsTopModel: 0
ResetActiveHigh: 1
IsCombinational: 0
IsDatapathOnly: 0
HasWiredReturn: 1
HasMFsm: 2
HasVarLatency: 1
IsPipeline: 0
IsRtlPipelined: 0
IsInstanceOverlapped: 0
IsDontTouch: 0
HasImplIP: 0
IsGatedGlobalClock: 0

+ Individual pipeline summary: 
  * Pipeline-0: initiation interval (II) = 4, depth = 6


============================================================
+ Verbose Summary: Schedule
============================================================
* Number of FSM states : 6
* Pipeline : 1
  Pipeline-0 : II = 4, D = 6, States = { 1 2 3 4 5 6 }
* Dataflow Pipeline: 0

* FSM state transitions: 
1 --> 2 
2 --> 3 
3 --> 4 
4 --> 5 
5 --> 6 
6 --> 

* FSM state operations: 

State 1 <SV = 0> <Delay = 2.25>
ST_1 : Operation 9 [1/1] (0.00ns)   --->   "%x = alloca i32 1" [C:/TFG_Vivado/vivado/axu2cga_trd.runs/design_1_v_frmbuf_wr_1_0_synth_1/prj/sol/.autopilot/db/v_frmbuf_wr.cpp:821]   --->   Operation 9 'alloca' 'x' <Predicate = true> <Delay = 0.00>
ST_1 : Operation 10 [1/1] (0.00ns)   --->   "%pix_12 = alloca i32 1" [C:/TFG_Vivado/vivado/axu2cga_trd.runs/design_1_v_frmbuf_wr_1_0_synth_1/prj/sol/.autopilot/db/v_frmbuf_wr.cpp:431]   --->   Operation 10 'alloca' 'pix_12' <Predicate = true> <Delay = 0.00>
ST_1 : Operation 11 [1/1] (0.00ns)   --->   "%pix_13 = alloca i32 1" [C:/TFG_Vivado/vivado/axu2cga_trd.runs/design_1_v_frmbuf_wr_1_0_synth_1/prj/sol/.autopilot/db/v_frmbuf_wr.cpp:431]   --->   Operation 11 'alloca' 'pix_13' <Predicate = true> <Delay = 0.00>
ST_1 : Operation 12 [1/1] (0.00ns)   --->   "%pix_14 = alloca i32 1" [C:/TFG_Vivado/vivado/axu2cga_trd.runs/design_1_v_frmbuf_wr_1_0_synth_1/prj/sol/.autopilot/db/v_frmbuf_wr.cpp:431]   --->   Operation 12 'alloca' 'pix_14' <Predicate = true> <Delay = 0.00>
ST_1 : Operation 13 [1/1] (0.00ns)   --->   "%pix_15 = alloca i32 1" [C:/TFG_Vivado/vivado/axu2cga_trd.runs/design_1_v_frmbuf_wr_1_0_synth_1/prj/sol/.autopilot/db/v_frmbuf_wr.cpp:431]   --->   Operation 13 'alloca' 'pix_15' <Predicate = true> <Delay = 0.00>
ST_1 : Operation 14 [1/1] (0.00ns)   --->   "%specmemcore_ln0 = specmemcore void @_ssdm_op_SpecMemCore, i128 %bytePlanes_plane0, i64 666, i64 8, i64 18446744073709551615, i1 0"   --->   Operation 14 'specmemcore' 'specmemcore_ln0' <Predicate = true> <Delay = 0.00>
ST_1 : Operation 15 [1/1] (0.00ns)   --->   "%specinterface_ln0 = specinterface void @_ssdm_op_SpecInterface, i48 %img, void @empty_11, i32 0, i32 0, void @empty_29, i32 0, i32 0, void @empty_29, void @empty_29, void @empty_29, i32 0, i32 0, i32 0, i32 0, void @empty_29, void @empty_29, i32 4294967295, i32 0, i32 0, i32 0"   --->   Operation 15 'specinterface' 'specinterface_ln0' <Predicate = true> <Delay = 0.00>
ST_1 : Operation 16 [1/1] (0.00ns)   --->   "%specinterface_ln0 = specinterface void @_ssdm_op_SpecInterface, i128 %bytePlanes_plane0, void @empty_11, i32 0, i32 0, void @empty_29, i32 0, i32 0, void @empty_29, void @empty_29, void @empty_29, i32 0, i32 0, i32 0, i32 0, void @empty_29, void @empty_29, i32 4294967295, i32 0, i32 0, i32 0"   --->   Operation 16 'specinterface' 'specinterface_ln0' <Predicate = true> <Delay = 0.00>
ST_1 : Operation 17 [1/1] (0.00ns)   --->   "%icmp_ln826_read = read i1 @_ssdm_op_Read.ap_auto.i1, i1 %icmp_ln826" [C:/TFG_Vivado/vivado/axu2cga_trd.runs/design_1_v_frmbuf_wr_1_0_synth_1/prj/sol/.autopilot/db/v_frmbuf_wr.cpp:428]   --->   Operation 17 'read' 'icmp_ln826_read' <Predicate = true> <Delay = 0.00>
ST_1 : Operation 18 [1/1] (0.00ns)   --->   "%add_ln826_read = read i11 @_ssdm_op_Read.ap_auto.i11, i11 %add_ln826" [C:/TFG_Vivado/vivado/axu2cga_trd.runs/design_1_v_frmbuf_wr_1_0_synth_1/prj/sol/.autopilot/db/v_frmbuf_wr.cpp:428]   --->   Operation 18 'read' 'add_ln826_read' <Predicate = true> <Delay = 0.00>
ST_1 : Operation 19 [1/1] (0.00ns)   --->   "%icmp6_read = read i1 @_ssdm_op_Read.ap_auto.i1, i1 %icmp6" [C:/TFG_Vivado/vivado/axu2cga_trd.runs/design_1_v_frmbuf_wr_1_0_synth_1/prj/sol/.autopilot/db/v_frmbuf_wr.cpp:428]   --->   Operation 19 'read' 'icmp6_read' <Predicate = true> <Delay = 0.00>
ST_1 : Operation 20 [1/1] (0.00ns)   --->   "%icmp_ln826_2_read = read i1 @_ssdm_op_Read.ap_auto.i1, i1 %icmp_ln826_2" [C:/TFG_Vivado/vivado/axu2cga_trd.runs/design_1_v_frmbuf_wr_1_0_synth_1/prj/sol/.autopilot/db/v_frmbuf_wr.cpp:428]   --->   Operation 20 'read' 'icmp_ln826_2_read' <Predicate = true> <Delay = 0.00>
ST_1 : Operation 21 [1/1] (0.00ns)   --->   "%icmp_ln809_read = read i1 @_ssdm_op_Read.ap_auto.i1, i1 %icmp_ln809" [C:/TFG_Vivado/vivado/axu2cga_trd.runs/design_1_v_frmbuf_wr_1_0_synth_1/prj/sol/.autopilot/db/v_frmbuf_wr.cpp:428]   --->   Operation 21 'read' 'icmp_ln809_read' <Predicate = true> <Delay = 0.00>
ST_1 : Operation 22 [1/1] (0.00ns)   --->   "%trunc_ln805_1_read = read i10 @_ssdm_op_Read.ap_auto.i10, i10 %trunc_ln805_1" [C:/TFG_Vivado/vivado/axu2cga_trd.runs/design_1_v_frmbuf_wr_1_0_synth_1/prj/sol/.autopilot/db/v_frmbuf_wr.cpp:428]   --->   Operation 22 'read' 'trunc_ln805_1_read' <Predicate = true> <Delay = 0.00>
ST_1 : Operation 23 [1/1] (0.00ns)   --->   "%pix_read = read i8 @_ssdm_op_Read.ap_auto.i8, i8 %pix" [C:/TFG_Vivado/vivado/axu2cga_trd.runs/design_1_v_frmbuf_wr_1_0_synth_1/prj/sol/.autopilot/db/v_frmbuf_wr.cpp:428]   --->   Operation 23 'read' 'pix_read' <Predicate = true> <Delay = 0.00>
ST_1 : Operation 24 [1/1] (0.00ns)   --->   "%pix_1_read = read i8 @_ssdm_op_Read.ap_auto.i8, i8 %pix_1" [C:/TFG_Vivado/vivado/axu2cga_trd.runs/design_1_v_frmbuf_wr_1_0_synth_1/prj/sol/.autopilot/db/v_frmbuf_wr.cpp:428]   --->   Operation 24 'read' 'pix_1_read' <Predicate = true> <Delay = 0.00>
ST_1 : Operation 25 [1/1] (0.00ns)   --->   "%pix_2_read = read i8 @_ssdm_op_Read.ap_auto.i8, i8 %pix_2" [C:/TFG_Vivado/vivado/axu2cga_trd.runs/design_1_v_frmbuf_wr_1_0_synth_1/prj/sol/.autopilot/db/v_frmbuf_wr.cpp:428]   --->   Operation 25 'read' 'pix_2_read' <Predicate = true> <Delay = 0.00>
ST_1 : Operation 26 [1/1] (0.00ns)   --->   "%pix_3_read = read i8 @_ssdm_op_Read.ap_auto.i8, i8 %pix_3" [C:/TFG_Vivado/vivado/axu2cga_trd.runs/design_1_v_frmbuf_wr_1_0_synth_1/prj/sol/.autopilot/db/v_frmbuf_wr.cpp:428]   --->   Operation 26 'read' 'pix_3_read' <Predicate = true> <Delay = 0.00>
ST_1 : Operation 27 [1/1] (0.48ns)   --->   "%store_ln431 = store i8 %pix_3_read, i8 %pix_15" [C:/TFG_Vivado/vivado/axu2cga_trd.runs/design_1_v_frmbuf_wr_1_0_synth_1/prj/sol/.autopilot/db/v_frmbuf_wr.cpp:431]   --->   Operation 27 'store' 'store_ln431' <Predicate = true> <Delay = 0.48>
ST_1 : Operation 28 [1/1] (0.48ns)   --->   "%store_ln431 = store i8 %pix_2_read, i8 %pix_14" [C:/TFG_Vivado/vivado/axu2cga_trd.runs/design_1_v_frmbuf_wr_1_0_synth_1/prj/sol/.autopilot/db/v_frmbuf_wr.cpp:431]   --->   Operation 28 'store' 'store_ln431' <Predicate = true> <Delay = 0.48>
ST_1 : Operation 29 [1/1] (0.48ns)   --->   "%store_ln431 = store i8 %pix_1_read, i8 %pix_13" [C:/TFG_Vivado/vivado/axu2cga_trd.runs/design_1_v_frmbuf_wr_1_0_synth_1/prj/sol/.autopilot/db/v_frmbuf_wr.cpp:431]   --->   Operation 29 'store' 'store_ln431' <Predicate = true> <Delay = 0.48>
ST_1 : Operation 30 [1/1] (0.48ns)   --->   "%store_ln431 = store i8 %pix_read, i8 %pix_12" [C:/TFG_Vivado/vivado/axu2cga_trd.runs/design_1_v_frmbuf_wr_1_0_synth_1/prj/sol/.autopilot/db/v_frmbuf_wr.cpp:431]   --->   Operation 30 'store' 'store_ln431' <Predicate = true> <Delay = 0.48>
ST_1 : Operation 31 [1/1] (0.48ns)   --->   "%store_ln821 = store i10 0, i10 %x" [C:/TFG_Vivado/vivado/axu2cga_trd.runs/design_1_v_frmbuf_wr_1_0_synth_1/prj/sol/.autopilot/db/v_frmbuf_wr.cpp:821]   --->   Operation 31 'store' 'store_ln821' <Predicate = true> <Delay = 0.48>
ST_1 : Operation 32 [1/1] (0.00ns)   --->   "%br_ln821 = br void %VITIS_LOOP_824_2" [C:/TFG_Vivado/vivado/axu2cga_trd.runs/design_1_v_frmbuf_wr_1_0_synth_1/prj/sol/.autopilot/db/v_frmbuf_wr.cpp:821]   --->   Operation 32 'br' 'br_ln821' <Predicate = true> <Delay = 0.00>
ST_1 : Operation 33 [1/1] (0.00ns)   --->   "%x_4 = load i10 %x" [C:/TFG_Vivado/vivado/axu2cga_trd.runs/design_1_v_frmbuf_wr_1_0_synth_1/prj/sol/.autopilot/db/v_frmbuf_wr.cpp:821]   --->   Operation 33 'load' 'x_4' <Predicate = true> <Delay = 0.00>
ST_1 : Operation 34 [1/1] (0.93ns)   --->   "%icmp_ln821 = icmp_eq  i10 %x_4, i10 %trunc_ln805_1_read" [C:/TFG_Vivado/vivado/axu2cga_trd.runs/design_1_v_frmbuf_wr_1_0_synth_1/prj/sol/.autopilot/db/v_frmbuf_wr.cpp:821]   --->   Operation 34 'icmp' 'icmp_ln821' <Predicate = true> <Delay = 0.93> <CoreInst = "Cmp">   --->   Core 9 'Cmp' <Latency = 0> <II = 1> <Delay = 0.93> <FuncUnit> <Opcode : 'seteq' 'setne' 'setle' 'setge' 'setlt' 'setgt'> <InPorts = 2> <OutPorts = 1>
ST_1 : Operation 35 [1/1] (0.93ns)   --->   "%x_5 = add i10 %x_4, i10 1" [C:/TFG_Vivado/vivado/axu2cga_trd.runs/design_1_v_frmbuf_wr_1_0_synth_1/prj/sol/.autopilot/db/v_frmbuf_wr.cpp:821]   --->   Operation 35 'add' 'x_5' <Predicate = true> <Delay = 0.93> <CoreInst = "Adder">   --->   Core 1 'Adder' <Latency = 0> <II = 1> <Delay = 0.93> <FuncUnit> <Opcode : 'add' 'sub'> <InPorts = 2> <OutPorts = 1>
ST_1 : Operation 36 [1/1] (0.00ns)   --->   "%br_ln821 = br i1 %icmp_ln821, void %VITIS_LOOP_824_2.split, void %for.inc86.exitStub" [C:/TFG_Vivado/vivado/axu2cga_trd.runs/design_1_v_frmbuf_wr_1_0_synth_1/prj/sol/.autopilot/db/v_frmbuf_wr.cpp:821]   --->   Operation 36 'br' 'br_ln821' <Predicate = true> <Delay = 0.00>
ST_1 : Operation 37 [1/1] (0.00ns)   --->   "%zext_ln821 = zext i10 %x_4" [C:/TFG_Vivado/vivado/axu2cga_trd.runs/design_1_v_frmbuf_wr_1_0_synth_1/prj/sol/.autopilot/db/v_frmbuf_wr.cpp:821]   --->   Operation 37 'zext' 'zext_ln821' <Predicate = (!icmp_ln821)> <Delay = 0.00>
ST_1 : Operation 38 [1/1] (0.00ns)   --->   "%specpipeline_ln823 = specpipeline void @_ssdm_op_SpecPipeline, i32 4, i32 0, i32 0, i32 0, i32 4294967295, void @empty_29" [C:/TFG_Vivado/vivado/axu2cga_trd.runs/design_1_v_frmbuf_wr_1_0_synth_1/prj/sol/.autopilot/db/v_frmbuf_wr.cpp:823]   --->   Operation 38 'specpipeline' 'specpipeline_ln823' <Predicate = (!icmp_ln821)> <Delay = 0.00>
ST_1 : Operation 39 [1/1] (0.00ns)   --->   "%specloopname_ln821 = specloopname void @_ssdm_op_SpecLoopName, void @empty_16" [C:/TFG_Vivado/vivado/axu2cga_trd.runs/design_1_v_frmbuf_wr_1_0_synth_1/prj/sol/.autopilot/db/v_frmbuf_wr.cpp:821]   --->   Operation 39 'specloopname' 'specloopname_ln821' <Predicate = (!icmp_ln821)> <Delay = 0.00>
ST_1 : Operation 40 [1/1] (0.94ns)   --->   "%icmp_ln826_1 = icmp_slt  i11 %zext_ln821, i11 %add_ln826_read" [C:/TFG_Vivado/vivado/axu2cga_trd.runs/design_1_v_frmbuf_wr_1_0_synth_1/prj/sol/.autopilot/db/v_frmbuf_wr.cpp:826]   --->   Operation 40 'icmp' 'icmp_ln826_1' <Predicate = (!icmp_ln821)> <Delay = 0.94> <CoreInst = "Cmp">   --->   Core 9 'Cmp' <Latency = 0> <II = 1> <Delay = 0.94> <FuncUnit> <Opcode : 'seteq' 'setne' 'setle' 'setge' 'setlt' 'setgt'> <InPorts = 2> <OutPorts = 1>
ST_1 : Operation 41 [1/1] (0.33ns)   --->   "%or_ln826 = or i1 %icmp_ln826_1, i1 %icmp_ln826_read" [C:/TFG_Vivado/vivado/axu2cga_trd.runs/design_1_v_frmbuf_wr_1_0_synth_1/prj/sol/.autopilot/db/v_frmbuf_wr.cpp:826]   --->   Operation 41 'or' 'or_ln826' <Predicate = (!icmp_ln821)> <Delay = 0.33> <CoreInst = "LogicGate">   --->   Core 74 'LogicGate' <Latency = 0> <II = 1> <Delay = 0.33> <FuncUnit> <Opcode : 'and' 'or' 'xor'> <InPorts = 2> <OutPorts = 1>
ST_1 : Operation 42 [1/1] (0.48ns)   --->   "%br_ln826 = br i1 %or_ln826, void %for.inc, void %if.then52" [C:/TFG_Vivado/vivado/axu2cga_trd.runs/design_1_v_frmbuf_wr_1_0_synth_1/prj/sol/.autopilot/db/v_frmbuf_wr.cpp:826]   --->   Operation 42 'br' 'br_ln826' <Predicate = (!icmp_ln821)> <Delay = 0.48>
ST_1 : Operation 43 [1/1] (0.48ns)   --->   "%br_ln827 = br void %for.inc" [C:/TFG_Vivado/vivado/axu2cga_trd.runs/design_1_v_frmbuf_wr_1_0_synth_1/prj/sol/.autopilot/db/v_frmbuf_wr.cpp:827]   --->   Operation 43 'br' 'br_ln827' <Predicate = (!icmp_ln821 & or_ln826)> <Delay = 0.48>
ST_1 : Operation 44 [1/1] (0.33ns)   --->   "%or_ln826_1 = or i1 %icmp_ln826_1, i1 %icmp6_read" [C:/TFG_Vivado/vivado/axu2cga_trd.runs/design_1_v_frmbuf_wr_1_0_synth_1/prj/sol/.autopilot/db/v_frmbuf_wr.cpp:826]   --->   Operation 44 'or' 'or_ln826_1' <Predicate = (!icmp_ln821)> <Delay = 0.33> <CoreInst = "LogicGate">   --->   Core 74 'LogicGate' <Latency = 0> <II = 1> <Delay = 0.33> <FuncUnit> <Opcode : 'and' 'or' 'xor'> <InPorts = 2> <OutPorts = 1>
ST_1 : Operation 45 [1/1] (0.48ns)   --->   "%br_ln826 = br i1 %or_ln826_1, void %for.inc.1, void %if.then52.1" [C:/TFG_Vivado/vivado/axu2cga_trd.runs/design_1_v_frmbuf_wr_1_0_synth_1/prj/sol/.autopilot/db/v_frmbuf_wr.cpp:826]   --->   Operation 45 'br' 'br_ln826' <Predicate = (!icmp_ln821)> <Delay = 0.48>
ST_1 : Operation 46 [1/1] (0.33ns)   --->   "%or_ln826_2 = or i1 %icmp_ln826_1, i1 %icmp_ln826_2_read" [C:/TFG_Vivado/vivado/axu2cga_trd.runs/design_1_v_frmbuf_wr_1_0_synth_1/prj/sol/.autopilot/db/v_frmbuf_wr.cpp:826]   --->   Operation 46 'or' 'or_ln826_2' <Predicate = (!icmp_ln821)> <Delay = 0.33> <CoreInst = "LogicGate">   --->   Core 74 'LogicGate' <Latency = 0> <II = 1> <Delay = 0.33> <FuncUnit> <Opcode : 'and' 'or' 'xor'> <InPorts = 2> <OutPorts = 1>
ST_1 : Operation 47 [1/1] (0.48ns)   --->   "%br_ln826 = br i1 %or_ln826_2, void %for.inc.2, void %if.then52.2" [C:/TFG_Vivado/vivado/axu2cga_trd.runs/design_1_v_frmbuf_wr_1_0_synth_1/prj/sol/.autopilot/db/v_frmbuf_wr.cpp:826]   --->   Operation 47 'br' 'br_ln826' <Predicate = (!icmp_ln821)> <Delay = 0.48>
ST_1 : Operation 48 [1/1] (0.33ns)   --->   "%or_ln826_3 = or i1 %icmp_ln826_1, i1 %icmp_ln809_read" [C:/TFG_Vivado/vivado/axu2cga_trd.runs/design_1_v_frmbuf_wr_1_0_synth_1/prj/sol/.autopilot/db/v_frmbuf_wr.cpp:826]   --->   Operation 48 'or' 'or_ln826_3' <Predicate = (!icmp_ln821)> <Delay = 0.33> <CoreInst = "LogicGate">   --->   Core 74 'LogicGate' <Latency = 0> <II = 1> <Delay = 0.33> <FuncUnit> <Opcode : 'and' 'or' 'xor'> <InPorts = 2> <OutPorts = 1>
ST_1 : Operation 49 [1/1] (0.48ns)   --->   "%store_ln821 = store i10 %x_5, i10 %x" [C:/TFG_Vivado/vivado/axu2cga_trd.runs/design_1_v_frmbuf_wr_1_0_synth_1/prj/sol/.autopilot/db/v_frmbuf_wr.cpp:821]   --->   Operation 49 'store' 'store_ln821' <Predicate = (!icmp_ln821)> <Delay = 0.48>

State 2 <SV = 1> <Delay = 1.82>
ST_2 : Operation 50 [1/1] (0.00ns)   --->   "%pix_94 = load i8 %pix_12"   --->   Operation 50 'load' 'pix_94' <Predicate = true> <Delay = 0.00>
ST_2 : Operation 51 [1/1] (0.00ns)   --->   "%pix_95 = load i8 %pix_13"   --->   Operation 51 'load' 'pix_95' <Predicate = true> <Delay = 0.00>
ST_2 : Operation 52 [1/1] (0.00ns)   --->   "%pix_96 = load i8 %pix_14"   --->   Operation 52 'load' 'pix_96' <Predicate = true> <Delay = 0.00>
ST_2 : Operation 53 [1/1] (0.00ns)   --->   "%pix_97 = load i8 %pix_15"   --->   Operation 53 'load' 'pix_97' <Predicate = true> <Delay = 0.00>
ST_2 : Operation 54 [1/1] (0.00ns)   --->   "%speclooptripcount_ln0 = speclooptripcount void @_ssdm_op_SpecLoopTripCount, i64 0, i64 720, i64 0"   --->   Operation 54 'speclooptripcount' 'speclooptripcount_ln0' <Predicate = true> <Delay = 0.00>
ST_2 : Operation 55 [1/1] ( I:1.82ns O:1.82ns )   --->   "%img_read = read i48 @_ssdm_op_Read.ap_fifo.volatile.i48P0A, i48 %img" [C:/TFG_Vivado/vivado/axu2cga_trd.runs/design_1_v_frmbuf_wr_1_0_synth_1/prj/sol/.autopilot/db/v_frmbuf_wr.cpp:827]   --->   Operation 55 'read' 'img_read' <Predicate = (!icmp_ln821 & or_ln826)> <Delay = 1.82> <CoreInst = "FIFO_SRL">   --->   Core 80 'FIFO_SRL' <Latency = 0> <II = 1> <Delay = 2.16> <Storage> <Opcode : 'read' 'write' 'nbread' 'nbwrite'> <Ports = 0> <Width = 48> <Depth = 2> <FIFO>
ST_2 : Operation 56 [1/1] (0.00ns)   --->   "%pix_98 = trunc i48 %img_read" [C:/TFG_Vivado/vivado/axu2cga_trd.runs/design_1_v_frmbuf_wr_1_0_synth_1/prj/sol/.autopilot/db/v_frmbuf_wr.cpp:827]   --->   Operation 56 'trunc' 'pix_98' <Predicate = (!icmp_ln821 & or_ln826)> <Delay = 0.00>
ST_2 : Operation 57 [1/1] (0.00ns)   --->   "%pix_40 = partselect i8 @_ssdm_op_PartSelect.i8.i48.i32.i32, i48 %img_read, i32 8, i32 15" [C:/TFG_Vivado/vivado/axu2cga_trd.runs/design_1_v_frmbuf_wr_1_0_synth_1/prj/sol/.autopilot/db/v_frmbuf_wr.cpp:827]   --->   Operation 57 'partselect' 'pix_40' <Predicate = (!icmp_ln821 & or_ln826)> <Delay = 0.00>
ST_2 : Operation 58 [1/1] (0.00ns)   --->   "%pix_41 = partselect i8 @_ssdm_op_PartSelect.i8.i48.i32.i32, i48 %img_read, i32 24, i32 31" [C:/TFG_Vivado/vivado/axu2cga_trd.runs/design_1_v_frmbuf_wr_1_0_synth_1/prj/sol/.autopilot/db/v_frmbuf_wr.cpp:827]   --->   Operation 58 'partselect' 'pix_41' <Predicate = (!icmp_ln821 & or_ln826)> <Delay = 0.00>
ST_2 : Operation 59 [1/1] (0.00ns)   --->   "%pix_46 = partselect i8 @_ssdm_op_PartSelect.i8.i48.i32.i32, i48 %img_read, i32 32, i32 39" [C:/TFG_Vivado/vivado/axu2cga_trd.runs/design_1_v_frmbuf_wr_1_0_synth_1/prj/sol/.autopilot/db/v_frmbuf_wr.cpp:827]   --->   Operation 59 'partselect' 'pix_46' <Predicate = (!icmp_ln821 & or_ln826)> <Delay = 0.00>
ST_2 : Operation 60 [1/1] (0.00ns)   --->   "%pix_37 = phi i8 %pix_46, void %if.then52, i8 %pix_97, void %VITIS_LOOP_824_2.split"   --->   Operation 60 'phi' 'pix_37' <Predicate = (!icmp_ln821)> <Delay = 0.00>
ST_2 : Operation 61 [1/1] (0.00ns)   --->   "%pix_36 = phi i8 %pix_41, void %if.then52, i8 %pix_96, void %VITIS_LOOP_824_2.split"   --->   Operation 61 'phi' 'pix_36' <Predicate = (!icmp_ln821)> <Delay = 0.00>
ST_2 : Operation 62 [1/1] (0.00ns)   --->   "%pix_35 = phi i8 %pix_40, void %if.then52, i8 %pix_95, void %VITIS_LOOP_824_2.split"   --->   Operation 62 'phi' 'pix_35' <Predicate = (!icmp_ln821)> <Delay = 0.00>
ST_2 : Operation 63 [1/1] (0.00ns)   --->   "%pix_34 = phi i8 %pix_98, void %if.then52, i8 %pix_94, void %VITIS_LOOP_824_2.split"   --->   Operation 63 'phi' 'pix_34' <Predicate = (!icmp_ln821)> <Delay = 0.00>
ST_2 : Operation 64 [1/1] (0.48ns)   --->   "%br_ln827 = br void %for.inc.1" [C:/TFG_Vivado/vivado/axu2cga_trd.runs/design_1_v_frmbuf_wr_1_0_synth_1/prj/sol/.autopilot/db/v_frmbuf_wr.cpp:827]   --->   Operation 64 'br' 'br_ln827' <Predicate = (!icmp_ln821 & or_ln826_1)> <Delay = 0.48>
ST_2 : Operation 102 [1/1] (0.00ns)   --->   "%store_ln0 = store i8 %pix_97, i8 %pix_15_out"   --->   Operation 102 'store' 'store_ln0' <Predicate = (icmp_ln821)> <Delay = 0.00>
ST_2 : Operation 103 [1/1] (0.00ns)   --->   "%store_ln0 = store i8 %pix_96, i8 %pix_14_out"   --->   Operation 103 'store' 'store_ln0' <Predicate = (icmp_ln821)> <Delay = 0.00>
ST_2 : Operation 104 [1/1] (0.00ns)   --->   "%store_ln0 = store i8 %pix_95, i8 %pix_13_out"   --->   Operation 104 'store' 'store_ln0' <Predicate = (icmp_ln821)> <Delay = 0.00>
ST_2 : Operation 105 [1/1] (0.00ns)   --->   "%store_ln0 = store i8 %pix_94, i8 %pix_12_out"   --->   Operation 105 'store' 'store_ln0' <Predicate = (icmp_ln821)> <Delay = 0.00>
ST_2 : Operation 106 [1/1] (0.48ns)   --->   "%ret_ln0 = ret"   --->   Operation 106 'ret' 'ret_ln0' <Predicate = (icmp_ln821)> <Delay = 0.48>

State 3 <SV = 2> <Delay = 1.82>
ST_3 : Operation 65 [1/1] ( I:1.82ns O:1.82ns )   --->   "%img_read_11 = read i48 @_ssdm_op_Read.ap_fifo.volatile.i48P0A, i48 %img" [C:/TFG_Vivado/vivado/axu2cga_trd.runs/design_1_v_frmbuf_wr_1_0_synth_1/prj/sol/.autopilot/db/v_frmbuf_wr.cpp:827]   --->   Operation 65 'read' 'img_read_11' <Predicate = (!icmp_ln821 & or_ln826_1)> <Delay = 1.82> <CoreInst = "FIFO_SRL">   --->   Core 80 'FIFO_SRL' <Latency = 0> <II = 1> <Delay = 2.16> <Storage> <Opcode : 'read' 'write' 'nbread' 'nbwrite'> <Ports = 0> <Width = 48> <Depth = 2> <FIFO>
ST_3 : Operation 66 [1/1] (0.00ns)   --->   "%pix_99 = trunc i48 %img_read_11" [C:/TFG_Vivado/vivado/axu2cga_trd.runs/design_1_v_frmbuf_wr_1_0_synth_1/prj/sol/.autopilot/db/v_frmbuf_wr.cpp:827]   --->   Operation 66 'trunc' 'pix_99' <Predicate = (!icmp_ln821 & or_ln826_1)> <Delay = 0.00>
ST_3 : Operation 67 [1/1] (0.00ns)   --->   "%pix_100 = partselect i8 @_ssdm_op_PartSelect.i8.i48.i32.i32, i48 %img_read_11, i32 8, i32 15" [C:/TFG_Vivado/vivado/axu2cga_trd.runs/design_1_v_frmbuf_wr_1_0_synth_1/prj/sol/.autopilot/db/v_frmbuf_wr.cpp:827]   --->   Operation 67 'partselect' 'pix_100' <Predicate = (!icmp_ln821 & or_ln826_1)> <Delay = 0.00>
ST_3 : Operation 68 [1/1] (0.00ns)   --->   "%pix_76 = partselect i8 @_ssdm_op_PartSelect.i8.i48.i32.i32, i48 %img_read_11, i32 24, i32 31" [C:/TFG_Vivado/vivado/axu2cga_trd.runs/design_1_v_frmbuf_wr_1_0_synth_1/prj/sol/.autopilot/db/v_frmbuf_wr.cpp:827]   --->   Operation 68 'partselect' 'pix_76' <Predicate = (!icmp_ln821 & or_ln826_1)> <Delay = 0.00>
ST_3 : Operation 69 [1/1] (0.00ns)   --->   "%pix_77 = partselect i8 @_ssdm_op_PartSelect.i8.i48.i32.i32, i48 %img_read_11, i32 32, i32 39" [C:/TFG_Vivado/vivado/axu2cga_trd.runs/design_1_v_frmbuf_wr_1_0_synth_1/prj/sol/.autopilot/db/v_frmbuf_wr.cpp:827]   --->   Operation 69 'partselect' 'pix_77' <Predicate = (!icmp_ln821 & or_ln826_1)> <Delay = 0.00>
ST_3 : Operation 70 [1/1] (0.00ns)   --->   "%pix_61 = phi i8 %pix_77, void %if.then52.1, i8 %pix_37, void %for.inc"   --->   Operation 70 'phi' 'pix_61' <Predicate = (!icmp_ln821)> <Delay = 0.00>
ST_3 : Operation 71 [1/1] (0.00ns)   --->   "%pix_60 = phi i8 %pix_76, void %if.then52.1, i8 %pix_36, void %for.inc"   --->   Operation 71 'phi' 'pix_60' <Predicate = (!icmp_ln821)> <Delay = 0.00>
ST_3 : Operation 72 [1/1] (0.00ns)   --->   "%pix_59 = phi i8 %pix_100, void %if.then52.1, i8 %pix_35, void %for.inc"   --->   Operation 72 'phi' 'pix_59' <Predicate = (!icmp_ln821)> <Delay = 0.00>
ST_3 : Operation 73 [1/1] (0.00ns)   --->   "%pix_58 = phi i8 %pix_99, void %if.then52.1, i8 %pix_34, void %for.inc"   --->   Operation 73 'phi' 'pix_58' <Predicate = (!icmp_ln821)> <Delay = 0.00>
ST_3 : Operation 74 [1/1] (0.48ns)   --->   "%br_ln827 = br void %for.inc.2" [C:/TFG_Vivado/vivado/axu2cga_trd.runs/design_1_v_frmbuf_wr_1_0_synth_1/prj/sol/.autopilot/db/v_frmbuf_wr.cpp:827]   --->   Operation 74 'br' 'br_ln827' <Predicate = (!icmp_ln821 & or_ln826_2)> <Delay = 0.48>
ST_3 : Operation 75 [1/1] (0.48ns)   --->   "%br_ln826 = br i1 %or_ln826_3, void %for.inc.3, void %if.then52.3" [C:/TFG_Vivado/vivado/axu2cga_trd.runs/design_1_v_frmbuf_wr_1_0_synth_1/prj/sol/.autopilot/db/v_frmbuf_wr.cpp:826]   --->   Operation 75 'br' 'br_ln826' <Predicate = (!icmp_ln821)> <Delay = 0.48>

State 4 <SV = 3> <Delay = 1.82>
ST_4 : Operation 76 [1/1] ( I:1.82ns O:1.82ns )   --->   "%img_read_12 = read i48 @_ssdm_op_Read.ap_fifo.volatile.i48P0A, i48 %img" [C:/TFG_Vivado/vivado/axu2cga_trd.runs/design_1_v_frmbuf_wr_1_0_synth_1/prj/sol/.autopilot/db/v_frmbuf_wr.cpp:827]   --->   Operation 76 'read' 'img_read_12' <Predicate = (!icmp_ln821 & or_ln826_2)> <Delay = 1.82> <CoreInst = "FIFO_SRL">   --->   Core 80 'FIFO_SRL' <Latency = 0> <II = 1> <Delay = 2.16> <Storage> <Opcode : 'read' 'write' 'nbread' 'nbwrite'> <Ports = 0> <Width = 48> <Depth = 2> <FIFO>
ST_4 : Operation 77 [1/1] (0.00ns)   --->   "%pix_101 = trunc i48 %img_read_12" [C:/TFG_Vivado/vivado/axu2cga_trd.runs/design_1_v_frmbuf_wr_1_0_synth_1/prj/sol/.autopilot/db/v_frmbuf_wr.cpp:827]   --->   Operation 77 'trunc' 'pix_101' <Predicate = (!icmp_ln821 & or_ln826_2)> <Delay = 0.00>
ST_4 : Operation 78 [1/1] (0.00ns)   --->   "%pix_102 = partselect i8 @_ssdm_op_PartSelect.i8.i48.i32.i32, i48 %img_read_12, i32 8, i32 15" [C:/TFG_Vivado/vivado/axu2cga_trd.runs/design_1_v_frmbuf_wr_1_0_synth_1/prj/sol/.autopilot/db/v_frmbuf_wr.cpp:827]   --->   Operation 78 'partselect' 'pix_102' <Predicate = (!icmp_ln821 & or_ln826_2)> <Delay = 0.00>
ST_4 : Operation 79 [1/1] (0.00ns)   --->   "%pix_78 = partselect i8 @_ssdm_op_PartSelect.i8.i48.i32.i32, i48 %img_read_12, i32 24, i32 31" [C:/TFG_Vivado/vivado/axu2cga_trd.runs/design_1_v_frmbuf_wr_1_0_synth_1/prj/sol/.autopilot/db/v_frmbuf_wr.cpp:827]   --->   Operation 79 'partselect' 'pix_78' <Predicate = (!icmp_ln821 & or_ln826_2)> <Delay = 0.00>
ST_4 : Operation 80 [1/1] (0.00ns)   --->   "%pix_79 = partselect i8 @_ssdm_op_PartSelect.i8.i48.i32.i32, i48 %img_read_12, i32 32, i32 39" [C:/TFG_Vivado/vivado/axu2cga_trd.runs/design_1_v_frmbuf_wr_1_0_synth_1/prj/sol/.autopilot/db/v_frmbuf_wr.cpp:827]   --->   Operation 80 'partselect' 'pix_79' <Predicate = (!icmp_ln821 & or_ln826_2)> <Delay = 0.00>
ST_4 : Operation 81 [1/1] (0.00ns)   --->   "%pix_91 = phi i8 %pix_79, void %if.then52.2, i8 %pix_61, void %for.inc.1"   --->   Operation 81 'phi' 'pix_91' <Predicate = (!icmp_ln821)> <Delay = 0.00>
ST_4 : Operation 82 [1/1] (0.00ns)   --->   "%pix_90 = phi i8 %pix_78, void %if.then52.2, i8 %pix_60, void %for.inc.1"   --->   Operation 82 'phi' 'pix_90' <Predicate = (!icmp_ln821)> <Delay = 0.00>
ST_4 : Operation 83 [1/1] (0.00ns)   --->   "%pix_89 = phi i8 %pix_102, void %if.then52.2, i8 %pix_59, void %for.inc.1"   --->   Operation 83 'phi' 'pix_89' <Predicate = (!icmp_ln821)> <Delay = 0.00>
ST_4 : Operation 84 [1/1] (0.00ns)   --->   "%pix_88 = phi i8 %pix_101, void %if.then52.2, i8 %pix_58, void %for.inc.1"   --->   Operation 84 'phi' 'pix_88' <Predicate = (!icmp_ln821)> <Delay = 0.00>
ST_4 : Operation 85 [1/1] (0.48ns)   --->   "%br_ln827 = br void %for.inc.3" [C:/TFG_Vivado/vivado/axu2cga_trd.runs/design_1_v_frmbuf_wr_1_0_synth_1/prj/sol/.autopilot/db/v_frmbuf_wr.cpp:827]   --->   Operation 85 'br' 'br_ln827' <Predicate = (!icmp_ln821 & or_ln826_3)> <Delay = 0.48>

State 5 <SV = 4> <Delay = 2.31>
ST_5 : Operation 86 [1/1] ( I:1.82ns O:1.82ns )   --->   "%img_read_13 = read i48 @_ssdm_op_Read.ap_fifo.volatile.i48P0A, i48 %img" [C:/TFG_Vivado/vivado/axu2cga_trd.runs/design_1_v_frmbuf_wr_1_0_synth_1/prj/sol/.autopilot/db/v_frmbuf_wr.cpp:827]   --->   Operation 86 'read' 'img_read_13' <Predicate = (!icmp_ln821 & or_ln826_3)> <Delay = 1.82> <CoreInst = "FIFO_SRL">   --->   Core 80 'FIFO_SRL' <Latency = 0> <II = 1> <Delay = 2.16> <Storage> <Opcode : 'read' 'write' 'nbread' 'nbwrite'> <Ports = 0> <Width = 48> <Depth = 2> <FIFO>
ST_5 : Operation 87 [1/1] (0.00ns)   --->   "%pix_103 = trunc i48 %img_read_13" [C:/TFG_Vivado/vivado/axu2cga_trd.runs/design_1_v_frmbuf_wr_1_0_synth_1/prj/sol/.autopilot/db/v_frmbuf_wr.cpp:827]   --->   Operation 87 'trunc' 'pix_103' <Predicate = (!icmp_ln821 & or_ln826_3)> <Delay = 0.00>
ST_5 : Operation 88 [1/1] (0.00ns)   --->   "%pix_104 = partselect i8 @_ssdm_op_PartSelect.i8.i48.i32.i32, i48 %img_read_13, i32 8, i32 15" [C:/TFG_Vivado/vivado/axu2cga_trd.runs/design_1_v_frmbuf_wr_1_0_synth_1/prj/sol/.autopilot/db/v_frmbuf_wr.cpp:827]   --->   Operation 88 'partselect' 'pix_104' <Predicate = (!icmp_ln821 & or_ln826_3)> <Delay = 0.00>
ST_5 : Operation 89 [1/1] (0.00ns)   --->   "%pix_80 = partselect i8 @_ssdm_op_PartSelect.i8.i48.i32.i32, i48 %img_read_13, i32 24, i32 31" [C:/TFG_Vivado/vivado/axu2cga_trd.runs/design_1_v_frmbuf_wr_1_0_synth_1/prj/sol/.autopilot/db/v_frmbuf_wr.cpp:827]   --->   Operation 89 'partselect' 'pix_80' <Predicate = (!icmp_ln821 & or_ln826_3)> <Delay = 0.00>
ST_5 : Operation 90 [1/1] (0.00ns)   --->   "%pix_81 = partselect i8 @_ssdm_op_PartSelect.i8.i48.i32.i32, i48 %img_read_13, i32 32, i32 39" [C:/TFG_Vivado/vivado/axu2cga_trd.runs/design_1_v_frmbuf_wr_1_0_synth_1/prj/sol/.autopilot/db/v_frmbuf_wr.cpp:827]   --->   Operation 90 'partselect' 'pix_81' <Predicate = (!icmp_ln821 & or_ln826_3)> <Delay = 0.00>
ST_5 : Operation 91 [1/1] (0.00ns)   --->   "%pix_108 = phi i8 %pix_81, void %if.then52.3, i8 %pix_91, void %for.inc.2"   --->   Operation 91 'phi' 'pix_108' <Predicate = true> <Delay = 0.00>
ST_5 : Operation 92 [1/1] (0.00ns)   --->   "%pix_107 = phi i8 %pix_80, void %if.then52.3, i8 %pix_90, void %for.inc.2"   --->   Operation 92 'phi' 'pix_107' <Predicate = true> <Delay = 0.00>
ST_5 : Operation 93 [1/1] (0.00ns)   --->   "%pix_106 = phi i8 %pix_104, void %if.then52.3, i8 %pix_89, void %for.inc.2"   --->   Operation 93 'phi' 'pix_106' <Predicate = true> <Delay = 0.00>
ST_5 : Operation 94 [1/1] (0.00ns)   --->   "%pix_105 = phi i8 %pix_103, void %if.then52.3, i8 %pix_88, void %for.inc.2"   --->   Operation 94 'phi' 'pix_105' <Predicate = true> <Delay = 0.00>
ST_5 : Operation 95 [1/1] (0.48ns)   --->   "%store_ln431 = store i8 %pix_108, i8 %pix_15" [C:/TFG_Vivado/vivado/axu2cga_trd.runs/design_1_v_frmbuf_wr_1_0_synth_1/prj/sol/.autopilot/db/v_frmbuf_wr.cpp:431]   --->   Operation 95 'store' 'store_ln431' <Predicate = true> <Delay = 0.48>
ST_5 : Operation 96 [1/1] (0.48ns)   --->   "%store_ln431 = store i8 %pix_107, i8 %pix_14" [C:/TFG_Vivado/vivado/axu2cga_trd.runs/design_1_v_frmbuf_wr_1_0_synth_1/prj/sol/.autopilot/db/v_frmbuf_wr.cpp:431]   --->   Operation 96 'store' 'store_ln431' <Predicate = true> <Delay = 0.48>
ST_5 : Operation 97 [1/1] (0.48ns)   --->   "%store_ln431 = store i8 %pix_106, i8 %pix_13" [C:/TFG_Vivado/vivado/axu2cga_trd.runs/design_1_v_frmbuf_wr_1_0_synth_1/prj/sol/.autopilot/db/v_frmbuf_wr.cpp:431]   --->   Operation 97 'store' 'store_ln431' <Predicate = true> <Delay = 0.48>
ST_5 : Operation 98 [1/1] (0.48ns)   --->   "%store_ln431 = store i8 %pix_105, i8 %pix_12" [C:/TFG_Vivado/vivado/axu2cga_trd.runs/design_1_v_frmbuf_wr_1_0_synth_1/prj/sol/.autopilot/db/v_frmbuf_wr.cpp:431]   --->   Operation 98 'store' 'store_ln431' <Predicate = true> <Delay = 0.48>

State 6 <SV = 5> <Delay = 1.82>
ST_6 : Operation 99 [1/1] (0.00ns)   --->   "%out_pix = bitconcatenate i128 @_ssdm_op_BitConcatenate.i128.i8.i8.i8.i8.i8.i8.i8.i8.i8.i8.i8.i8.i8.i8.i8.i8, i8 %pix_108, i8 %pix_107, i8 %pix_106, i8 %pix_105, i8 %pix_91, i8 %pix_90, i8 %pix_89, i8 %pix_88, i8 %pix_61, i8 %pix_60, i8 %pix_59, i8 %pix_58, i8 %pix_37, i8 %pix_36, i8 %pix_35, i8 %pix_34" [C:/TFG_Vivado/vivado/axu2cga_trd.runs/design_1_v_frmbuf_wr_1_0_synth_1/prj/sol/.autopilot/db/v_frmbuf_wr.cpp:836]   --->   Operation 99 'bitconcatenate' 'out_pix' <Predicate = true> <Delay = 0.00>
ST_6 : Operation 100 [1/1] ( I:1.82ns O:1.82ns )   --->   "%write_ln839 = write void @_ssdm_op_Write.ap_fifo.volatile.i128P0A, i128 %bytePlanes_plane0, i128 %out_pix" [C:/TFG_Vivado/vivado/axu2cga_trd.runs/design_1_v_frmbuf_wr_1_0_synth_1/prj/sol/.autopilot/db/v_frmbuf_wr.cpp:839]   --->   Operation 100 'write' 'write_ln839' <Predicate = true> <Delay = 1.82> <CoreInst = "FIFO_BRAM">   --->   Core 78 'FIFO_BRAM' <Latency = 0> <II = 1> <Delay = 1.90> <Storage> <Opcode : 'read' 'write' 'nbread' 'nbwrite'> <Ports = 0> <Width = 128> <Depth = 241> <FIFO>
ST_6 : Operation 101 [1/1] (0.00ns)   --->   "%br_ln821 = br void %VITIS_LOOP_824_2" [C:/TFG_Vivado/vivado/axu2cga_trd.runs/design_1_v_frmbuf_wr_1_0_synth_1/prj/sol/.autopilot/db/v_frmbuf_wr.cpp:821]   --->   Operation 101 'br' 'br_ln821' <Predicate = true> <Delay = 0.00>


============================================================
+ Verbose Summary: Timing violations
============================================================
Target clock period: 5.000ns, clock uncertainty: 1.350ns.

 <State 1>: 2.257ns
The critical path consists of the following:
	'store' operation ('store_ln821', C:/TFG_Vivado/vivado/axu2cga_trd.runs/design_1_v_frmbuf_wr_1_0_synth_1/prj/sol/.autopilot/db/v_frmbuf_wr.cpp:821) of constant 0 10 bit on local variable 'x', C:/TFG_Vivado/vivado/axu2cga_trd.runs/design_1_v_frmbuf_wr_1_0_synth_1/prj/sol/.autopilot/db/v_frmbuf_wr.cpp:821 [39]  (0.489 ns)
	'load' operation 10 bit ('x', C:/TFG_Vivado/vivado/axu2cga_trd.runs/design_1_v_frmbuf_wr_1_0_synth_1/prj/sol/.autopilot/db/v_frmbuf_wr.cpp:821) on local variable 'x', C:/TFG_Vivado/vivado/axu2cga_trd.runs/design_1_v_frmbuf_wr_1_0_synth_1/prj/sol/.autopilot/db/v_frmbuf_wr.cpp:821 [42]  (0.000 ns)
	'icmp' operation 1 bit ('icmp_ln826_1', C:/TFG_Vivado/vivado/axu2cga_trd.runs/design_1_v_frmbuf_wr_1_0_synth_1/prj/sol/.autopilot/db/v_frmbuf_wr.cpp:826) [55]  (0.948 ns)
	'or' operation 1 bit ('or_ln826_2', C:/TFG_Vivado/vivado/axu2cga_trd.runs/design_1_v_frmbuf_wr_1_0_synth_1/prj/sol/.autopilot/db/v_frmbuf_wr.cpp:826) [84]  (0.331 ns)
	multiplexor before 'phi' operation 8 bit ('pix') with incoming values : ('pix') ('pix', C:/TFG_Vivado/vivado/axu2cga_trd.runs/design_1_v_frmbuf_wr_1_0_synth_1/prj/sol/.autopilot/db/v_frmbuf_wr.cpp:827) [94]  (0.489 ns)
	'br' operation ('br_ln826', C:/TFG_Vivado/vivado/axu2cga_trd.runs/design_1_v_frmbuf_wr_1_0_synth_1/prj/sol/.autopilot/db/v_frmbuf_wr.cpp:826) [85]  (0.489 ns)

 <State 2>: 1.825ns
The critical path consists of the following:
	fifo read operation ('img_read', C:/TFG_Vivado/vivado/axu2cga_trd.runs/design_1_v_frmbuf_wr_1_0_synth_1/prj/sol/.autopilot/db/v_frmbuf_wr.cpp:827) on port 'img' (C:/TFG_Vivado/vivado/axu2cga_trd.runs/design_1_v_frmbuf_wr_1_0_synth_1/prj/sol/.autopilot/db/v_frmbuf_wr.cpp:827) [59]  (1.825 ns)
	'phi' operation 8 bit ('pix') with incoming values : ('pix') ('pix', C:/TFG_Vivado/vivado/axu2cga_trd.runs/design_1_v_frmbuf_wr_1_0_synth_1/prj/sol/.autopilot/db/v_frmbuf_wr.cpp:827) [66]  (0.000 ns)

 <State 3>: 1.825ns
The critical path consists of the following:
	fifo read operation ('img_read_11', C:/TFG_Vivado/vivado/axu2cga_trd.runs/design_1_v_frmbuf_wr_1_0_synth_1/prj/sol/.autopilot/db/v_frmbuf_wr.cpp:827) on port 'img' (C:/TFG_Vivado/vivado/axu2cga_trd.runs/design_1_v_frmbuf_wr_1_0_synth_1/prj/sol/.autopilot/db/v_frmbuf_wr.cpp:827) [73]  (1.825 ns)
	'phi' operation 8 bit ('pix') with incoming values : ('pix') ('pix', C:/TFG_Vivado/vivado/axu2cga_trd.runs/design_1_v_frmbuf_wr_1_0_synth_1/prj/sol/.autopilot/db/v_frmbuf_wr.cpp:827) [80]  (0.000 ns)

 <State 4>: 1.825ns
The critical path consists of the following:
	fifo read operation ('img_read_12', C:/TFG_Vivado/vivado/axu2cga_trd.runs/design_1_v_frmbuf_wr_1_0_synth_1/prj/sol/.autopilot/db/v_frmbuf_wr.cpp:827) on port 'img' (C:/TFG_Vivado/vivado/axu2cga_trd.runs/design_1_v_frmbuf_wr_1_0_synth_1/prj/sol/.autopilot/db/v_frmbuf_wr.cpp:827) [87]  (1.825 ns)

 <State 5>: 2.314ns
The critical path consists of the following:
	fifo read operation ('img_read_13', C:/TFG_Vivado/vivado/axu2cga_trd.runs/design_1_v_frmbuf_wr_1_0_synth_1/prj/sol/.autopilot/db/v_frmbuf_wr.cpp:827) on port 'img' (C:/TFG_Vivado/vivado/axu2cga_trd.runs/design_1_v_frmbuf_wr_1_0_synth_1/prj/sol/.autopilot/db/v_frmbuf_wr.cpp:827) [101]  (1.825 ns)
	'phi' operation 8 bit ('pix') with incoming values : ('pix') ('pix', C:/TFG_Vivado/vivado/axu2cga_trd.runs/design_1_v_frmbuf_wr_1_0_synth_1/prj/sol/.autopilot/db/v_frmbuf_wr.cpp:827) [108]  (0.000 ns)
	'store' operation ('store_ln431', C:/TFG_Vivado/vivado/axu2cga_trd.runs/design_1_v_frmbuf_wr_1_0_synth_1/prj/sol/.autopilot/db/v_frmbuf_wr.cpp:431) of variable 'pix' 8 bit on local variable 'pix', C:/TFG_Vivado/vivado/axu2cga_trd.runs/design_1_v_frmbuf_wr_1_0_synth_1/prj/sol/.autopilot/db/v_frmbuf_wr.cpp:431 [114]  (0.489 ns)

 <State 6>: 1.825ns
The critical path consists of the following:
	fifo write operation ('write_ln839', C:/TFG_Vivado/vivado/axu2cga_trd.runs/design_1_v_frmbuf_wr_1_0_synth_1/prj/sol/.autopilot/db/v_frmbuf_wr.cpp:839) on port 'bytePlanes_plane0' (C:/TFG_Vivado/vivado/axu2cga_trd.runs/design_1_v_frmbuf_wr_1_0_synth_1/prj/sol/.autopilot/db/v_frmbuf_wr.cpp:839) [113]  (1.825 ns)


============================================================
+ Verbose Summary: Binding
============================================================
N/A
* FSMD analyzer results:
  - Output states:
 - Input state : 
  - Chain level:
	State 1
	State 2
	State 3
	State 4
	State 5
	State 6


============================================================
+ Verbose Summary: Datapath Resource usage 
============================================================
N/A
