

================================================================
== Vitis HLS Report for 'v_frmbuf_wr'
================================================================
* Date:           Wed Jan 21 13:08:05 2026

* Version:        2025.2 (Build 6295257 on Nov 14 2025)
* Project:        prj
* Solution:       sol (Vivado IP Flow Target)
* Product family: zynquplus
* Target device:  xczu2cg-sfvc784-1-e


================================================================
== Performance Estimates
================================================================
+ Timing: 
    * Summary: 
    +--------+---------+----------+------------+
    |  Clock |  Target | Estimated| Uncertainty|
    +--------+---------+----------+------------+
    |ap_clk  |  5.00 ns|  3.650 ns|     1.35 ns|
    +--------+---------+----------+------------+

+ Latency: 
    * Summary: 
    +---------+---------+----------+-----------+--------+---------+---------+
    |  Latency (cycles) |  Latency (absolute)  |     Interval     | Pipeline|
    |   min   |   max   |    min   |    max    |   min  |   max   |   Type  |
    +---------+---------+----------+-----------+--------+---------+---------+
    |   265734|  6227288|  1.329 ms|  31.136 ms|  265735|  6227289|       no|
    +---------+---------+----------+-----------+--------+---------+---------+

    + Detail: 
        * Instance: 
        +--------------------------------+---------------------+---------+---------+----------+-----------+------+---------+----------+
        |                                |                     |  Latency (cycles) |  Latency (absolute)  |    Interval    | Pipeline |
        |            Instance            |        Module       |   min   |   max   |    min   |    max    |  min |   max   |   Type   |
        +--------------------------------+---------------------+---------+---------+----------+-----------+------+---------+----------+
        |grp_FrmbufWrHlsDataFlow_fu_168  |FrmbufWrHlsDataFlow  |   265731|  6227285|  1.329 ms|  31.136 ms|  7106|  6227283|  dataflow|
        +--------------------------------+---------------------+---------+---------+----------+-----------+------+---------+----------+

        * Loop: 
        N/A



================================================================
== Utilization Estimates
================================================================
* Summary: 
+-----------------+---------+-----+-------+-------+-----+
|       Name      | BRAM_18K| DSP |   FF  |  LUT  | URAM|
+-----------------+---------+-----+-------+-------+-----+
|DSP              |        -|    -|      -|      -|    -|
|Expression       |        -|    -|      0|      4|    -|
|FIFO             |        -|    -|      -|      -|    -|
|Instance         |       16|    1|   4779|   8250|    0|
|Memory           |        0|    -|      6|      6|    -|
|Multiplexer      |        -|    -|      0|     62|    -|
|Register         |        -|    -|    147|      -|    -|
+-----------------+---------+-----+-------+-------+-----+
|Total            |       16|    1|   4932|   8322|    0|
+-----------------+---------+-----+-------+-------+-----+
|Available        |      300|  240|  94464|  47232|    0|
+-----------------+---------+-----+-------+-------+-----+
|Utilization (%)  |        5|   ~0|      5|     17|    0|
+-----------------+---------+-----+-------+-------+-----+

+ Detail: 
    * Instance: 
    +--------------------------------+---------------------+---------+----+------+------+-----+
    |            Instance            |        Module       | BRAM_18K| DSP|  FF  |  LUT | URAM|
    +--------------------------------+---------------------+---------+----+------+------+-----+
    |CTRL_s_axi_U                    |CTRL_s_axi           |        0|   0|   238|   360|    0|
    |grp_FrmbufWrHlsDataFlow_fu_168  |FrmbufWrHlsDataFlow  |       16|   1|  3829|  7012|    0|
    |mm_video_m_axi_U                |mm_video_m_axi       |        0|   0|   712|   873|    0|
    |mul_14s_3ns_14_1_1_U179         |mul_14s_3ns_14_1_1   |        0|   0|     0|     5|    0|
    +--------------------------------+---------------------+---------+----+------+------+-----+
    |Total                           |                     |       16|   1|  4779|  8250|    0|
    +--------------------------------+---------------------+---------+----+------+------+-----+

    * DSP: 
    N/A

    * Memory: 
    +-------------------+-----------------------------+---------+---+----+-----+------+-----+------+-------------+
    |       Memory      |            Module           | BRAM_18K| FF| LUT| URAM| Words| Bits| Banks| W*Bits*Banks|
    +-------------------+-----------------------------+---------+---+----+-----+------+-----+------+-------------+
    |BYTES_PER_PIXEL_U  |BYTES_PER_PIXEL_ROM_AUTO_1R  |        0|  3|   3|    0|    45|    3|     1|          135|
    |MEMORY2LIVE_U      |MEMORY2LIVE_ROM_AUTO_1R      |        0|  3|   3|    0|    45|    3|     1|          135|
    +-------------------+-----------------------------+---------+---+----+-----+------+-----+------+-------------+
    |Total              |                             |        0|  6|   6|    0|    90|    6|     2|          270|
    +-------------------+-----------------------------+---------+---+----+-----+------+-----+------+-------------+

    * FIFO: 
    N/A

    * Expression: 
    +-------------------------------------------------+----------+----+---+----+------------+------------+
    |                  Variable Name                  | Operation| DSP| FF| LUT| Bitwidth P0| Bitwidth P1|
    +-------------------------------------------------+----------+----+---+----+------------+------------+
    |s_axi_CTRL_flush_done                            |       and|   0|  0|   2|           1|           0|
    |ap_sync_grp_FrmbufWrHlsDataFlow_fu_168_ap_ready  |        or|   0|  0|   2|           1|           1|
    +-------------------------------------------------+----------+----+---+----+------------+------------+
    |Total                                            |          |   0|  0|   4|           2|           1|
    +-------------------------------------------------+----------+----+---+----+------------+------------+

    * Multiplexer: 
    +----------------------------------+----+-----------+-----+-----------+
    |               Name               | LUT| Input Size| Bits| Total Bits|
    +----------------------------------+----+-----------+-----+-----------+
    |ap_NS_fsm                         |  26|          5|    1|          5|
    |mm_video_0_AWVALID                |   9|          2|    1|          2|
    |mm_video_0_BREADY                 |   9|          2|    1|          2|
    |mm_video_0_WVALID                 |   9|          2|    1|          2|
    |s_axis_video_TREADY_int_regslice  |   9|          2|    1|          2|
    +----------------------------------+----+-----------+-----+-----------+
    |Total                             |  62|         13|    5|         13|
    +----------------------------------+----+-----------+-----+-----------+

    * Register: 
    +-----------------------------------------------------+----+----+-----+-----------+
    |                         Name                        | FF | LUT| Bits| Const Bits|
    +-----------------------------------------------------+----+----+-----+-----------+
    |WidthInBytes_reg_272                                 |  14|   0|   14|          0|
    |ap_CS_fsm                                            |   4|   0|    4|          0|
    |ap_sync_reg_grp_FrmbufWrHlsDataFlow_fu_168_ap_done   |   1|   0|    1|          0|
    |ap_sync_reg_grp_FrmbufWrHlsDataFlow_fu_168_ap_ready  |   1|   0|    1|          0|
    |colorFormat_reg_277                                  |   3|   0|    3|          0|
    |frm_buffer2_read_reg_227                             |  32|   0|   32|          0|
    |frm_buffer_read_reg_232                              |  32|   0|   32|          0|
    |grp_FrmbufWrHlsDataFlow_fu_168_ap_start_reg          |   1|   0|    1|          0|
    |s_axi_CTRL_flush_done                                |   1|   0|    1|          0|
    |stride_read_reg_237                                  |  16|   0|   16|          0|
    |trunc_ln157_1_reg_247                                |   6|   0|    6|          0|
    |trunc_ln157_2_reg_252                                |  11|   0|   11|          0|
    |trunc_ln157_3_reg_257                                |  11|   0|   11|          0|
    |trunc_ln157_reg_242                                  |  14|   0|   14|          0|
    +-----------------------------------------------------+----+----+-----+-----------+
    |Total                                                | 147|   0|  147|          0|
    +-----------------------------------------------------+----+----+-----+-----------+



================================================================
== Interface
================================================================
* Summary: 
+-------------------------+-----+-----+------------+-----------------------+--------------+
|        RTL Ports        | Dir | Bits|  Protocol  |     Source Object     |    C Type    |
+-------------------------+-----+-----+------------+-----------------------+--------------+
|s_axi_CTRL_AWVALID       |   in|    1|       s_axi|                   CTRL|        scalar|
|s_axi_CTRL_AWREADY       |  out|    1|       s_axi|                   CTRL|        scalar|
|s_axi_CTRL_AWADDR        |   in|    7|       s_axi|                   CTRL|        scalar|
|s_axi_CTRL_WVALID        |   in|    1|       s_axi|                   CTRL|        scalar|
|s_axi_CTRL_WREADY        |  out|    1|       s_axi|                   CTRL|        scalar|
|s_axi_CTRL_WDATA         |   in|   32|       s_axi|                   CTRL|        scalar|
|s_axi_CTRL_WSTRB         |   in|    4|       s_axi|                   CTRL|        scalar|
|s_axi_CTRL_ARVALID       |   in|    1|       s_axi|                   CTRL|        scalar|
|s_axi_CTRL_ARREADY       |  out|    1|       s_axi|                   CTRL|        scalar|
|s_axi_CTRL_ARADDR        |   in|    7|       s_axi|                   CTRL|        scalar|
|s_axi_CTRL_RVALID        |  out|    1|       s_axi|                   CTRL|        scalar|
|s_axi_CTRL_RREADY        |   in|    1|       s_axi|                   CTRL|        scalar|
|s_axi_CTRL_RDATA         |  out|   32|       s_axi|                   CTRL|        scalar|
|s_axi_CTRL_RRESP         |  out|    2|       s_axi|                   CTRL|        scalar|
|s_axi_CTRL_BVALID        |  out|    1|       s_axi|                   CTRL|        scalar|
|s_axi_CTRL_BREADY        |   in|    1|       s_axi|                   CTRL|        scalar|
|s_axi_CTRL_BRESP         |  out|    2|       s_axi|                   CTRL|        scalar|
|ap_clk                   |   in|    1|  ap_ctrl_hs|            v_frmbuf_wr|  return value|
|ap_rst_n                 |   in|    1|  ap_ctrl_hs|            v_frmbuf_wr|  return value|
|interrupt                |  out|    1|  ap_ctrl_hs|            v_frmbuf_wr|  return value|
|m_axi_mm_video_AWVALID   |  out|    1|       m_axi|               mm_video|       pointer|
|m_axi_mm_video_AWREADY   |   in|    1|       m_axi|               mm_video|       pointer|
|m_axi_mm_video_AWADDR    |  out|   32|       m_axi|               mm_video|       pointer|
|m_axi_mm_video_AWID      |  out|    1|       m_axi|               mm_video|       pointer|
|m_axi_mm_video_AWLEN     |  out|    8|       m_axi|               mm_video|       pointer|
|m_axi_mm_video_AWSIZE    |  out|    3|       m_axi|               mm_video|       pointer|
|m_axi_mm_video_AWBURST   |  out|    2|       m_axi|               mm_video|       pointer|
|m_axi_mm_video_AWLOCK    |  out|    2|       m_axi|               mm_video|       pointer|
|m_axi_mm_video_AWCACHE   |  out|    4|       m_axi|               mm_video|       pointer|
|m_axi_mm_video_AWPROT    |  out|    3|       m_axi|               mm_video|       pointer|
|m_axi_mm_video_AWQOS     |  out|    4|       m_axi|               mm_video|       pointer|
|m_axi_mm_video_AWREGION  |  out|    4|       m_axi|               mm_video|       pointer|
|m_axi_mm_video_AWUSER    |  out|    1|       m_axi|               mm_video|       pointer|
|m_axi_mm_video_WVALID    |  out|    1|       m_axi|               mm_video|       pointer|
|m_axi_mm_video_WREADY    |   in|    1|       m_axi|               mm_video|       pointer|
|m_axi_mm_video_WDATA     |  out|  128|       m_axi|               mm_video|       pointer|
|m_axi_mm_video_WSTRB     |  out|   16|       m_axi|               mm_video|       pointer|
|m_axi_mm_video_WLAST     |  out|    1|       m_axi|               mm_video|       pointer|
|m_axi_mm_video_WID       |  out|    1|       m_axi|               mm_video|       pointer|
|m_axi_mm_video_WUSER     |  out|    1|       m_axi|               mm_video|       pointer|
|m_axi_mm_video_ARVALID   |  out|    1|       m_axi|               mm_video|       pointer|
|m_axi_mm_video_ARREADY   |   in|    1|       m_axi|               mm_video|       pointer|
|m_axi_mm_video_ARADDR    |  out|   32|       m_axi|               mm_video|       pointer|
|m_axi_mm_video_ARID      |  out|    1|       m_axi|               mm_video|       pointer|
|m_axi_mm_video_ARLEN     |  out|    8|       m_axi|               mm_video|       pointer|
|m_axi_mm_video_ARSIZE    |  out|    3|       m_axi|               mm_video|       pointer|
|m_axi_mm_video_ARBURST   |  out|    2|       m_axi|               mm_video|       pointer|
|m_axi_mm_video_ARLOCK    |  out|    2|       m_axi|               mm_video|       pointer|
|m_axi_mm_video_ARCACHE   |  out|    4|       m_axi|               mm_video|       pointer|
|m_axi_mm_video_ARPROT    |  out|    3|       m_axi|               mm_video|       pointer|
|m_axi_mm_video_ARQOS     |  out|    4|       m_axi|               mm_video|       pointer|
|m_axi_mm_video_ARREGION  |  out|    4|       m_axi|               mm_video|       pointer|
|m_axi_mm_video_ARUSER    |  out|    1|       m_axi|               mm_video|       pointer|
|m_axi_mm_video_RVALID    |   in|    1|       m_axi|               mm_video|       pointer|
|m_axi_mm_video_RREADY    |  out|    1|       m_axi|               mm_video|       pointer|
|m_axi_mm_video_RDATA     |   in|  128|       m_axi|               mm_video|       pointer|
|m_axi_mm_video_RLAST     |   in|    1|       m_axi|               mm_video|       pointer|
|m_axi_mm_video_RID       |   in|    1|       m_axi|               mm_video|       pointer|
|m_axi_mm_video_RUSER     |   in|    1|       m_axi|               mm_video|       pointer|
|m_axi_mm_video_RRESP     |   in|    2|       m_axi|               mm_video|       pointer|
|m_axi_mm_video_BVALID    |   in|    1|       m_axi|               mm_video|       pointer|
|m_axi_mm_video_BREADY    |  out|    1|       m_axi|               mm_video|       pointer|
|m_axi_mm_video_BRESP     |   in|    2|       m_axi|               mm_video|       pointer|
|m_axi_mm_video_BID       |   in|    1|       m_axi|               mm_video|       pointer|
|m_axi_mm_video_BUSER     |   in|    1|       m_axi|               mm_video|       pointer|
|s_axis_video_TDATA       |   in|   48|        axis|  s_axis_video_V_data_V|       pointer|
|s_axis_video_TVALID      |   in|    1|        axis|  s_axis_video_V_dest_V|       pointer|
|s_axis_video_TREADY      |  out|    1|        axis|  s_axis_video_V_dest_V|       pointer|
|s_axis_video_TDEST       |   in|    1|        axis|  s_axis_video_V_dest_V|       pointer|
|s_axis_video_TKEEP       |   in|    6|        axis|  s_axis_video_V_keep_V|       pointer|
|s_axis_video_TSTRB       |   in|    6|        axis|  s_axis_video_V_strb_V|       pointer|
|s_axis_video_TUSER       |   in|    1|        axis|  s_axis_video_V_user_V|       pointer|
|s_axis_video_TLAST       |   in|    1|        axis|  s_axis_video_V_last_V|       pointer|
|s_axis_video_TID         |   in|    1|        axis|    s_axis_video_V_id_V|       pointer|
+-------------------------+-----+-----+------------+-----------------------+--------------+

============================================================
+ Verbose Summary: Synthesis Manager
============================================================
InlineROM: 1
ExposeGlobal: 0
============================================================
+ Verbose Summary: CDFG Model
============================================================
IsTopModel: 1
ResetActiveHigh: 1
IsCombinational: 2
IsDatapathOnly: 2
HasWiredReturn: 1
HasMFsm: 0
HasVarLatency: 1
IsPipeline: 0
IsRtlPipelined: 0
IsInstanceOverlapped: 0
IsDontTouch: 0
HasImplIP: 0
IsGatedGlobalClock: 0


============================================================
+ Verbose Summary: Schedule
============================================================
* Number of FSM states : 4
* Pipeline : 0
* Dataflow Pipeline: 0

* FSM state transitions: 
1 --> 2 
2 --> 3 
3 --> 4 
4 --> 

* FSM state operations: 

State 1 <SV = 0> <Delay = 1.79>
ST_1 : Operation 5 [1/1] (1.00ns)   --->   "%frm_buffer2_read = read i32 @_ssdm_op_Read.s_axilite.i32, i32 %frm_buffer2" [C:/TFG_Vivado/vivado/axu2cga_trd.runs/design_1_v_frmbuf_wr_1_0_synth_1/prj/sol/.autopilot/db/v_frmbuf_wr.cpp:157]   --->   Operation 5 'read' 'frm_buffer2_read' <Predicate = true> <Delay = 1.00> <CoreInst = "s_axilite">   --->   Core 120 's_axilite' <Latency = 0> <II = 1> <Delay = 1.00> <Adapter> <Opcode : 'read' 'write'>
ST_1 : Operation 6 [1/1] (1.00ns)   --->   "%frm_buffer_read = read i32 @_ssdm_op_Read.s_axilite.i32, i32 %frm_buffer" [C:/TFG_Vivado/vivado/axu2cga_trd.runs/design_1_v_frmbuf_wr_1_0_synth_1/prj/sol/.autopilot/db/v_frmbuf_wr.cpp:157]   --->   Operation 6 'read' 'frm_buffer_read' <Predicate = true> <Delay = 1.00> <CoreInst = "s_axilite">   --->   Core 120 's_axilite' <Latency = 0> <II = 1> <Delay = 1.00> <Adapter> <Opcode : 'read' 'write'>
ST_1 : Operation 7 [1/1] (1.00ns)   --->   "%video_format_read = read i16 @_ssdm_op_Read.s_axilite.i16, i16 %video_format" [C:/TFG_Vivado/vivado/axu2cga_trd.runs/design_1_v_frmbuf_wr_1_0_synth_1/prj/sol/.autopilot/db/v_frmbuf_wr.cpp:157]   --->   Operation 7 'read' 'video_format_read' <Predicate = true> <Delay = 1.00> <CoreInst = "s_axilite">   --->   Core 120 's_axilite' <Latency = 0> <II = 1> <Delay = 1.00> <Adapter> <Opcode : 'read' 'write'>
ST_1 : Operation 8 [1/1] (1.00ns)   --->   "%stride_read = read i16 @_ssdm_op_Read.s_axilite.i16, i16 %stride" [C:/TFG_Vivado/vivado/axu2cga_trd.runs/design_1_v_frmbuf_wr_1_0_synth_1/prj/sol/.autopilot/db/v_frmbuf_wr.cpp:157]   --->   Operation 8 'read' 'stride_read' <Predicate = true> <Delay = 1.00> <CoreInst = "s_axilite">   --->   Core 120 's_axilite' <Latency = 0> <II = 1> <Delay = 1.00> <Adapter> <Opcode : 'read' 'write'>
ST_1 : Operation 9 [1/1] (1.00ns)   --->   "%height_read = read i16 @_ssdm_op_Read.s_axilite.i16, i16 %height" [C:/TFG_Vivado/vivado/axu2cga_trd.runs/design_1_v_frmbuf_wr_1_0_synth_1/prj/sol/.autopilot/db/v_frmbuf_wr.cpp:157]   --->   Operation 9 'read' 'height_read' <Predicate = true> <Delay = 1.00> <CoreInst = "s_axilite">   --->   Core 120 's_axilite' <Latency = 0> <II = 1> <Delay = 1.00> <Adapter> <Opcode : 'read' 'write'>
ST_1 : Operation 10 [1/1] (1.00ns)   --->   "%width_read = read i16 @_ssdm_op_Read.s_axilite.i16, i16 %width" [C:/TFG_Vivado/vivado/axu2cga_trd.runs/design_1_v_frmbuf_wr_1_0_synth_1/prj/sol/.autopilot/db/v_frmbuf_wr.cpp:157]   --->   Operation 10 'read' 'width_read' <Predicate = true> <Delay = 1.00> <CoreInst = "s_axilite">   --->   Core 120 's_axilite' <Latency = 0> <II = 1> <Delay = 1.00> <Adapter> <Opcode : 'read' 'write'>
ST_1 : Operation 11 [1/1] (0.00ns)   --->   "%trunc_ln157 = trunc i16 %width_read" [C:/TFG_Vivado/vivado/axu2cga_trd.runs/design_1_v_frmbuf_wr_1_0_synth_1/prj/sol/.autopilot/db/v_frmbuf_wr.cpp:157]   --->   Operation 11 'trunc' 'trunc_ln157' <Predicate = true> <Delay = 0.00>
ST_1 : Operation 12 [1/1] (0.00ns)   --->   "%trunc_ln157_1 = trunc i16 %video_format_read" [C:/TFG_Vivado/vivado/axu2cga_trd.runs/design_1_v_frmbuf_wr_1_0_synth_1/prj/sol/.autopilot/db/v_frmbuf_wr.cpp:157]   --->   Operation 12 'trunc' 'trunc_ln157_1' <Predicate = true> <Delay = 0.00>
ST_1 : Operation 13 [1/1] (0.00ns)   --->   "%trunc_ln157_2 = trunc i16 %width_read" [C:/TFG_Vivado/vivado/axu2cga_trd.runs/design_1_v_frmbuf_wr_1_0_synth_1/prj/sol/.autopilot/db/v_frmbuf_wr.cpp:157]   --->   Operation 13 'trunc' 'trunc_ln157_2' <Predicate = true> <Delay = 0.00>
ST_1 : Operation 14 [1/1] (0.00ns)   --->   "%trunc_ln157_3 = trunc i16 %height_read" [C:/TFG_Vivado/vivado/axu2cga_trd.runs/design_1_v_frmbuf_wr_1_0_synth_1/prj/sol/.autopilot/db/v_frmbuf_wr.cpp:157]   --->   Operation 14 'trunc' 'trunc_ln157_3' <Predicate = true> <Delay = 0.00>
ST_1 : Operation 15 [1/1] (0.00ns)   --->   "%zext_ln253 = zext i16 %video_format_read" [C:/TFG_Vivado/vivado/axu2cga_trd.runs/design_1_v_frmbuf_wr_1_0_synth_1/prj/sol/.autopilot/db/v_frmbuf_wr.cpp:253]   --->   Operation 15 'zext' 'zext_ln253' <Predicate = true> <Delay = 0.00>
ST_1 : Operation 16 [1/1] (0.00ns)   --->   "%BYTES_PER_PIXEL_addr = getelementptr i3 %BYTES_PER_PIXEL, i32 0, i32 %zext_ln253" [C:/TFG_Vivado/vivado/axu2cga_trd.runs/design_1_v_frmbuf_wr_1_0_synth_1/prj/sol/.autopilot/db/v_frmbuf_wr.cpp:253]   --->   Operation 16 'getelementptr' 'BYTES_PER_PIXEL_addr' <Predicate = true> <Delay = 0.00>
ST_1 : Operation 17 [2/2] (0.79ns)   --->   "%BYTES_PER_PIXEL_load = load i6 %BYTES_PER_PIXEL_addr" [C:/TFG_Vivado/vivado/axu2cga_trd.runs/design_1_v_frmbuf_wr_1_0_synth_1/prj/sol/.autopilot/db/v_frmbuf_wr.cpp:253]   --->   Operation 17 'load' 'BYTES_PER_PIXEL_load' <Predicate = true> <Delay = 0.79> <CoreInst = "ROM">   --->   Core 100 'ROM' <Latency = 1> <II = 1> <Delay = 0.79> <Storage> <Opcode : 'load'> <Ports = 0> <Width = 3> <Depth = 45> <ROM>
ST_1 : Operation 18 [1/1] (0.00ns)   --->   "%MEMORY2LIVE_addr = getelementptr i3 %MEMORY2LIVE, i32 0, i32 %zext_ln253" [C:/TFG_Vivado/vivado/axu2cga_trd.runs/design_1_v_frmbuf_wr_1_0_synth_1/prj/sol/.autopilot/db/v_frmbuf_wr.cpp:256]   --->   Operation 18 'getelementptr' 'MEMORY2LIVE_addr' <Predicate = true> <Delay = 0.00>
ST_1 : Operation 19 [2/2] (0.79ns)   --->   "%colorFormat = load i6 %MEMORY2LIVE_addr" [C:/TFG_Vivado/vivado/axu2cga_trd.runs/design_1_v_frmbuf_wr_1_0_synth_1/prj/sol/.autopilot/db/v_frmbuf_wr.cpp:256]   --->   Operation 19 'load' 'colorFormat' <Predicate = true> <Delay = 0.79> <CoreInst = "ROM">   --->   Core 100 'ROM' <Latency = 1> <II = 1> <Delay = 0.79> <Storage> <Opcode : 'load'> <Ports = 0> <Width = 3> <Depth = 45> <ROM>

State 2 <SV = 1> <Delay = 3.58>
ST_2 : Operation 20 [1/2] ( I:0.79ns O:0.79ns )   --->   "%BYTES_PER_PIXEL_load = load i6 %BYTES_PER_PIXEL_addr" [C:/TFG_Vivado/vivado/axu2cga_trd.runs/design_1_v_frmbuf_wr_1_0_synth_1/prj/sol/.autopilot/db/v_frmbuf_wr.cpp:253]   --->   Operation 20 'load' 'BYTES_PER_PIXEL_load' <Predicate = true> <Delay = 0.79> <CoreInst = "ROM">   --->   Core 100 'ROM' <Latency = 1> <II = 1> <Delay = 0.79> <Storage> <Opcode : 'load'> <Ports = 0> <Width = 3> <Depth = 45> <ROM>
ST_2 : Operation 21 [1/1] (0.00ns)   --->   "%zext_ln253_1 = zext i3 %BYTES_PER_PIXEL_load" [C:/TFG_Vivado/vivado/axu2cga_trd.runs/design_1_v_frmbuf_wr_1_0_synth_1/prj/sol/.autopilot/db/v_frmbuf_wr.cpp:253]   --->   Operation 21 'zext' 'zext_ln253_1' <Predicate = true> <Delay = 0.00>
ST_2 : Operation 22 [1/1] (2.79ns)   --->   "%WidthInBytes = mul i14 %trunc_ln157, i14 %zext_ln253_1" [C:/TFG_Vivado/vivado/axu2cga_trd.runs/design_1_v_frmbuf_wr_1_0_synth_1/prj/sol/.autopilot/db/v_frmbuf_wr.cpp:253]   --->   Operation 22 'mul' 'WidthInBytes' <Predicate = true> <Delay = 2.79> <CoreInst = "Multiplier">   --->   Core 3 'Multiplier' <Latency = 0> <II = 1> <Delay = 2.79> <FuncUnit> <Opcode : 'mul'> <InPorts = 2> <OutPorts = 1>
ST_2 : Operation 23 [1/2] ( I:0.79ns O:0.79ns )   --->   "%colorFormat = load i6 %MEMORY2LIVE_addr" [C:/TFG_Vivado/vivado/axu2cga_trd.runs/design_1_v_frmbuf_wr_1_0_synth_1/prj/sol/.autopilot/db/v_frmbuf_wr.cpp:256]   --->   Operation 23 'load' 'colorFormat' <Predicate = true> <Delay = 0.79> <CoreInst = "ROM">   --->   Core 100 'ROM' <Latency = 1> <II = 1> <Delay = 0.79> <Storage> <Opcode : 'load'> <Ports = 0> <Width = 3> <Depth = 45> <ROM>

State 3 <SV = 2> <Delay = 2.18>
ST_3 : Operation 24 [2/2] (2.18ns)   --->   "%call_ln257 = call void @FrmbufWrHlsDataFlow, i48 %s_axis_video_V_data_V, i6 %s_axis_video_V_keep_V, i6 %s_axis_video_V_strb_V, i1 %s_axis_video_V_user_V, i1 %s_axis_video_V_last_V, i1 %s_axis_video_V_id_V, i1 %s_axis_video_V_dest_V, i128 %mm_video, i32 %frm_buffer_read, i32 %frm_buffer2_read, i14 %WidthInBytes, i3 %colorFormat, i11 %trunc_ln157_2, i11 %trunc_ln157_3, i16 %stride_read, i6 %trunc_ln157_1" [C:/TFG_Vivado/vivado/axu2cga_trd.runs/design_1_v_frmbuf_wr_1_0_synth_1/prj/sol/.autopilot/db/v_frmbuf_wr.cpp:257]   --->   Operation 24 'call' 'call_ln257' <Predicate = true> <Delay = 2.18> <CoreType = "Generic">   --->   Generic Core

State 4 <SV = 3> <Delay = 0.00>
ST_4 : Operation 25 [1/1] (0.00ns)   --->   "%spectopmodule_ln157 = spectopmodule void @_ssdm_op_SpecTopModule, void @empty_24" [C:/TFG_Vivado/vivado/axu2cga_trd.runs/design_1_v_frmbuf_wr_1_0_synth_1/prj/sol/.autopilot/db/v_frmbuf_wr.cpp:157]   --->   Operation 25 'spectopmodule' 'spectopmodule_ln157' <Predicate = true> <Delay = 0.00>
ST_4 : Operation 26 [1/1] (0.00ns)   --->   "%specinterface_ln0 = specinterface void @_ssdm_op_SpecInterface, i128 %mm_video, void @empty_27, i32 0, i32 0, void @empty_29, i32 100, i32 2073600, void @empty_30, void @empty_23, void @empty_29, i32 16, i32 4, i32 16, i32 16, void @empty_29, void @empty_29, i32 4294967295, i32 0, i32 0, i32 16"   --->   Operation 26 'specinterface' 'specinterface_ln0' <Predicate = true> <Delay = 0.00>
ST_4 : Operation 27 [1/1] (0.00ns)   --->   "%specbitsmap_ln0 = specbitsmap void @_ssdm_op_SpecBitsMap, i128 %mm_video"   --->   Operation 27 'specbitsmap' 'specbitsmap_ln0' <Predicate = true> <Delay = 0.00>
ST_4 : Operation 28 [1/1] (0.00ns)   --->   "%specbitsmap_ln0 = specbitsmap void @_ssdm_op_SpecBitsMap, i16 %width"   --->   Operation 28 'specbitsmap' 'specbitsmap_ln0' <Predicate = true> <Delay = 0.00>
ST_4 : Operation 29 [1/1] (0.00ns)   --->   "%specinterface_ln0 = specinterface void @_ssdm_op_SpecInterface, i16 %width, void @empty_31, i32 4294967295, i32 4294967295, void @empty_29, i32 0, i32 0, void @empty_32, void @empty, void @empty_29, i32 0, i32 0, i32 0, i32 0, void @empty_29, void @empty_29, i32 4294967295, i32 0, i32 0, i32 0"   --->   Operation 29 'specinterface' 'specinterface_ln0' <Predicate = true> <Delay = 0.00>
ST_4 : Operation 30 [1/1] (0.00ns)   --->   "%specinterface_ln0 = specinterface void @_ssdm_op_SpecInterface, i16 %width, void @empty_0, i32 0, i32 0, void @empty_29, i32 0, i32 0, void @empty_29, void @empty_29, void @empty_29, i32 0, i32 0, i32 0, i32 0, void @empty_29, void @empty_29, i32 4294967295, i32 0, i32 0, i32 0"   --->   Operation 30 'specinterface' 'specinterface_ln0' <Predicate = true> <Delay = 0.00>
ST_4 : Operation 31 [1/1] (0.00ns)   --->   "%specbitsmap_ln0 = specbitsmap void @_ssdm_op_SpecBitsMap, i16 %height"   --->   Operation 31 'specbitsmap' 'specbitsmap_ln0' <Predicate = true> <Delay = 0.00>
ST_4 : Operation 32 [1/1] (0.00ns)   --->   "%specinterface_ln0 = specinterface void @_ssdm_op_SpecInterface, i16 %height, void @empty_31, i32 4294967295, i32 4294967295, void @empty_29, i32 0, i32 0, void @empty_32, void @empty_12, void @empty_29, i32 0, i32 0, i32 0, i32 0, void @empty_29, void @empty_29, i32 4294967295, i32 0, i32 0, i32 0"   --->   Operation 32 'specinterface' 'specinterface_ln0' <Predicate = true> <Delay = 0.00>
ST_4 : Operation 33 [1/1] (0.00ns)   --->   "%specinterface_ln0 = specinterface void @_ssdm_op_SpecInterface, i16 %height, void @empty_0, i32 0, i32 0, void @empty_29, i32 0, i32 0, void @empty_29, void @empty_29, void @empty_29, i32 0, i32 0, i32 0, i32 0, void @empty_29, void @empty_29, i32 4294967295, i32 0, i32 0, i32 0"   --->   Operation 33 'specinterface' 'specinterface_ln0' <Predicate = true> <Delay = 0.00>
ST_4 : Operation 34 [1/1] (0.00ns)   --->   "%specbitsmap_ln0 = specbitsmap void @_ssdm_op_SpecBitsMap, i16 %stride"   --->   Operation 34 'specbitsmap' 'specbitsmap_ln0' <Predicate = true> <Delay = 0.00>
ST_4 : Operation 35 [1/1] (0.00ns)   --->   "%specinterface_ln0 = specinterface void @_ssdm_op_SpecInterface, i16 %stride, void @empty_31, i32 4294967295, i32 4294967295, void @empty_29, i32 0, i32 0, void @empty_32, void @empty_2, void @empty_29, i32 0, i32 0, i32 0, i32 0, void @empty_29, void @empty_29, i32 4294967295, i32 0, i32 0, i32 0"   --->   Operation 35 'specinterface' 'specinterface_ln0' <Predicate = true> <Delay = 0.00>
ST_4 : Operation 36 [1/1] (0.00ns)   --->   "%specinterface_ln0 = specinterface void @_ssdm_op_SpecInterface, i16 %stride, void @empty_0, i32 0, i32 0, void @empty_29, i32 0, i32 0, void @empty_29, void @empty_29, void @empty_29, i32 0, i32 0, i32 0, i32 0, void @empty_29, void @empty_29, i32 4294967295, i32 0, i32 0, i32 0"   --->   Operation 36 'specinterface' 'specinterface_ln0' <Predicate = true> <Delay = 0.00>
ST_4 : Operation 37 [1/1] (0.00ns)   --->   "%specbitsmap_ln0 = specbitsmap void @_ssdm_op_SpecBitsMap, i16 %video_format"   --->   Operation 37 'specbitsmap' 'specbitsmap_ln0' <Predicate = true> <Delay = 0.00>
ST_4 : Operation 38 [1/1] (0.00ns)   --->   "%specinterface_ln0 = specinterface void @_ssdm_op_SpecInterface, i16 %video_format, void @empty_31, i32 4294967295, i32 4294967295, void @empty_29, i32 0, i32 0, void @empty_32, void @empty_3, void @empty_29, i32 0, i32 0, i32 0, i32 0, void @empty_29, void @empty_29, i32 4294967295, i32 0, i32 0, i32 0"   --->   Operation 38 'specinterface' 'specinterface_ln0' <Predicate = true> <Delay = 0.00>
ST_4 : Operation 39 [1/1] (0.00ns)   --->   "%specinterface_ln0 = specinterface void @_ssdm_op_SpecInterface, i16 %video_format, void @empty_0, i32 0, i32 0, void @empty_29, i32 0, i32 0, void @empty_29, void @empty_29, void @empty_29, i32 0, i32 0, i32 0, i32 0, void @empty_29, void @empty_29, i32 4294967295, i32 0, i32 0, i32 0"   --->   Operation 39 'specinterface' 'specinterface_ln0' <Predicate = true> <Delay = 0.00>
ST_4 : Operation 40 [1/1] (0.00ns)   --->   "%specinterface_ln0 = specinterface void @_ssdm_op_SpecInterface, i32 %frm_buffer, void @empty_31, i32 4294967295, i32 4294967295, void @empty_29, i32 0, i32 0, void @empty_32, void @empty_4, void @empty_29, i32 0, i32 0, i32 0, i32 0, void @empty_29, void @empty_5, i32 4294967295, i32 0, i32 0, i32 0"   --->   Operation 40 'specinterface' 'specinterface_ln0' <Predicate = true> <Delay = 0.00>
ST_4 : Operation 41 [1/1] (0.00ns)   --->   "%specinterface_ln0 = specinterface void @_ssdm_op_SpecInterface, i32 %frm_buffer, void @empty_0, i32 0, i32 0, void @empty_29, i32 0, i32 0, void @empty_29, void @empty_29, void @empty_29, i32 0, i32 0, i32 0, i32 0, void @empty_29, void @empty_5, i32 4294967295, i32 0, i32 0, i32 0"   --->   Operation 41 'specinterface' 'specinterface_ln0' <Predicate = true> <Delay = 0.00>
ST_4 : Operation 42 [1/1] (0.00ns)   --->   "%specinterface_ln0 = specinterface void @_ssdm_op_SpecInterface, i32 %frm_buffer2, void @empty_31, i32 4294967295, i32 4294967295, void @empty_29, i32 0, i32 0, void @empty_32, void @empty_6, void @empty_29, i32 0, i32 0, i32 0, i32 0, void @empty_29, void @empty_5, i32 4294967295, i32 0, i32 0, i32 0"   --->   Operation 42 'specinterface' 'specinterface_ln0' <Predicate = true> <Delay = 0.00>
ST_4 : Operation 43 [1/1] (0.00ns)   --->   "%specinterface_ln0 = specinterface void @_ssdm_op_SpecInterface, i32 %frm_buffer2, void @empty_0, i32 0, i32 0, void @empty_29, i32 0, i32 0, void @empty_29, void @empty_29, void @empty_29, i32 0, i32 0, i32 0, i32 0, void @empty_29, void @empty_5, i32 4294967295, i32 0, i32 0, i32 0"   --->   Operation 43 'specinterface' 'specinterface_ln0' <Predicate = true> <Delay = 0.00>
ST_4 : Operation 44 [1/1] (0.00ns)   --->   "%specinterface_ln0 = specinterface void @_ssdm_op_SpecInterface, i32 %frm_buffer3, void @empty_31, i32 4294967295, i32 4294967295, void @empty_29, i32 0, i32 0, void @empty_32, void @empty_7, void @empty_29, i32 0, i32 0, i32 0, i32 0, void @empty_29, void @empty_5, i32 4294967295, i32 0, i32 0, i32 0"   --->   Operation 44 'specinterface' 'specinterface_ln0' <Predicate = true> <Delay = 0.00>
ST_4 : Operation 45 [1/1] (0.00ns)   --->   "%specinterface_ln0 = specinterface void @_ssdm_op_SpecInterface, i32 %frm_buffer3, void @empty_0, i32 0, i32 0, void @empty_29, i32 0, i32 0, void @empty_29, void @empty_29, void @empty_29, i32 0, i32 0, i32 0, i32 0, void @empty_29, void @empty_5, i32 4294967295, i32 0, i32 0, i32 0"   --->   Operation 45 'specinterface' 'specinterface_ln0' <Predicate = true> <Delay = 0.00>
ST_4 : Operation 46 [1/1] (0.00ns)   --->   "%specinterface_ln0 = specinterface void @_ssdm_op_SpecInterface, i48 %s_axis_video_V_data_V, i6 %s_axis_video_V_keep_V, i6 %s_axis_video_V_strb_V, i1 %s_axis_video_V_user_V, i1 %s_axis_video_V_last_V, i1 %s_axis_video_V_id_V, i1 %s_axis_video_V_dest_V, void @empty_8, i32 1, i32 1, void @empty_9, i32 0, i32 0, void @empty_29, void @empty_29, void @empty_29, i32 0, i32 0, i32 0, i32 0, void @empty_29, void @empty_29, i32 4294967295, i32 0, i32 0, i32 0"   --->   Operation 46 'specinterface' 'specinterface_ln0' <Predicate = true> <Delay = 0.00>
ST_4 : Operation 47 [1/1] (0.00ns)   --->   "%specbitsmap_ln0 = specbitsmap void @_ssdm_op_SpecBitsMap, i48 %s_axis_video_V_data_V"   --->   Operation 47 'specbitsmap' 'specbitsmap_ln0' <Predicate = true> <Delay = 0.00>
ST_4 : Operation 48 [1/1] (0.00ns)   --->   "%specbitsmap_ln0 = specbitsmap void @_ssdm_op_SpecBitsMap, i6 %s_axis_video_V_keep_V"   --->   Operation 48 'specbitsmap' 'specbitsmap_ln0' <Predicate = true> <Delay = 0.00>
ST_4 : Operation 49 [1/1] (0.00ns)   --->   "%specbitsmap_ln0 = specbitsmap void @_ssdm_op_SpecBitsMap, i6 %s_axis_video_V_strb_V"   --->   Operation 49 'specbitsmap' 'specbitsmap_ln0' <Predicate = true> <Delay = 0.00>
ST_4 : Operation 50 [1/1] (0.00ns)   --->   "%specbitsmap_ln0 = specbitsmap void @_ssdm_op_SpecBitsMap, i1 %s_axis_video_V_user_V"   --->   Operation 50 'specbitsmap' 'specbitsmap_ln0' <Predicate = true> <Delay = 0.00>
ST_4 : Operation 51 [1/1] (0.00ns)   --->   "%specbitsmap_ln0 = specbitsmap void @_ssdm_op_SpecBitsMap, i1 %s_axis_video_V_last_V"   --->   Operation 51 'specbitsmap' 'specbitsmap_ln0' <Predicate = true> <Delay = 0.00>
ST_4 : Operation 52 [1/1] (0.00ns)   --->   "%specbitsmap_ln0 = specbitsmap void @_ssdm_op_SpecBitsMap, i1 %s_axis_video_V_id_V"   --->   Operation 52 'specbitsmap' 'specbitsmap_ln0' <Predicate = true> <Delay = 0.00>
ST_4 : Operation 53 [1/1] (0.00ns)   --->   "%specbitsmap_ln0 = specbitsmap void @_ssdm_op_SpecBitsMap, i1 %s_axis_video_V_dest_V"   --->   Operation 53 'specbitsmap' 'specbitsmap_ln0' <Predicate = true> <Delay = 0.00>
ST_4 : Operation 54 [1/1] (0.00ns)   --->   "%specinterface_ln0 = specinterface void @_ssdm_op_SpecInterface, i32 0, void @empty_31, i32 0, i32 0, void @empty_29, i32 0, i32 0, void @empty_32, void @empty_29, void @empty_29, i32 0, i32 0, i32 0, i32 0, void @empty_29, void @empty_29, i32 0, i32 0, i32 0, i32 0"   --->   Operation 54 'specinterface' 'specinterface_ln0' <Predicate = true> <Delay = 0.00>
ST_4 : Operation 55 [1/1] (0.00ns)   --->   "%specstablecontent_ln187 = specstablecontent void @_ssdm_op_SpecStableContent, i16 %width, i1 1, void " [C:/TFG_Vivado/vivado/axu2cga_trd.runs/design_1_v_frmbuf_wr_1_0_synth_1/prj/sol/.autopilot/db/v_frmbuf_wr.cpp:187]   --->   Operation 55 'specstablecontent' 'specstablecontent_ln187' <Predicate = true> <Delay = 0.00>
ST_4 : Operation 56 [1/1] (0.00ns)   --->   "%specstablecontent_ln189 = specstablecontent void @_ssdm_op_SpecStableContent, i16 %height, i1 1, void " [C:/TFG_Vivado/vivado/axu2cga_trd.runs/design_1_v_frmbuf_wr_1_0_synth_1/prj/sol/.autopilot/db/v_frmbuf_wr.cpp:189]   --->   Operation 56 'specstablecontent' 'specstablecontent_ln189' <Predicate = true> <Delay = 0.00>
ST_4 : Operation 57 [1/1] (0.00ns)   --->   "%specstablecontent_ln191 = specstablecontent void @_ssdm_op_SpecStableContent, i16 %stride, i1 1, void " [C:/TFG_Vivado/vivado/axu2cga_trd.runs/design_1_v_frmbuf_wr_1_0_synth_1/prj/sol/.autopilot/db/v_frmbuf_wr.cpp:191]   --->   Operation 57 'specstablecontent' 'specstablecontent_ln191' <Predicate = true> <Delay = 0.00>
ST_4 : Operation 58 [1/1] (0.00ns)   --->   "%specstablecontent_ln193 = specstablecontent void @_ssdm_op_SpecStableContent, i16 %video_format, i1 1, void " [C:/TFG_Vivado/vivado/axu2cga_trd.runs/design_1_v_frmbuf_wr_1_0_synth_1/prj/sol/.autopilot/db/v_frmbuf_wr.cpp:193]   --->   Operation 58 'specstablecontent' 'specstablecontent_ln193' <Predicate = true> <Delay = 0.00>
ST_4 : Operation 59 [1/2] (0.00ns)   --->   "%call_ln257 = call void @FrmbufWrHlsDataFlow, i48 %s_axis_video_V_data_V, i6 %s_axis_video_V_keep_V, i6 %s_axis_video_V_strb_V, i1 %s_axis_video_V_user_V, i1 %s_axis_video_V_last_V, i1 %s_axis_video_V_id_V, i1 %s_axis_video_V_dest_V, i128 %mm_video, i32 %frm_buffer_read, i32 %frm_buffer2_read, i14 %WidthInBytes, i3 %colorFormat, i11 %trunc_ln157_2, i11 %trunc_ln157_3, i16 %stride_read, i6 %trunc_ln157_1" [C:/TFG_Vivado/vivado/axu2cga_trd.runs/design_1_v_frmbuf_wr_1_0_synth_1/prj/sol/.autopilot/db/v_frmbuf_wr.cpp:257]   --->   Operation 59 'call' 'call_ln257' <Predicate = true> <Delay = 0.00> <CoreType = "Generic">   --->   Generic Core
ST_4 : Operation 60 [1/1] (0.00ns)   --->   "%specaxissidechannel_ln273 = specaxissidechannel void @_ssdm_op_SpecAXISSideChannel, i48 %s_axis_video_V_data_V, i6 %s_axis_video_V_keep_V, i6 %s_axis_video_V_strb_V, i1 %s_axis_video_V_user_V, i1 %s_axis_video_V_last_V, i1 %s_axis_video_V_id_V, i1 %s_axis_video_V_dest_V, void @empty_10" [C:/TFG_Vivado/vivado/axu2cga_trd.runs/design_1_v_frmbuf_wr_1_0_synth_1/prj/sol/.autopilot/db/v_frmbuf_wr.cpp:273]   --->   Operation 60 'specaxissidechannel' 'specaxissidechannel_ln273' <Predicate = true> <Delay = 0.00>
ST_4 : Operation 61 [1/1] (0.00ns)   --->   "%ret_ln273 = ret" [C:/TFG_Vivado/vivado/axu2cga_trd.runs/design_1_v_frmbuf_wr_1_0_synth_1/prj/sol/.autopilot/db/v_frmbuf_wr.cpp:273]   --->   Operation 61 'ret' 'ret_ln273' <Predicate = true> <Delay = 0.00>


============================================================
+ Verbose Summary: Binding
============================================================
STG Binding: 
---------------- STG Properties BEGIN ----------------
- Is combinational: 0
- Is one-state seq: 0
- Is datapath-only: 0
- Is pipelined: 0
- Is top level: 1
Port [ Return ] is wired: 1; IO mode=ap_ctrl_hs:ce=0
Port [ mm_video]:  wired=1; compound=1; hidden=0; nouse=0; global=0; static=0; extern=0; dir=1; type=4; pingpong=0; private_global=0; IO mode=m_axi:ce=0
Port [ width]:  wired=1; compound=0; hidden=0; nouse=0; global=0; static=0; extern=0; dir=0; type=0; pingpong=0; private_global=0; IO mode=ap_none:ce=0
Port [ height]:  wired=1; compound=0; hidden=0; nouse=0; global=0; static=0; extern=0; dir=0; type=0; pingpong=0; private_global=0; IO mode=ap_none:ce=0
Port [ stride]:  wired=1; compound=0; hidden=0; nouse=0; global=0; static=0; extern=0; dir=0; type=0; pingpong=0; private_global=0; IO mode=ap_none:ce=0
Port [ video_format]:  wired=1; compound=0; hidden=0; nouse=0; global=0; static=0; extern=0; dir=0; type=0; pingpong=0; private_global=0; IO mode=ap_none:ce=0
Port [ frm_buffer]:  wired=1; compound=0; hidden=0; nouse=0; global=0; static=0; extern=0; dir=0; type=0; pingpong=0; private_global=0; IO mode=ap_none:ce=0
Port [ frm_buffer2]:  wired=1; compound=0; hidden=0; nouse=0; global=0; static=0; extern=0; dir=0; type=0; pingpong=0; private_global=0; IO mode=ap_none:ce=0
Port [ frm_buffer3]:  wired=1; compound=0; hidden=0; nouse=1; global=0; static=0; extern=0; dir=0; type=0; pingpong=0; private_global=0; IO mode=ap_none:ce=0
Port [ s_axis_video_V_data_V]:  wired=1; compound=1; hidden=0; nouse=0; global=0; static=0; extern=0; dir=0; type=0; pingpong=0; private_global=0; IO mode=axis:ce=0
Port [ s_axis_video_V_keep_V]:  wired=1; compound=1; hidden=0; nouse=0; global=0; static=0; extern=0; dir=0; type=0; pingpong=0; private_global=0; IO mode=axis:ce=0
Port [ s_axis_video_V_strb_V]:  wired=1; compound=1; hidden=0; nouse=0; global=0; static=0; extern=0; dir=0; type=0; pingpong=0; private_global=0; IO mode=axis:ce=0
Port [ s_axis_video_V_user_V]:  wired=1; compound=1; hidden=0; nouse=0; global=0; static=0; extern=0; dir=0; type=0; pingpong=0; private_global=0; IO mode=axis:ce=0
Port [ s_axis_video_V_last_V]:  wired=1; compound=1; hidden=0; nouse=0; global=0; static=0; extern=0; dir=0; type=0; pingpong=0; private_global=0; IO mode=axis:ce=0
Port [ s_axis_video_V_id_V]:  wired=1; compound=1; hidden=0; nouse=0; global=0; static=0; extern=0; dir=0; type=0; pingpong=0; private_global=0; IO mode=axis:ce=0
Port [ s_axis_video_V_dest_V]:  wired=1; compound=1; hidden=0; nouse=0; global=0; static=0; extern=0; dir=0; type=0; pingpong=0; private_global=0; IO mode=axis:ce=0
Port [ BYTES_PER_PIXEL]:  wired=0; compound=1; hidden=1; nouse=0; global=1; static=1; extern=0; dir=0; type=1; pingpong=0; private_global=1; MemPort=[1]; IO mode=ap_memory:ce=0
Port [ MEMORY2LIVE]:  wired=0; compound=1; hidden=1; nouse=0; global=1; static=1; extern=0; dir=0; type=1; pingpong=0; private_global=1; MemPort=[1]; IO mode=ap_memory:ce=0
---------------- STG Properties END ------------------

---------------- Datapath Model BEGIN ----------------

<LifeTime>
<method=bitvector/>
frm_buffer2_read          (read               ) [ 00111]
frm_buffer_read           (read               ) [ 00111]
video_format_read         (read               ) [ 00000]
stride_read               (read               ) [ 00111]
height_read               (read               ) [ 00000]
width_read                (read               ) [ 00000]
trunc_ln157               (trunc              ) [ 00100]
trunc_ln157_1             (trunc              ) [ 00111]
trunc_ln157_2             (trunc              ) [ 00111]
trunc_ln157_3             (trunc              ) [ 00111]
zext_ln253                (zext               ) [ 00000]
BYTES_PER_PIXEL_addr      (getelementptr      ) [ 00100]
MEMORY2LIVE_addr          (getelementptr      ) [ 00100]
BYTES_PER_PIXEL_load      (load               ) [ 00000]
zext_ln253_1              (zext               ) [ 00000]
WidthInBytes              (mul                ) [ 00011]
colorFormat               (load               ) [ 00011]
spectopmodule_ln157       (spectopmodule      ) [ 00000]
specinterface_ln0         (specinterface      ) [ 00000]
specbitsmap_ln0           (specbitsmap        ) [ 00000]
specbitsmap_ln0           (specbitsmap        ) [ 00000]
specinterface_ln0         (specinterface      ) [ 00000]
specinterface_ln0         (specinterface      ) [ 00000]
specbitsmap_ln0           (specbitsmap        ) [ 00000]
specinterface_ln0         (specinterface      ) [ 00000]
specinterface_ln0         (specinterface      ) [ 00000]
specbitsmap_ln0           (specbitsmap        ) [ 00000]
specinterface_ln0         (specinterface      ) [ 00000]
specinterface_ln0         (specinterface      ) [ 00000]
specbitsmap_ln0           (specbitsmap        ) [ 00000]
specinterface_ln0         (specinterface      ) [ 00000]
specinterface_ln0         (specinterface      ) [ 00000]
specinterface_ln0         (specinterface      ) [ 00000]
specinterface_ln0         (specinterface      ) [ 00000]
specinterface_ln0         (specinterface      ) [ 00000]
specinterface_ln0         (specinterface      ) [ 00000]
specinterface_ln0         (specinterface      ) [ 00000]
specinterface_ln0         (specinterface      ) [ 00000]
specinterface_ln0         (specinterface      ) [ 00000]
specbitsmap_ln0           (specbitsmap        ) [ 00000]
specbitsmap_ln0           (specbitsmap        ) [ 00000]
specbitsmap_ln0           (specbitsmap        ) [ 00000]
specbitsmap_ln0           (specbitsmap        ) [ 00000]
specbitsmap_ln0           (specbitsmap        ) [ 00000]
specbitsmap_ln0           (specbitsmap        ) [ 00000]
specbitsmap_ln0           (specbitsmap        ) [ 00000]
specinterface_ln0         (specinterface      ) [ 00000]
specstablecontent_ln187   (specstablecontent  ) [ 00000]
specstablecontent_ln189   (specstablecontent  ) [ 00000]
specstablecontent_ln191   (specstablecontent  ) [ 00000]
specstablecontent_ln193   (specstablecontent  ) [ 00000]
call_ln257                (call               ) [ 00000]
specaxissidechannel_ln273 (specaxissidechannel) [ 00000]
ret_ln273                 (ret                ) [ 00000]
</LifeTime>

<model>

<comp_list>
<comp id="0" class="1000" name="mm_video">
<pin_list>
<pin id="1" dir="1" index="0" bw="1" slack="0"/>
</pin_list>
<bind>
<StgValue><ssdm name="mm_video"/><MemPortTyVec>1 </MemPortTyVec>
</StgValue>
</bind>
</comp>

<comp id="2" class="1000" name="width">
<pin_list>
<pin id="3" dir="1" index="0" bw="1" slack="0"/>
</pin_list>
<bind>
<StgValue><ssdm name="width"/></StgValue>
</bind>
</comp>

<comp id="4" class="1000" name="height">
<pin_list>
<pin id="5" dir="1" index="0" bw="1" slack="0"/>
</pin_list>
<bind>
<StgValue><ssdm name="height"/></StgValue>
</bind>
</comp>

<comp id="6" class="1000" name="stride">
<pin_list>
<pin id="7" dir="1" index="0" bw="1" slack="0"/>
</pin_list>
<bind>
<StgValue><ssdm name="stride"/></StgValue>
</bind>
</comp>

<comp id="8" class="1000" name="video_format">
<pin_list>
<pin id="9" dir="1" index="0" bw="1" slack="0"/>
</pin_list>
<bind>
<StgValue><ssdm name="video_format"/></StgValue>
</bind>
</comp>

<comp id="10" class="1000" name="frm_buffer">
<pin_list>
<pin id="11" dir="1" index="0" bw="1" slack="0"/>
</pin_list>
<bind>
<StgValue><ssdm name="frm_buffer"/></StgValue>
</bind>
</comp>

<comp id="12" class="1000" name="frm_buffer2">
<pin_list>
<pin id="13" dir="1" index="0" bw="1" slack="0"/>
</pin_list>
<bind>
<StgValue><ssdm name="frm_buffer2"/></StgValue>
</bind>
</comp>

<comp id="14" class="1000" name="frm_buffer3">
<pin_list>
<pin id="15" dir="1" index="0" bw="1" slack="2147483647"/>
</pin_list>
<bind>
<StgValue><ssdm name="frm_buffer3"/></StgValue>
</bind>
</comp>

<comp id="16" class="1000" name="s_axis_video_V_data_V">
<pin_list>
<pin id="17" dir="1" index="0" bw="1" slack="0"/>
</pin_list>
<bind>
<StgValue><ssdm name="s_axis_video_V_data_V"/></StgValue>
</bind>
</comp>

<comp id="18" class="1000" name="s_axis_video_V_keep_V">
<pin_list>
<pin id="19" dir="1" index="0" bw="1" slack="0"/>
</pin_list>
<bind>
<StgValue><ssdm name="s_axis_video_V_keep_V"/></StgValue>
</bind>
</comp>

<comp id="20" class="1000" name="s_axis_video_V_strb_V">
<pin_list>
<pin id="21" dir="1" index="0" bw="1" slack="0"/>
</pin_list>
<bind>
<StgValue><ssdm name="s_axis_video_V_strb_V"/></StgValue>
</bind>
</comp>

<comp id="22" class="1000" name="s_axis_video_V_user_V">
<pin_list>
<pin id="23" dir="1" index="0" bw="1" slack="0"/>
</pin_list>
<bind>
<StgValue><ssdm name="s_axis_video_V_user_V"/></StgValue>
</bind>
</comp>

<comp id="24" class="1000" name="s_axis_video_V_last_V">
<pin_list>
<pin id="25" dir="1" index="0" bw="1" slack="0"/>
</pin_list>
<bind>
<StgValue><ssdm name="s_axis_video_V_last_V"/></StgValue>
</bind>
</comp>

<comp id="26" class="1000" name="s_axis_video_V_id_V">
<pin_list>
<pin id="27" dir="1" index="0" bw="1" slack="0"/>
</pin_list>
<bind>
<StgValue><ssdm name="s_axis_video_V_id_V"/></StgValue>
</bind>
</comp>

<comp id="28" class="1000" name="s_axis_video_V_dest_V">
<pin_list>
<pin id="29" dir="1" index="0" bw="1" slack="0"/>
</pin_list>
<bind>
<StgValue><ssdm name="s_axis_video_V_dest_V"/></StgValue>
</bind>
</comp>

<comp id="30" class="1000" name="BYTES_PER_PIXEL">
<pin_list>
<pin id="31" dir="1" index="0" bw="1" slack="0"/>
</pin_list>
<bind>
<StgValue><ssdm name="BYTES_PER_PIXEL"/><MemPortTyVec>1 </MemPortTyVec>
</StgValue>
</bind>
</comp>

<comp id="32" class="1000" name="MEMORY2LIVE">
<pin_list>
<pin id="33" dir="1" index="0" bw="1" slack="0"/>
</pin_list>
<bind>
<StgValue><ssdm name="MEMORY2LIVE"/><MemPortTyVec>1 </MemPortTyVec>
</StgValue>
</bind>
</comp>

<comp id="34" class="1001" name="const_34">
<pin_list>
<pin id="35" dir="1" index="0" bw="1" slack="0"/>
</pin_list>
<bind>
<StgValue><ssdm name="_ssdm_op_Read.s_axilite.i32"/></StgValue>
</bind>
</comp>

<comp id="36" class="1001" name="const_36">
<pin_list>
<pin id="37" dir="1" index="0" bw="1" slack="0"/>
</pin_list>
<bind>
<StgValue><ssdm name="_ssdm_op_Read.s_axilite.i16"/></StgValue>
</bind>
</comp>

<comp id="38" class="1001" name="const_38">
<pin_list>
<pin id="39" dir="1" index="0" bw="1" slack="0"/>
</pin_list>
<bind>
<StgValue><ssdm name=""/></StgValue>
</bind>
</comp>

<comp id="40" class="1001" name="const_40">
<pin_list>
<pin id="41" dir="1" index="0" bw="1" slack="0"/>
</pin_list>
<bind>
<StgValue><ssdm name="FrmbufWrHlsDataFlow"/></StgValue>
</bind>
</comp>

<comp id="42" class="1001" name="const_42">
<pin_list>
<pin id="43" dir="1" index="0" bw="1" slack="2147483647"/>
</pin_list>
<bind>
<StgValue><ssdm name="_ssdm_op_SpecTopModule"/></StgValue>
</bind>
</comp>

<comp id="44" class="1001" name="const_44">
<pin_list>
<pin id="45" dir="1" index="0" bw="1" slack="2147483647"/>
</pin_list>
<bind>
<StgValue><ssdm name="empty_24"/></StgValue>
</bind>
</comp>

<comp id="46" class="1001" name="const_46">
<pin_list>
<pin id="47" dir="1" index="0" bw="1" slack="2147483647"/>
</pin_list>
<bind>
<StgValue><ssdm name="_ssdm_op_SpecInterface"/></StgValue>
</bind>
</comp>

<comp id="48" class="1001" name="const_48">
<pin_list>
<pin id="49" dir="1" index="0" bw="1" slack="2147483647"/>
</pin_list>
<bind>
<StgValue><ssdm name="empty_27"/></StgValue>
</bind>
</comp>

<comp id="50" class="1001" name="const_50">
<pin_list>
<pin id="51" dir="1" index="0" bw="1" slack="2147483647"/>
</pin_list>
<bind>
<StgValue><ssdm name="empty_29"/></StgValue>
</bind>
</comp>

<comp id="52" class="1001" name="const_52">
<pin_list>
<pin id="53" dir="1" index="0" bw="1" slack="2147483647"/>
</pin_list>
<bind>
<StgValue><ssdm name=""/></StgValue>
</bind>
</comp>

<comp id="54" class="1001" name="const_54">
<pin_list>
<pin id="55" dir="1" index="0" bw="1" slack="2147483647"/>
</pin_list>
<bind>
<StgValue><ssdm name=""/></StgValue>
</bind>
</comp>

<comp id="56" class="1001" name="const_56">
<pin_list>
<pin id="57" dir="1" index="0" bw="1" slack="2147483647"/>
</pin_list>
<bind>
<StgValue><ssdm name="empty_30"/></StgValue>
</bind>
</comp>

<comp id="58" class="1001" name="const_58">
<pin_list>
<pin id="59" dir="1" index="0" bw="1" slack="2147483647"/>
</pin_list>
<bind>
<StgValue><ssdm name="empty_23"/></StgValue>
</bind>
</comp>

<comp id="60" class="1001" name="const_60">
<pin_list>
<pin id="61" dir="1" index="0" bw="1" slack="2147483647"/>
</pin_list>
<bind>
<StgValue><ssdm name=""/></StgValue>
</bind>
</comp>

<comp id="62" class="1001" name="const_62">
<pin_list>
<pin id="63" dir="1" index="0" bw="1" slack="2147483647"/>
</pin_list>
<bind>
<StgValue><ssdm name=""/></StgValue>
</bind>
</comp>

<comp id="64" class="1001" name="const_64">
<pin_list>
<pin id="65" dir="1" index="0" bw="1" slack="2147483647"/>
</pin_list>
<bind>
<StgValue><ssdm name=""/></StgValue>
</bind>
</comp>

<comp id="66" class="1001" name="const_66">
<pin_list>
<pin id="67" dir="1" index="0" bw="1" slack="2147483647"/>
</pin_list>
<bind>
<StgValue><ssdm name="_ssdm_op_SpecBitsMap"/></StgValue>
</bind>
</comp>

<comp id="68" class="1001" name="const_68">
<pin_list>
<pin id="69" dir="1" index="0" bw="1" slack="2147483647"/>
</pin_list>
<bind>
<StgValue><ssdm name="empty_31"/></StgValue>
</bind>
</comp>

<comp id="70" class="1001" name="const_70">
<pin_list>
<pin id="71" dir="1" index="0" bw="1" slack="2147483647"/>
</pin_list>
<bind>
<StgValue><ssdm name="empty_32"/></StgValue>
</bind>
</comp>

<comp id="72" class="1001" name="const_72">
<pin_list>
<pin id="73" dir="1" index="0" bw="1" slack="2147483647"/>
</pin_list>
<bind>
<StgValue><ssdm name="empty"/></StgValue>
</bind>
</comp>

<comp id="74" class="1001" name="const_74">
<pin_list>
<pin id="75" dir="1" index="0" bw="1" slack="2147483647"/>
</pin_list>
<bind>
<StgValue><ssdm name="empty_0"/></StgValue>
</bind>
</comp>

<comp id="76" class="1001" name="const_76">
<pin_list>
<pin id="77" dir="1" index="0" bw="1" slack="2147483647"/>
</pin_list>
<bind>
<StgValue><ssdm name="empty_12"/></StgValue>
</bind>
</comp>

<comp id="78" class="1001" name="const_78">
<pin_list>
<pin id="79" dir="1" index="0" bw="1" slack="2147483647"/>
</pin_list>
<bind>
<StgValue><ssdm name="empty_2"/></StgValue>
</bind>
</comp>

<comp id="80" class="1001" name="const_80">
<pin_list>
<pin id="81" dir="1" index="0" bw="1" slack="2147483647"/>
</pin_list>
<bind>
<StgValue><ssdm name="empty_3"/></StgValue>
</bind>
</comp>

<comp id="82" class="1001" name="const_82">
<pin_list>
<pin id="83" dir="1" index="0" bw="1" slack="2147483647"/>
</pin_list>
<bind>
<StgValue><ssdm name="empty_4"/></StgValue>
</bind>
</comp>

<comp id="84" class="1001" name="const_84">
<pin_list>
<pin id="85" dir="1" index="0" bw="1" slack="2147483647"/>
</pin_list>
<bind>
<StgValue><ssdm name="empty_5"/></StgValue>
</bind>
</comp>

<comp id="86" class="1001" name="const_86">
<pin_list>
<pin id="87" dir="1" index="0" bw="1" slack="2147483647"/>
</pin_list>
<bind>
<StgValue><ssdm name="empty_6"/></StgValue>
</bind>
</comp>

<comp id="88" class="1001" name="const_88">
<pin_list>
<pin id="89" dir="1" index="0" bw="1" slack="2147483647"/>
</pin_list>
<bind>
<StgValue><ssdm name="empty_7"/></StgValue>
</bind>
</comp>

<comp id="90" class="1001" name="const_90">
<pin_list>
<pin id="91" dir="1" index="0" bw="1" slack="2147483647"/>
</pin_list>
<bind>
<StgValue><ssdm name="empty_8"/></StgValue>
</bind>
</comp>

<comp id="92" class="1001" name="const_92">
<pin_list>
<pin id="93" dir="1" index="0" bw="1" slack="2147483647"/>
</pin_list>
<bind>
<StgValue><ssdm name=""/></StgValue>
</bind>
</comp>

<comp id="94" class="1001" name="const_94">
<pin_list>
<pin id="95" dir="1" index="0" bw="1" slack="2147483647"/>
</pin_list>
<bind>
<StgValue><ssdm name="empty_9"/></StgValue>
</bind>
</comp>

<comp id="96" class="1001" name="const_96">
<pin_list>
<pin id="97" dir="1" index="0" bw="1" slack="2147483647"/>
</pin_list>
<bind>
<StgValue><ssdm name="_ssdm_op_SpecStableContent"/></StgValue>
</bind>
</comp>

<comp id="98" class="1001" name="const_98">
<pin_list>
<pin id="99" dir="1" index="0" bw="1" slack="2147483647"/>
</pin_list>
<bind>
<StgValue><ssdm name=""/></StgValue>
</bind>
</comp>

<comp id="100" class="1001" name="const_100">
<pin_list>
<pin id="101" dir="1" index="0" bw="1" slack="2147483647"/>
</pin_list>
<bind>
<StgValue><ssdm name=""/></StgValue>
</bind>
</comp>

<comp id="102" class="1001" name="const_102">
<pin_list>
<pin id="103" dir="1" index="0" bw="1" slack="2147483647"/>
</pin_list>
<bind>
<StgValue><ssdm name="_ssdm_op_SpecAXISSideChannel"/></StgValue>
</bind>
</comp>

<comp id="104" class="1001" name="const_104">
<pin_list>
<pin id="105" dir="1" index="0" bw="1" slack="2147483647"/>
</pin_list>
<bind>
<StgValue><ssdm name="empty_10"/></StgValue>
</bind>
</comp>

<comp id="106" class="1004" name="frm_buffer2_read_read_fu_106">
<pin_list>
<pin id="107" dir="0" index="0" bw="32" slack="0"/>
<pin id="108" dir="0" index="1" bw="32" slack="0"/>
<pin id="109" dir="1" index="2" bw="32" slack="2"/>
</pin_list>
<bind>
<opcode="read(1150) " fcode="read"/>
<opset="frm_buffer2_read/1 "/>
</bind>
</comp>

<comp id="112" class="1004" name="frm_buffer_read_read_fu_112">
<pin_list>
<pin id="113" dir="0" index="0" bw="32" slack="0"/>
<pin id="114" dir="0" index="1" bw="32" slack="0"/>
<pin id="115" dir="1" index="2" bw="32" slack="2"/>
</pin_list>
<bind>
<opcode="read(1150) " fcode="read"/>
<opset="frm_buffer_read/1 "/>
</bind>
</comp>

<comp id="118" class="1004" name="video_format_read_read_fu_118">
<pin_list>
<pin id="119" dir="0" index="0" bw="16" slack="0"/>
<pin id="120" dir="0" index="1" bw="16" slack="0"/>
<pin id="121" dir="1" index="2" bw="16" slack="0"/>
</pin_list>
<bind>
<opcode="read(1150) " fcode="read"/>
<opset="video_format_read/1 "/>
</bind>
</comp>

<comp id="124" class="1004" name="stride_read_read_fu_124">
<pin_list>
<pin id="125" dir="0" index="0" bw="16" slack="0"/>
<pin id="126" dir="0" index="1" bw="16" slack="0"/>
<pin id="127" dir="1" index="2" bw="16" slack="2"/>
</pin_list>
<bind>
<opcode="read(1150) " fcode="read"/>
<opset="stride_read/1 "/>
</bind>
</comp>

<comp id="130" class="1004" name="height_read_read_fu_130">
<pin_list>
<pin id="131" dir="0" index="0" bw="16" slack="0"/>
<pin id="132" dir="0" index="1" bw="16" slack="0"/>
<pin id="133" dir="1" index="2" bw="16" slack="0"/>
</pin_list>
<bind>
<opcode="read(1150) " fcode="read"/>
<opset="height_read/1 "/>
</bind>
</comp>

<comp id="136" class="1004" name="width_read_read_fu_136">
<pin_list>
<pin id="137" dir="0" index="0" bw="16" slack="0"/>
<pin id="138" dir="0" index="1" bw="16" slack="0"/>
<pin id="139" dir="1" index="2" bw="16" slack="0"/>
</pin_list>
<bind>
<opcode="read(1150) " fcode="read"/>
<opset="width_read/1 "/>
</bind>
</comp>

<comp id="142" class="1004" name="BYTES_PER_PIXEL_addr_gep_fu_142">
<pin_list>
<pin id="143" dir="0" index="0" bw="3" slack="0"/>
<pin id="144" dir="0" index="1" bw="1" slack="0"/>
<pin id="145" dir="0" index="2" bw="16" slack="0"/>
<pin id="146" dir="1" index="3" bw="6" slack="0"/>
</pin_list>
<bind>
<opcode="getelementptr(29) " fcode="getelementptr"/>
<opset="BYTES_PER_PIXEL_addr/1 "/>
</bind>
</comp>

<comp id="149" class="1004" name="grp_access_fu_149">
<pin_list>
<pin id="150" dir="0" index="0" bw="6" slack="0"/>
<pin id="151" dir="0" index="1" bw="3" slack="2147483647"/>
<pin id="152" dir="0" index="2" bw="0" slack="2147483647"/>
<pin id="153" dir="1" index="3" bw="3" slack="0"/>
</pin_list>
<bind>
<opcode="load(27) " fcode="load"/>
<opset="BYTES_PER_PIXEL_load/1 "/>
</bind>
</comp>

<comp id="155" class="1004" name="MEMORY2LIVE_addr_gep_fu_155">
<pin_list>
<pin id="156" dir="0" index="0" bw="3" slack="0"/>
<pin id="157" dir="0" index="1" bw="1" slack="0"/>
<pin id="158" dir="0" index="2" bw="16" slack="0"/>
<pin id="159" dir="1" index="3" bw="6" slack="0"/>
</pin_list>
<bind>
<opcode="getelementptr(29) " fcode="getelementptr"/>
<opset="MEMORY2LIVE_addr/1 "/>
</bind>
</comp>

<comp id="162" class="1004" name="grp_access_fu_162">
<pin_list>
<pin id="163" dir="0" index="0" bw="6" slack="0"/>
<pin id="164" dir="0" index="1" bw="3" slack="2147483647"/>
<pin id="165" dir="0" index="2" bw="0" slack="2147483647"/>
<pin id="166" dir="1" index="3" bw="3" slack="1"/>
</pin_list>
<bind>
<opcode="load(27) " fcode="load"/>
<opset="colorFormat/1 "/>
</bind>
</comp>

<comp id="168" class="1004" name="grp_FrmbufWrHlsDataFlow_fu_168">
<pin_list>
<pin id="169" dir="0" index="0" bw="0" slack="0"/>
<pin id="170" dir="0" index="1" bw="48" slack="0"/>
<pin id="171" dir="0" index="2" bw="6" slack="0"/>
<pin id="172" dir="0" index="3" bw="6" slack="0"/>
<pin id="173" dir="0" index="4" bw="1" slack="0"/>
<pin id="174" dir="0" index="5" bw="1" slack="0"/>
<pin id="175" dir="0" index="6" bw="1" slack="0"/>
<pin id="176" dir="0" index="7" bw="1" slack="0"/>
<pin id="177" dir="0" index="8" bw="128" slack="0"/>
<pin id="178" dir="0" index="9" bw="32" slack="2"/>
<pin id="179" dir="0" index="10" bw="32" slack="2"/>
<pin id="180" dir="0" index="11" bw="14" slack="1"/>
<pin id="181" dir="0" index="12" bw="3" slack="1"/>
<pin id="182" dir="0" index="13" bw="11" slack="2"/>
<pin id="183" dir="0" index="14" bw="11" slack="2"/>
<pin id="184" dir="0" index="15" bw="16" slack="2"/>
<pin id="185" dir="0" index="16" bw="6" slack="2"/>
<pin id="186" dir="1" index="17" bw="0" slack="2147483647"/>
</pin_list>
<bind>
<opcode="call(48) " fcode="call"/>
<opset="call_ln257/3 "/>
</bind>
</comp>

<comp id="196" class="1004" name="trunc_ln157_fu_196">
<pin_list>
<pin id="197" dir="0" index="0" bw="16" slack="0"/>
<pin id="198" dir="1" index="1" bw="14" slack="1"/>
</pin_list>
<bind>
<opcode="trunc(33) " fcode="trunc"/>
<opset="trunc_ln157/1 "/>
</bind>
</comp>

<comp id="200" class="1004" name="trunc_ln157_1_fu_200">
<pin_list>
<pin id="201" dir="0" index="0" bw="16" slack="0"/>
<pin id="202" dir="1" index="1" bw="6" slack="2"/>
</pin_list>
<bind>
<opcode="trunc(33) " fcode="trunc"/>
<opset="trunc_ln157_1/1 "/>
</bind>
</comp>

<comp id="204" class="1004" name="trunc_ln157_2_fu_204">
<pin_list>
<pin id="205" dir="0" index="0" bw="16" slack="0"/>
<pin id="206" dir="1" index="1" bw="11" slack="2"/>
</pin_list>
<bind>
<opcode="trunc(33) " fcode="trunc"/>
<opset="trunc_ln157_2/1 "/>
</bind>
</comp>

<comp id="208" class="1004" name="trunc_ln157_3_fu_208">
<pin_list>
<pin id="209" dir="0" index="0" bw="16" slack="0"/>
<pin id="210" dir="1" index="1" bw="11" slack="2"/>
</pin_list>
<bind>
<opcode="trunc(33) " fcode="trunc"/>
<opset="trunc_ln157_3/1 "/>
</bind>
</comp>

<comp id="212" class="1004" name="zext_ln253_fu_212">
<pin_list>
<pin id="213" dir="0" index="0" bw="16" slack="0"/>
<pin id="214" dir="1" index="1" bw="32" slack="0"/>
</pin_list>
<bind>
<opcode="zext(34) " fcode="zext"/>
<opset="zext_ln253/1 "/>
</bind>
</comp>

<comp id="218" class="1004" name="zext_ln253_1_fu_218">
<pin_list>
<pin id="219" dir="0" index="0" bw="3" slack="0"/>
<pin id="220" dir="1" index="1" bw="14" slack="0"/>
</pin_list>
<bind>
<opcode="zext(34) " fcode="zext"/>
<opset="zext_ln253_1/2 "/>
</bind>
</comp>

<comp id="222" class="1004" name="WidthInBytes_fu_222">
<pin_list>
<pin id="223" dir="0" index="0" bw="14" slack="1"/>
<pin id="224" dir="0" index="1" bw="3" slack="0"/>
<pin id="225" dir="1" index="2" bw="14" slack="1"/>
</pin_list>
<bind>
<opcode="mul(12) " fcode="mul"/>
<opset="WidthInBytes/2 "/>
</bind>
</comp>

<comp id="227" class="1005" name="frm_buffer2_read_reg_227">
<pin_list>
<pin id="228" dir="0" index="0" bw="32" slack="2"/>
<pin id="229" dir="1" index="1" bw="32" slack="2"/>
</pin_list>
<bind>
<opset="frm_buffer2_read "/>
</bind>
</comp>

<comp id="232" class="1005" name="frm_buffer_read_reg_232">
<pin_list>
<pin id="233" dir="0" index="0" bw="32" slack="2"/>
<pin id="234" dir="1" index="1" bw="32" slack="2"/>
</pin_list>
<bind>
<opset="frm_buffer_read "/>
</bind>
</comp>

<comp id="237" class="1005" name="stride_read_reg_237">
<pin_list>
<pin id="238" dir="0" index="0" bw="16" slack="2"/>
<pin id="239" dir="1" index="1" bw="16" slack="2"/>
</pin_list>
<bind>
<opset="stride_read "/>
</bind>
</comp>

<comp id="242" class="1005" name="trunc_ln157_reg_242">
<pin_list>
<pin id="243" dir="0" index="0" bw="14" slack="1"/>
<pin id="244" dir="1" index="1" bw="14" slack="1"/>
</pin_list>
<bind>
<opset="trunc_ln157 "/>
</bind>
</comp>

<comp id="247" class="1005" name="trunc_ln157_1_reg_247">
<pin_list>
<pin id="248" dir="0" index="0" bw="6" slack="2"/>
<pin id="249" dir="1" index="1" bw="6" slack="2"/>
</pin_list>
<bind>
<opset="trunc_ln157_1 "/>
</bind>
</comp>

<comp id="252" class="1005" name="trunc_ln157_2_reg_252">
<pin_list>
<pin id="253" dir="0" index="0" bw="11" slack="2"/>
<pin id="254" dir="1" index="1" bw="11" slack="2"/>
</pin_list>
<bind>
<opset="trunc_ln157_2 "/>
</bind>
</comp>

<comp id="257" class="1005" name="trunc_ln157_3_reg_257">
<pin_list>
<pin id="258" dir="0" index="0" bw="11" slack="2"/>
<pin id="259" dir="1" index="1" bw="11" slack="2"/>
</pin_list>
<bind>
<opset="trunc_ln157_3 "/>
</bind>
</comp>

<comp id="262" class="1005" name="BYTES_PER_PIXEL_addr_reg_262">
<pin_list>
<pin id="263" dir="0" index="0" bw="6" slack="1"/>
<pin id="264" dir="1" index="1" bw="6" slack="1"/>
</pin_list>
<bind>
<opset="BYTES_PER_PIXEL_addr "/>
</bind>
</comp>

<comp id="267" class="1005" name="MEMORY2LIVE_addr_reg_267">
<pin_list>
<pin id="268" dir="0" index="0" bw="6" slack="1"/>
<pin id="269" dir="1" index="1" bw="6" slack="1"/>
</pin_list>
<bind>
<opset="MEMORY2LIVE_addr "/>
</bind>
</comp>

<comp id="272" class="1005" name="WidthInBytes_reg_272">
<pin_list>
<pin id="273" dir="0" index="0" bw="14" slack="1"/>
<pin id="274" dir="1" index="1" bw="14" slack="1"/>
</pin_list>
<bind>
<opset="WidthInBytes "/>
</bind>
</comp>

<comp id="277" class="1005" name="colorFormat_reg_277">
<pin_list>
<pin id="278" dir="0" index="0" bw="3" slack="1"/>
<pin id="279" dir="1" index="1" bw="3" slack="1"/>
</pin_list>
<bind>
<opset="colorFormat "/>
</bind>
</comp>

</comp_list>

<net_list>
<net id="110"><net_src comp="34" pin="0"/><net_sink comp="106" pin=0"/></net>

<net id="111"><net_src comp="12" pin="0"/><net_sink comp="106" pin=1"/></net>

<net id="116"><net_src comp="34" pin="0"/><net_sink comp="112" pin=0"/></net>

<net id="117"><net_src comp="10" pin="0"/><net_sink comp="112" pin=1"/></net>

<net id="122"><net_src comp="36" pin="0"/><net_sink comp="118" pin=0"/></net>

<net id="123"><net_src comp="8" pin="0"/><net_sink comp="118" pin=1"/></net>

<net id="128"><net_src comp="36" pin="0"/><net_sink comp="124" pin=0"/></net>

<net id="129"><net_src comp="6" pin="0"/><net_sink comp="124" pin=1"/></net>

<net id="134"><net_src comp="36" pin="0"/><net_sink comp="130" pin=0"/></net>

<net id="135"><net_src comp="4" pin="0"/><net_sink comp="130" pin=1"/></net>

<net id="140"><net_src comp="36" pin="0"/><net_sink comp="136" pin=0"/></net>

<net id="141"><net_src comp="2" pin="0"/><net_sink comp="136" pin=1"/></net>

<net id="147"><net_src comp="30" pin="0"/><net_sink comp="142" pin=0"/></net>

<net id="148"><net_src comp="38" pin="0"/><net_sink comp="142" pin=1"/></net>

<net id="154"><net_src comp="142" pin="3"/><net_sink comp="149" pin=0"/></net>

<net id="160"><net_src comp="32" pin="0"/><net_sink comp="155" pin=0"/></net>

<net id="161"><net_src comp="38" pin="0"/><net_sink comp="155" pin=1"/></net>

<net id="167"><net_src comp="155" pin="3"/><net_sink comp="162" pin=0"/></net>

<net id="187"><net_src comp="40" pin="0"/><net_sink comp="168" pin=0"/></net>

<net id="188"><net_src comp="16" pin="0"/><net_sink comp="168" pin=1"/></net>

<net id="189"><net_src comp="18" pin="0"/><net_sink comp="168" pin=2"/></net>

<net id="190"><net_src comp="20" pin="0"/><net_sink comp="168" pin=3"/></net>

<net id="191"><net_src comp="22" pin="0"/><net_sink comp="168" pin=4"/></net>

<net id="192"><net_src comp="24" pin="0"/><net_sink comp="168" pin=5"/></net>

<net id="193"><net_src comp="26" pin="0"/><net_sink comp="168" pin=6"/></net>

<net id="194"><net_src comp="28" pin="0"/><net_sink comp="168" pin=7"/></net>

<net id="195"><net_src comp="0" pin="0"/><net_sink comp="168" pin=8"/></net>

<net id="199"><net_src comp="136" pin="2"/><net_sink comp="196" pin=0"/></net>

<net id="203"><net_src comp="118" pin="2"/><net_sink comp="200" pin=0"/></net>

<net id="207"><net_src comp="136" pin="2"/><net_sink comp="204" pin=0"/></net>

<net id="211"><net_src comp="130" pin="2"/><net_sink comp="208" pin=0"/></net>

<net id="215"><net_src comp="118" pin="2"/><net_sink comp="212" pin=0"/></net>

<net id="216"><net_src comp="212" pin="1"/><net_sink comp="142" pin=2"/></net>

<net id="217"><net_src comp="212" pin="1"/><net_sink comp="155" pin=2"/></net>

<net id="221"><net_src comp="149" pin="3"/><net_sink comp="218" pin=0"/></net>

<net id="226"><net_src comp="218" pin="1"/><net_sink comp="222" pin=1"/></net>

<net id="230"><net_src comp="106" pin="2"/><net_sink comp="227" pin=0"/></net>

<net id="231"><net_src comp="227" pin="1"/><net_sink comp="168" pin=10"/></net>

<net id="235"><net_src comp="112" pin="2"/><net_sink comp="232" pin=0"/></net>

<net id="236"><net_src comp="232" pin="1"/><net_sink comp="168" pin=9"/></net>

<net id="240"><net_src comp="124" pin="2"/><net_sink comp="237" pin=0"/></net>

<net id="241"><net_src comp="237" pin="1"/><net_sink comp="168" pin=15"/></net>

<net id="245"><net_src comp="196" pin="1"/><net_sink comp="242" pin=0"/></net>

<net id="246"><net_src comp="242" pin="1"/><net_sink comp="222" pin=0"/></net>

<net id="250"><net_src comp="200" pin="1"/><net_sink comp="247" pin=0"/></net>

<net id="251"><net_src comp="247" pin="1"/><net_sink comp="168" pin=16"/></net>

<net id="255"><net_src comp="204" pin="1"/><net_sink comp="252" pin=0"/></net>

<net id="256"><net_src comp="252" pin="1"/><net_sink comp="168" pin=13"/></net>

<net id="260"><net_src comp="208" pin="1"/><net_sink comp="257" pin=0"/></net>

<net id="261"><net_src comp="257" pin="1"/><net_sink comp="168" pin=14"/></net>

<net id="265"><net_src comp="142" pin="3"/><net_sink comp="262" pin=0"/></net>

<net id="266"><net_src comp="262" pin="1"/><net_sink comp="149" pin=0"/></net>

<net id="270"><net_src comp="155" pin="3"/><net_sink comp="267" pin=0"/></net>

<net id="271"><net_src comp="267" pin="1"/><net_sink comp="162" pin=0"/></net>

<net id="275"><net_src comp="222" pin="2"/><net_sink comp="272" pin=0"/></net>

<net id="276"><net_src comp="272" pin="1"/><net_sink comp="168" pin=11"/></net>

<net id="280"><net_src comp="162" pin="3"/><net_sink comp="277" pin=0"/></net>

<net id="281"><net_src comp="277" pin="1"/><net_sink comp="168" pin=12"/></net>

</net_list>

</model> 
---------------- Datapath Model END ------------------

* FSMD analyzer results:
  - Output states:
	Port: mm_video | {3 4 }
 - Input state : 
	Port: v_frmbuf_wr : width | {1 }
	Port: v_frmbuf_wr : height | {1 }
	Port: v_frmbuf_wr : stride | {1 }
	Port: v_frmbuf_wr : video_format | {1 }
	Port: v_frmbuf_wr : frm_buffer | {1 }
	Port: v_frmbuf_wr : frm_buffer2 | {1 }
	Port: v_frmbuf_wr : s_axis_video_V_data_V | {3 4 }
	Port: v_frmbuf_wr : s_axis_video_V_keep_V | {3 4 }
	Port: v_frmbuf_wr : s_axis_video_V_strb_V | {3 4 }
	Port: v_frmbuf_wr : s_axis_video_V_user_V | {3 4 }
	Port: v_frmbuf_wr : s_axis_video_V_last_V | {3 4 }
	Port: v_frmbuf_wr : s_axis_video_V_id_V | {3 4 }
	Port: v_frmbuf_wr : s_axis_video_V_dest_V | {3 4 }
	Port: v_frmbuf_wr : BYTES_PER_PIXEL | {1 2 }
	Port: v_frmbuf_wr : MEMORY2LIVE | {1 2 }
  - Chain level:
	State 1
		BYTES_PER_PIXEL_addr : 1
		BYTES_PER_PIXEL_load : 2
		MEMORY2LIVE_addr : 1
		colorFormat : 2
	State 2
		zext_ln253_1 : 1
		WidthInBytes : 2
	State 3
	State 4


============================================================
+ Verbose Summary: Datapath Resource usage 
============================================================

* Functional unit list:
|----------|--------------------------------|---------|---------|---------|---------|
| Operation|         Functional Unit        |   DSP   |  Delay  |    FF   |   LUT   |
|----------|--------------------------------|---------|---------|---------|---------|
|   call   | grp_FrmbufWrHlsDataFlow_fu_168 |    1    |  7.393  |   3187  |   1570  |
|----------|--------------------------------|---------|---------|---------|---------|
|    mul   |       WidthInBytes_fu_222      |    0    |    0    |    0    |    5    |
|----------|--------------------------------|---------|---------|---------|---------|
|          |  frm_buffer2_read_read_fu_106  |    0    |    0    |    0    |    0    |
|          |   frm_buffer_read_read_fu_112  |    0    |    0    |    0    |    0    |
|   read   |  video_format_read_read_fu_118 |    0    |    0    |    0    |    0    |
|          |     stride_read_read_fu_124    |    0    |    0    |    0    |    0    |
|          |     height_read_read_fu_130    |    0    |    0    |    0    |    0    |
|          |     width_read_read_fu_136     |    0    |    0    |    0    |    0    |
|----------|--------------------------------|---------|---------|---------|---------|
|          |       trunc_ln157_fu_196       |    0    |    0    |    0    |    0    |
|   trunc  |      trunc_ln157_1_fu_200      |    0    |    0    |    0    |    0    |
|          |      trunc_ln157_2_fu_204      |    0    |    0    |    0    |    0    |
|          |      trunc_ln157_3_fu_208      |    0    |    0    |    0    |    0    |
|----------|--------------------------------|---------|---------|---------|---------|
|   zext   |        zext_ln253_fu_212       |    0    |    0    |    0    |    0    |
|          |       zext_ln253_1_fu_218      |    0    |    0    |    0    |    0    |
|----------|--------------------------------|---------|---------|---------|---------|
|   Total  |                                |    1    |  7.393  |   3187  |   1575  |
|----------|--------------------------------|---------|---------|---------|---------|

Memories:
+---------------+--------+--------+--------+
|               |  BRAM  |   FF   |   LUT  |
+---------------+--------+--------+--------+
|BYTES_PER_PIXEL|    0   |    3   |    3   |
|  MEMORY2LIVE  |    0   |    3   |    3   |
+---------------+--------+--------+--------+
|     Total     |    0   |    6   |    6   |
+---------------+--------+--------+--------+

* Register list:
+----------------------------+--------+
|                            |   FF   |
+----------------------------+--------+
|BYTES_PER_PIXEL_addr_reg_262|    6   |
|  MEMORY2LIVE_addr_reg_267  |    6   |
|    WidthInBytes_reg_272    |   14   |
|     colorFormat_reg_277    |    3   |
|  frm_buffer2_read_reg_227  |   32   |
|   frm_buffer_read_reg_232  |   32   |
|     stride_read_reg_237    |   16   |
|    trunc_ln157_1_reg_247   |    6   |
|    trunc_ln157_2_reg_252   |   11   |
|    trunc_ln157_3_reg_257   |   11   |
|     trunc_ln157_reg_242    |   14   |
+----------------------------+--------+
|            Total           |   151  |
+----------------------------+--------+

* Multiplexer (MUX) list: 
|-------------------|------|------|------|--------||---------||---------||---------|
|        Comp       |  Pin | Size |  BW  | S x BW ||  Delay  ||    FF   ||   LUT   |
|-------------------|------|------|------|--------||---------||---------||---------|
| grp_access_fu_149 |  p0  |   2  |   6  |   12   ||    0    ||    9    |
| grp_access_fu_162 |  p0  |   2  |   6  |   12   ||    0    ||    9    |
|-------------------|------|------|------|--------||---------||---------||---------|
|       Total       |      |      |      |   24   ||  0.978  ||    0    ||    18   |
|-------------------|------|------|------|--------||---------||---------||---------|



* Summary:
+-----------+--------+--------+--------+--------+--------+
|           |  BRAM  |   DSP  |  Delay |   FF   |   LUT  |
+-----------+--------+--------+--------+--------+--------+
|  Function |    -   |    1   |    7   |  3187  |  1575  |
|   Memory  |    0   |    -   |    -   |    6   |    6   |
|Multiplexer|    -   |    -   |    0   |    0   |   18   |
|  Register |    -   |    -   |    -   |   151  |    -   |
+-----------+--------+--------+--------+--------+--------+
|   Total   |    0   |    1   |    8   |  3344  |  1599  |
+-----------+--------+--------+--------+--------+--------+
