

================================================================
== Vitis HLS Report for 'AXIvideo2MultiPixStream_Pipeline_loop_width'
================================================================
* Date:           Wed Jan 21 13:02:31 2026

* Version:        2025.2 (Build 6295257 on Nov 14 2025)
* Project:        prj
* Solution:       sol (Vivado IP Flow Target)
* Product family: zynquplus
* Target device:  xczu2cg-sfvc784-1-e


================================================================
== Performance Estimates
================================================================
+ Timing: 
    * Summary: 
    +--------+---------+----------+------------+
    |  Clock |  Target | Estimated| Uncertainty|
    +--------+---------+----------+------------+
    |ap_clk  |  5.00 ns|  3.017 ns|     1.35 ns|
    +--------+---------+----------+------------+

+ Latency: 
    * Summary: 
    +---------+---------+-----------+----------+-----+-----+-------------------+
    |  Latency (cycles) |  Latency (absolute)  |  Interval |      Pipeline     |
    |   min   |   max   |    min    |    max   | min | max |        Type       |
    +---------+---------+-----------+----------+-----+-----+-------------------+
    |        3|      963|  15.000 ns|  4.815 us|    0|    0|  loop pipeline stp|
    +---------+---------+-----------+----------+-----+-----+-------------------+

    + Detail: 
        * Instance: 
        N/A

        * Loop: 
        +--------------+---------+---------+----------+-----------+-----------+---------+----------+
        |              |  Latency (cycles) | Iteration|  Initiation Interval  |   Trip  |          |
        |   Loop Name  |   min   |   max   |  Latency |  achieved |   target  |  Count  | Pipelined|
        +--------------+---------+---------+----------+-----------+-----------+---------+----------+
        |- loop_width  |        1|      961|         3|          1|          1|  0 ~ 960|       yes|
        +--------------+---------+---------+----------+-----------+-----------+---------+----------+



================================================================
== Utilization Estimates
================================================================
* Summary: 
+-----------------+---------+-----+-------+-------+-----+
|       Name      | BRAM_18K| DSP |   FF  |  LUT  | URAM|
+-----------------+---------+-----+-------+-------+-----+
|DSP              |        -|    -|      -|      -|    -|
|Expression       |        -|    -|      0|    108|    -|
|FIFO             |        -|    -|      -|      -|    -|
|Instance         |        -|    -|      0|      9|    -|
|Memory           |        -|    -|      -|      -|    -|
|Multiplexer      |        -|    -|      0|    108|    -|
|Register         |        -|    -|     75|      -|    -|
+-----------------+---------+-----+-------+-------+-----+
|Total            |        0|    0|     75|    225|    0|
+-----------------+---------+-----+-------+-------+-----+
|Available        |      300|  240|  94464|  47232|    0|
+-----------------+---------+-----+-------+-------+-----+
|Utilization (%)  |        0|    0|     ~0|     ~0|    0|
+-----------------+---------+-----+-------+-------+-----+

+ Detail: 
    * Instance: 
    +-------------------------+---------------------+---------+----+---+----+-----+
    |         Instance        |        Module       | BRAM_18K| DSP| FF| LUT| URAM|
    +-------------------------+---------------------+---------+----+---+----+-----+
    |sparsemux_5_8_8_1_1_U11  |sparsemux_5_8_8_1_1  |        0|   0|  0|   9|    0|
    +-------------------------+---------------------+---------+----+---+----+-----+
    |Total                    |                     |        0|   0|  0|   9|    0|
    +-------------------------+---------------------+---------+----+---+----+-----+

    * DSP: 
    N/A

    * Memory: 
    N/A

    * FIFO: 
    N/A

    * Expression: 
    +----------------------------------+----------+----+---+----+------------+------------+
    |           Variable Name          | Operation| DSP| FF| LUT| Bitwidth P0| Bitwidth P1|
    +----------------------------------+----------+----+---+----+------------+------------+
    |j_2_fu_251_p2                     |         +|   0|  0|  17|          10|           1|
    |ap_block_state2_pp0_stage0_iter1  |       and|   0|  0|   2|           1|           1|
    |ap_block_state3_pp0_stage0_iter2  |       and|   0|  0|   2|           1|           1|
    |ap_condition_363                  |       and|   0|  0|   2|           1|           1|
    |ap_predicate_op43_read_state2     |       and|   0|  0|   2|           1|           1|
    |icmp_ln326_fu_245_p2              |      icmp|   0|  0|  17|          10|          10|
    |icmp_ln361_1_fu_372_p2            |      icmp|   0|  0|  10|           3|           1|
    |icmp_ln361_fu_221_p2              |      icmp|   0|  0|  10|           3|           1|
    |ap_block_pp0_stage0_01001         |        or|   0|  0|   2|           1|           1|
    |or_ln330_fu_262_p2                |        or|   0|  0|   2|           1|           1|
    |empty_210_fu_385_p3               |    select|   0|  0|   8|           1|           8|
    |empty_fu_377_p3                   |    select|   0|  0|   8|           1|           8|
    |select_ln361_1_fu_319_p3          |    select|   0|  0|   8|           1|           8|
    |select_ln361_2_fu_326_p3          |    select|   0|  0|   8|           1|           8|
    |select_ln361_fu_304_p3            |    select|   0|  0|   8|           1|           8|
    |ap_enable_pp0                     |       xor|   0|  0|   2|           1|           2|
    +----------------------------------+----------+----+---+----+------------+------------+
    |Total                             |          |   0|  0| 108|          38|          61|
    +----------------------------------+----------+----+---+----+------------+------------+

    * Multiplexer: 
    +------------------------------+----+-----------+-----+-----------+
    |             Name             | LUT| Input Size| Bits| Total Bits|
    +------------------------------+----+-----------+-----+-----------+
    |ap_done_int                   |   9|          2|    1|          2|
    |ap_enable_reg_pp0_iter2       |   9|          2|    1|          2|
    |ap_phi_mux_eol_phi_fu_199_p4  |   9|          2|    1|          2|
    |ap_phi_mux_sof_phi_fu_210_p4  |   9|          2|    1|          2|
    |ap_sig_allocacmp_j_1          |   9|          2|   10|         20|
    |eol_reg_195                   |   9|          2|    1|          2|
    |img_blk_n                     |   9|          2|    1|          2|
    |j_fu_114                      |   9|          2|   10|         20|
    |p_0_0_0_0179415_fu_118        |   9|          2|   48|         96|
    |p_4_0_0_0187424_fu_122        |   9|          2|    1|          2|
    |s_axis_video_TDATA_blk_n      |   9|          2|    1|          2|
    |sof_reg_206                   |   9|          2|    1|          2|
    +------------------------------+----+-----------+-----+-----------+
    |Total                         | 108|         24|   77|        154|
    +------------------------------+----+-----------+-----+-----------+

    * Register: 
    +----------------------------------+----+----+-----+-----------+
    |               Name               | FF | LUT| Bits| Const Bits|
    +----------------------------------+----+----+-----+-----------+
    |ap_CS_fsm                         |   1|   0|    1|          0|
    |ap_done_reg                       |   1|   0|    1|          0|
    |ap_enable_reg_pp0_iter1           |   1|   0|    1|          0|
    |ap_enable_reg_pp0_iter2           |   1|   0|    1|          0|
    |ap_loop_exit_ready_pp0_iter1_reg  |   1|   0|    1|          0|
    |colorFormat_val_cast_reg_451      |   3|   0|    8|          5|
    |colorFormat_val_read_reg_441      |   3|   0|    3|          0|
    |eol_reg_195                       |   1|   0|    1|          0|
    |icmp_ln326_reg_463                |   1|   0|    1|          0|
    |icmp_ln326_reg_463_pp0_iter1_reg  |   1|   0|    1|          0|
    |icmp_ln361_reg_456                |   1|   0|    1|          0|
    |j_fu_114                          |  10|   0|   10|          0|
    |p_0_0_0_0179415_fu_118            |  48|   0|   48|          0|
    |p_4_0_0_0187424_fu_122            |   1|   0|    1|          0|
    |sof_reg_206                       |   1|   0|    1|          0|
    +----------------------------------+----+----+-----+-----------+
    |Total                             |  75|   0|   80|          5|
    +----------------------------------+----+----+-----+-----------+



================================================================
== Interface
================================================================
* Summary: 
+----------------------------+-----+-----+------------+---------------------------------------------+--------------+
|          RTL Ports         | Dir | Bits|  Protocol  |                Source Object                |    C Type    |
+----------------------------+-----+-----+------------+---------------------------------------------+--------------+
|ap_clk                      |   in|    1|  ap_ctrl_hs|  AXIvideo2MultiPixStream_Pipeline_loop_width|  return value|
|ap_rst                      |   in|    1|  ap_ctrl_hs|  AXIvideo2MultiPixStream_Pipeline_loop_width|  return value|
|ap_start                    |   in|    1|  ap_ctrl_hs|  AXIvideo2MultiPixStream_Pipeline_loop_width|  return value|
|ap_done                     |  out|    1|  ap_ctrl_hs|  AXIvideo2MultiPixStream_Pipeline_loop_width|  return value|
|ap_idle                     |  out|    1|  ap_ctrl_hs|  AXIvideo2MultiPixStream_Pipeline_loop_width|  return value|
|ap_ready                    |  out|    1|  ap_ctrl_hs|  AXIvideo2MultiPixStream_Pipeline_loop_width|  return value|
|s_axis_video_TVALID         |   in|    1|        axis|                        s_axis_video_V_data_V|       pointer|
|s_axis_video_TDATA          |   in|   48|        axis|                        s_axis_video_V_data_V|       pointer|
|img_din                     |  out|   48|     ap_fifo|                                          img|       pointer|
|img_full_n                  |   in|    1|     ap_fifo|                                          img|       pointer|
|img_write                   |  out|    1|     ap_fifo|                                          img|       pointer|
|img_num_data_valid          |   in|    3|     ap_fifo|                                          img|       pointer|
|img_fifo_cap                |   in|    3|     ap_fifo|                                          img|       pointer|
|p_4_0_0_0187423_lcssa448    |   in|    1|     ap_none|                     p_4_0_0_0187423_lcssa448|        scalar|
|p_0_0_0_0179416_lcssa432    |   in|   48|     ap_none|                     p_0_0_0_0179416_lcssa432|        scalar|
|sof_2                       |   in|    1|     ap_none|                                        sof_2|        scalar|
|colorFormat_val             |   in|    3|   ap_stable|                              colorFormat_val|        scalar|
|trunc_ln7                   |   in|   10|     ap_none|                                    trunc_ln7|        scalar|
|s_axis_video_TREADY         |  out|    1|        axis|                        s_axis_video_V_dest_V|       pointer|
|s_axis_video_TDEST          |   in|    1|        axis|                        s_axis_video_V_dest_V|       pointer|
|s_axis_video_TKEEP          |   in|    6|        axis|                        s_axis_video_V_keep_V|       pointer|
|s_axis_video_TSTRB          |   in|    6|        axis|                        s_axis_video_V_strb_V|       pointer|
|s_axis_video_TUSER          |   in|    1|        axis|                        s_axis_video_V_user_V|       pointer|
|s_axis_video_TLAST          |   in|    1|        axis|                        s_axis_video_V_last_V|       pointer|
|s_axis_video_TID            |   in|    1|        axis|                          s_axis_video_V_id_V|       pointer|
|p_4_0_0_0187424_out         |  out|    1|      ap_vld|                          p_4_0_0_0187424_out|       pointer|
|p_4_0_0_0187424_out_ap_vld  |  out|    1|      ap_vld|                          p_4_0_0_0187424_out|       pointer|
|p_0_0_0_0179415_out         |  out|   48|      ap_vld|                          p_0_0_0_0179415_out|       pointer|
|p_0_0_0_0179415_out_ap_vld  |  out|    1|      ap_vld|                          p_0_0_0_0179415_out|       pointer|
+----------------------------+-----+-----+------------+---------------------------------------------+--------------+

