

================================================================
== Vitis HLS Report for 'FrmbufWrHlsDataFlow'
================================================================
* Date:           Wed Jan 21 13:02:37 2026

* Version:        2025.2 (Build 6295257 on Nov 14 2025)
* Project:        prj
* Solution:       sol (Vivado IP Flow Target)
* Product family: zynquplus
* Target device:  xczu2cg-sfvc784-1-e


================================================================
== Performance Estimates
================================================================
+ Timing: 
    * Summary: 
    +--------+---------+----------+------------+
    |  Clock |  Target | Estimated| Uncertainty|
    +--------+---------+----------+------------+
    |ap_clk  |  5.00 ns|  3.650 ns|     1.35 ns|
    +--------+---------+----------+------------+

+ Latency: 
    * Summary: 
    +---------+---------+----------+-----------+------+---------+----------+
    |  Latency (cycles) |  Latency (absolute)  |    Interval    | Pipeline |
    |   min   |   max   |    min   |    max    |  min |   max   |   Type   |
    +---------+---------+----------+-----------+------+---------+----------+
    |   265731|  6227285|  1.329 ms|  31.136 ms|  7106|  6227283|  dataflow|
    +---------+---------+----------+-----------+------+---------+----------+

    + Detail: 
        * Instance: 
        +----------------------------+-------------------------+---------+---------+-----------+-----------+------+---------+---------+
        |                            |                         |  Latency (cycles) |   Latency (absolute)  |    Interval    | Pipeline|
        |          Instance          |          Module         |   min   |   max   |    min    |    max    |  min |   max   |   Type  |
        +----------------------------+-------------------------+---------+---------+-----------+-----------+------+---------+---------+
        |AXIvideo2MultiPixStream_U0  |AXIvideo2MultiPixStream  |        5|  1047605|  25.000 ns|   5.238 ms|     5|  1047605|       no|
        |MultiPixStream2Bytes_U0     |MultiPixStream2Bytes     |        1|  6227282|   5.000 ns|  31.136 ms|     1|  6227282|       no|
        |Bytes2AXIMMvideo_U0         |Bytes2AXIMMvideo         |     7105|  1793881|  35.525 us|   8.969 ms|  7105|  1793881|       no|
        +----------------------------+-------------------------+---------+---------+-----------+-----------+------+---------+---------+

        * Loop: 
        N/A



================================================================
== Utilization Estimates
================================================================
* Summary: 
+-----------------+---------+-----+-------+-------+-----+
|       Name      | BRAM_18K| DSP |   FF  |  LUT  | URAM|
+-----------------+---------+-----+-------+-------+-----+
|DSP              |        -|    -|      -|      -|    -|
|Expression       |        -|    -|      0|      2|    -|
|FIFO             |       16|    -|    419|    183|    -|
|Instance         |        -|    1|   3410|   6827|    -|
|Memory           |        -|    -|      -|      -|    -|
|Multiplexer      |        -|    -|      -|      -|    -|
|Register         |        -|    -|      -|      -|    -|
+-----------------+---------+-----+-------+-------+-----+
|Total            |       16|    1|   3829|   7012|    0|
+-----------------+---------+-----+-------+-------+-----+
|Available        |      300|  240|  94464|  47232|    0|
+-----------------+---------+-----+-------+-------+-----+
|Utilization (%)  |        5|   ~0|      4|     14|    0|
+-----------------+---------+-----+-------+-------+-----+

+ Detail: 
    * Instance: 
    +----------------------------+-------------------------+---------+----+------+------+-----+
    |          Instance          |          Module         | BRAM_18K| DSP|  FF  |  LUT | URAM|
    +----------------------------+-------------------------+---------+----+------+------+-----+
    |AXIvideo2MultiPixStream_U0  |AXIvideo2MultiPixStream  |        0|   0|   215|   512|    0|
    |Bytes2AXIMMvideo_U0         |Bytes2AXIMMvideo         |        0|   0|   790|  2061|    0|
    |MultiPixStream2Bytes_U0     |MultiPixStream2Bytes     |        0|   1|  2405|  4254|    0|
    +----------------------------+-------------------------+---------+----+------+------+-----+
    |Total                       |                         |        0|   1|  3410|  6827|    0|
    +----------------------------+-------------------------+---------+----+------+------+-----+

    * DSP: 
    N/A

    * Memory: 
    N/A

    * FIFO: 
    +---------------------+---------+-----+----+-----+------+-----+---------+
    |         Name        | BRAM_18K|  FF | LUT| URAM| Depth| Bits| Size:D*B|
    +---------------------+---------+-----+----+-----+------+-----+---------+
    |bytePlanes_plane0_U  |        8|  160|   0|    -|   241|  128|    30848|
    |bytePlanes_plane1_U  |        8|  160|   0|    -|   241|  128|    30848|
    |img_U                |        0|   99|   0|    -|     2|   48|       96|
    +---------------------+---------+-----+----+-----+------+-----+---------+
    |Total                |       16|  419|   0|    0|   484|  304|    61792|
    +---------------------+---------+-----+----+-----+------+-----+---------+

    * Expression: 
    +--------------+----------+----+---+----+------------+------------+
    | Variable Name| Operation| DSP| FF| LUT| Bitwidth P0| Bitwidth P1|
    +--------------+----------+----+---+----+------------+------------+
    |ap_idle       |       and|   0|  0|   2|           1|           1|
    +--------------+----------+----+---+----+------------+------------+
    |Total         |          |   0|  0|   2|           1|           1|
    +--------------+----------+----+---+----+------------+------------+

    * Multiplexer: 
    N/A

    * Register: 
    N/A



================================================================
== Interface
================================================================
* Summary: 
+---------------------------+-----+-----+------------+-----------------------+--------------+
|         RTL Ports         | Dir | Bits|  Protocol  |     Source Object     |    C Type    |
+---------------------------+-----+-----+------------+-----------------------+--------------+
|s_axis_video_TDATA         |   in|   48|        axis|  s_axis_video_V_data_V|       pointer|
|s_axis_video_TKEEP         |   in|    6|        axis|  s_axis_video_V_keep_V|       pointer|
|s_axis_video_TSTRB         |   in|    6|        axis|  s_axis_video_V_strb_V|       pointer|
|s_axis_video_TUSER         |   in|    1|        axis|  s_axis_video_V_user_V|       pointer|
|s_axis_video_TLAST         |   in|    1|        axis|  s_axis_video_V_last_V|       pointer|
|s_axis_video_TID           |   in|    1|        axis|    s_axis_video_V_id_V|       pointer|
|s_axis_video_TDEST         |   in|    1|        axis|  s_axis_video_V_dest_V|       pointer|
|s_axis_video_TVALID        |   in|    1|        axis|  s_axis_video_V_dest_V|       pointer|
|s_axis_video_TREADY        |  out|    1|        axis|  s_axis_video_V_dest_V|       pointer|
|m_axi_mm_video_0_AWVALID   |  out|    1|       m_axi|               mm_video|       pointer|
|m_axi_mm_video_0_AWREADY   |   in|    1|       m_axi|               mm_video|       pointer|
|m_axi_mm_video_0_AWADDR    |  out|   32|       m_axi|               mm_video|       pointer|
|m_axi_mm_video_0_AWID      |  out|    1|       m_axi|               mm_video|       pointer|
|m_axi_mm_video_0_AWLEN     |  out|   32|       m_axi|               mm_video|       pointer|
|m_axi_mm_video_0_AWSIZE    |  out|    3|       m_axi|               mm_video|       pointer|
|m_axi_mm_video_0_AWBURST   |  out|    2|       m_axi|               mm_video|       pointer|
|m_axi_mm_video_0_AWLOCK    |  out|    2|       m_axi|               mm_video|       pointer|
|m_axi_mm_video_0_AWCACHE   |  out|    4|       m_axi|               mm_video|       pointer|
|m_axi_mm_video_0_AWPROT    |  out|    3|       m_axi|               mm_video|       pointer|
|m_axi_mm_video_0_AWQOS     |  out|    4|       m_axi|               mm_video|       pointer|
|m_axi_mm_video_0_AWREGION  |  out|    4|       m_axi|               mm_video|       pointer|
|m_axi_mm_video_0_AWUSER    |  out|    1|       m_axi|               mm_video|       pointer|
|m_axi_mm_video_0_WVALID    |  out|    1|       m_axi|               mm_video|       pointer|
|m_axi_mm_video_0_WREADY    |   in|    1|       m_axi|               mm_video|       pointer|
|m_axi_mm_video_0_WDATA     |  out|  128|       m_axi|               mm_video|       pointer|
|m_axi_mm_video_0_WSTRB     |  out|   16|       m_axi|               mm_video|       pointer|
|m_axi_mm_video_0_WLAST     |  out|    1|       m_axi|               mm_video|       pointer|
|m_axi_mm_video_0_WID       |  out|    1|       m_axi|               mm_video|       pointer|
|m_axi_mm_video_0_WUSER     |  out|    1|       m_axi|               mm_video|       pointer|
|m_axi_mm_video_0_ARVALID   |  out|    1|       m_axi|               mm_video|       pointer|
|m_axi_mm_video_0_ARREADY   |   in|    1|       m_axi|               mm_video|       pointer|
|m_axi_mm_video_0_ARADDR    |  out|   32|       m_axi|               mm_video|       pointer|
|m_axi_mm_video_0_ARID      |  out|    1|       m_axi|               mm_video|       pointer|
|m_axi_mm_video_0_ARLEN     |  out|   32|       m_axi|               mm_video|       pointer|
|m_axi_mm_video_0_ARSIZE    |  out|    3|       m_axi|               mm_video|       pointer|
|m_axi_mm_video_0_ARBURST   |  out|    2|       m_axi|               mm_video|       pointer|
|m_axi_mm_video_0_ARLOCK    |  out|    2|       m_axi|               mm_video|       pointer|
|m_axi_mm_video_0_ARCACHE   |  out|    4|       m_axi|               mm_video|       pointer|
|m_axi_mm_video_0_ARPROT    |  out|    3|       m_axi|               mm_video|       pointer|
|m_axi_mm_video_0_ARQOS     |  out|    4|       m_axi|               mm_video|       pointer|
|m_axi_mm_video_0_ARREGION  |  out|    4|       m_axi|               mm_video|       pointer|
|m_axi_mm_video_0_ARUSER    |  out|    1|       m_axi|               mm_video|       pointer|
|m_axi_mm_video_0_RVALID    |   in|    1|       m_axi|               mm_video|       pointer|
|m_axi_mm_video_0_RREADY    |  out|    1|       m_axi|               mm_video|       pointer|
|m_axi_mm_video_0_RDATA     |   in|  128|       m_axi|               mm_video|       pointer|
|m_axi_mm_video_0_RLAST     |   in|    1|       m_axi|               mm_video|       pointer|
|m_axi_mm_video_0_RID       |   in|    1|       m_axi|               mm_video|       pointer|
|m_axi_mm_video_0_RFIFONUM  |   in|    9|       m_axi|               mm_video|       pointer|
|m_axi_mm_video_0_RUSER     |   in|    1|       m_axi|               mm_video|       pointer|
|m_axi_mm_video_0_RRESP     |   in|    2|       m_axi|               mm_video|       pointer|
|m_axi_mm_video_0_BVALID    |   in|    1|       m_axi|               mm_video|       pointer|
|m_axi_mm_video_0_BREADY    |  out|    1|       m_axi|               mm_video|       pointer|
|m_axi_mm_video_0_BRESP     |   in|    2|       m_axi|               mm_video|       pointer|
|m_axi_mm_video_0_BID       |   in|    1|       m_axi|               mm_video|       pointer|
|m_axi_mm_video_0_BUSER     |   in|    1|       m_axi|               mm_video|       pointer|
|HwReg_frm_buffer           |   in|   32|     ap_none|       HwReg_frm_buffer|        scalar|
|HwReg_frm_buffer_ap_vld    |   in|    1|     ap_none|       HwReg_frm_buffer|        scalar|
|HwReg_frm_buffer2          |   in|   32|     ap_none|      HwReg_frm_buffer2|        scalar|
|HwReg_frm_buffer2_ap_vld   |   in|    1|     ap_none|      HwReg_frm_buffer2|        scalar|
|WidthInBytes_val2          |   in|   14|     ap_none|      WidthInBytes_val2|        scalar|
|WidthInBytes_val2_ap_vld   |   in|    1|     ap_none|      WidthInBytes_val2|        scalar|
|colorFormat_val3           |   in|    3|     ap_none|       colorFormat_val3|        scalar|
|colorFormat_val3_ap_vld    |   in|    1|     ap_none|       colorFormat_val3|        scalar|
|width_val5                 |   in|   11|     ap_none|             width_val5|        scalar|
|width_val5_ap_vld          |   in|    1|     ap_none|             width_val5|        scalar|
|height_val8                |   in|   11|     ap_none|            height_val8|        scalar|
|height_val8_ap_vld         |   in|    1|     ap_none|            height_val8|        scalar|
|stride_val9                |   in|   16|     ap_none|            stride_val9|        scalar|
|stride_val9_ap_vld         |   in|    1|     ap_none|            stride_val9|        scalar|
|video_format_val11         |   in|    6|     ap_none|     video_format_val11|        scalar|
|video_format_val11_ap_vld  |   in|    1|     ap_none|     video_format_val11|        scalar|
|ap_clk                     |   in|    1|  ap_ctrl_hs|    FrmbufWrHlsDataFlow|  return value|
|ap_rst                     |   in|    1|  ap_ctrl_hs|    FrmbufWrHlsDataFlow|  return value|
|ap_start                   |   in|    1|  ap_ctrl_hs|    FrmbufWrHlsDataFlow|  return value|
|ap_done                    |  out|    1|  ap_ctrl_hs|    FrmbufWrHlsDataFlow|  return value|
|ap_ready                   |  out|    1|  ap_ctrl_hs|    FrmbufWrHlsDataFlow|  return value|
|ap_idle                    |  out|    1|  ap_ctrl_hs|    FrmbufWrHlsDataFlow|  return value|
|ap_continue                |   in|    1|  ap_ctrl_hs|    FrmbufWrHlsDataFlow|  return value|
+---------------------------+-----+-----+------------+-----------------------+--------------+

