

================================================================
== Vitis HLS Report for 'MultiPixStream2Bytes_Pipeline_VITIS_LOOP_821_1'
================================================================
* Date:           Wed Jan 21 13:02:33 2026

* Version:        2025.2 (Build 6295257 on Nov 14 2025)
* Project:        prj
* Solution:       sol (Vivado IP Flow Target)
* Product family: zynquplus
* Target device:  xczu2cg-sfvc784-1-e


================================================================
== Performance Estimates
================================================================
+ Timing: 
    * Summary: 
    +--------+---------+----------+------------+
    |  Clock |  Target | Estimated| Uncertainty|
    +--------+---------+----------+------------+
    |ap_clk  |  5.00 ns|  2.314 ns|     1.35 ns|
    +--------+---------+----------+------------+

+ Latency: 
    * Summary: 
    +---------+---------+-----------+-----------+-----+-----+-------------------+
    |  Latency (cycles) |   Latency (absolute)  |  Interval |      Pipeline     |
    |   min   |   max   |    min    |    max    | min | max |        Type       |
    +---------+---------+-----------+-----------+-----+-----+-------------------+
    |        3|     2883|  15.000 ns|  14.415 us|    0|    0|  loop pipeline stp|
    +---------+---------+-----------+-----------+-----+-----+-------------------+

    + Detail: 
        * Instance: 
        N/A

        * Loop: 
        +--------------------+---------+---------+----------+-----------+-----------+---------+----------+
        |                    |  Latency (cycles) | Iteration|  Initiation Interval  |   Trip  |          |
        |      Loop Name     |   min   |   max   |  Latency |  achieved |   target  |  Count  | Pipelined|
        +--------------------+---------+---------+----------+-----------+-----------+---------+----------+
        |- VITIS_LOOP_821_1  |        1|     2881|         6|          4|          4|  0 ~ 720|       yes|
        +--------------------+---------+---------+----------+-----------+-----------+---------+----------+



================================================================
== Utilization Estimates
================================================================
* Summary: 
+-----------------+---------+-----+-------+-------+-----+
|       Name      | BRAM_18K| DSP |   FF  |  LUT  | URAM|
+-----------------+---------+-----+-------+-------+-----+
|DSP              |        -|    -|      -|      -|    -|
|Expression       |        -|    -|      0|     98|    -|
|FIFO             |        -|    -|      -|      -|    -|
|Instance         |        -|    -|      -|      -|    -|
|Memory           |        -|    -|      -|      -|    -|
|Multiplexer      |        -|    -|      0|    498|    -|
|Register         |        -|    -|    280|      -|    -|
+-----------------+---------+-----+-------+-------+-----+
|Total            |        0|    0|    280|    596|    0|
+-----------------+---------+-----+-------+-------+-----+
|Available        |      300|  240|  94464|  47232|    0|
+-----------------+---------+-----+-------+-------+-----+
|Utilization (%)  |        0|    0|     ~0|      1|    0|
+-----------------+---------+-----+-------+-------+-----+

+ Detail: 
    * Instance: 
    N/A

    * DSP: 
    N/A

    * Memory: 
    N/A

    * FIFO: 
    N/A

    * Expression: 
    +---------------------------------------+----------+----+---+----+------------+------------+
    |             Variable Name             | Operation| DSP| FF| LUT| Bitwidth P0| Bitwidth P1|
    +---------------------------------------+----------+----+---+----+------------+------------+
    |x_5_fu_441_p2                          |         +|   0|  0|  17|          10|           1|
    |ap_block_pp0_stage0_11001              |       and|   0|  0|   2|           1|           1|
    |ap_block_pp0_stage2_11001_grp2         |       and|   0|  0|   2|           1|           1|
    |ap_block_pp0_stage3_11001_grp3         |       and|   0|  0|   2|           1|           1|
    |ap_block_state2_pp0_stage1_iter0_grp1  |       and|   0|  0|   2|           1|           1|
    |ap_block_state3_pp0_stage2_iter0_grp2  |       and|   0|  0|   2|           1|           1|
    |ap_block_state4_pp0_stage3_iter0_grp3  |       and|   0|  0|   2|           1|           1|
    |ap_block_state5_pp0_stage0_iter1       |       and|   0|  0|   2|           1|           1|
    |ap_condition_229                       |       and|   0|  0|   2|           1|           1|
    |ap_condition_260                       |       and|   0|  0|   2|           1|           1|
    |ap_condition_278                       |       and|   0|  0|   2|           1|           1|
    |ap_condition_293                       |       and|   0|  0|   2|           1|           1|
    |ap_condition_524                       |       and|   0|  0|   2|           1|           1|
    |ap_condition_531                       |       and|   0|  0|   2|           1|           1|
    |ap_predicate_op55_read_state2          |       and|   0|  0|   2|           1|           1|
    |ap_predicate_op65_read_state3          |       and|   0|  0|   2|           1|           1|
    |ap_predicate_op76_read_state4          |       and|   0|  0|   2|           1|           1|
    |ap_predicate_op86_read_state5          |       and|   0|  0|   2|           1|           1|
    |icmp_ln821_fu_435_p2                   |      icmp|   0|  0|  17|          10|          10|
    |icmp_ln826_1_fu_451_p2                 |      icmp|   0|  0|  18|          11|          11|
    |ap_block_pp0_stage1_01001_grp1         |        or|   0|  0|   2|           1|           1|
    |or_ln826_1_fu_463_p2                   |        or|   0|  0|   2|           1|           1|
    |or_ln826_2_fu_469_p2                   |        or|   0|  0|   2|           1|           1|
    |or_ln826_3_fu_475_p2                   |        or|   0|  0|   2|           1|           1|
    |or_ln826_fu_457_p2                     |        or|   0|  0|   2|           1|           1|
    |ap_enable_pp0                          |       xor|   0|  0|   2|           1|           2|
    +---------------------------------------+----------+----+---+----+------------+------------+
    |Total                                  |          |   0|  0|  98|          54|          46|
    +---------------------------------------+----------+----+---+----+------------+------------+

    * Multiplexer: 
    +--------------------------------------+----+-----------+-----+-----------+
    |                 Name                 | LUT| Input Size| Bits| Total Bits|
    +--------------------------------------+----+-----------+-----+-----------+
    |ap_NS_fsm                             |  26|          5|    1|          5|
    |ap_done_int                           |   9|          2|    1|          2|
    |ap_enable_reg_pp0_iter0               |   9|          2|    1|          2|
    |ap_enable_reg_pp0_iter0_reg           |   9|          2|    1|          2|
    |ap_enable_reg_pp0_iter1               |   9|          2|    1|          2|
    |ap_phi_mux_pix_105_phi_fu_357_p4      |   9|          2|    8|         16|
    |ap_phi_mux_pix_106_phi_fu_346_p4      |   9|          2|    8|         16|
    |ap_phi_mux_pix_107_phi_fu_335_p4      |   9|          2|    8|         16|
    |ap_phi_mux_pix_108_phi_fu_324_p4      |   9|          2|    8|         16|
    |ap_phi_mux_pix_34_phi_fu_226_p4       |  14|          3|    8|         24|
    |ap_phi_mux_pix_35_phi_fu_216_p4       |  14|          3|    8|         24|
    |ap_phi_mux_pix_36_phi_fu_206_p4       |  14|          3|    8|         24|
    |ap_phi_mux_pix_37_phi_fu_196_p4       |  14|          3|    8|         24|
    |ap_phi_mux_pix_58_phi_fu_269_p4       |   9|          2|    8|         16|
    |ap_phi_mux_pix_59_phi_fu_258_p4       |   9|          2|    8|         16|
    |ap_phi_mux_pix_60_phi_fu_247_p4       |   9|          2|    8|         16|
    |ap_phi_mux_pix_61_phi_fu_236_p4       |   9|          2|    8|         16|
    |ap_phi_mux_pix_88_phi_fu_313_p4       |   9|          2|    8|         16|
    |ap_phi_mux_pix_89_phi_fu_302_p4       |   9|          2|    8|         16|
    |ap_phi_mux_pix_90_phi_fu_291_p4       |   9|          2|    8|         16|
    |ap_phi_mux_pix_91_phi_fu_280_p4       |   9|          2|    8|         16|
    |ap_phi_reg_pp0_iter1_pix_105_reg_354  |   9|          2|    8|         16|
    |ap_phi_reg_pp0_iter1_pix_106_reg_343  |   9|          2|    8|         16|
    |ap_phi_reg_pp0_iter1_pix_107_reg_332  |   9|          2|    8|         16|
    |ap_phi_reg_pp0_iter1_pix_108_reg_321  |   9|          2|    8|         16|
    |ap_sig_allocacmp_x_4                  |   9|          2|   10|         20|
    |bytePlanes_plane0_blk_n               |   9|          2|    1|          2|
    |img_blk_n                             |   9|          2|    1|          2|
    |pix_105_reg_354                       |   9|          2|    8|         16|
    |pix_106_reg_343                       |   9|          2|    8|         16|
    |pix_107_reg_332                       |   9|          2|    8|         16|
    |pix_108_reg_321                       |   9|          2|    8|         16|
    |pix_12_fu_104                         |   9|          2|    8|         16|
    |pix_13_fu_108                         |   9|          2|    8|         16|
    |pix_14_fu_112                         |   9|          2|    8|         16|
    |pix_15_fu_116                         |   9|          2|    8|         16|
    |pix_34_reg_223                        |  14|          3|    8|         24|
    |pix_35_reg_213                        |  14|          3|    8|         24|
    |pix_36_reg_203                        |  14|          3|    8|         24|
    |pix_37_reg_193                        |  14|          3|    8|         24|
    |pix_58_reg_266                        |   9|          2|    8|         16|
    |pix_59_reg_255                        |   9|          2|    8|         16|
    |pix_60_reg_244                        |   9|          2|    8|         16|
    |pix_61_reg_233                        |   9|          2|    8|         16|
    |pix_88_reg_310                        |   9|          2|    8|         16|
    |pix_89_reg_299                        |   9|          2|    8|         16|
    |pix_90_reg_288                        |   9|          2|    8|         16|
    |pix_91_reg_277                        |   9|          2|    8|         16|
    |x_fu_100                              |   9|          2|   10|         20|
    +--------------------------------------+----+-----------+-----+-----------+
    |Total                                 | 498|        109|  347|        761|
    +--------------------------------------+----+-----------+-----+-----------+

    * Register: 
    +-------------------------------------------+----+----+-----+-----------+
    |                    Name                   | FF | LUT| Bits| Const Bits|
    +-------------------------------------------+----+----+-----+-----------+
    |ap_CS_fsm                                  |   4|   0|    4|          0|
    |ap_block_pp0_stage0_subdone_grp0_done_reg  |   1|   0|    1|          0|
    |ap_block_pp0_stage3_subdone_grp0_done_reg  |   1|   0|    1|          0|
    |ap_done_reg                                |   1|   0|    1|          0|
    |ap_enable_reg_pp0_iter0_reg                |   1|   0|    1|          0|
    |ap_enable_reg_pp0_iter1                    |   1|   0|    1|          0|
    |ap_phi_reg_pp0_iter0_pix_58_reg_266        |   8|   0|    8|          0|
    |ap_phi_reg_pp0_iter0_pix_59_reg_255        |   8|   0|    8|          0|
    |ap_phi_reg_pp0_iter0_pix_60_reg_244        |   8|   0|    8|          0|
    |ap_phi_reg_pp0_iter0_pix_61_reg_233        |   8|   0|    8|          0|
    |ap_phi_reg_pp0_iter0_pix_88_reg_310        |   8|   0|    8|          0|
    |ap_phi_reg_pp0_iter0_pix_89_reg_299        |   8|   0|    8|          0|
    |ap_phi_reg_pp0_iter0_pix_90_reg_288        |   8|   0|    8|          0|
    |ap_phi_reg_pp0_iter0_pix_91_reg_277        |   8|   0|    8|          0|
    |ap_phi_reg_pp0_iter1_pix_105_reg_354       |   8|   0|    8|          0|
    |ap_phi_reg_pp0_iter1_pix_106_reg_343       |   8|   0|    8|          0|
    |ap_phi_reg_pp0_iter1_pix_107_reg_332       |   8|   0|    8|          0|
    |ap_phi_reg_pp0_iter1_pix_108_reg_321       |   8|   0|    8|          0|
    |icmp_ln821_reg_638                         |   1|   0|    1|          0|
    |or_ln826_1_reg_646                         |   1|   0|    1|          0|
    |or_ln826_2_reg_650                         |   1|   0|    1|          0|
    |or_ln826_3_reg_654                         |   1|   0|    1|          0|
    |or_ln826_reg_642                           |   1|   0|    1|          0|
    |pix_105_reg_354                            |   8|   0|    8|          0|
    |pix_106_reg_343                            |   8|   0|    8|          0|
    |pix_107_reg_332                            |   8|   0|    8|          0|
    |pix_108_reg_321                            |   8|   0|    8|          0|
    |pix_12_fu_104                              |   8|   0|    8|          0|
    |pix_13_fu_108                              |   8|   0|    8|          0|
    |pix_14_fu_112                              |   8|   0|    8|          0|
    |pix_15_fu_116                              |   8|   0|    8|          0|
    |pix_34_reg_223                             |   8|   0|    8|          0|
    |pix_35_reg_213                             |   8|   0|    8|          0|
    |pix_36_reg_203                             |   8|   0|    8|          0|
    |pix_37_reg_193                             |   8|   0|    8|          0|
    |pix_58_reg_266                             |   8|   0|    8|          0|
    |pix_59_reg_255                             |   8|   0|    8|          0|
    |pix_60_reg_244                             |   8|   0|    8|          0|
    |pix_61_reg_233                             |   8|   0|    8|          0|
    |pix_88_reg_310                             |   8|   0|    8|          0|
    |pix_89_reg_299                             |   8|   0|    8|          0|
    |pix_90_reg_288                             |   8|   0|    8|          0|
    |pix_91_reg_277                             |   8|   0|    8|          0|
    |x_fu_100                                   |  10|   0|   10|          0|
    +-------------------------------------------+----+----+-----+-----------+
    |Total                                      | 280|   0|  280|          0|
    +-------------------------------------------+----+----+-----+-----------+



================================================================
== Interface
================================================================
* Summary: 
+----------------------------------+-----+-----+------------+------------------------------------------------+--------------+
|             RTL Ports            | Dir | Bits|  Protocol  |                  Source Object                 |    C Type    |
+----------------------------------+-----+-----+------------+------------------------------------------------+--------------+
|ap_clk                            |   in|    1|  ap_ctrl_hs|  MultiPixStream2Bytes_Pipeline_VITIS_LOOP_821_1|  return value|
|ap_rst                            |   in|    1|  ap_ctrl_hs|  MultiPixStream2Bytes_Pipeline_VITIS_LOOP_821_1|  return value|
|ap_start                          |   in|    1|  ap_ctrl_hs|  MultiPixStream2Bytes_Pipeline_VITIS_LOOP_821_1|  return value|
|ap_done                           |  out|    1|  ap_ctrl_hs|  MultiPixStream2Bytes_Pipeline_VITIS_LOOP_821_1|  return value|
|ap_idle                           |  out|    1|  ap_ctrl_hs|  MultiPixStream2Bytes_Pipeline_VITIS_LOOP_821_1|  return value|
|ap_ready                          |  out|    1|  ap_ctrl_hs|  MultiPixStream2Bytes_Pipeline_VITIS_LOOP_821_1|  return value|
|img_dout                          |   in|   48|     ap_fifo|                                             img|       pointer|
|img_empty_n                       |   in|    1|     ap_fifo|                                             img|       pointer|
|img_read                          |  out|    1|     ap_fifo|                                             img|       pointer|
|img_num_data_valid                |   in|    3|     ap_fifo|                                             img|       pointer|
|img_fifo_cap                      |   in|    3|     ap_fifo|                                             img|       pointer|
|bytePlanes_plane0_din             |  out|  128|     ap_fifo|                               bytePlanes_plane0|       pointer|
|bytePlanes_plane0_full_n          |   in|    1|     ap_fifo|                               bytePlanes_plane0|       pointer|
|bytePlanes_plane0_write           |  out|    1|     ap_fifo|                               bytePlanes_plane0|       pointer|
|bytePlanes_plane0_num_data_valid  |   in|   32|     ap_fifo|                               bytePlanes_plane0|       pointer|
|bytePlanes_plane0_fifo_cap        |   in|   32|     ap_fifo|                               bytePlanes_plane0|       pointer|
|pix_3                             |   in|    8|     ap_none|                                           pix_3|        scalar|
|pix_2                             |   in|    8|     ap_none|                                           pix_2|        scalar|
|pix_1                             |   in|    8|     ap_none|                                           pix_1|        scalar|
|pix                               |   in|    8|     ap_none|                                             pix|        scalar|
|trunc_ln805_1                     |   in|   10|   ap_stable|                                   trunc_ln805_1|        scalar|
|icmp_ln809                        |   in|    1|   ap_stable|                                      icmp_ln809|        scalar|
|icmp_ln826_2                      |   in|    1|   ap_stable|                                    icmp_ln826_2|        scalar|
|icmp6                             |   in|    1|   ap_stable|                                           icmp6|        scalar|
|add_ln826                         |   in|   11|   ap_stable|                                       add_ln826|        scalar|
|icmp_ln826                        |   in|    1|   ap_stable|                                      icmp_ln826|        scalar|
|pix_15_out                        |  out|    8|      ap_vld|                                      pix_15_out|       pointer|
|pix_15_out_ap_vld                 |  out|    1|      ap_vld|                                      pix_15_out|       pointer|
|pix_14_out                        |  out|    8|      ap_vld|                                      pix_14_out|       pointer|
|pix_14_out_ap_vld                 |  out|    1|      ap_vld|                                      pix_14_out|       pointer|
|pix_13_out                        |  out|    8|      ap_vld|                                      pix_13_out|       pointer|
|pix_13_out_ap_vld                 |  out|    1|      ap_vld|                                      pix_13_out|       pointer|
|pix_12_out                        |  out|    8|      ap_vld|                                      pix_12_out|       pointer|
|pix_12_out_ap_vld                 |  out|    1|      ap_vld|                                      pix_12_out|       pointer|
+----------------------------------+-----+-----+------------+------------------------------------------------+--------------+

