

================================================================
== Vitis HLS Report for 'MultiPixStream2Bytes'
================================================================
* Date:           Wed Jan 21 13:02:34 2026

* Version:        2025.2 (Build 6295257 on Nov 14 2025)
* Project:        prj
* Solution:       sol (Vivado IP Flow Target)
* Product family: zynquplus
* Target device:  xczu2cg-sfvc784-1-e


================================================================
== Performance Estimates
================================================================
+ Timing: 
    * Summary: 
    +--------+---------+----------+------------+
    |  Clock |  Target | Estimated| Uncertainty|
    +--------+---------+----------+------------+
    |ap_clk  |  5.00 ns|  3.599 ns|     1.35 ns|
    +--------+---------+----------+------------+

+ Latency: 
    * Summary: 
    +---------+---------+----------+-----------+-----+---------+---------+
    |  Latency (cycles) |  Latency (absolute)  |    Interval   | Pipeline|
    |   min   |   max   |    min   |    max    | min |   max   |   Type  |
    +---------+---------+----------+-----------+-----+---------+---------+
    |        1|  6227282|  5.000 ns|  31.136 ms|    1|  6227282|       no|
    +---------+---------+----------+-----------+-----+---------+---------+

    + Detail: 
        * Instance: 
        +-------------------------------------------------------------+--------------------------------------------------+---------+---------+-----------+-----------+-----+-----+-------------------+
        |                                                             |                                                  |  Latency (cycles) |   Latency (absolute)  |  Interval |      Pipeline     |
        |                           Instance                          |                      Module                      |   min   |   max   |    min    |    max    | min | max |        Type       |
        +-------------------------------------------------------------+--------------------------------------------------+---------+---------+-----------+-----------+-----+-----+-------------------+
        |grp_MultiPixStream2Bytes_Pipeline_VITIS_LOOP_1090_11_fu_314  |MultiPixStream2Bytes_Pipeline_VITIS_LOOP_1090_11  |        3|     1923|  15.000 ns|   9.615 us|    0|    0|  loop pipeline stp|
        |grp_MultiPixStream2Bytes_Pipeline_VITIS_LOOP_904_8_fu_346    |MultiPixStream2Bytes_Pipeline_VITIS_LOOP_904_8    |        3|     5763|  15.000 ns|  28.815 us|    0|    0|  loop pipeline stp|
        |grp_MultiPixStream2Bytes_Pipeline_VITIS_LOOP_863_5_fu_376    |MultiPixStream2Bytes_Pipeline_VITIS_LOOP_863_5    |        3|     2883|  15.000 ns|  14.415 us|    0|    0|  loop pipeline stp|
        |grp_MultiPixStream2Bytes_Pipeline_VITIS_LOOP_821_1_fu_398    |MultiPixStream2Bytes_Pipeline_VITIS_LOOP_821_1    |        3|     2883|  15.000 ns|  14.415 us|    0|    0|  loop pipeline stp|
        +-------------------------------------------------------------+--------------------------------------------------+---------+---------+-----------+-----------+-----+-----+-------------------+

        * Loop: 
        +------------------------+---------+---------+----------+-----------+-----------+-----------+----------+
        |                        |  Latency (cycles) | Iteration|  Initiation Interval  |    Trip   |          |
        |        Loop Name       |   min   |   max   |  Latency |  achieved |   target  |   Count   | Pipelined|
        +------------------------+---------+---------+----------+-----------+-----------+-----------+----------+
        |- loop_YUYV8            |      384|  3116880|  6 ~ 2886|          -|          -|  64 ~ 1080|        no|
        |- loop_UYVY8            |      384|  3116880|  6 ~ 2886|          -|          -|  64 ~ 1080|        no|
        |- loop_Y_UV8_Y_UV8_420  |      384|  6227280|  6 ~ 5766|          -|          -|  64 ~ 1080|        no|
        |- loop_RGB8_YUV8        |      384|  2080080|  6 ~ 1926|          -|          -|  64 ~ 1080|        no|
        +------------------------+---------+---------+----------+-----------+-----------+-----------+----------+



================================================================
== Utilization Estimates
================================================================
* Summary: 
+-----------------+---------+-----+-------+-------+-----+
|       Name      | BRAM_18K| DSP |   FF  |  LUT  | URAM|
+-----------------+---------+-----+-------+-------+-----+
|DSP              |        -|    -|      -|      -|    -|
|Expression       |        -|    -|      0|    569|    -|
|FIFO             |        -|    -|      -|      -|    -|
|Instance         |        -|    1|   1929|   3494|    -|
|Memory           |        -|    -|      -|      -|    -|
|Multiplexer      |        -|    -|      0|    191|    -|
|Register         |        -|    -|    476|      -|    -|
+-----------------+---------+-----+-------+-------+-----+
|Total            |        0|    1|   2405|   4254|    0|
+-----------------+---------+-----+-------+-------+-----+
|Available        |      300|  240|  94464|  47232|    0|
+-----------------+---------+-----+-------+-------+-----+
|Utilization (%)  |        0|   ~0|      2|      9|    0|
+-----------------+---------+-----+-------+-------+-----+

+ Detail: 
    * Instance: 
    +-------------------------------------------------------------+--------------------------------------------------+---------+----+-----+------+-----+
    |                           Instance                          |                      Module                      | BRAM_18K| DSP|  FF |  LUT | URAM|
    +-------------------------------------------------------------+--------------------------------------------------+---------+----+-----+------+-----+
    |grp_MultiPixStream2Bytes_Pipeline_VITIS_LOOP_1090_11_fu_314  |MultiPixStream2Bytes_Pipeline_VITIS_LOOP_1090_11  |        0|   0|  815|  1325|    0|
    |grp_MultiPixStream2Bytes_Pipeline_VITIS_LOOP_821_1_fu_398    |MultiPixStream2Bytes_Pipeline_VITIS_LOOP_821_1    |        0|   0|  280|   596|    0|
    |grp_MultiPixStream2Bytes_Pipeline_VITIS_LOOP_863_5_fu_376    |MultiPixStream2Bytes_Pipeline_VITIS_LOOP_863_5    |        0|   0|  280|   596|    0|
    |grp_MultiPixStream2Bytes_Pipeline_VITIS_LOOP_904_8_fu_346    |MultiPixStream2Bytes_Pipeline_VITIS_LOOP_904_8    |        0|   0|  554|   972|    0|
    |mul_10ns_12ns_21_1_1_U132                                    |mul_10ns_12ns_21_1_1                              |        0|   1|    0|     5|    0|
    +-------------------------------------------------------------+--------------------------------------------------+---------+----+-----+------+-----+
    |Total                                                        |                                                  |        0|   1| 1929|  3494|    0|
    +-------------------------------------------------------------+--------------------------------------------------+---------+----+-----+------+-----+

    * DSP: 
    N/A

    * Memory: 
    N/A

    * FIFO: 
    N/A

    * Expression: 
    +-------------------------+----------+----+---+----+------------+------------+
    |      Variable Name      | Operation| DSP| FF| LUT| Bitwidth P0| Bitwidth P1|
    +-------------------------+----------+----+---+----+------------+------------+
    |add_ln1073_fu_519_p2     |         +|   0|  0|  17|          10|           2|
    |add_ln1081_fu_571_p2     |         +|   0|  0|  18|           9|           7|
    |add_ln1095_fu_846_p2     |         +|   0|  0|  16|           9|           2|
    |add_ln826_fu_762_p2      |         +|   0|  0|  18|          11|           2|
    |add_ln868_fu_707_p2      |         +|   0|  0|  18|          11|           2|
    |add_ln909_fu_618_p2      |         +|   0|  0|  18|          11|           2|
    |grp_fu_420_p2            |         +|   0|  0|  21|          14|           4|
    |y_11_fu_936_p2           |         +|   0|  0|  18|          11|           1|
    |y_5_fu_1039_p2           |         +|   0|  0|  18|          11|           1|
    |y_7_fu_1008_p2           |         +|   0|  0|  18|          11|           1|
    |y_9_fu_973_p2            |         +|   0|  0|  18|          11|           1|
    |sub_ln1081_fu_565_p2     |         -|   0|  0|  18|           9|           9|
    |grp_fu_446_p2            |      icmp|   0|  0|  10|           3|           1|
    |icmp_ln1077_fu_529_p2    |      icmp|   0|  0|  12|           4|           1|
    |icmp_ln1086_fu_931_p2    |      icmp|   0|  0|  18|          11|          11|
    |icmp_ln1095_2_fu_874_p2  |      icmp|   0|  0|  12|           4|           2|
    |icmp_ln1095_3_fu_868_p2  |      icmp|   0|  0|  10|           3|           1|
    |icmp_ln1095_4_fu_896_p2  |      icmp|   0|  0|  12|           4|           3|
    |icmp_ln1095_5_fu_902_p2  |      icmp|   0|  0|  12|           4|           3|
    |icmp_ln1095_6_fu_908_p2  |      icmp|   0|  0|  12|           4|           3|
    |icmp_ln1095_7_fu_890_p2  |      icmp|   0|  0|   9|           2|           1|
    |icmp_ln1095_fu_852_p2    |      icmp|   0|  0|  12|           4|           1|
    |icmp_ln1110_fu_922_p2    |      icmp|   0|  0|   9|           2|           2|
    |icmp_ln817_fu_1034_p2    |      icmp|   0|  0|  18|          11|          11|
    |icmp_ln826_2_fu_790_p2   |      icmp|   0|  0|  10|           3|           2|
    |icmp_ln826_3_fu_784_p2   |      icmp|   0|  0|   9|           2|           1|
    |icmp_ln826_fu_768_p2     |      icmp|   0|  0|  10|           3|           1|
    |icmp_ln859_fu_1003_p2    |      icmp|   0|  0|  18|          11|          11|
    |icmp_ln868_2_fu_735_p2   |      icmp|   0|  0|  10|           3|           2|
    |icmp_ln868_3_fu_729_p2   |      icmp|   0|  0|   9|           2|           1|
    |icmp_ln868_fu_713_p2     |      icmp|   0|  0|  10|           3|           1|
    |icmp_ln892_fu_600_p2     |      icmp|   0|  0|  12|           4|           1|
    |icmp_ln900_fu_968_p2     |      icmp|   0|  0|  18|          11|          11|
    |icmp_ln909_2_fu_646_p2   |      icmp|   0|  0|  12|           4|           2|
    |icmp_ln909_3_fu_640_p2   |      icmp|   0|  0|  10|           3|           1|
    |icmp_ln909_4_fu_668_p2   |      icmp|   0|  0|  12|           4|           3|
    |icmp_ln909_5_fu_674_p2   |      icmp|   0|  0|  12|           4|           3|
    |icmp_ln909_6_fu_680_p2   |      icmp|   0|  0|  12|           4|           3|
    |icmp_ln909_7_fu_662_p2   |      icmp|   0|  0|   9|           2|           1|
    |icmp_ln909_fu_624_p2     |      icmp|   0|  0|  12|           4|           1|
    |ap_block_state1          |        or|   0|  0|   2|           1|           1|
    |remainPix_1_fu_754_p3    |    select|   0|  0|   4|           1|           4|
    |remainPix_3_fu_699_p3    |    select|   0|  0|   4|           1|           4|
    |remainPix_5_fu_610_p3    |    select|   0|  0|   5|           1|           5|
    |remainPix_6_fu_833_p3    |    select|   0|  0|   5|           1|           5|
    |remainTrx_fu_840_p3      |    select|   0|  0|   2|           1|           2|
    +-------------------------+----------+----+---+----+------------+------------+
    |Total                    |          |   0|  0| 569|         257|         140|
    +-------------------------+----------+----+---+----+------------+------------+

    * Multiplexer: 
    +-------------------------+----+-----------+-----+-----------+
    |           Name          | LUT| Input Size| Bits| Total Bits|
    +-------------------------+----+-----------+-----+-----------+
    |ap_NS_fsm                |  65|         15|    1|         15|
    |ap_done                  |   9|          2|    1|          2|
    |bytePlanes_plane0_din    |  20|          4|  128|        512|
    |bytePlanes_plane0_write  |  26|          5|    1|          5|
    |img_read                 |  26|          5|    1|          5|
    |real_start               |   9|          2|    1|          2|
    |y_1_fu_250               |   9|          2|   11|         22|
    |y_2_fu_230               |   9|          2|   11|         22|
    |y_3_fu_202               |   9|          2|   11|         22|
    |y_fu_270                 |   9|          2|   11|         22|
    +-------------------------+----+-----------+-----+-----------+
    |Total                    | 191|         41|  177|        629|
    +-------------------------+----+-----------+-----+-----------+

    * Register: 
    +--------------------------------------------------------------------------+----+----+-----+-----------+
    |                                   Name                                   | FF | LUT| Bits| Const Bits|
    +--------------------------------------------------------------------------+----+----+-----+-----------+
    |Height_val_read_reg_1066                                                  |  11|   0|   11|          0|
    |VideoFormat_val_read_reg_1062                                             |   6|   0|    6|          0|
    |add_ln1073_reg_1122                                                       |  10|   0|   10|          0|
    |add_ln1095_reg_1337                                                       |   9|   0|    9|          0|
    |add_ln826_reg_1312                                                        |  11|   0|   11|          0|
    |add_ln868_reg_1256                                                        |  11|   0|   11|          0|
    |add_ln909_reg_1180                                                        |  11|   0|   11|          0|
    |ap_CS_fsm                                                                 |  14|   0|   14|          0|
    |ap_done_reg                                                               |   1|   0|    1|          0|
    |empty_reg_1074                                                            |   5|   0|    5|          0|
    |grp_MultiPixStream2Bytes_Pipeline_VITIS_LOOP_1090_11_fu_314_ap_start_reg  |   1|   0|    1|          0|
    |grp_MultiPixStream2Bytes_Pipeline_VITIS_LOOP_821_1_fu_398_ap_start_reg    |   1|   0|    1|          0|
    |grp_MultiPixStream2Bytes_Pipeline_VITIS_LOOP_863_5_fu_376_ap_start_reg    |   1|   0|    1|          0|
    |grp_MultiPixStream2Bytes_Pipeline_VITIS_LOOP_904_8_fu_346_ap_start_reg    |   1|   0|    1|          0|
    |icmp_ln1077_reg_1127                                                      |   1|   0|    1|          0|
    |icmp_ln1095_2_reg_1352                                                    |   1|   0|    1|          0|
    |icmp_ln1095_3_reg_1347                                                    |   1|   0|    1|          0|
    |icmp_ln1095_4_reg_1362                                                    |   1|   0|    1|          0|
    |icmp_ln1095_5_reg_1367                                                    |   1|   0|    1|          0|
    |icmp_ln1095_6_reg_1372                                                    |   1|   0|    1|          0|
    |icmp_ln1095_7_reg_1357                                                    |   1|   0|    1|          0|
    |icmp_ln1095_reg_1342                                                      |   1|   0|    1|          0|
    |icmp_ln1110_reg_1382                                                      |   1|   0|    1|          0|
    |icmp_ln809_reg_1307                                                       |   1|   0|    1|          0|
    |icmp_ln826_2_reg_1327                                                     |   1|   0|    1|          0|
    |icmp_ln826_3_reg_1322                                                     |   1|   0|    1|          0|
    |icmp_ln826_reg_1317                                                       |   1|   0|    1|          0|
    |icmp_ln851_reg_1251                                                       |   1|   0|    1|          0|
    |icmp_ln868_2_reg_1271                                                     |   1|   0|    1|          0|
    |icmp_ln868_3_reg_1266                                                     |   1|   0|    1|          0|
    |icmp_ln868_reg_1261                                                       |   1|   0|    1|          0|
    |icmp_ln892_reg_1175                                                       |   1|   0|    1|          0|
    |icmp_ln909_2_reg_1195                                                     |   1|   0|    1|          0|
    |icmp_ln909_3_reg_1190                                                     |   1|   0|    1|          0|
    |icmp_ln909_4_reg_1205                                                     |   1|   0|    1|          0|
    |icmp_ln909_5_reg_1210                                                     |   1|   0|    1|          0|
    |icmp_ln909_6_reg_1215                                                     |   1|   0|    1|          0|
    |icmp_ln909_7_reg_1200                                                     |   1|   0|    1|          0|
    |icmp_ln909_reg_1185                                                       |   1|   0|    1|          0|
    |lshr_ln1_reg_1134                                                         |   3|   0|    3|          0|
    |pix_10_fu_242                                                             |   8|   0|    8|          0|
    |pix_10_load_reg_1433                                                      |   8|   0|    8|          0|
    |pix_11_fu_246                                                             |   8|   0|    8|          0|
    |pix_11_load_reg_1438                                                      |   8|   0|    8|          0|
    |pix_1_fu_278                                                              |   8|   0|    8|          0|
    |pix_1_load_reg_1479                                                       |   8|   0|    8|          0|
    |pix_24_fu_206                                                             |   8|   0|    8|          0|
    |pix_24_load_reg_1390                                                      |   8|   0|    8|          0|
    |pix_25_fu_210                                                             |   8|   0|    8|          0|
    |pix_25_load_reg_1395                                                      |   8|   0|    8|          0|
    |pix_26_fu_214                                                             |   8|   0|    8|          0|
    |pix_26_load_reg_1400                                                      |   8|   0|    8|          0|
    |pix_27_fu_218                                                             |   8|   0|    8|          0|
    |pix_27_load_reg_1405                                                      |   8|   0|    8|          0|
    |pix_28_fu_222                                                             |   8|   0|    8|          0|
    |pix_28_load_reg_1410                                                      |   8|   0|    8|          0|
    |pix_29_fu_226                                                             |   8|   0|    8|          0|
    |pix_29_load_reg_1415                                                      |   8|   0|    8|          0|
    |pix_2_fu_282                                                              |   8|   0|    8|          0|
    |pix_2_load_reg_1484                                                       |   8|   0|    8|          0|
    |pix_3_fu_286                                                              |   8|   0|    8|          0|
    |pix_3_load_reg_1489                                                       |   8|   0|    8|          0|
    |pix_4_fu_254                                                              |   8|   0|    8|          0|
    |pix_4_load_reg_1451                                                       |   8|   0|    8|          0|
    |pix_5_fu_258                                                              |   8|   0|    8|          0|
    |pix_5_load_reg_1456                                                       |   8|   0|    8|          0|
    |pix_6_fu_262                                                              |   8|   0|    8|          0|
    |pix_6_load_reg_1461                                                       |   8|   0|    8|          0|
    |pix_7_fu_266                                                              |   8|   0|    8|          0|
    |pix_7_load_reg_1466                                                       |   8|   0|    8|          0|
    |pix_8_fu_234                                                              |   8|   0|    8|          0|
    |pix_8_load_reg_1423                                                       |   8|   0|    8|          0|
    |pix_9_fu_238                                                              |   8|   0|    8|          0|
    |pix_9_load_reg_1428                                                       |   8|   0|    8|          0|
    |pix_fu_274                                                                |   8|   0|    8|          0|
    |pix_load_reg_1474                                                         |   8|   0|    8|          0|
    |reg_462                                                                   |  10|   0|   10|          0|
    |start_once_reg                                                            |   1|   0|    1|          0|
    |tmp_13_reg_1377                                                           |   1|   0|    1|          0|
    |trunc_ln1_cast_reg_1332                                                   |   8|   0|    8|          0|
    |trunc_ln2_reg_1139                                                        |   2|   0|    2|          0|
    |trunc_ln900_reg_1443                                                      |   1|   0|    1|          0|
    |y_1_fu_250                                                                |  11|   0|   11|          0|
    |y_2_fu_230                                                                |  11|   0|   11|          0|
    |y_3_fu_202                                                                |  11|   0|   11|          0|
    |y_fu_270                                                                  |  11|   0|   11|          0|
    +--------------------------------------------------------------------------+----+----+-----+-----------+
    |Total                                                                     | 476|   0|  476|          0|
    +--------------------------------------------------------------------------+----+----+-----+-----------+



================================================================
== Interface
================================================================
* Summary: 
+----------------------------------+-----+-----+------------+----------------------+--------------+
|             RTL Ports            | Dir | Bits|  Protocol  |     Source Object    |    C Type    |
+----------------------------------+-----+-----+------------+----------------------+--------------+
|ap_clk                            |   in|    1|  ap_ctrl_hs|  MultiPixStream2Bytes|  return value|
|ap_rst                            |   in|    1|  ap_ctrl_hs|  MultiPixStream2Bytes|  return value|
|ap_start                          |   in|    1|  ap_ctrl_hs|  MultiPixStream2Bytes|  return value|
|start_full_n                      |   in|    1|  ap_ctrl_hs|  MultiPixStream2Bytes|  return value|
|ap_done                           |  out|    1|  ap_ctrl_hs|  MultiPixStream2Bytes|  return value|
|ap_continue                       |   in|    1|  ap_ctrl_hs|  MultiPixStream2Bytes|  return value|
|ap_idle                           |  out|    1|  ap_ctrl_hs|  MultiPixStream2Bytes|  return value|
|ap_ready                          |  out|    1|  ap_ctrl_hs|  MultiPixStream2Bytes|  return value|
|start_out                         |  out|    1|  ap_ctrl_hs|  MultiPixStream2Bytes|  return value|
|start_write                       |  out|    1|  ap_ctrl_hs|  MultiPixStream2Bytes|  return value|
|img_dout                          |   in|   48|     ap_fifo|                   img|       pointer|
|img_empty_n                       |   in|    1|     ap_fifo|                   img|       pointer|
|img_read                          |  out|    1|     ap_fifo|                   img|       pointer|
|img_num_data_valid                |   in|    3|     ap_fifo|                   img|       pointer|
|img_fifo_cap                      |   in|    3|     ap_fifo|                   img|       pointer|
|bytePlanes_plane0_din             |  out|  128|     ap_fifo|     bytePlanes_plane0|       pointer|
|bytePlanes_plane0_full_n          |   in|    1|     ap_fifo|     bytePlanes_plane0|       pointer|
|bytePlanes_plane0_write           |  out|    1|     ap_fifo|     bytePlanes_plane0|       pointer|
|bytePlanes_plane0_num_data_valid  |   in|   32|     ap_fifo|     bytePlanes_plane0|       pointer|
|bytePlanes_plane0_fifo_cap        |   in|   32|     ap_fifo|     bytePlanes_plane0|       pointer|
|bytePlanes_plane1_din             |  out|  128|     ap_fifo|     bytePlanes_plane1|       pointer|
|bytePlanes_plane1_full_n          |   in|    1|     ap_fifo|     bytePlanes_plane1|       pointer|
|bytePlanes_plane1_write           |  out|    1|     ap_fifo|     bytePlanes_plane1|       pointer|
|bytePlanes_plane1_num_data_valid  |   in|    9|     ap_fifo|     bytePlanes_plane1|       pointer|
|bytePlanes_plane1_fifo_cap        |   in|    9|     ap_fifo|     bytePlanes_plane1|       pointer|
|Height_val                        |   in|   11|   ap_stable|            Height_val|        scalar|
|WidthInPix_val                    |   in|   11|   ap_stable|        WidthInPix_val|        scalar|
|WidthInBytes_val                  |   in|   14|   ap_stable|      WidthInBytes_val|        scalar|
|VideoFormat_val                   |   in|    6|   ap_stable|       VideoFormat_val|        scalar|
+----------------------------------+-----+-----+------------+----------------------+--------------+

