
*** Running vivado
    with args -log design_1_mipi_csi2_rx_subsyst_0_0.vds -m64 -product Vivado -mode batch -messageDb vivado.pb -notrace -source design_1_mipi_csi2_rx_subsyst_0_0.tcl



****** Vivado v2025.2 (64-bit)
  **** SW Build 6299465 on Fri Nov 14 19:35:11 GMT 2025
  **** IP Build 6300035 on Fri Nov 14 10:48:45 MST 2025
  **** SharedData Build 6298862 on Thu Nov 13 04:50:51 MST 2025
  **** Start of session at: Wed Jan 21 13:03:42 2026
    ** Copyright 1986-2022 Xilinx, Inc. All Rights Reserved.
    ** Copyright 2022-2025 Advanced Micro Devices, Inc. All Rights Reserved.

source design_1_mipi_csi2_rx_subsyst_0_0.tcl -notrace
create_project: Time (s): cpu = 00:00:12 ; elapsed = 00:00:08 . Memory (MB): peak = 530.109 ; gain = 219.766
Command: synth_design -top design_1_mipi_csi2_rx_subsyst_0_0 -part xczu2cg-sfvc784-1-e -incremental_mode off -mode out_of_context
Starting synth_design
Attempting to get a license for feature 'Synthesis' and/or device 'xczu2cg'
INFO: [Common 17-349] Got license for feature 'Synthesis' and/or device 'xczu2cg'
INFO: [Device 21-403] Loading part xczu2cg-sfvc784-1-e
INFO: [Synth 8-7079] Multithreading enabled for synth_design using a maximum of 2 processes.
INFO: [Synth 8-7078] Launching helper process for spawning children vivado processes
INFO: [Synth 8-7075] Helper process launched with PID 25812
---------------------------------------------------------------------------------
Starting RTL Elaboration : Time (s): cpu = 00:00:08 ; elapsed = 00:00:09 . Memory (MB): peak = 1810.641 ; gain = 205.738
---------------------------------------------------------------------------------
INFO: [Synth 8-6157] synthesizing module 'design_1_mipi_csi2_rx_subsyst_0_0' [c:/TFG_Vivado/vivado/axu2cga_trd.gen/sources_1/bd/design_1/ip/design_1_mipi_csi2_rx_subsyst_0_0/synth/design_1_mipi_csi2_rx_subsyst_0_0.v:53]
INFO: [Synth 8-6157] synthesizing module 'bd_d10d' [c:/TFG_Vivado/vivado/axu2cga_trd.gen/sources_1/bd/design_1/ip/design_1_mipi_csi2_rx_subsyst_0_0/bd_0/synth/bd_d10d.v:10]
INFO: [Synth 8-6157] synthesizing module 'bd_d10d_phy_0' [C:/TFG_Vivado/vivado/axu2cga_trd.runs/design_1_mipi_csi2_rx_subsyst_0_0_synth_1/.Xil/Vivado-31052-LAPTOP-N1KB207U/realtime/bd_d10d_phy_0_stub.v:6]
INFO: [Synth 8-6155] done synthesizing module 'bd_d10d_phy_0' (0#1) [C:/TFG_Vivado/vivado/axu2cga_trd.runs/design_1_mipi_csi2_rx_subsyst_0_0_synth_1/.Xil/Vivado-31052-LAPTOP-N1KB207U/realtime/bd_d10d_phy_0_stub.v:6]
WARNING: [Synth 8-7071] port 'init_done' of module 'bd_d10d_phy_0' is unconnected for instance 'phy' [c:/TFG_Vivado/vivado/axu2cga_trd.gen/sources_1/bd/design_1/ip/design_1_mipi_csi2_rx_subsyst_0_0/bd_0/synth/bd_d10d.v:166]
WARNING: [Synth 8-7071] port 'cl_rxclkactivehs' of module 'bd_d10d_phy_0' is unconnected for instance 'phy' [c:/TFG_Vivado/vivado/axu2cga_trd.gen/sources_1/bd/design_1/ip/design_1_mipi_csi2_rx_subsyst_0_0/bd_0/synth/bd_d10d.v:166]
WARNING: [Synth 8-7071] port 'cl_ulpsactivenot' of module 'bd_d10d_phy_0' is unconnected for instance 'phy' [c:/TFG_Vivado/vivado/axu2cga_trd.gen/sources_1/bd/design_1/ip/design_1_mipi_csi2_rx_subsyst_0_0/bd_0/synth/bd_d10d.v:166]
WARNING: [Synth 8-7071] port 'dl0_ulpsactivenot' of module 'bd_d10d_phy_0' is unconnected for instance 'phy' [c:/TFG_Vivado/vivado/axu2cga_trd.gen/sources_1/bd/design_1/ip/design_1_mipi_csi2_rx_subsyst_0_0/bd_0/synth/bd_d10d.v:166]
WARNING: [Synth 8-7071] port 'dl0_rxclkesc' of module 'bd_d10d_phy_0' is unconnected for instance 'phy' [c:/TFG_Vivado/vivado/axu2cga_trd.gen/sources_1/bd/design_1/ip/design_1_mipi_csi2_rx_subsyst_0_0/bd_0/synth/bd_d10d.v:166]
WARNING: [Synth 8-7071] port 'dl0_rxlpdtesc' of module 'bd_d10d_phy_0' is unconnected for instance 'phy' [c:/TFG_Vivado/vivado/axu2cga_trd.gen/sources_1/bd/design_1/ip/design_1_mipi_csi2_rx_subsyst_0_0/bd_0/synth/bd_d10d.v:166]
WARNING: [Synth 8-7071] port 'dl0_rxulpsesc' of module 'bd_d10d_phy_0' is unconnected for instance 'phy' [c:/TFG_Vivado/vivado/axu2cga_trd.gen/sources_1/bd/design_1/ip/design_1_mipi_csi2_rx_subsyst_0_0/bd_0/synth/bd_d10d.v:166]
WARNING: [Synth 8-7071] port 'dl0_rxtriggeresc' of module 'bd_d10d_phy_0' is unconnected for instance 'phy' [c:/TFG_Vivado/vivado/axu2cga_trd.gen/sources_1/bd/design_1/ip/design_1_mipi_csi2_rx_subsyst_0_0/bd_0/synth/bd_d10d.v:166]
WARNING: [Synth 8-7071] port 'dl0_rxdataesc' of module 'bd_d10d_phy_0' is unconnected for instance 'phy' [c:/TFG_Vivado/vivado/axu2cga_trd.gen/sources_1/bd/design_1/ip/design_1_mipi_csi2_rx_subsyst_0_0/bd_0/synth/bd_d10d.v:166]
WARNING: [Synth 8-7071] port 'dl0_rxvalidesc' of module 'bd_d10d_phy_0' is unconnected for instance 'phy' [c:/TFG_Vivado/vivado/axu2cga_trd.gen/sources_1/bd/design_1/ip/design_1_mipi_csi2_rx_subsyst_0_0/bd_0/synth/bd_d10d.v:166]
WARNING: [Synth 8-7071] port 'dl0_errsyncesc' of module 'bd_d10d_phy_0' is unconnected for instance 'phy' [c:/TFG_Vivado/vivado/axu2cga_trd.gen/sources_1/bd/design_1/ip/design_1_mipi_csi2_rx_subsyst_0_0/bd_0/synth/bd_d10d.v:166]
WARNING: [Synth 8-7071] port 'dl1_ulpsactivenot' of module 'bd_d10d_phy_0' is unconnected for instance 'phy' [c:/TFG_Vivado/vivado/axu2cga_trd.gen/sources_1/bd/design_1/ip/design_1_mipi_csi2_rx_subsyst_0_0/bd_0/synth/bd_d10d.v:166]
WARNING: [Synth 8-7071] port 'dl1_rxclkesc' of module 'bd_d10d_phy_0' is unconnected for instance 'phy' [c:/TFG_Vivado/vivado/axu2cga_trd.gen/sources_1/bd/design_1/ip/design_1_mipi_csi2_rx_subsyst_0_0/bd_0/synth/bd_d10d.v:166]
WARNING: [Synth 8-7071] port 'dl1_rxlpdtesc' of module 'bd_d10d_phy_0' is unconnected for instance 'phy' [c:/TFG_Vivado/vivado/axu2cga_trd.gen/sources_1/bd/design_1/ip/design_1_mipi_csi2_rx_subsyst_0_0/bd_0/synth/bd_d10d.v:166]
WARNING: [Synth 8-7071] port 'dl1_rxulpsesc' of module 'bd_d10d_phy_0' is unconnected for instance 'phy' [c:/TFG_Vivado/vivado/axu2cga_trd.gen/sources_1/bd/design_1/ip/design_1_mipi_csi2_rx_subsyst_0_0/bd_0/synth/bd_d10d.v:166]
WARNING: [Synth 8-7071] port 'dl1_rxtriggeresc' of module 'bd_d10d_phy_0' is unconnected for instance 'phy' [c:/TFG_Vivado/vivado/axu2cga_trd.gen/sources_1/bd/design_1/ip/design_1_mipi_csi2_rx_subsyst_0_0/bd_0/synth/bd_d10d.v:166]
WARNING: [Synth 8-7071] port 'dl1_rxdataesc' of module 'bd_d10d_phy_0' is unconnected for instance 'phy' [c:/TFG_Vivado/vivado/axu2cga_trd.gen/sources_1/bd/design_1/ip/design_1_mipi_csi2_rx_subsyst_0_0/bd_0/synth/bd_d10d.v:166]
WARNING: [Synth 8-7071] port 'dl1_rxvalidesc' of module 'bd_d10d_phy_0' is unconnected for instance 'phy' [c:/TFG_Vivado/vivado/axu2cga_trd.gen/sources_1/bd/design_1/ip/design_1_mipi_csi2_rx_subsyst_0_0/bd_0/synth/bd_d10d.v:166]
WARNING: [Synth 8-7071] port 'dl1_errsyncesc' of module 'bd_d10d_phy_0' is unconnected for instance 'phy' [c:/TFG_Vivado/vivado/axu2cga_trd.gen/sources_1/bd/design_1/ip/design_1_mipi_csi2_rx_subsyst_0_0/bd_0/synth/bd_d10d.v:166]
WARNING: [Synth 8-7023] instance 'phy' of module 'bd_d10d_phy_0' has 54 connections declared, but only 35 given [c:/TFG_Vivado/vivado/axu2cga_trd.gen/sources_1/bd/design_1/ip/design_1_mipi_csi2_rx_subsyst_0_0/bd_0/synth/bd_d10d.v:166]
INFO: [Synth 8-6157] synthesizing module 'bd_d10d_r_sync_0' [C:/TFG_Vivado/vivado/axu2cga_trd.runs/design_1_mipi_csi2_rx_subsyst_0_0_synth_1/.Xil/Vivado-31052-LAPTOP-N1KB207U/realtime/bd_d10d_r_sync_0_stub.v:6]
INFO: [Synth 8-6155] done synthesizing module 'bd_d10d_r_sync_0' (0#1) [C:/TFG_Vivado/vivado/axu2cga_trd.runs/design_1_mipi_csi2_rx_subsyst_0_0_synth_1/.Xil/Vivado-31052-LAPTOP-N1KB207U/realtime/bd_d10d_r_sync_0_stub.v:6]
WARNING: [Synth 8-7071] port 'mb_reset' of module 'bd_d10d_r_sync_0' is unconnected for instance 'r_sync' [c:/TFG_Vivado/vivado/axu2cga_trd.gen/sources_1/bd/design_1/ip/design_1_mipi_csi2_rx_subsyst_0_0/bd_0/synth/bd_d10d.v:202]
WARNING: [Synth 8-7071] port 'bus_struct_reset' of module 'bd_d10d_r_sync_0' is unconnected for instance 'r_sync' [c:/TFG_Vivado/vivado/axu2cga_trd.gen/sources_1/bd/design_1/ip/design_1_mipi_csi2_rx_subsyst_0_0/bd_0/synth/bd_d10d.v:202]
WARNING: [Synth 8-7071] port 'interconnect_aresetn' of module 'bd_d10d_r_sync_0' is unconnected for instance 'r_sync' [c:/TFG_Vivado/vivado/axu2cga_trd.gen/sources_1/bd/design_1/ip/design_1_mipi_csi2_rx_subsyst_0_0/bd_0/synth/bd_d10d.v:202]
WARNING: [Synth 8-7071] port 'peripheral_aresetn' of module 'bd_d10d_r_sync_0' is unconnected for instance 'r_sync' [c:/TFG_Vivado/vivado/axu2cga_trd.gen/sources_1/bd/design_1/ip/design_1_mipi_csi2_rx_subsyst_0_0/bd_0/synth/bd_d10d.v:202]
WARNING: [Synth 8-7023] instance 'r_sync' of module 'bd_d10d_r_sync_0' has 10 connections declared, but only 6 given [c:/TFG_Vivado/vivado/axu2cga_trd.gen/sources_1/bd/design_1/ip/design_1_mipi_csi2_rx_subsyst_0_0/bd_0/synth/bd_d10d.v:202]
INFO: [Synth 8-6157] synthesizing module 'bd_d10d_rx_0' [C:/TFG_Vivado/vivado/axu2cga_trd.runs/design_1_mipi_csi2_rx_subsyst_0_0_synth_1/.Xil/Vivado-31052-LAPTOP-N1KB207U/realtime/bd_d10d_rx_0_stub.v:6]
INFO: [Synth 8-6155] done synthesizing module 'bd_d10d_rx_0' (0#1) [C:/TFG_Vivado/vivado/axu2cga_trd.runs/design_1_mipi_csi2_rx_subsyst_0_0_synth_1/.Xil/Vivado-31052-LAPTOP-N1KB207U/realtime/bd_d10d_rx_0_stub.v:6]
WARNING: [Synth 8-7071] port 'frame_rcvd_pulse_out' of module 'bd_d10d_rx_0' is unconnected for instance 'rx' [c:/TFG_Vivado/vivado/axu2cga_trd.gen/sources_1/bd/design_1/ip/design_1_mipi_csi2_rx_subsyst_0_0/bd_0/synth/bd_d10d.v:209]
WARNING: [Synth 8-7023] instance 'rx' of module 'bd_d10d_rx_0' has 69 connections declared, but only 68 given [c:/TFG_Vivado/vivado/axu2cga_trd.gen/sources_1/bd/design_1/ip/design_1_mipi_csi2_rx_subsyst_0_0/bd_0/synth/bd_d10d.v:209]
INFO: [Synth 8-6157] synthesizing module 'bd_d10d_vfb_0_0' [C:/TFG_Vivado/vivado/axu2cga_trd.runs/design_1_mipi_csi2_rx_subsyst_0_0_synth_1/.Xil/Vivado-31052-LAPTOP-N1KB207U/realtime/bd_d10d_vfb_0_0_stub.v:6]
INFO: [Synth 8-6155] done synthesizing module 'bd_d10d_vfb_0_0' (0#1) [C:/TFG_Vivado/vivado/axu2cga_trd.runs/design_1_mipi_csi2_rx_subsyst_0_0_synth_1/.Xil/Vivado-31052-LAPTOP-N1KB207U/realtime/bd_d10d_vfb_0_0_stub.v:6]
INFO: [Synth 8-6155] done synthesizing module 'bd_d10d' (0#1) [c:/TFG_Vivado/vivado/axu2cga_trd.gen/sources_1/bd/design_1/ip/design_1_mipi_csi2_rx_subsyst_0_0/bd_0/synth/bd_d10d.v:10]
INFO: [Synth 8-6155] done synthesizing module 'design_1_mipi_csi2_rx_subsyst_0_0' (0#1) [c:/TFG_Vivado/vivado/axu2cga_trd.gen/sources_1/bd/design_1/ip/design_1_mipi_csi2_rx_subsyst_0_0/synth/design_1_mipi_csi2_rx_subsyst_0_0.v:53]
---------------------------------------------------------------------------------
Finished RTL Elaboration : Time (s): cpu = 00:00:11 ; elapsed = 00:00:12 . Memory (MB): peak = 1934.914 ; gain = 330.012
---------------------------------------------------------------------------------
---------------------------------------------------------------------------------
Start Handling Custom Attributes
---------------------------------------------------------------------------------
---------------------------------------------------------------------------------
Finished Handling Custom Attributes : Time (s): cpu = 00:00:11 ; elapsed = 00:00:12 . Memory (MB): peak = 1934.914 ; gain = 330.012
---------------------------------------------------------------------------------
---------------------------------------------------------------------------------
Finished RTL Optimization Phase 1 : Time (s): cpu = 00:00:11 ; elapsed = 00:00:12 . Memory (MB): peak = 1934.914 ; gain = 330.012
---------------------------------------------------------------------------------
Netlist sorting complete. Time (s): cpu = 00:00:00 ; elapsed = 00:00:00.008 . Memory (MB): peak = 1934.914 ; gain = 0.000
INFO: [Project 1-570] Preparing netlist for logic optimization

Processing XDC Constraints
Initializing timing engine
Parsing XDC File [c:/TFG_Vivado/vivado/axu2cga_trd.gen/sources_1/bd/design_1/ip/design_1_mipi_csi2_rx_subsyst_0_0/bd_0/ip/ip_0/bd_d10d_phy_0/bd_d10d_phy_0_in_context.xdc] for cell 'inst/phy'
create_clock: Time (s): cpu = 00:00:08 ; elapsed = 00:00:08 . Memory (MB): peak = 1939.266 ; gain = 0.688
Finished Parsing XDC File [c:/TFG_Vivado/vivado/axu2cga_trd.gen/sources_1/bd/design_1/ip/design_1_mipi_csi2_rx_subsyst_0_0/bd_0/ip/ip_0/bd_d10d_phy_0/bd_d10d_phy_0_in_context.xdc] for cell 'inst/phy'
Parsing XDC File [c:/TFG_Vivado/vivado/axu2cga_trd.gen/sources_1/bd/design_1/ip/design_1_mipi_csi2_rx_subsyst_0_0/bd_0/ip/ip_1/bd_d10d_rx_0/bd_d10d_rx_0_in_context.xdc] for cell 'inst/rx'
Finished Parsing XDC File [c:/TFG_Vivado/vivado/axu2cga_trd.gen/sources_1/bd/design_1/ip/design_1_mipi_csi2_rx_subsyst_0_0/bd_0/ip/ip_1/bd_d10d_rx_0/bd_d10d_rx_0_in_context.xdc] for cell 'inst/rx'
Parsing XDC File [c:/TFG_Vivado/vivado/axu2cga_trd.gen/sources_1/bd/design_1/ip/design_1_mipi_csi2_rx_subsyst_0_0/bd_0/ip/ip_2/bd_d10d_vfb_0_0/bd_d10d_vfb_0_0_in_context.xdc] for cell 'inst/vfb_0'
Finished Parsing XDC File [c:/TFG_Vivado/vivado/axu2cga_trd.gen/sources_1/bd/design_1/ip/design_1_mipi_csi2_rx_subsyst_0_0/bd_0/ip/ip_2/bd_d10d_vfb_0_0/bd_d10d_vfb_0_0_in_context.xdc] for cell 'inst/vfb_0'
Parsing XDC File [c:/TFG_Vivado/vivado/axu2cga_trd.gen/sources_1/bd/design_1/ip/design_1_mipi_csi2_rx_subsyst_0_0/bd_0/ip/ip_3/bd_d10d_r_sync_0/design_1_proc_sys_reset_200M_0_in_context.xdc] for cell 'inst/r_sync'
Finished Parsing XDC File [c:/TFG_Vivado/vivado/axu2cga_trd.gen/sources_1/bd/design_1/ip/design_1_mipi_csi2_rx_subsyst_0_0/bd_0/ip/ip_3/bd_d10d_r_sync_0/design_1_proc_sys_reset_200M_0_in_context.xdc] for cell 'inst/r_sync'
Parsing XDC File [c:/TFG_Vivado/vivado/axu2cga_trd.gen/sources_1/bd/design_1/ip/design_1_mipi_csi2_rx_subsyst_0_0/design_1_mipi_csi2_rx_subsyst_0_0_fixed_ooc.xdc] for cell 'inst'
Finished Parsing XDC File [c:/TFG_Vivado/vivado/axu2cga_trd.gen/sources_1/bd/design_1/ip/design_1_mipi_csi2_rx_subsyst_0_0/design_1_mipi_csi2_rx_subsyst_0_0_fixed_ooc.xdc] for cell 'inst'
Parsing XDC File [c:/TFG_Vivado/vivado/axu2cga_trd.gen/sources_1/bd/design_1/ip/design_1_mipi_csi2_rx_subsyst_0_0/design_1_mipi_csi2_rx_subsyst_0_0_board.xdc] for cell 'inst'
Finished Parsing XDC File [c:/TFG_Vivado/vivado/axu2cga_trd.gen/sources_1/bd/design_1/ip/design_1_mipi_csi2_rx_subsyst_0_0/design_1_mipi_csi2_rx_subsyst_0_0_board.xdc] for cell 'inst'
Parsing XDC File [C:/TFG_Vivado/vivado/axu2cga_trd.runs/design_1_mipi_csi2_rx_subsyst_0_0_synth_1/dont_touch.xdc]
Finished Parsing XDC File [C:/TFG_Vivado/vivado/axu2cga_trd.runs/design_1_mipi_csi2_rx_subsyst_0_0_synth_1/dont_touch.xdc]
Completed Processing XDC Constraints

Netlist sorting complete. Time (s): cpu = 00:00:00 ; elapsed = 00:00:00 . Memory (MB): peak = 1939.266 ; gain = 0.000
INFO: [Project 1-111] Unisim Transformation Summary:
No Unisim elements were transformed.

Constraint Validation Runtime : Time (s): cpu = 00:00:00 ; elapsed = 00:00:00.052 . Memory (MB): peak = 1939.266 ; gain = 0.000
INFO: [Designutils 20-5008] Incremental synthesis strategy off
---------------------------------------------------------------------------------
Finished Constraint Validation : Time (s): cpu = 00:00:30 ; elapsed = 00:00:33 . Memory (MB): peak = 1939.266 ; gain = 334.363
---------------------------------------------------------------------------------
---------------------------------------------------------------------------------
Start Loading Part and Timing Information
---------------------------------------------------------------------------------
Loading part: xczu2cg-sfvc784-1-e
INFO: [Synth 8-6742] Reading net delay rules and data
---------------------------------------------------------------------------------
Finished Loading Part and Timing Information : Time (s): cpu = 00:00:30 ; elapsed = 00:00:33 . Memory (MB): peak = 1939.266 ; gain = 334.363
---------------------------------------------------------------------------------
---------------------------------------------------------------------------------
Start Applying 'set_property' XDC Constraints
---------------------------------------------------------------------------------
---------------------------------------------------------------------------------
Finished applying 'set_property' XDC Constraints : Time (s): cpu = 00:00:30 ; elapsed = 00:00:33 . Memory (MB): peak = 1939.266 ; gain = 334.363
---------------------------------------------------------------------------------
---------------------------------------------------------------------------------
Finished RTL Optimization Phase 2 : Time (s): cpu = 00:00:30 ; elapsed = 00:00:33 . Memory (MB): peak = 1939.266 ; gain = 334.363
---------------------------------------------------------------------------------
---------------------------------------------------------------------------------
Start RTL Component Statistics 
---------------------------------------------------------------------------------
Detailed RTL Component Info : 
---------------------------------------------------------------------------------
Finished RTL Component Statistics 
---------------------------------------------------------------------------------
---------------------------------------------------------------------------------
Start Part Resource Summary
---------------------------------------------------------------------------------
Part Resources:
DSPs: 240 (col length:72)
BRAMs: 300 (col length: RAMB18 72 RAMB36 36)
---------------------------------------------------------------------------------
Finished Part Resource Summary
---------------------------------------------------------------------------------
---------------------------------------------------------------------------------
Start Cross Boundary and Area Optimization
---------------------------------------------------------------------------------
---------------------------------------------------------------------------------
Finished Cross Boundary and Area Optimization : Time (s): cpu = 00:00:32 ; elapsed = 00:00:35 . Memory (MB): peak = 1948.488 ; gain = 343.586
---------------------------------------------------------------------------------
---------------------------------------------------------------------------------
Start Applying XDC Timing Constraints
---------------------------------------------------------------------------------
---------------------------------------------------------------------------------
Finished Applying XDC Timing Constraints : Time (s): cpu = 00:00:47 ; elapsed = 00:00:51 . Memory (MB): peak = 2637.422 ; gain = 1032.520
---------------------------------------------------------------------------------
---------------------------------------------------------------------------------
Start Timing Optimization
---------------------------------------------------------------------------------
---------------------------------------------------------------------------------
Finished Timing Optimization : Time (s): cpu = 00:00:47 ; elapsed = 00:00:51 . Memory (MB): peak = 2637.625 ; gain = 1032.723
---------------------------------------------------------------------------------
---------------------------------------------------------------------------------
Start Technology Mapping
---------------------------------------------------------------------------------
---------------------------------------------------------------------------------
Finished Technology Mapping : Time (s): cpu = 00:00:47 ; elapsed = 00:00:51 . Memory (MB): peak = 2647.316 ; gain = 1042.414
---------------------------------------------------------------------------------
---------------------------------------------------------------------------------
Start IO Insertion
---------------------------------------------------------------------------------
---------------------------------------------------------------------------------
Start Flattening Before IO Insertion
---------------------------------------------------------------------------------
---------------------------------------------------------------------------------
Finished Flattening Before IO Insertion
---------------------------------------------------------------------------------
---------------------------------------------------------------------------------
Start Final Netlist Cleanup
---------------------------------------------------------------------------------
---------------------------------------------------------------------------------
Finished Final Netlist Cleanup
---------------------------------------------------------------------------------
---------------------------------------------------------------------------------
Finished IO Insertion : Time (s): cpu = 00:00:55 ; elapsed = 00:01:00 . Memory (MB): peak = 2898.176 ; gain = 1293.273
---------------------------------------------------------------------------------
---------------------------------------------------------------------------------
Start Renaming Generated Instances
---------------------------------------------------------------------------------
---------------------------------------------------------------------------------
Finished Renaming Generated Instances : Time (s): cpu = 00:00:55 ; elapsed = 00:01:00 . Memory (MB): peak = 2898.176 ; gain = 1293.273
---------------------------------------------------------------------------------
---------------------------------------------------------------------------------
Start Rebuilding User Hierarchy
---------------------------------------------------------------------------------
---------------------------------------------------------------------------------
Finished Rebuilding User Hierarchy : Time (s): cpu = 00:00:55 ; elapsed = 00:01:00 . Memory (MB): peak = 2898.176 ; gain = 1293.273
---------------------------------------------------------------------------------
---------------------------------------------------------------------------------
Start Renaming Generated Ports
---------------------------------------------------------------------------------
---------------------------------------------------------------------------------
Finished Renaming Generated Ports : Time (s): cpu = 00:00:55 ; elapsed = 00:01:00 . Memory (MB): peak = 2898.176 ; gain = 1293.273
---------------------------------------------------------------------------------
---------------------------------------------------------------------------------
Start Handling Custom Attributes
---------------------------------------------------------------------------------
---------------------------------------------------------------------------------
Finished Handling Custom Attributes : Time (s): cpu = 00:00:55 ; elapsed = 00:01:00 . Memory (MB): peak = 2898.176 ; gain = 1293.273
---------------------------------------------------------------------------------
---------------------------------------------------------------------------------
Start Renaming Generated Nets
---------------------------------------------------------------------------------
---------------------------------------------------------------------------------
Finished Renaming Generated Nets : Time (s): cpu = 00:00:55 ; elapsed = 00:01:00 . Memory (MB): peak = 2898.176 ; gain = 1293.273
---------------------------------------------------------------------------------
---------------------------------------------------------------------------------
Start Writing Synthesis Report
---------------------------------------------------------------------------------

Report BlackBoxes: 
+------+-----------------+----------+
|      |BlackBox name    |Instances |
+------+-----------------+----------+
|1     |bd_d10d_phy_0    |         1|
|2     |bd_d10d_r_sync_0 |         1|
|3     |bd_d10d_rx_0     |         1|
|4     |bd_d10d_vfb_0_0  |         1|
+------+-----------------+----------+

Report Cell Usage: 
+------+---------------+------+
|      |Cell           |Count |
+------+---------------+------+
|1     |bd_d10d_phy    |     1|
|2     |bd_d10d_r_sync |     1|
|3     |bd_d10d_rx     |     1|
|4     |bd_d10d_vfb_0  |     1|
+------+---------------+------+
---------------------------------------------------------------------------------
Finished Writing Synthesis Report : Time (s): cpu = 00:00:55 ; elapsed = 00:01:00 . Memory (MB): peak = 2898.176 ; gain = 1293.273
---------------------------------------------------------------------------------
Synthesis finished with 0 errors, 0 critical warnings and 0 warnings.
Synthesis Optimization Runtime : Time (s): cpu = 00:00:35 ; elapsed = 00:00:50 . Memory (MB): peak = 2898.176 ; gain = 1288.922
Synthesis Optimization Complete : Time (s): cpu = 00:00:56 ; elapsed = 00:01:01 . Memory (MB): peak = 2898.176 ; gain = 1293.273
INFO: [Project 1-571] Translating synthesized netlist
Netlist sorting complete. Time (s): cpu = 00:00:00 ; elapsed = 00:00:00.008 . Memory (MB): peak = 2898.176 ; gain = 0.000
INFO: [Project 1-570] Preparing netlist for logic optimization
INFO: [Opt 31-138] Pushed 0 inverter(s) to 0 load pin(s).
Netlist sorting complete. Time (s): cpu = 00:00:00 ; elapsed = 00:00:00 . Memory (MB): peak = 2898.176 ; gain = 0.000
INFO: [Project 1-111] Unisim Transformation Summary:
No Unisim elements were transformed.

Synth Design complete | Checksum: 7157b320
INFO: [Common 17-83] Releasing license: Synthesis
26 Infos, 27 Warnings, 0 Critical Warnings and 0 Errors encountered.
synth_design completed successfully
synth_design: Time (s): cpu = 00:01:06 ; elapsed = 00:01:14 . Memory (MB): peak = 2898.176 ; gain = 2308.195
INFO: [Common 17-1381] The checkpoint 'C:/TFG_Vivado/vivado/axu2cga_trd.runs/design_1_mipi_csi2_rx_subsyst_0_0_synth_1/design_1_mipi_csi2_rx_subsyst_0_0.dcp' has been generated.
INFO: [Coretcl 2-1648] Added synthesis output to IP cache for IP design_1_mipi_csi2_rx_subsyst_0_0, cache-ID = 8c082bbb65277cce
INFO: [Coretcl 2-1174] Renamed 5 cell refs.
INFO: [Common 17-1381] The checkpoint 'C:/TFG_Vivado/vivado/axu2cga_trd.runs/design_1_mipi_csi2_rx_subsyst_0_0_synth_1/design_1_mipi_csi2_rx_subsyst_0_0.dcp' has been generated.
INFO: [Vivado 12-24828] Executing command : report_utilization -file design_1_mipi_csi2_rx_subsyst_0_0_utilization_synth.rpt -pb design_1_mipi_csi2_rx_subsyst_0_0_utilization_synth.pb
INFO: [Common 17-206] Exiting Vivado at Wed Jan 21 13:05:14 2026...
