

================================================================
== Vitis HLS Report for 'AXIvideo2MultiPixStream_Pipeline_loop_width'
================================================================
* Date:           Wed Jan 21 13:02:31 2026

* Version:        2025.2 (Build 6295257 on Nov 14 2025)
* Project:        prj
* Solution:       sol (Vivado IP Flow Target)
* Product family: zynquplus
* Target device:  xczu2cg-sfvc784-1-e


================================================================
== Performance Estimates
================================================================
+ Timing: 
    * Summary: 
    +--------+---------+----------+------------+
    |  Clock |  Target | Estimated| Uncertainty|
    +--------+---------+----------+------------+
    |ap_clk  |  5.00 ns|  3.017 ns|     1.35 ns|
    +--------+---------+----------+------------+

+ Latency: 
    * Summary: 
    +---------+---------+-----------+----------+-----+-----+-------------------+
    |  Latency (cycles) |  Latency (absolute)  |  Interval |      Pipeline     |
    |   min   |   max   |    min    |    max   | min | max |        Type       |
    +---------+---------+-----------+----------+-----+-----+-------------------+
    |        3|      963|  15.000 ns|  4.815 us|    0|    0|  loop pipeline stp|
    +---------+---------+-----------+----------+-----+-----+-------------------+

    + Detail: 
        * Instance: 
        N/A

        * Loop: 
        +--------------+---------+---------+----------+-----------+-----------+---------+----------+
        |              |  Latency (cycles) | Iteration|  Initiation Interval  |   Trip  |          |
        |   Loop Name  |   min   |   max   |  Latency |  achieved |   target  |  Count  | Pipelined|
        +--------------+---------+---------+----------+-----------+-----------+---------+----------+
        |- loop_width  |        1|      961|         3|          1|          1|  0 ~ 960|       yes|
        +--------------+---------+---------+----------+-----------+-----------+---------+----------+



================================================================
== Utilization Estimates
================================================================
* Summary: 
+-----------------+---------+-----+-------+-------+-----+
|       Name      | BRAM_18K| DSP |   FF  |  LUT  | URAM|
+-----------------+---------+-----+-------+-------+-----+
|DSP              |        -|    -|      -|      -|    -|
|Expression       |        -|    -|      0|    108|    -|
|FIFO             |        -|    -|      -|      -|    -|
|Instance         |        -|    -|      0|      9|    -|
|Memory           |        -|    -|      -|      -|    -|
|Multiplexer      |        -|    -|      0|    108|    -|
|Register         |        -|    -|     75|      -|    -|
+-----------------+---------+-----+-------+-------+-----+
|Total            |        0|    0|     75|    225|    0|
+-----------------+---------+-----+-------+-------+-----+
|Available        |      300|  240|  94464|  47232|    0|
+-----------------+---------+-----+-------+-------+-----+
|Utilization (%)  |        0|    0|     ~0|     ~0|    0|
+-----------------+---------+-----+-------+-------+-----+

+ Detail: 
    * Instance: 
    +-------------------------+---------------------+---------+----+---+----+-----+
    |         Instance        |        Module       | BRAM_18K| DSP| FF| LUT| URAM|
    +-------------------------+---------------------+---------+----+---+----+-----+
    |sparsemux_5_8_8_1_1_U11  |sparsemux_5_8_8_1_1  |        0|   0|  0|   9|    0|
    +-------------------------+---------------------+---------+----+---+----+-----+
    |Total                    |                     |        0|   0|  0|   9|    0|
    +-------------------------+---------------------+---------+----+---+----+-----+

    * DSP: 
    N/A

    * Memory: 
    N/A

    * FIFO: 
    N/A

    * Expression: 
    +----------------------------------+----------+----+---+----+------------+------------+
    |           Variable Name          | Operation| DSP| FF| LUT| Bitwidth P0| Bitwidth P1|
    +----------------------------------+----------+----+---+----+------------+------------+
    |j_2_fu_251_p2                     |         +|   0|  0|  17|          10|           1|
    |ap_block_state2_pp0_stage0_iter1  |       and|   0|  0|   2|           1|           1|
    |ap_block_state3_pp0_stage0_iter2  |       and|   0|  0|   2|           1|           1|
    |ap_condition_363                  |       and|   0|  0|   2|           1|           1|
    |ap_predicate_op43_read_state2     |       and|   0|  0|   2|           1|           1|
    |icmp_ln326_fu_245_p2              |      icmp|   0|  0|  17|          10|          10|
    |icmp_ln361_1_fu_372_p2            |      icmp|   0|  0|  10|           3|           1|
    |icmp_ln361_fu_221_p2              |      icmp|   0|  0|  10|           3|           1|
    |ap_block_pp0_stage0_01001         |        or|   0|  0|   2|           1|           1|
    |or_ln330_fu_262_p2                |        or|   0|  0|   2|           1|           1|
    |empty_210_fu_385_p3               |    select|   0|  0|   8|           1|           8|
    |empty_fu_377_p3                   |    select|   0|  0|   8|           1|           8|
    |select_ln361_1_fu_319_p3          |    select|   0|  0|   8|           1|           8|
    |select_ln361_2_fu_326_p3          |    select|   0|  0|   8|           1|           8|
    |select_ln361_fu_304_p3            |    select|   0|  0|   8|           1|           8|
    |ap_enable_pp0                     |       xor|   0|  0|   2|           1|           2|
    +----------------------------------+----------+----+---+----+------------+------------+
    |Total                             |          |   0|  0| 108|          38|          61|
    +----------------------------------+----------+----+---+----+------------+------------+

    * Multiplexer: 
    +------------------------------+----+-----------+-----+-----------+
    |             Name             | LUT| Input Size| Bits| Total Bits|
    +------------------------------+----+-----------+-----+-----------+
    |ap_done_int                   |   9|          2|    1|          2|
    |ap_enable_reg_pp0_iter2       |   9|          2|    1|          2|
    |ap_phi_mux_eol_phi_fu_199_p4  |   9|          2|    1|          2|
    |ap_phi_mux_sof_phi_fu_210_p4  |   9|          2|    1|          2|
    |ap_sig_allocacmp_j_1          |   9|          2|   10|         20|
    |eol_reg_195                   |   9|          2|    1|          2|
    |img_blk_n                     |   9|          2|    1|          2|
    |j_fu_114                      |   9|          2|   10|         20|
    |p_0_0_0_0179415_fu_118        |   9|          2|   48|         96|
    |p_4_0_0_0187424_fu_122        |   9|          2|    1|          2|
    |s_axis_video_TDATA_blk_n      |   9|          2|    1|          2|
    |sof_reg_206                   |   9|          2|    1|          2|
    +------------------------------+----+-----------+-----+-----------+
    |Total                         | 108|         24|   77|        154|
    +------------------------------+----+-----------+-----+-----------+

    * Register: 
    +----------------------------------+----+----+-----+-----------+
    |               Name               | FF | LUT| Bits| Const Bits|
    +----------------------------------+----+----+-----+-----------+
    |ap_CS_fsm                         |   1|   0|    1|          0|
    |ap_done_reg                       |   1|   0|    1|          0|
    |ap_enable_reg_pp0_iter1           |   1|   0|    1|          0|
    |ap_enable_reg_pp0_iter2           |   1|   0|    1|          0|
    |ap_loop_exit_ready_pp0_iter1_reg  |   1|   0|    1|          0|
    |colorFormat_val_cast_reg_451      |   3|   0|    8|          5|
    |colorFormat_val_read_reg_441      |   3|   0|    3|          0|
    |eol_reg_195                       |   1|   0|    1|          0|
    |icmp_ln326_reg_463                |   1|   0|    1|          0|
    |icmp_ln326_reg_463_pp0_iter1_reg  |   1|   0|    1|          0|
    |icmp_ln361_reg_456                |   1|   0|    1|          0|
    |j_fu_114                          |  10|   0|   10|          0|
    |p_0_0_0_0179415_fu_118            |  48|   0|   48|          0|
    |p_4_0_0_0187424_fu_122            |   1|   0|    1|          0|
    |sof_reg_206                       |   1|   0|    1|          0|
    +----------------------------------+----+----+-----+-----------+
    |Total                             |  75|   0|   80|          5|
    +----------------------------------+----+----+-----+-----------+



================================================================
== Interface
================================================================
* Summary: 
+----------------------------+-----+-----+------------+---------------------------------------------+--------------+
|          RTL Ports         | Dir | Bits|  Protocol  |                Source Object                |    C Type    |
+----------------------------+-----+-----+------------+---------------------------------------------+--------------+
|ap_clk                      |   in|    1|  ap_ctrl_hs|  AXIvideo2MultiPixStream_Pipeline_loop_width|  return value|
|ap_rst                      |   in|    1|  ap_ctrl_hs|  AXIvideo2MultiPixStream_Pipeline_loop_width|  return value|
|ap_start                    |   in|    1|  ap_ctrl_hs|  AXIvideo2MultiPixStream_Pipeline_loop_width|  return value|
|ap_done                     |  out|    1|  ap_ctrl_hs|  AXIvideo2MultiPixStream_Pipeline_loop_width|  return value|
|ap_idle                     |  out|    1|  ap_ctrl_hs|  AXIvideo2MultiPixStream_Pipeline_loop_width|  return value|
|ap_ready                    |  out|    1|  ap_ctrl_hs|  AXIvideo2MultiPixStream_Pipeline_loop_width|  return value|
|s_axis_video_TVALID         |   in|    1|        axis|                        s_axis_video_V_data_V|       pointer|
|s_axis_video_TDATA          |   in|   48|        axis|                        s_axis_video_V_data_V|       pointer|
|img_din                     |  out|   48|     ap_fifo|                                          img|       pointer|
|img_full_n                  |   in|    1|     ap_fifo|                                          img|       pointer|
|img_write                   |  out|    1|     ap_fifo|                                          img|       pointer|
|img_num_data_valid          |   in|    3|     ap_fifo|                                          img|       pointer|
|img_fifo_cap                |   in|    3|     ap_fifo|                                          img|       pointer|
|p_4_0_0_0187423_lcssa448    |   in|    1|     ap_none|                     p_4_0_0_0187423_lcssa448|        scalar|
|p_0_0_0_0179416_lcssa432    |   in|   48|     ap_none|                     p_0_0_0_0179416_lcssa432|        scalar|
|sof_2                       |   in|    1|     ap_none|                                        sof_2|        scalar|
|colorFormat_val             |   in|    3|   ap_stable|                              colorFormat_val|        scalar|
|trunc_ln7                   |   in|   10|     ap_none|                                    trunc_ln7|        scalar|
|s_axis_video_TREADY         |  out|    1|        axis|                        s_axis_video_V_dest_V|       pointer|
|s_axis_video_TDEST          |   in|    1|        axis|                        s_axis_video_V_dest_V|       pointer|
|s_axis_video_TKEEP          |   in|    6|        axis|                        s_axis_video_V_keep_V|       pointer|
|s_axis_video_TSTRB          |   in|    6|        axis|                        s_axis_video_V_strb_V|       pointer|
|s_axis_video_TUSER          |   in|    1|        axis|                        s_axis_video_V_user_V|       pointer|
|s_axis_video_TLAST          |   in|    1|        axis|                        s_axis_video_V_last_V|       pointer|
|s_axis_video_TID            |   in|    1|        axis|                          s_axis_video_V_id_V|       pointer|
|p_4_0_0_0187424_out         |  out|    1|      ap_vld|                          p_4_0_0_0187424_out|       pointer|
|p_4_0_0_0187424_out_ap_vld  |  out|    1|      ap_vld|                          p_4_0_0_0187424_out|       pointer|
|p_0_0_0_0179415_out         |  out|   48|      ap_vld|                          p_0_0_0_0179415_out|       pointer|
|p_0_0_0_0179415_out_ap_vld  |  out|    1|      ap_vld|                          p_0_0_0_0179415_out|       pointer|
+----------------------------+-----+-----+------------+---------------------------------------------+--------------+

============================================================
+ Verbose Summary: Synthesis Manager
============================================================
InlineROM: 1
ExposeGlobal: 0
============================================================
+ Verbose Summary: CDFG Model
============================================================
IsTopModel: 0
ResetActiveHigh: 1
IsCombinational: 2
IsDatapathOnly: 2
HasWiredReturn: 1
HasMFsm: 2
HasVarLatency: 1
IsPipeline: 0
IsRtlPipelined: 0
IsInstanceOverlapped: 0
IsDontTouch: 0
HasImplIP: 0
IsGatedGlobalClock: 0

+ Individual pipeline summary: 
  * Pipeline-0: initiation interval (II) = 1, depth = 3


============================================================
+ Verbose Summary: Schedule
============================================================
* Number of FSM states : 3
* Pipeline : 1
  Pipeline-0 : II = 1, D = 3, States = { 1 2 3 }
* Dataflow Pipeline: 0

* FSM state transitions: 
1 --> 2 
2 --> 3 
3 --> 

* FSM state operations: 

State 1 <SV = 0> <Delay = 1.91>
ST_1 : Operation 6 [1/1] (0.00ns)   --->   "%j = alloca i32 1" [C:/TFG_Vivado/vivado/axu2cga_trd.runs/design_1_v_frmbuf_wr_0_0_synth_1/prj/sol/.autopilot/db/v_frmbuf_wr.cpp:326]   --->   Operation 6 'alloca' 'j' <Predicate = true> <Delay = 0.00>
ST_1 : Operation 7 [1/1] (0.00ns)   --->   "%p_0_0_0_0179415 = alloca i32 1"   --->   Operation 7 'alloca' 'p_0_0_0_0179415' <Predicate = true> <Delay = 0.00>
ST_1 : Operation 8 [1/1] (0.00ns)   --->   "%p_4_0_0_0187424 = alloca i32 1"   --->   Operation 8 'alloca' 'p_4_0_0_0187424' <Predicate = true> <Delay = 0.00>
ST_1 : Operation 9 [1/1] (0.00ns)   --->   "%specaxissidechannel_ln0 = specaxissidechannel void @_ssdm_op_SpecAXISSideChannel, i48 %s_axis_video_V_data_V, i6 %s_axis_video_V_keep_V, i6 %s_axis_video_V_strb_V, i1 %s_axis_video_V_user_V, i1 %s_axis_video_V_last_V, i1 %s_axis_video_V_id_V, i1 %s_axis_video_V_dest_V, void @empty_10"   --->   Operation 9 'specaxissidechannel' 'specaxissidechannel_ln0' <Predicate = true> <Delay = 0.00>
ST_1 : Operation 10 [1/1] (0.00ns)   --->   "%specstablecontent_ln0 = specstablecontent void @_ssdm_op_SpecStableContent, i3 %colorFormat_val, i1 1, void @p_str"   --->   Operation 10 'specstablecontent' 'specstablecontent_ln0' <Predicate = true> <Delay = 0.00>
ST_1 : Operation 11 [1/1] (0.00ns)   --->   "%specinterface_ln0 = specinterface void @_ssdm_op_SpecInterface, i1 %s_axis_video_V_dest_V, void @empty_8, i32 0, i32 0, void @empty_9, i32 0, i32 0, void @empty_29, void @empty_29, void @empty_29, i32 0, i32 0, i32 0, i32 0, void @empty_29, void @empty_29, i32 4294967295, i32 0, i32 0, i32 0"   --->   Operation 11 'specinterface' 'specinterface_ln0' <Predicate = true> <Delay = 0.00>
ST_1 : Operation 12 [1/1] (0.00ns)   --->   "%specinterface_ln0 = specinterface void @_ssdm_op_SpecInterface, i1 %s_axis_video_V_id_V, void @empty_8, i32 0, i32 0, void @empty_9, i32 0, i32 0, void @empty_29, void @empty_29, void @empty_29, i32 0, i32 0, i32 0, i32 0, void @empty_29, void @empty_29, i32 4294967295, i32 0, i32 0, i32 0"   --->   Operation 12 'specinterface' 'specinterface_ln0' <Predicate = true> <Delay = 0.00>
ST_1 : Operation 13 [1/1] (0.00ns)   --->   "%specinterface_ln0 = specinterface void @_ssdm_op_SpecInterface, i1 %s_axis_video_V_last_V, void @empty_8, i32 0, i32 0, void @empty_9, i32 0, i32 0, void @empty_29, void @empty_29, void @empty_29, i32 0, i32 0, i32 0, i32 0, void @empty_29, void @empty_29, i32 4294967295, i32 0, i32 0, i32 0"   --->   Operation 13 'specinterface' 'specinterface_ln0' <Predicate = true> <Delay = 0.00>
ST_1 : Operation 14 [1/1] (0.00ns)   --->   "%specinterface_ln0 = specinterface void @_ssdm_op_SpecInterface, i1 %s_axis_video_V_user_V, void @empty_8, i32 0, i32 0, void @empty_9, i32 0, i32 0, void @empty_29, void @empty_29, void @empty_29, i32 0, i32 0, i32 0, i32 0, void @empty_29, void @empty_29, i32 4294967295, i32 0, i32 0, i32 0"   --->   Operation 14 'specinterface' 'specinterface_ln0' <Predicate = true> <Delay = 0.00>
ST_1 : Operation 15 [1/1] (0.00ns)   --->   "%specinterface_ln0 = specinterface void @_ssdm_op_SpecInterface, i6 %s_axis_video_V_strb_V, void @empty_8, i32 0, i32 0, void @empty_9, i32 0, i32 0, void @empty_29, void @empty_29, void @empty_29, i32 0, i32 0, i32 0, i32 0, void @empty_29, void @empty_29, i32 4294967295, i32 0, i32 0, i32 0"   --->   Operation 15 'specinterface' 'specinterface_ln0' <Predicate = true> <Delay = 0.00>
ST_1 : Operation 16 [1/1] (0.00ns)   --->   "%specinterface_ln0 = specinterface void @_ssdm_op_SpecInterface, i6 %s_axis_video_V_keep_V, void @empty_8, i32 0, i32 0, void @empty_9, i32 0, i32 0, void @empty_29, void @empty_29, void @empty_29, i32 0, i32 0, i32 0, i32 0, void @empty_29, void @empty_29, i32 4294967295, i32 0, i32 0, i32 0"   --->   Operation 16 'specinterface' 'specinterface_ln0' <Predicate = true> <Delay = 0.00>
ST_1 : Operation 17 [1/1] (0.00ns)   --->   "%specinterface_ln0 = specinterface void @_ssdm_op_SpecInterface, i48 %s_axis_video_V_data_V, void @empty_8, i32 0, i32 0, void @empty_9, i32 0, i32 0, void @empty_29, void @empty_29, void @empty_29, i32 0, i32 0, i32 0, i32 0, void @empty_29, void @empty_29, i32 4294967295, i32 0, i32 0, i32 0"   --->   Operation 17 'specinterface' 'specinterface_ln0' <Predicate = true> <Delay = 0.00>
ST_1 : Operation 18 [1/1] (0.00ns)   --->   "%specinterface_ln0 = specinterface void @_ssdm_op_SpecInterface, i48 %img, void @empty_11, i32 0, i32 0, void @empty_29, i32 0, i32 0, void @empty_29, void @empty_29, void @empty_29, i32 0, i32 0, i32 0, i32 0, void @empty_29, void @empty_29, i32 4294967295, i32 0, i32 0, i32 0"   --->   Operation 18 'specinterface' 'specinterface_ln0' <Predicate = true> <Delay = 0.00>
ST_1 : Operation 19 [1/1] (0.00ns)   --->   "%trunc_ln7_read = read i10 @_ssdm_op_Read.ap_auto.i10, i10 %trunc_ln7"   --->   Operation 19 'read' 'trunc_ln7_read' <Predicate = true> <Delay = 0.00>
ST_1 : Operation 20 [1/1] (0.00ns)   --->   "%colorFormat_val_read = read i3 @_ssdm_op_Read.ap_auto.i3, i3 %colorFormat_val"   --->   Operation 20 'read' 'colorFormat_val_read' <Predicate = true> <Delay = 0.00>
ST_1 : Operation 21 [1/1] (0.00ns)   --->   "%sof_2_read = read i1 @_ssdm_op_Read.ap_auto.i1, i1 %sof_2"   --->   Operation 21 'read' 'sof_2_read' <Predicate = true> <Delay = 0.00>
ST_1 : Operation 22 [1/1] (0.00ns)   --->   "%p_0_0_0_0179416_lcssa432_read = read i48 @_ssdm_op_Read.ap_auto.i48, i48 %p_0_0_0_0179416_lcssa432"   --->   Operation 22 'read' 'p_0_0_0_0179416_lcssa432_read' <Predicate = true> <Delay = 0.00>
ST_1 : Operation 23 [1/1] (0.00ns)   --->   "%p_4_0_0_0187423_lcssa448_read = read i1 @_ssdm_op_Read.ap_auto.i1, i1 %p_4_0_0_0187423_lcssa448"   --->   Operation 23 'read' 'p_4_0_0_0187423_lcssa448_read' <Predicate = true> <Delay = 0.00>
ST_1 : Operation 24 [1/1] (0.00ns)   --->   "%colorFormat_val_cast = zext i3 %colorFormat_val_read"   --->   Operation 24 'zext' 'colorFormat_val_cast' <Predicate = true> <Delay = 0.00>
ST_1 : Operation 25 [1/1] (0.74ns)   --->   "%icmp_ln361 = icmp_eq  i3 %colorFormat_val_read, i3 0" [C:/TFG_Vivado/vivado/axu2cga_trd.runs/design_1_v_frmbuf_wr_0_0_synth_1/prj/sol/.autopilot/db/v_frmbuf_wr.cpp:361]   --->   Operation 25 'icmp' 'icmp_ln361' <Predicate = true> <Delay = 0.74> <CoreInst = "Cmp">   --->   Core 9 'Cmp' <Latency = 0> <II = 1> <Delay = 0.74> <FuncUnit> <Opcode : 'seteq' 'setne' 'setle' 'setge' 'setlt' 'setgt'> <InPorts = 2> <OutPorts = 1>
ST_1 : Operation 26 [1/1] (0.48ns)   --->   "%store_ln0 = store i1 %p_4_0_0_0187423_lcssa448_read, i1 %p_4_0_0_0187424"   --->   Operation 26 'store' 'store_ln0' <Predicate = true> <Delay = 0.48>
ST_1 : Operation 27 [1/1] (0.48ns)   --->   "%store_ln0 = store i48 %p_0_0_0_0179416_lcssa432_read, i48 %p_0_0_0_0179415"   --->   Operation 27 'store' 'store_ln0' <Predicate = true> <Delay = 0.48>
ST_1 : Operation 28 [1/1] (0.48ns)   --->   "%store_ln326 = store i10 0, i10 %j" [C:/TFG_Vivado/vivado/axu2cga_trd.runs/design_1_v_frmbuf_wr_0_0_synth_1/prj/sol/.autopilot/db/v_frmbuf_wr.cpp:326]   --->   Operation 28 'store' 'store_ln326' <Predicate = true> <Delay = 0.48>
ST_1 : Operation 29 [1/1] (0.48ns)   --->   "%br_ln326 = br void %for.body12" [C:/TFG_Vivado/vivado/axu2cga_trd.runs/design_1_v_frmbuf_wr_0_0_synth_1/prj/sol/.autopilot/db/v_frmbuf_wr.cpp:326]   --->   Operation 29 'br' 'br_ln326' <Predicate = true> <Delay = 0.48>
ST_1 : Operation 30 [1/1] (0.00ns)   --->   "%j_1 = load i10 %j" [C:/TFG_Vivado/vivado/axu2cga_trd.runs/design_1_v_frmbuf_wr_0_0_synth_1/prj/sol/.autopilot/db/v_frmbuf_wr.cpp:326]   --->   Operation 30 'load' 'j_1' <Predicate = true> <Delay = 0.00>
ST_1 : Operation 31 [1/1] (0.93ns)   --->   "%icmp_ln326 = icmp_eq  i10 %j_1, i10 %trunc_ln7_read" [C:/TFG_Vivado/vivado/axu2cga_trd.runs/design_1_v_frmbuf_wr_0_0_synth_1/prj/sol/.autopilot/db/v_frmbuf_wr.cpp:326]   --->   Operation 31 'icmp' 'icmp_ln326' <Predicate = true> <Delay = 0.93> <CoreInst = "Cmp">   --->   Core 9 'Cmp' <Latency = 0> <II = 1> <Delay = 0.93> <FuncUnit> <Opcode : 'seteq' 'setne' 'setle' 'setge' 'setlt' 'setgt'> <InPorts = 2> <OutPorts = 1>
ST_1 : Operation 32 [1/1] (0.93ns)   --->   "%j_2 = add i10 %j_1, i10 1" [C:/TFG_Vivado/vivado/axu2cga_trd.runs/design_1_v_frmbuf_wr_0_0_synth_1/prj/sol/.autopilot/db/v_frmbuf_wr.cpp:326]   --->   Operation 32 'add' 'j_2' <Predicate = true> <Delay = 0.93> <CoreInst = "Adder">   --->   Core 1 'Adder' <Latency = 0> <II = 1> <Delay = 0.93> <FuncUnit> <Opcode : 'add' 'sub'> <InPorts = 2> <OutPorts = 1>
ST_1 : Operation 33 [1/1] (0.00ns)   --->   "%br_ln326 = br i1 %icmp_ln326, void %for.body12.split, void %loop_wait_for_eol.exitStub" [C:/TFG_Vivado/vivado/axu2cga_trd.runs/design_1_v_frmbuf_wr_0_0_synth_1/prj/sol/.autopilot/db/v_frmbuf_wr.cpp:326]   --->   Operation 33 'br' 'br_ln326' <Predicate = true> <Delay = 0.00>
ST_1 : Operation 34 [1/1] (0.48ns)   --->   "%store_ln326 = store i10 %j_2, i10 %j" [C:/TFG_Vivado/vivado/axu2cga_trd.runs/design_1_v_frmbuf_wr_0_0_synth_1/prj/sol/.autopilot/db/v_frmbuf_wr.cpp:326]   --->   Operation 34 'store' 'store_ln326' <Predicate = (!icmp_ln326)> <Delay = 0.48>
ST_1 : Operation 35 [1/1] (0.00ns)   --->   "%br_ln326 = br void %for.body12" [C:/TFG_Vivado/vivado/axu2cga_trd.runs/design_1_v_frmbuf_wr_0_0_synth_1/prj/sol/.autopilot/db/v_frmbuf_wr.cpp:326]   --->   Operation 35 'br' 'br_ln326' <Predicate = (!icmp_ln326)> <Delay = 0.00>

State 2 <SV = 1> <Delay = 0.82>
ST_2 : Operation 36 [1/1] (0.00ns)   --->   "%eol = phi i1 0, void %newFuncRoot, i1 %eol_2, void %if.end_ifconv"   --->   Operation 36 'phi' 'eol' <Predicate = true> <Delay = 0.00>
ST_2 : Operation 37 [1/1] (0.00ns)   --->   "%sof = phi i1 %sof_2_read, void %newFuncRoot, i1 0, void %if.end_ifconv"   --->   Operation 37 'phi' 'sof' <Predicate = true> <Delay = 0.00>
ST_2 : Operation 38 [1/1] (0.00ns)   --->   "%speclooptripcount_ln0 = speclooptripcount void @_ssdm_op_SpecLoopTripCount, i64 0, i64 960, i64 0"   --->   Operation 38 'speclooptripcount' 'speclooptripcount_ln0' <Predicate = true> <Delay = 0.00>
ST_2 : Operation 39 [1/1] (0.00ns)   --->   "%specpipeline_ln329 = specpipeline void @_ssdm_op_SpecPipeline, i32 1, i32 0, i32 0, i32 0, i32 4294967295, void @empty_29" [C:/TFG_Vivado/vivado/axu2cga_trd.runs/design_1_v_frmbuf_wr_0_0_synth_1/prj/sol/.autopilot/db/v_frmbuf_wr.cpp:329]   --->   Operation 39 'specpipeline' 'specpipeline_ln329' <Predicate = (!icmp_ln326)> <Delay = 0.00>
ST_2 : Operation 40 [1/1] (0.00ns)   --->   "%specloopname_ln326 = specloopname void @_ssdm_op_SpecLoopName, void @empty_28" [C:/TFG_Vivado/vivado/axu2cga_trd.runs/design_1_v_frmbuf_wr_0_0_synth_1/prj/sol/.autopilot/db/v_frmbuf_wr.cpp:326]   --->   Operation 40 'specloopname' 'specloopname_ln326' <Predicate = (!icmp_ln326)> <Delay = 0.00>
ST_2 : Operation 41 [1/1] (0.33ns)   --->   "%or_ln330 = or i1 %sof, i1 %eol" [C:/TFG_Vivado/vivado/axu2cga_trd.runs/design_1_v_frmbuf_wr_0_0_synth_1/prj/sol/.autopilot/db/v_frmbuf_wr.cpp:330]   --->   Operation 41 'or' 'or_ln330' <Predicate = (!icmp_ln326)> <Delay = 0.33> <CoreInst = "LogicGate">   --->   Core 74 'LogicGate' <Latency = 0> <II = 1> <Delay = 0.33> <FuncUnit> <Opcode : 'and' 'or' 'xor'> <InPorts = 2> <OutPorts = 1>
ST_2 : Operation 42 [1/1] (0.00ns)   --->   "%br_ln330 = br i1 %or_ln330, void %if.else, void %if.end_ifconv" [C:/TFG_Vivado/vivado/axu2cga_trd.runs/design_1_v_frmbuf_wr_0_0_synth_1/prj/sol/.autopilot/db/v_frmbuf_wr.cpp:330]   --->   Operation 42 'br' 'br_ln330' <Predicate = (!icmp_ln326)> <Delay = 0.00>
ST_2 : Operation 43 [1/1] ( I:0.13ns O:0.13ns )   --->   "%empty_211 = read i64 @_ssdm_op_Read.axis.volatile.i48P0A.i6P0A.i6P0A.i1P0A.i1P0A.i1P0A.i1P0A, i48 %s_axis_video_V_data_V, i6 %s_axis_video_V_keep_V, i6 %s_axis_video_V_strb_V, i1 %s_axis_video_V_user_V, i1 %s_axis_video_V_last_V, i1 %s_axis_video_V_id_V, i1 %s_axis_video_V_dest_V" [C:/TFG_Vivado/vivado/axu2cga_trd.runs/design_1_v_frmbuf_wr_0_0_synth_1/prj/sol/.autopilot/db/v_frmbuf_wr.cpp:337]   --->   Operation 43 'read' 'empty_211' <Predicate = (!icmp_ln326 & !or_ln330)> <Delay = 0.13> <CoreInst = "regslice">   --->   Core 147 'regslice' <Latency = 0> <II = 1> <Delay = 0.95> <Adapter> <Opcode : 'read' 'write'>
ST_2 : Operation 44 [1/1] (0.00ns)   --->   "%p_s = extractvalue i64 %empty_211" [C:/TFG_Vivado/vivado/axu2cga_trd.runs/design_1_v_frmbuf_wr_0_0_synth_1/prj/sol/.autopilot/db/v_frmbuf_wr.cpp:337]   --->   Operation 44 'extractvalue' 'p_s' <Predicate = (!icmp_ln326 & !or_ln330)> <Delay = 0.00>
ST_2 : Operation 45 [1/1] (0.00ns)   --->   "%eol_1 = extractvalue i64 %empty_211" [C:/TFG_Vivado/vivado/axu2cga_trd.runs/design_1_v_frmbuf_wr_0_0_synth_1/prj/sol/.autopilot/db/v_frmbuf_wr.cpp:337]   --->   Operation 45 'extractvalue' 'eol_1' <Predicate = (!icmp_ln326 & !or_ln330)> <Delay = 0.00>
ST_2 : Operation 46 [1/1] (0.48ns)   --->   "%store_ln337 = store i1 %eol_1, i1 %p_4_0_0_0187424" [C:/TFG_Vivado/vivado/axu2cga_trd.runs/design_1_v_frmbuf_wr_0_0_synth_1/prj/sol/.autopilot/db/v_frmbuf_wr.cpp:337]   --->   Operation 46 'store' 'store_ln337' <Predicate = (!icmp_ln326 & !or_ln330)> <Delay = 0.48>
ST_2 : Operation 47 [1/1] (0.48ns)   --->   "%store_ln337 = store i48 %p_s, i48 %p_0_0_0_0179415" [C:/TFG_Vivado/vivado/axu2cga_trd.runs/design_1_v_frmbuf_wr_0_0_synth_1/prj/sol/.autopilot/db/v_frmbuf_wr.cpp:337]   --->   Operation 47 'store' 'store_ln337' <Predicate = (!icmp_ln326 & !or_ln330)> <Delay = 0.48>
ST_2 : Operation 48 [1/1] (0.00ns)   --->   "%br_ln0 = br void %if.end_ifconv"   --->   Operation 48 'br' 'br_ln0' <Predicate = (!icmp_ln326 & !or_ln330)> <Delay = 0.00>
ST_2 : Operation 66 [1/1] (0.00ns)   --->   "%p_0_0_0_0179415_load = load i48 %p_0_0_0_0179415"   --->   Operation 66 'load' 'p_0_0_0_0179415_load' <Predicate = (icmp_ln326)> <Delay = 0.00>
ST_2 : Operation 67 [1/1] (0.00ns)   --->   "%p_4_0_0_0187424_load = load i1 %p_4_0_0_0187424"   --->   Operation 67 'load' 'p_4_0_0_0187424_load' <Predicate = (icmp_ln326)> <Delay = 0.00>
ST_2 : Operation 68 [1/1] (0.00ns)   --->   "%write_ln0 = write void @_ssdm_op_Write.ap_auto.i1P0A, i1 %p_4_0_0_0187424_out, i1 %p_4_0_0_0187424_load"   --->   Operation 68 'write' 'write_ln0' <Predicate = (icmp_ln326)> <Delay = 0.00>
ST_2 : Operation 69 [1/1] (0.00ns)   --->   "%write_ln0 = write void @_ssdm_op_Write.ap_auto.i48P0A, i48 %p_0_0_0_0179415_out, i48 %p_0_0_0_0179415_load"   --->   Operation 69 'write' 'write_ln0' <Predicate = (icmp_ln326)> <Delay = 0.00>
ST_2 : Operation 70 [1/1] (0.48ns)   --->   "%ret_ln0 = ret"   --->   Operation 70 'ret' 'ret_ln0' <Predicate = (icmp_ln326)> <Delay = 0.48>

State 3 <SV = 2> <Delay = 3.01>
ST_3 : Operation 49 [1/1] (0.00ns)   --->   "%axi_data = load i48 %p_0_0_0_0179415" [c:/TFG_Vivado/vivado/axu2cga_trd.gen/sources_1/bd/design_1/ip/design_1_v_frmbuf_wr_0_0/src/hls/hls_axi_io.h:63->c:/TFG_Vivado/vivado/axu2cga_trd.gen/sources_1/bd/design_1/ip/design_1_v_frmbuf_wr_0_0/src/hls/hls_axi_io.h:85->C:/TFG_Vivado/vivado/axu2cga_trd.runs/design_1_v_frmbuf_wr_0_0_synth_1/prj/sol/.autopilot/db/v_frmbuf_wr.cpp:359]   --->   Operation 49 'load' 'axi_data' <Predicate = (!icmp_ln326)> <Delay = 0.00>
ST_3 : Operation 50 [1/1] (0.00ns)   --->   "%eol_2 = load i1 %p_4_0_0_0187424"   --->   Operation 50 'load' 'eol_2' <Predicate = (!icmp_ln326)> <Delay = 0.00>
ST_3 : Operation 51 [1/1] (0.00ns)   --->   "%tmp_2 = partselect i8 @_ssdm_op_PartSelect.i8.i48.i32, i48 %axi_data, i32 16" [c:/TFG_Vivado/vivado/axu2cga_trd.gen/sources_1/bd/design_1/ip/design_1_v_frmbuf_wr_0_0/src/hls/hls_axi_io.h:63->c:/TFG_Vivado/vivado/axu2cga_trd.gen/sources_1/bd/design_1/ip/design_1_v_frmbuf_wr_0_0/src/hls/hls_axi_io.h:85->C:/TFG_Vivado/vivado/axu2cga_trd.runs/design_1_v_frmbuf_wr_0_0_synth_1/prj/sol/.autopilot/db/v_frmbuf_wr.cpp:358]   --->   Operation 51 'partselect' 'tmp_2' <Predicate = (!icmp_ln326)> <Delay = 0.00>
ST_3 : Operation 52 [1/1] (0.00ns)   --->   "%trunc_ln63 = trunc i48 %axi_data" [c:/TFG_Vivado/vivado/axu2cga_trd.gen/sources_1/bd/design_1/ip/design_1_v_frmbuf_wr_0_0/src/hls/hls_axi_io.h:63->c:/TFG_Vivado/vivado/axu2cga_trd.gen/sources_1/bd/design_1/ip/design_1_v_frmbuf_wr_0_0/src/hls/hls_axi_io.h:85->C:/TFG_Vivado/vivado/axu2cga_trd.runs/design_1_v_frmbuf_wr_0_0_synth_1/prj/sol/.autopilot/db/v_frmbuf_wr.cpp:359]   --->   Operation 52 'trunc' 'trunc_ln63' <Predicate = (!icmp_ln326)> <Delay = 0.00>
ST_3 : Operation 53 [1/1] (0.44ns)   --->   "%select_ln361 = select i1 %icmp_ln361, i8 %tmp_2, i8 %trunc_ln63" [C:/TFG_Vivado/vivado/axu2cga_trd.runs/design_1_v_frmbuf_wr_0_0_synth_1/prj/sol/.autopilot/db/v_frmbuf_wr.cpp:361]   --->   Operation 53 'select' 'select_ln361' <Predicate = (!icmp_ln326)> <Delay = 0.44> <CoreInst = "Sel">   --->   Core 73 'Sel' <Latency = 0> <II = 1> <Delay = 0.44> <FuncUnit> <Opcode : 'select'> <InPorts = 3> <OutPorts = 1>
ST_3 : Operation 54 [1/1] (0.00ns)   --->   "%tmp_4 = partselect i8 @_ssdm_op_PartSelect.i8.i48.i32, i48 %axi_data, i32 8" [c:/TFG_Vivado/vivado/axu2cga_trd.gen/sources_1/bd/design_1/ip/design_1_v_frmbuf_wr_0_0/src/hls/hls_axi_io.h:63->c:/TFG_Vivado/vivado/axu2cga_trd.gen/sources_1/bd/design_1/ip/design_1_v_frmbuf_wr_0_0/src/hls/hls_axi_io.h:85->C:/TFG_Vivado/vivado/axu2cga_trd.runs/design_1_v_frmbuf_wr_0_0_synth_1/prj/sol/.autopilot/db/v_frmbuf_wr.cpp:359]   --->   Operation 54 'partselect' 'tmp_4' <Predicate = (!icmp_ln326)> <Delay = 0.00>
ST_3 : Operation 55 [1/1] (0.44ns)   --->   "%select_ln361_1 = select i1 %icmp_ln361, i8 %trunc_ln63, i8 %tmp_4" [C:/TFG_Vivado/vivado/axu2cga_trd.runs/design_1_v_frmbuf_wr_0_0_synth_1/prj/sol/.autopilot/db/v_frmbuf_wr.cpp:361]   --->   Operation 55 'select' 'select_ln361_1' <Predicate = (!icmp_ln326)> <Delay = 0.44> <CoreInst = "Sel">   --->   Core 73 'Sel' <Latency = 0> <II = 1> <Delay = 0.44> <FuncUnit> <Opcode : 'select'> <InPorts = 3> <OutPorts = 1>
ST_3 : Operation 56 [1/1] (0.44ns)   --->   "%select_ln361_2 = select i1 %icmp_ln361, i8 %tmp_4, i8 %tmp_2" [C:/TFG_Vivado/vivado/axu2cga_trd.runs/design_1_v_frmbuf_wr_0_0_synth_1/prj/sol/.autopilot/db/v_frmbuf_wr.cpp:361]   --->   Operation 56 'select' 'select_ln361_2' <Predicate = (!icmp_ln326)> <Delay = 0.44> <CoreInst = "Sel">   --->   Core 73 'Sel' <Latency = 0> <II = 1> <Delay = 0.44> <FuncUnit> <Opcode : 'select'> <InPorts = 3> <OutPorts = 1>
ST_3 : Operation 57 [1/1] (0.00ns)   --->   "%tmp_5 = partselect i8 @_ssdm_op_PartSelect.i8.i48.i32, i48 %axi_data, i32 40" [c:/TFG_Vivado/vivado/axu2cga_trd.gen/sources_1/bd/design_1/ip/design_1_v_frmbuf_wr_0_0/src/hls/hls_axi_io.h:63->c:/TFG_Vivado/vivado/axu2cga_trd.gen/sources_1/bd/design_1/ip/design_1_v_frmbuf_wr_0_0/src/hls/hls_axi_io.h:85->C:/TFG_Vivado/vivado/axu2cga_trd.runs/design_1_v_frmbuf_wr_0_0_synth_1/prj/sol/.autopilot/db/v_frmbuf_wr.cpp:358]   --->   Operation 57 'partselect' 'tmp_5' <Predicate = (!icmp_ln326)> <Delay = 0.00>
ST_3 : Operation 58 [1/1] (0.00ns)   --->   "%tmp_6 = partselect i8 @_ssdm_op_PartSelect.i8.i48.i32, i48 %axi_data, i32 24" [c:/TFG_Vivado/vivado/axu2cga_trd.gen/sources_1/bd/design_1/ip/design_1_v_frmbuf_wr_0_0/src/hls/hls_axi_io.h:63->c:/TFG_Vivado/vivado/axu2cga_trd.gen/sources_1/bd/design_1/ip/design_1_v_frmbuf_wr_0_0/src/hls/hls_axi_io.h:85->C:/TFG_Vivado/vivado/axu2cga_trd.runs/design_1_v_frmbuf_wr_0_0_synth_1/prj/sol/.autopilot/db/v_frmbuf_wr.cpp:359]   --->   Operation 58 'partselect' 'tmp_6' <Predicate = (!icmp_ln326)> <Delay = 0.00>
ST_3 : Operation 59 [1/1] (0.48ns)   --->   "%tmp_1 = sparsemux i8 @_ssdm_op_SparseMux.ap_auto.2i8.i8.i8, i8 0, i8 %tmp_5, i8 1, i8 %tmp_6, i8 %tmp_2, i8 %colorFormat_val_cast" [c:/TFG_Vivado/vivado/axu2cga_trd.gen/sources_1/bd/design_1/ip/design_1_v_frmbuf_wr_0_0/src/hls/hls_axi_io.h:63->c:/TFG_Vivado/vivado/axu2cga_trd.gen/sources_1/bd/design_1/ip/design_1_v_frmbuf_wr_0_0/src/hls/hls_axi_io.h:85->C:/TFG_Vivado/vivado/axu2cga_trd.runs/design_1_v_frmbuf_wr_0_0_synth_1/prj/sol/.autopilot/db/v_frmbuf_wr.cpp:358]   --->   Operation 59 'sparsemux' 'tmp_1' <Predicate = (!icmp_ln326)> <Delay = 0.48> <CoreInst = "BinarySparseMux_HasDef">   --->   Core 150 'BinarySparseMux_HasDef' <Latency = 0> <II = 1> <Delay = 0.48> <FuncUnit> <Opcode : 'sparsemux'> <InPorts = 2> <OutPorts = 1>
ST_3 : Operation 60 [1/1] (0.00ns)   --->   "%tmp_7 = partselect i8 @_ssdm_op_PartSelect.i8.i48.i32, i48 %axi_data, i32 32" [c:/TFG_Vivado/vivado/axu2cga_trd.gen/sources_1/bd/design_1/ip/design_1_v_frmbuf_wr_0_0/src/hls/hls_axi_io.h:63->c:/TFG_Vivado/vivado/axu2cga_trd.gen/sources_1/bd/design_1/ip/design_1_v_frmbuf_wr_0_0/src/hls/hls_axi_io.h:85->C:/TFG_Vivado/vivado/axu2cga_trd.runs/design_1_v_frmbuf_wr_0_0_synth_1/prj/sol/.autopilot/db/v_frmbuf_wr.cpp:359]   --->   Operation 60 'partselect' 'tmp_7' <Predicate = (!icmp_ln326)> <Delay = 0.00>
ST_3 : Operation 61 [1/1] (0.74ns)   --->   "%icmp_ln361_1 = icmp_eq  i3 %colorFormat_val_read, i3 1" [C:/TFG_Vivado/vivado/axu2cga_trd.runs/design_1_v_frmbuf_wr_0_0_synth_1/prj/sol/.autopilot/db/v_frmbuf_wr.cpp:361]   --->   Operation 61 'icmp' 'icmp_ln361_1' <Predicate = (!icmp_ln326)> <Delay = 0.74> <CoreInst = "Cmp">   --->   Core 9 'Cmp' <Latency = 0> <II = 1> <Delay = 0.74> <FuncUnit> <Opcode : 'seteq' 'setne' 'setle' 'setge' 'setlt' 'setgt'> <InPorts = 2> <OutPorts = 1>
ST_3 : Operation 62 [1/1] (0.44ns)   --->   "%empty = select i1 %icmp_ln361_1, i8 %tmp_7, i8 %tmp_6" [C:/TFG_Vivado/vivado/axu2cga_trd.runs/design_1_v_frmbuf_wr_0_0_synth_1/prj/sol/.autopilot/db/v_frmbuf_wr.cpp:361]   --->   Operation 62 'select' 'empty' <Predicate = (!icmp_ln326)> <Delay = 0.44> <CoreInst = "Sel">   --->   Core 73 'Sel' <Latency = 0> <II = 1> <Delay = 0.44> <FuncUnit> <Opcode : 'select'> <InPorts = 3> <OutPorts = 1>
ST_3 : Operation 63 [1/1] (0.44ns)   --->   "%empty_210 = select i1 %icmp_ln361_1, i8 %tmp_5, i8 %tmp_7" [C:/TFG_Vivado/vivado/axu2cga_trd.runs/design_1_v_frmbuf_wr_0_0_synth_1/prj/sol/.autopilot/db/v_frmbuf_wr.cpp:361]   --->   Operation 63 'select' 'empty_210' <Predicate = (!icmp_ln326)> <Delay = 0.44> <CoreInst = "Sel">   --->   Core 73 'Sel' <Latency = 0> <II = 1> <Delay = 0.44> <FuncUnit> <Opcode : 'select'> <InPorts = 3> <OutPorts = 1>
ST_3 : Operation 64 [1/1] (0.00ns)   --->   "%or_ln403_9 = bitconcatenate i48 @_ssdm_op_BitConcatenate.i48.i8.i8.i8.i8.i8.i8, i8 %empty_210, i8 %empty, i8 %tmp_1, i8 %select_ln361_2, i8 %select_ln361_1, i8 %select_ln361" [C:/TFG_Vivado/vivado/axu2cga_trd.runs/design_1_v_frmbuf_wr_0_0_synth_1/prj/sol/.autopilot/db/v_frmbuf_wr.cpp:403]   --->   Operation 64 'bitconcatenate' 'or_ln403_9' <Predicate = (!icmp_ln326)> <Delay = 0.00>
ST_3 : Operation 65 [1/1] ( I:1.82ns O:1.82ns )   --->   "%write_ln403 = write void @_ssdm_op_Write.ap_fifo.volatile.i48P0A, i48 %img, i48 %or_ln403_9" [C:/TFG_Vivado/vivado/axu2cga_trd.runs/design_1_v_frmbuf_wr_0_0_synth_1/prj/sol/.autopilot/db/v_frmbuf_wr.cpp:403]   --->   Operation 65 'write' 'write_ln403' <Predicate = (!icmp_ln326)> <Delay = 1.82> <CoreInst = "FIFO_SRL">   --->   Core 80 'FIFO_SRL' <Latency = 0> <II = 1> <Delay = 2.16> <Storage> <Opcode : 'read' 'write' 'nbread' 'nbwrite'> <Ports = 0> <Width = 48> <Depth = 2> <FIFO>


============================================================
+ Verbose Summary: Binding
============================================================
STG Binding: 
---------------- STG Properties BEGIN ----------------
- Is combinational: 0
- Is one-state seq: 0
- Is datapath-only: 0
- Is pipelined: 0
- Is top level: 0
Port [ Return ] is wired: 1; IO mode=ap_ctrl_hs:ce=0
Port [ p_4_0_0_0187423_lcssa448]:  wired=1; compound=0; hidden=0; nouse=0; global=0; static=0; extern=0; dir=0; type=0; pingpong=0; private_global=0; IO mode=ap_none:ce=0
Port [ p_0_0_0_0179416_lcssa432]:  wired=1; compound=0; hidden=0; nouse=0; global=0; static=0; extern=0; dir=0; type=0; pingpong=0; private_global=0; IO mode=ap_none:ce=0
Port [ sof_2]:  wired=1; compound=0; hidden=0; nouse=0; global=0; static=0; extern=0; dir=0; type=0; pingpong=0; private_global=0; IO mode=ap_none:ce=0
Port [ colorFormat_val]:  wired=1; compound=0; hidden=0; nouse=0; global=0; static=0; extern=0; dir=0; type=0; pingpong=0; private_global=0; IO mode=ap_stable:ce=0
Port [ trunc_ln7]:  wired=1; compound=0; hidden=0; nouse=0; global=0; static=0; extern=0; dir=0; type=0; pingpong=0; private_global=0; IO mode=ap_none:ce=0
Port [ img]:  wired=1; compound=1; hidden=0; nouse=0; global=0; static=0; extern=0; dir=1; type=3; pingpong=0; private_global=0; IO mode=ap_fifo:ce=0
Port [ s_axis_video_V_data_V]:  wired=1; compound=1; hidden=0; nouse=0; global=0; static=0; extern=0; dir=0; type=0; pingpong=0; private_global=0; IO mode=axis:ce=0
Port [ s_axis_video_V_keep_V]:  wired=1; compound=1; hidden=0; nouse=0; global=0; static=0; extern=0; dir=0; type=0; pingpong=0; private_global=0; IO mode=axis:ce=0
Port [ s_axis_video_V_strb_V]:  wired=1; compound=1; hidden=0; nouse=0; global=0; static=0; extern=0; dir=0; type=0; pingpong=0; private_global=0; IO mode=axis:ce=0
Port [ s_axis_video_V_user_V]:  wired=1; compound=1; hidden=0; nouse=0; global=0; static=0; extern=0; dir=0; type=0; pingpong=0; private_global=0; IO mode=axis:ce=0
Port [ s_axis_video_V_last_V]:  wired=1; compound=1; hidden=0; nouse=0; global=0; static=0; extern=0; dir=0; type=0; pingpong=0; private_global=0; IO mode=axis:ce=0
Port [ s_axis_video_V_id_V]:  wired=1; compound=1; hidden=0; nouse=0; global=0; static=0; extern=0; dir=0; type=0; pingpong=0; private_global=0; IO mode=axis:ce=0
Port [ s_axis_video_V_dest_V]:  wired=1; compound=1; hidden=0; nouse=0; global=0; static=0; extern=0; dir=0; type=0; pingpong=0; private_global=0; IO mode=axis:ce=0
Port [ p_4_0_0_0187424_out]:  wired=1; compound=0; hidden=0; nouse=0; global=0; static=0; extern=0; dir=1; type=0; pingpong=0; private_global=0; IO mode=ap_vld:ce=0
Port [ p_0_0_0_0179415_out]:  wired=1; compound=0; hidden=0; nouse=0; global=0; static=0; extern=0; dir=1; type=0; pingpong=0; private_global=0; IO mode=ap_vld:ce=0
---------------- STG Properties END ------------------

---------------- Datapath Model BEGIN ----------------

<LifeTime>
<method=bitvector/>
j                             (alloca             ) [ 0100]
p_0_0_0_0179415               (alloca             ) [ 0111]
p_4_0_0_0187424               (alloca             ) [ 0111]
specaxissidechannel_ln0       (specaxissidechannel) [ 0000]
specstablecontent_ln0         (specstablecontent  ) [ 0000]
specinterface_ln0             (specinterface      ) [ 0000]
specinterface_ln0             (specinterface      ) [ 0000]
specinterface_ln0             (specinterface      ) [ 0000]
specinterface_ln0             (specinterface      ) [ 0000]
specinterface_ln0             (specinterface      ) [ 0000]
specinterface_ln0             (specinterface      ) [ 0000]
specinterface_ln0             (specinterface      ) [ 0000]
specinterface_ln0             (specinterface      ) [ 0000]
trunc_ln7_read                (read               ) [ 0000]
colorFormat_val_read          (read               ) [ 0111]
sof_2_read                    (read               ) [ 0110]
p_0_0_0_0179416_lcssa432_read (read               ) [ 0000]
p_4_0_0_0187423_lcssa448_read (read               ) [ 0000]
colorFormat_val_cast          (zext               ) [ 0111]
icmp_ln361                    (icmp               ) [ 0111]
store_ln0                     (store              ) [ 0000]
store_ln0                     (store              ) [ 0000]
store_ln326                   (store              ) [ 0000]
br_ln326                      (br                 ) [ 0110]
j_1                           (load               ) [ 0000]
icmp_ln326                    (icmp               ) [ 0111]
j_2                           (add                ) [ 0000]
br_ln326                      (br                 ) [ 0000]
store_ln326                   (store              ) [ 0000]
br_ln326                      (br                 ) [ 0110]
eol                           (phi                ) [ 0110]
sof                           (phi                ) [ 0110]
speclooptripcount_ln0         (speclooptripcount  ) [ 0000]
specpipeline_ln329            (specpipeline       ) [ 0000]
specloopname_ln326            (specloopname       ) [ 0000]
or_ln330                      (or                 ) [ 0110]
br_ln330                      (br                 ) [ 0000]
empty_211                     (read               ) [ 0000]
p_s                           (extractvalue       ) [ 0000]
eol_1                         (extractvalue       ) [ 0000]
store_ln337                   (store              ) [ 0000]
store_ln337                   (store              ) [ 0000]
br_ln0                        (br                 ) [ 0000]
axi_data                      (load               ) [ 0000]
eol_2                         (load               ) [ 0110]
tmp_2                         (partselect         ) [ 0000]
trunc_ln63                    (trunc              ) [ 0000]
select_ln361                  (select             ) [ 0000]
tmp_4                         (partselect         ) [ 0000]
select_ln361_1                (select             ) [ 0000]
select_ln361_2                (select             ) [ 0000]
tmp_5                         (partselect         ) [ 0000]
tmp_6                         (partselect         ) [ 0000]
tmp_1                         (sparsemux          ) [ 0000]
tmp_7                         (partselect         ) [ 0000]
icmp_ln361_1                  (icmp               ) [ 0000]
empty                         (select             ) [ 0000]
empty_210                     (select             ) [ 0000]
or_ln403_9                    (bitconcatenate     ) [ 0000]
write_ln403                   (write              ) [ 0000]
p_0_0_0_0179415_load          (load               ) [ 0000]
p_4_0_0_0187424_load          (load               ) [ 0000]
write_ln0                     (write              ) [ 0000]
write_ln0                     (write              ) [ 0000]
ret_ln0                       (ret                ) [ 0000]
</LifeTime>

<model>

<comp_list>
<comp id="0" class="1000" name="p_4_0_0_0187423_lcssa448">
<pin_list>
<pin id="1" dir="1" index="0" bw="1" slack="0"/>
</pin_list>
<bind>
<StgValue><ssdm name="p_4_0_0_0187423_lcssa448"/></StgValue>
</bind>
</comp>

<comp id="2" class="1000" name="p_0_0_0_0179416_lcssa432">
<pin_list>
<pin id="3" dir="1" index="0" bw="1" slack="0"/>
</pin_list>
<bind>
<StgValue><ssdm name="p_0_0_0_0179416_lcssa432"/></StgValue>
</bind>
</comp>

<comp id="4" class="1000" name="sof_2">
<pin_list>
<pin id="5" dir="1" index="0" bw="1" slack="0"/>
</pin_list>
<bind>
<StgValue><ssdm name="sof_2"/></StgValue>
</bind>
</comp>

<comp id="6" class="1000" name="colorFormat_val">
<pin_list>
<pin id="7" dir="1" index="0" bw="1" slack="0"/>
</pin_list>
<bind>
<StgValue><ssdm name="colorFormat_val"/></StgValue>
</bind>
</comp>

<comp id="8" class="1000" name="trunc_ln7">
<pin_list>
<pin id="9" dir="1" index="0" bw="1" slack="0"/>
</pin_list>
<bind>
<StgValue><ssdm name="trunc_ln7"/></StgValue>
</bind>
</comp>

<comp id="10" class="1000" name="img">
<pin_list>
<pin id="11" dir="1" index="0" bw="1" slack="0"/>
</pin_list>
<bind>
<StgValue><ssdm name="img"/></StgValue>
</bind>
</comp>

<comp id="12" class="1000" name="s_axis_video_V_data_V">
<pin_list>
<pin id="13" dir="1" index="0" bw="1" slack="0"/>
</pin_list>
<bind>
<StgValue><ssdm name="s_axis_video_V_data_V"/></StgValue>
</bind>
</comp>

<comp id="14" class="1000" name="s_axis_video_V_keep_V">
<pin_list>
<pin id="15" dir="1" index="0" bw="1" slack="0"/>
</pin_list>
<bind>
<StgValue><ssdm name="s_axis_video_V_keep_V"/></StgValue>
</bind>
</comp>

<comp id="16" class="1000" name="s_axis_video_V_strb_V">
<pin_list>
<pin id="17" dir="1" index="0" bw="1" slack="0"/>
</pin_list>
<bind>
<StgValue><ssdm name="s_axis_video_V_strb_V"/></StgValue>
</bind>
</comp>

<comp id="18" class="1000" name="s_axis_video_V_user_V">
<pin_list>
<pin id="19" dir="1" index="0" bw="1" slack="0"/>
</pin_list>
<bind>
<StgValue><ssdm name="s_axis_video_V_user_V"/></StgValue>
</bind>
</comp>

<comp id="20" class="1000" name="s_axis_video_V_last_V">
<pin_list>
<pin id="21" dir="1" index="0" bw="1" slack="0"/>
</pin_list>
<bind>
<StgValue><ssdm name="s_axis_video_V_last_V"/></StgValue>
</bind>
</comp>

<comp id="22" class="1000" name="s_axis_video_V_id_V">
<pin_list>
<pin id="23" dir="1" index="0" bw="1" slack="0"/>
</pin_list>
<bind>
<StgValue><ssdm name="s_axis_video_V_id_V"/></StgValue>
</bind>
</comp>

<comp id="24" class="1000" name="s_axis_video_V_dest_V">
<pin_list>
<pin id="25" dir="1" index="0" bw="1" slack="0"/>
</pin_list>
<bind>
<StgValue><ssdm name="s_axis_video_V_dest_V"/></StgValue>
</bind>
</comp>

<comp id="26" class="1000" name="p_4_0_0_0187424_out">
<pin_list>
<pin id="27" dir="1" index="0" bw="1" slack="0"/>
</pin_list>
<bind>
<StgValue><ssdm name="p_4_0_0_0187424_out"/></StgValue>
</bind>
</comp>

<comp id="28" class="1000" name="p_0_0_0_0179415_out">
<pin_list>
<pin id="29" dir="1" index="0" bw="1" slack="0"/>
</pin_list>
<bind>
<StgValue><ssdm name="p_0_0_0_0179415_out"/></StgValue>
</bind>
</comp>

<comp id="30" class="1001" name="const_30">
<pin_list>
<pin id="31" dir="1" index="0" bw="1" slack="0"/>
</pin_list>
<bind>
<StgValue><ssdm name=""/></StgValue>
</bind>
</comp>

<comp id="32" class="1001" name="const_32">
<pin_list>
<pin id="33" dir="1" index="0" bw="1" slack="2147483647"/>
</pin_list>
<bind>
<StgValue><ssdm name="_ssdm_op_SpecAXISSideChannel"/></StgValue>
</bind>
</comp>

<comp id="34" class="1001" name="const_34">
<pin_list>
<pin id="35" dir="1" index="0" bw="1" slack="2147483647"/>
</pin_list>
<bind>
<StgValue><ssdm name="empty_10"/></StgValue>
</bind>
</comp>

<comp id="36" class="1001" name="const_36">
<pin_list>
<pin id="37" dir="1" index="0" bw="1" slack="2147483647"/>
</pin_list>
<bind>
<StgValue><ssdm name="_ssdm_op_SpecStableContent"/></StgValue>
</bind>
</comp>

<comp id="38" class="1001" name="const_38">
<pin_list>
<pin id="39" dir="1" index="0" bw="1" slack="2147483647"/>
</pin_list>
<bind>
<StgValue><ssdm name=""/></StgValue>
</bind>
</comp>

<comp id="40" class="1001" name="const_40">
<pin_list>
<pin id="41" dir="1" index="0" bw="1" slack="2147483647"/>
</pin_list>
<bind>
<StgValue><ssdm name="p_str"/></StgValue>
</bind>
</comp>

<comp id="42" class="1001" name="const_42">
<pin_list>
<pin id="43" dir="1" index="0" bw="1" slack="2147483647"/>
</pin_list>
<bind>
<StgValue><ssdm name="_ssdm_op_SpecInterface"/></StgValue>
</bind>
</comp>

<comp id="44" class="1001" name="const_44">
<pin_list>
<pin id="45" dir="1" index="0" bw="1" slack="2147483647"/>
</pin_list>
<bind>
<StgValue><ssdm name="empty_8"/></StgValue>
</bind>
</comp>

<comp id="46" class="1001" name="const_46">
<pin_list>
<pin id="47" dir="1" index="0" bw="1" slack="2147483647"/>
</pin_list>
<bind>
<StgValue><ssdm name=""/></StgValue>
</bind>
</comp>

<comp id="48" class="1001" name="const_48">
<pin_list>
<pin id="49" dir="1" index="0" bw="1" slack="2147483647"/>
</pin_list>
<bind>
<StgValue><ssdm name="empty_9"/></StgValue>
</bind>
</comp>

<comp id="50" class="1001" name="const_50">
<pin_list>
<pin id="51" dir="1" index="0" bw="1" slack="2147483647"/>
</pin_list>
<bind>
<StgValue><ssdm name="empty_29"/></StgValue>
</bind>
</comp>

<comp id="52" class="1001" name="const_52">
<pin_list>
<pin id="53" dir="1" index="0" bw="1" slack="2147483647"/>
</pin_list>
<bind>
<StgValue><ssdm name=""/></StgValue>
</bind>
</comp>

<comp id="54" class="1001" name="const_54">
<pin_list>
<pin id="55" dir="1" index="0" bw="1" slack="2147483647"/>
</pin_list>
<bind>
<StgValue><ssdm name="empty_11"/></StgValue>
</bind>
</comp>

<comp id="56" class="1001" name="const_56">
<pin_list>
<pin id="57" dir="1" index="0" bw="1" slack="0"/>
</pin_list>
<bind>
<StgValue><ssdm name="_ssdm_op_Read.ap_auto.i10"/></StgValue>
</bind>
</comp>

<comp id="58" class="1001" name="const_58">
<pin_list>
<pin id="59" dir="1" index="0" bw="1" slack="0"/>
</pin_list>
<bind>
<StgValue><ssdm name="_ssdm_op_Read.ap_auto.i3"/></StgValue>
</bind>
</comp>

<comp id="60" class="1001" name="const_60">
<pin_list>
<pin id="61" dir="1" index="0" bw="1" slack="0"/>
</pin_list>
<bind>
<StgValue><ssdm name="_ssdm_op_Read.ap_auto.i1"/></StgValue>
</bind>
</comp>

<comp id="62" class="1001" name="const_62">
<pin_list>
<pin id="63" dir="1" index="0" bw="1" slack="0"/>
</pin_list>
<bind>
<StgValue><ssdm name="_ssdm_op_Read.ap_auto.i48"/></StgValue>
</bind>
</comp>

<comp id="64" class="1001" name="const_64">
<pin_list>
<pin id="65" dir="1" index="0" bw="1" slack="0"/>
</pin_list>
<bind>
<StgValue><ssdm name=""/></StgValue>
</bind>
</comp>

<comp id="66" class="1001" name="const_66">
<pin_list>
<pin id="67" dir="1" index="0" bw="1" slack="0"/>
</pin_list>
<bind>
<StgValue><ssdm name=""/></StgValue>
</bind>
</comp>

<comp id="68" class="1001" name="const_68">
<pin_list>
<pin id="69" dir="1" index="0" bw="1" slack="0"/>
</pin_list>
<bind>
<StgValue><ssdm name=""/></StgValue>
</bind>
</comp>

<comp id="70" class="1001" name="const_70">
<pin_list>
<pin id="71" dir="1" index="0" bw="1" slack="1"/>
</pin_list>
<bind>
<StgValue><ssdm name=""/></StgValue>
</bind>
</comp>

<comp id="72" class="1001" name="const_72">
<pin_list>
<pin id="73" dir="1" index="0" bw="1" slack="2147483647"/>
</pin_list>
<bind>
<StgValue><ssdm name="_ssdm_op_SpecLoopTripCount"/></StgValue>
</bind>
</comp>

<comp id="74" class="1001" name="const_74">
<pin_list>
<pin id="75" dir="1" index="0" bw="1" slack="2147483647"/>
</pin_list>
<bind>
<StgValue><ssdm name=""/></StgValue>
</bind>
</comp>

<comp id="76" class="1001" name="const_76">
<pin_list>
<pin id="77" dir="1" index="0" bw="1" slack="2147483647"/>
</pin_list>
<bind>
<StgValue><ssdm name=""/></StgValue>
</bind>
</comp>

<comp id="78" class="1001" name="const_78">
<pin_list>
<pin id="79" dir="1" index="0" bw="1" slack="2147483647"/>
</pin_list>
<bind>
<StgValue><ssdm name="_ssdm_op_SpecPipeline"/></StgValue>
</bind>
</comp>

<comp id="80" class="1001" name="const_80">
<pin_list>
<pin id="81" dir="1" index="0" bw="1" slack="2147483647"/>
</pin_list>
<bind>
<StgValue><ssdm name="_ssdm_op_SpecLoopName"/></StgValue>
</bind>
</comp>

<comp id="82" class="1001" name="const_82">
<pin_list>
<pin id="83" dir="1" index="0" bw="1" slack="2147483647"/>
</pin_list>
<bind>
<StgValue><ssdm name="empty_28"/></StgValue>
</bind>
</comp>

<comp id="84" class="1001" name="const_84">
<pin_list>
<pin id="85" dir="1" index="0" bw="1" slack="0"/>
</pin_list>
<bind>
<StgValue><ssdm name="_ssdm_op_Read.axis.volatile.i48P0A.i6P0A.i6P0A.i1P0A.i1P0A.i1P0A.i1P0A"/></StgValue>
</bind>
</comp>

<comp id="86" class="1001" name="const_86">
<pin_list>
<pin id="87" dir="1" index="0" bw="1" slack="0"/>
</pin_list>
<bind>
<StgValue><ssdm name="_ssdm_op_PartSelect.i8.i48.i32"/></StgValue>
</bind>
</comp>

<comp id="88" class="1001" name="const_88">
<pin_list>
<pin id="89" dir="1" index="0" bw="1" slack="0"/>
</pin_list>
<bind>
<StgValue><ssdm name=""/></StgValue>
</bind>
</comp>

<comp id="90" class="1001" name="const_90">
<pin_list>
<pin id="91" dir="1" index="0" bw="1" slack="0"/>
</pin_list>
<bind>
<StgValue><ssdm name=""/></StgValue>
</bind>
</comp>

<comp id="92" class="1001" name="const_92">
<pin_list>
<pin id="93" dir="1" index="0" bw="1" slack="0"/>
</pin_list>
<bind>
<StgValue><ssdm name=""/></StgValue>
</bind>
</comp>

<comp id="94" class="1001" name="const_94">
<pin_list>
<pin id="95" dir="1" index="0" bw="1" slack="0"/>
</pin_list>
<bind>
<StgValue><ssdm name=""/></StgValue>
</bind>
</comp>

<comp id="96" class="1001" name="const_96">
<pin_list>
<pin id="97" dir="1" index="0" bw="1" slack="0"/>
</pin_list>
<bind>
<StgValue><ssdm name="_ssdm_op_SparseMux.ap_auto.2i8.i8.i8"/></StgValue>
</bind>
</comp>

<comp id="98" class="1001" name="const_98">
<pin_list>
<pin id="99" dir="1" index="0" bw="1" slack="0"/>
</pin_list>
<bind>
<StgValue><ssdm name=""/></StgValue>
</bind>
</comp>

<comp id="100" class="1001" name="const_100">
<pin_list>
<pin id="101" dir="1" index="0" bw="1" slack="0"/>
</pin_list>
<bind>
<StgValue><ssdm name=""/></StgValue>
</bind>
</comp>

<comp id="102" class="1001" name="const_102">
<pin_list>
<pin id="103" dir="1" index="0" bw="1" slack="0"/>
</pin_list>
<bind>
<StgValue><ssdm name=""/></StgValue>
</bind>
</comp>

<comp id="104" class="1001" name="const_104">
<pin_list>
<pin id="105" dir="1" index="0" bw="1" slack="0"/>
</pin_list>
<bind>
<StgValue><ssdm name=""/></StgValue>
</bind>
</comp>

<comp id="106" class="1001" name="const_106">
<pin_list>
<pin id="107" dir="1" index="0" bw="1" slack="0"/>
</pin_list>
<bind>
<StgValue><ssdm name="_ssdm_op_BitConcatenate.i48.i8.i8.i8.i8.i8.i8"/></StgValue>
</bind>
</comp>

<comp id="108" class="1001" name="const_108">
<pin_list>
<pin id="109" dir="1" index="0" bw="1" slack="0"/>
</pin_list>
<bind>
<StgValue><ssdm name="_ssdm_op_Write.ap_fifo.volatile.i48P0A"/></StgValue>
</bind>
</comp>

<comp id="110" class="1001" name="const_110">
<pin_list>
<pin id="111" dir="1" index="0" bw="1" slack="0"/>
</pin_list>
<bind>
<StgValue><ssdm name="_ssdm_op_Write.ap_auto.i1P0A"/></StgValue>
</bind>
</comp>

<comp id="112" class="1001" name="const_112">
<pin_list>
<pin id="113" dir="1" index="0" bw="1" slack="0"/>
</pin_list>
<bind>
<StgValue><ssdm name="_ssdm_op_Write.ap_auto.i48P0A"/></StgValue>
</bind>
</comp>

<comp id="114" class="1004" name="j_fu_114">
<pin_list>
<pin id="115" dir="0" index="0" bw="1" slack="0"/>
<pin id="116" dir="1" index="1" bw="10" slack="0"/>
</pin_list>
<bind>
<opcode="alloca(26) " fcode="alloca"/>
<opset="j/1 "/>
</bind>
</comp>

<comp id="118" class="1004" name="p_0_0_0_0179415_fu_118">
<pin_list>
<pin id="119" dir="0" index="0" bw="1" slack="0"/>
<pin id="120" dir="1" index="1" bw="48" slack="0"/>
</pin_list>
<bind>
<opcode="alloca(26) " fcode="alloca"/>
<opset="p_0_0_0_0179415/1 "/>
</bind>
</comp>

<comp id="122" class="1004" name="p_4_0_0_0187424_fu_122">
<pin_list>
<pin id="123" dir="0" index="0" bw="1" slack="0"/>
<pin id="124" dir="1" index="1" bw="1" slack="0"/>
</pin_list>
<bind>
<opcode="alloca(26) " fcode="alloca"/>
<opset="p_4_0_0_0187424/1 "/>
</bind>
</comp>

<comp id="126" class="1004" name="trunc_ln7_read_read_fu_126">
<pin_list>
<pin id="127" dir="0" index="0" bw="10" slack="0"/>
<pin id="128" dir="0" index="1" bw="10" slack="0"/>
<pin id="129" dir="1" index="2" bw="10" slack="0"/>
</pin_list>
<bind>
<opcode="read(1150) " fcode="read"/>
<opset="trunc_ln7_read/1 "/>
</bind>
</comp>

<comp id="132" class="1004" name="colorFormat_val_read_read_fu_132">
<pin_list>
<pin id="133" dir="0" index="0" bw="3" slack="0"/>
<pin id="134" dir="0" index="1" bw="3" slack="0"/>
<pin id="135" dir="1" index="2" bw="3" slack="0"/>
</pin_list>
<bind>
<opcode="read(1150) " fcode="read"/>
<opset="colorFormat_val_read/1 "/>
</bind>
</comp>

<comp id="138" class="1004" name="sof_2_read_read_fu_138">
<pin_list>
<pin id="139" dir="0" index="0" bw="1" slack="0"/>
<pin id="140" dir="0" index="1" bw="1" slack="0"/>
<pin id="141" dir="1" index="2" bw="1" slack="1"/>
</pin_list>
<bind>
<opcode="read(1150) " fcode="read"/>
<opset="sof_2_read/1 "/>
</bind>
</comp>

<comp id="144" class="1004" name="p_0_0_0_0179416_lcssa432_read_read_fu_144">
<pin_list>
<pin id="145" dir="0" index="0" bw="48" slack="0"/>
<pin id="146" dir="0" index="1" bw="48" slack="0"/>
<pin id="147" dir="1" index="2" bw="48" slack="0"/>
</pin_list>
<bind>
<opcode="read(1150) " fcode="read"/>
<opset="p_0_0_0_0179416_lcssa432_read/1 "/>
</bind>
</comp>

<comp id="150" class="1004" name="p_4_0_0_0187423_lcssa448_read_read_fu_150">
<pin_list>
<pin id="151" dir="0" index="0" bw="1" slack="0"/>
<pin id="152" dir="0" index="1" bw="1" slack="0"/>
<pin id="153" dir="1" index="2" bw="1" slack="0"/>
</pin_list>
<bind>
<opcode="read(1150) " fcode="read"/>
<opset="p_4_0_0_0187423_lcssa448_read/1 "/>
</bind>
</comp>

<comp id="156" class="1004" name="empty_211_read_fu_156">
<pin_list>
<pin id="157" dir="0" index="0" bw="64" slack="0"/>
<pin id="158" dir="0" index="1" bw="48" slack="0"/>
<pin id="159" dir="0" index="2" bw="6" slack="0"/>
<pin id="160" dir="0" index="3" bw="6" slack="0"/>
<pin id="161" dir="0" index="4" bw="1" slack="0"/>
<pin id="162" dir="0" index="5" bw="1" slack="0"/>
<pin id="163" dir="0" index="6" bw="1" slack="0"/>
<pin id="164" dir="0" index="7" bw="1" slack="0"/>
<pin id="165" dir="1" index="8" bw="64" slack="0"/>
</pin_list>
<bind>
<opcode="read(1150) " fcode="read"/>
<opset="empty_211/2 "/>
</bind>
</comp>

<comp id="174" class="1004" name="write_ln403_write_fu_174">
<pin_list>
<pin id="175" dir="0" index="0" bw="0" slack="0"/>
<pin id="176" dir="0" index="1" bw="48" slack="0"/>
<pin id="177" dir="0" index="2" bw="48" slack="0"/>
<pin id="178" dir="1" index="3" bw="0" slack="2147483647"/>
</pin_list>
<bind>
<opcode="write(1151) " fcode="write"/>
<opset="write_ln403/3 "/>
</bind>
</comp>

<comp id="181" class="1004" name="write_ln0_write_fu_181">
<pin_list>
<pin id="182" dir="0" index="0" bw="0" slack="0"/>
<pin id="183" dir="0" index="1" bw="1" slack="0"/>
<pin id="184" dir="0" index="2" bw="1" slack="0"/>
<pin id="185" dir="1" index="3" bw="0" slack="2147483647"/>
</pin_list>
<bind>
<opcode="write(1151) " fcode="write"/>
<opset="write_ln0/2 "/>
</bind>
</comp>

<comp id="188" class="1004" name="write_ln0_write_fu_188">
<pin_list>
<pin id="189" dir="0" index="0" bw="0" slack="0"/>
<pin id="190" dir="0" index="1" bw="48" slack="0"/>
<pin id="191" dir="0" index="2" bw="48" slack="0"/>
<pin id="192" dir="1" index="3" bw="0" slack="2147483647"/>
</pin_list>
<bind>
<opcode="write(1151) " fcode="write"/>
<opset="write_ln0/2 "/>
</bind>
</comp>

<comp id="195" class="1005" name="eol_reg_195">
<pin_list>
<pin id="196" dir="0" index="0" bw="1" slack="1"/>
<pin id="197" dir="1" index="1" bw="1" slack="1"/>
</pin_list>
<bind>
<opset="eol (phireg) "/>
</bind>
</comp>

<comp id="199" class="1004" name="eol_phi_fu_199">
<pin_list>
<pin id="200" dir="0" index="0" bw="1" slack="1"/>
<pin id="201" dir="0" index="1" bw="0" slack="2147483647"/>
<pin id="202" dir="0" index="2" bw="1" slack="1"/>
<pin id="203" dir="0" index="3" bw="0" slack="2147483647"/>
<pin id="204" dir="1" index="4" bw="1" slack="0"/>
</pin_list>
<bind>
<opcode="phi(47) " fcode="phi"/>
<opset="eol/2 "/>
</bind>
</comp>

<comp id="206" class="1005" name="sof_reg_206">
<pin_list>
<pin id="207" dir="0" index="0" bw="1" slack="1"/>
<pin id="208" dir="1" index="1" bw="1" slack="1"/>
</pin_list>
<bind>
<opset="sof (phireg) "/>
</bind>
</comp>

<comp id="210" class="1004" name="sof_phi_fu_210">
<pin_list>
<pin id="211" dir="0" index="0" bw="1" slack="1"/>
<pin id="212" dir="0" index="1" bw="0" slack="2147483647"/>
<pin id="213" dir="0" index="2" bw="1" slack="1"/>
<pin id="214" dir="0" index="3" bw="0" slack="2147483647"/>
<pin id="215" dir="1" index="4" bw="1" slack="0"/>
</pin_list>
<bind>
<opcode="phi(47) " fcode="phi"/>
<opset="sof/2 "/>
</bind>
</comp>

<comp id="217" class="1004" name="colorFormat_val_cast_fu_217">
<pin_list>
<pin id="218" dir="0" index="0" bw="3" slack="0"/>
<pin id="219" dir="1" index="1" bw="8" slack="2"/>
</pin_list>
<bind>
<opcode="zext(34) " fcode="zext"/>
<opset="colorFormat_val_cast/1 "/>
</bind>
</comp>

<comp id="221" class="1004" name="icmp_ln361_fu_221">
<pin_list>
<pin id="222" dir="0" index="0" bw="3" slack="0"/>
<pin id="223" dir="0" index="1" bw="3" slack="0"/>
<pin id="224" dir="1" index="2" bw="1" slack="2"/>
</pin_list>
<bind>
<opcode="icmp(45) " fcode="icmp"/>
<opset="icmp_ln361/1 "/>
</bind>
</comp>

<comp id="227" class="1004" name="store_ln0_store_fu_227">
<pin_list>
<pin id="228" dir="0" index="0" bw="1" slack="0"/>
<pin id="229" dir="0" index="1" bw="1" slack="0"/>
<pin id="230" dir="1" index="2" bw="0" slack="2147483647"/>
</pin_list>
<bind>
<opcode="store(28) " fcode="store"/>
<opset="store_ln0/1 "/>
</bind>
</comp>

<comp id="232" class="1004" name="store_ln0_store_fu_232">
<pin_list>
<pin id="233" dir="0" index="0" bw="48" slack="0"/>
<pin id="234" dir="0" index="1" bw="48" slack="0"/>
<pin id="235" dir="1" index="2" bw="0" slack="2147483647"/>
</pin_list>
<bind>
<opcode="store(28) " fcode="store"/>
<opset="store_ln0/1 "/>
</bind>
</comp>

<comp id="237" class="1004" name="store_ln326_store_fu_237">
<pin_list>
<pin id="238" dir="0" index="0" bw="1" slack="0"/>
<pin id="239" dir="0" index="1" bw="10" slack="0"/>
<pin id="240" dir="1" index="2" bw="0" slack="2147483647"/>
</pin_list>
<bind>
<opcode="store(28) " fcode="store"/>
<opset="store_ln326/1 "/>
</bind>
</comp>

<comp id="242" class="1004" name="j_1_load_fu_242">
<pin_list>
<pin id="243" dir="0" index="0" bw="10" slack="0"/>
<pin id="244" dir="1" index="1" bw="10" slack="0"/>
</pin_list>
<bind>
<opcode="load(27) " fcode="load"/>
<opset="j_1/1 "/>
</bind>
</comp>

<comp id="245" class="1004" name="icmp_ln326_fu_245">
<pin_list>
<pin id="246" dir="0" index="0" bw="10" slack="0"/>
<pin id="247" dir="0" index="1" bw="10" slack="0"/>
<pin id="248" dir="1" index="2" bw="1" slack="1"/>
</pin_list>
<bind>
<opcode="icmp(45) " fcode="icmp"/>
<opset="icmp_ln326/1 "/>
</bind>
</comp>

<comp id="251" class="1004" name="j_2_fu_251">
<pin_list>
<pin id="252" dir="0" index="0" bw="10" slack="0"/>
<pin id="253" dir="0" index="1" bw="1" slack="0"/>
<pin id="254" dir="1" index="2" bw="10" slack="0"/>
</pin_list>
<bind>
<opcode="add(8) " fcode="add"/>
<opset="j_2/1 "/>
</bind>
</comp>

<comp id="257" class="1004" name="store_ln326_store_fu_257">
<pin_list>
<pin id="258" dir="0" index="0" bw="10" slack="0"/>
<pin id="259" dir="0" index="1" bw="10" slack="0"/>
<pin id="260" dir="1" index="2" bw="0" slack="2147483647"/>
</pin_list>
<bind>
<opcode="store(28) " fcode="store"/>
<opset="store_ln326/1 "/>
</bind>
</comp>

<comp id="262" class="1004" name="or_ln330_fu_262">
<pin_list>
<pin id="263" dir="0" index="0" bw="1" slack="0"/>
<pin id="264" dir="0" index="1" bw="1" slack="0"/>
<pin id="265" dir="1" index="2" bw="1" slack="2147483647"/>
</pin_list>
<bind>
<opcode="or(24) " fcode="or"/>
<opset="or_ln330/2 "/>
</bind>
</comp>

<comp id="268" class="1004" name="p_s_fu_268">
<pin_list>
<pin id="269" dir="0" index="0" bw="64" slack="0"/>
<pin id="270" dir="1" index="1" bw="48" slack="0"/>
</pin_list>
<bind>
<opcode="extractvalue(56) " fcode="extractvalue"/>
<opset="p_s/2 "/>
</bind>
</comp>

<comp id="272" class="1004" name="eol_1_fu_272">
<pin_list>
<pin id="273" dir="0" index="0" bw="64" slack="0"/>
<pin id="274" dir="1" index="1" bw="1" slack="0"/>
</pin_list>
<bind>
<opcode="extractvalue(56) " fcode="extractvalue"/>
<opset="eol_1/2 "/>
</bind>
</comp>

<comp id="276" class="1004" name="store_ln337_store_fu_276">
<pin_list>
<pin id="277" dir="0" index="0" bw="1" slack="0"/>
<pin id="278" dir="0" index="1" bw="1" slack="1"/>
<pin id="279" dir="1" index="2" bw="0" slack="2147483647"/>
</pin_list>
<bind>
<opcode="store(28) " fcode="store"/>
<opset="store_ln337/2 "/>
</bind>
</comp>

<comp id="281" class="1004" name="store_ln337_store_fu_281">
<pin_list>
<pin id="282" dir="0" index="0" bw="48" slack="0"/>
<pin id="283" dir="0" index="1" bw="48" slack="1"/>
<pin id="284" dir="1" index="2" bw="0" slack="2147483647"/>
</pin_list>
<bind>
<opcode="store(28) " fcode="store"/>
<opset="store_ln337/2 "/>
</bind>
</comp>

<comp id="286" class="1004" name="axi_data_load_fu_286">
<pin_list>
<pin id="287" dir="0" index="0" bw="48" slack="2"/>
<pin id="288" dir="1" index="1" bw="48" slack="0"/>
</pin_list>
<bind>
<opcode="load(27) " fcode="load"/>
<opset="axi_data/3 "/>
</bind>
</comp>

<comp id="289" class="1004" name="eol_2_load_fu_289">
<pin_list>
<pin id="290" dir="0" index="0" bw="1" slack="2"/>
<pin id="291" dir="1" index="1" bw="1" slack="1"/>
</pin_list>
<bind>
<opcode="load(27) " fcode="load"/>
<opset="eol_2/3 "/>
</bind>
</comp>

<comp id="292" class="1004" name="tmp_2_fu_292">
<pin_list>
<pin id="293" dir="0" index="0" bw="8" slack="0"/>
<pin id="294" dir="0" index="1" bw="48" slack="0"/>
<pin id="295" dir="0" index="2" bw="6" slack="0"/>
<pin id="296" dir="1" index="3" bw="8" slack="0"/>
</pin_list>
<bind>
<opcode="partselect(1002) " fcode="partselect"/>
<opset="tmp_2/3 "/>
</bind>
</comp>

<comp id="300" class="1004" name="trunc_ln63_fu_300">
<pin_list>
<pin id="301" dir="0" index="0" bw="48" slack="0"/>
<pin id="302" dir="1" index="1" bw="8" slack="0"/>
</pin_list>
<bind>
<opcode="trunc(33) " fcode="trunc"/>
<opset="trunc_ln63/3 "/>
</bind>
</comp>

<comp id="304" class="1004" name="select_ln361_fu_304">
<pin_list>
<pin id="305" dir="0" index="0" bw="1" slack="2"/>
<pin id="306" dir="0" index="1" bw="8" slack="0"/>
<pin id="307" dir="0" index="2" bw="8" slack="0"/>
<pin id="308" dir="1" index="3" bw="8" slack="0"/>
</pin_list>
<bind>
<opcode="select(49) " fcode="select"/>
<opset="select_ln361/3 "/>
</bind>
</comp>

<comp id="311" class="1004" name="tmp_4_fu_311">
<pin_list>
<pin id="312" dir="0" index="0" bw="8" slack="0"/>
<pin id="313" dir="0" index="1" bw="48" slack="0"/>
<pin id="314" dir="0" index="2" bw="5" slack="0"/>
<pin id="315" dir="1" index="3" bw="8" slack="0"/>
</pin_list>
<bind>
<opcode="partselect(1002) " fcode="partselect"/>
<opset="tmp_4/3 "/>
</bind>
</comp>

<comp id="319" class="1004" name="select_ln361_1_fu_319">
<pin_list>
<pin id="320" dir="0" index="0" bw="1" slack="2"/>
<pin id="321" dir="0" index="1" bw="8" slack="0"/>
<pin id="322" dir="0" index="2" bw="8" slack="0"/>
<pin id="323" dir="1" index="3" bw="8" slack="0"/>
</pin_list>
<bind>
<opcode="select(49) " fcode="select"/>
<opset="select_ln361_1/3 "/>
</bind>
</comp>

<comp id="326" class="1004" name="select_ln361_2_fu_326">
<pin_list>
<pin id="327" dir="0" index="0" bw="1" slack="2"/>
<pin id="328" dir="0" index="1" bw="8" slack="0"/>
<pin id="329" dir="0" index="2" bw="8" slack="0"/>
<pin id="330" dir="1" index="3" bw="8" slack="0"/>
</pin_list>
<bind>
<opcode="select(49) " fcode="select"/>
<opset="select_ln361_2/3 "/>
</bind>
</comp>

<comp id="333" class="1004" name="tmp_5_fu_333">
<pin_list>
<pin id="334" dir="0" index="0" bw="8" slack="0"/>
<pin id="335" dir="0" index="1" bw="48" slack="0"/>
<pin id="336" dir="0" index="2" bw="7" slack="0"/>
<pin id="337" dir="1" index="3" bw="8" slack="0"/>
</pin_list>
<bind>
<opcode="partselect(1002) " fcode="partselect"/>
<opset="tmp_5/3 "/>
</bind>
</comp>

<comp id="341" class="1004" name="tmp_6_fu_341">
<pin_list>
<pin id="342" dir="0" index="0" bw="8" slack="0"/>
<pin id="343" dir="0" index="1" bw="48" slack="0"/>
<pin id="344" dir="0" index="2" bw="6" slack="0"/>
<pin id="345" dir="1" index="3" bw="8" slack="0"/>
</pin_list>
<bind>
<opcode="partselect(1002) " fcode="partselect"/>
<opset="tmp_6/3 "/>
</bind>
</comp>

<comp id="349" class="1004" name="tmp_1_fu_349">
<pin_list>
<pin id="350" dir="0" index="0" bw="8" slack="0"/>
<pin id="351" dir="0" index="1" bw="8" slack="0"/>
<pin id="352" dir="0" index="2" bw="8" slack="0"/>
<pin id="353" dir="0" index="3" bw="8" slack="0"/>
<pin id="354" dir="0" index="4" bw="8" slack="0"/>
<pin id="355" dir="0" index="5" bw="8" slack="0"/>
<pin id="356" dir="0" index="6" bw="8" slack="2"/>
<pin id="357" dir="1" index="7" bw="8" slack="0"/>
</pin_list>
<bind>
<opcode="sparsemux(1197) " fcode="sparsemux"/>
<opset="tmp_1/3 "/>
</bind>
</comp>

<comp id="364" class="1004" name="tmp_7_fu_364">
<pin_list>
<pin id="365" dir="0" index="0" bw="8" slack="0"/>
<pin id="366" dir="0" index="1" bw="48" slack="0"/>
<pin id="367" dir="0" index="2" bw="7" slack="0"/>
<pin id="368" dir="1" index="3" bw="8" slack="0"/>
</pin_list>
<bind>
<opcode="partselect(1002) " fcode="partselect"/>
<opset="tmp_7/3 "/>
</bind>
</comp>

<comp id="372" class="1004" name="icmp_ln361_1_fu_372">
<pin_list>
<pin id="373" dir="0" index="0" bw="3" slack="2"/>
<pin id="374" dir="0" index="1" bw="3" slack="0"/>
<pin id="375" dir="1" index="2" bw="1" slack="0"/>
</pin_list>
<bind>
<opcode="icmp(45) " fcode="icmp"/>
<opset="icmp_ln361_1/3 "/>
</bind>
</comp>

<comp id="377" class="1004" name="empty_fu_377">
<pin_list>
<pin id="378" dir="0" index="0" bw="1" slack="0"/>
<pin id="379" dir="0" index="1" bw="8" slack="0"/>
<pin id="380" dir="0" index="2" bw="8" slack="0"/>
<pin id="381" dir="1" index="3" bw="8" slack="0"/>
</pin_list>
<bind>
<opcode="select(49) " fcode="select"/>
<opset="empty/3 "/>
</bind>
</comp>

<comp id="385" class="1004" name="empty_210_fu_385">
<pin_list>
<pin id="386" dir="0" index="0" bw="1" slack="0"/>
<pin id="387" dir="0" index="1" bw="8" slack="0"/>
<pin id="388" dir="0" index="2" bw="8" slack="0"/>
<pin id="389" dir="1" index="3" bw="8" slack="0"/>
</pin_list>
<bind>
<opcode="select(49) " fcode="select"/>
<opset="empty_210/3 "/>
</bind>
</comp>

<comp id="393" class="1004" name="or_ln403_9_fu_393">
<pin_list>
<pin id="394" dir="0" index="0" bw="48" slack="0"/>
<pin id="395" dir="0" index="1" bw="8" slack="0"/>
<pin id="396" dir="0" index="2" bw="8" slack="0"/>
<pin id="397" dir="0" index="3" bw="8" slack="0"/>
<pin id="398" dir="0" index="4" bw="8" slack="0"/>
<pin id="399" dir="0" index="5" bw="8" slack="0"/>
<pin id="400" dir="0" index="6" bw="8" slack="0"/>
<pin id="401" dir="1" index="7" bw="48" slack="0"/>
</pin_list>
<bind>
<opcode="bitconcatenate(1004) " fcode="bitconcatenate"/>
<opset="or_ln403_9/3 "/>
</bind>
</comp>

<comp id="410" class="1004" name="p_0_0_0_0179415_load_load_fu_410">
<pin_list>
<pin id="411" dir="0" index="0" bw="48" slack="1"/>
<pin id="412" dir="1" index="1" bw="48" slack="0"/>
</pin_list>
<bind>
<opcode="load(27) " fcode="load"/>
<opset="p_0_0_0_0179415_load/2 "/>
</bind>
</comp>

<comp id="414" class="1004" name="p_4_0_0_0187424_load_load_fu_414">
<pin_list>
<pin id="415" dir="0" index="0" bw="1" slack="1"/>
<pin id="416" dir="1" index="1" bw="1" slack="0"/>
</pin_list>
<bind>
<opcode="load(27) " fcode="load"/>
<opset="p_4_0_0_0187424_load/2 "/>
</bind>
</comp>

<comp id="418" class="1005" name="j_reg_418">
<pin_list>
<pin id="419" dir="0" index="0" bw="10" slack="0"/>
<pin id="420" dir="1" index="1" bw="10" slack="0"/>
</pin_list>
<bind>
<opset="j "/>
</bind>
</comp>

<comp id="425" class="1005" name="p_0_0_0_0179415_reg_425">
<pin_list>
<pin id="426" dir="0" index="0" bw="48" slack="0"/>
<pin id="427" dir="1" index="1" bw="48" slack="0"/>
</pin_list>
<bind>
<opset="p_0_0_0_0179415 "/>
</bind>
</comp>

<comp id="433" class="1005" name="p_4_0_0_0187424_reg_433">
<pin_list>
<pin id="434" dir="0" index="0" bw="1" slack="0"/>
<pin id="435" dir="1" index="1" bw="1" slack="0"/>
</pin_list>
<bind>
<opset="p_4_0_0_0187424 "/>
</bind>
</comp>

<comp id="441" class="1005" name="colorFormat_val_read_reg_441">
<pin_list>
<pin id="442" dir="0" index="0" bw="3" slack="2"/>
<pin id="443" dir="1" index="1" bw="3" slack="2"/>
</pin_list>
<bind>
<opset="colorFormat_val_read "/>
</bind>
</comp>

<comp id="446" class="1005" name="sof_2_read_reg_446">
<pin_list>
<pin id="447" dir="0" index="0" bw="1" slack="1"/>
<pin id="448" dir="1" index="1" bw="1" slack="1"/>
</pin_list>
<bind>
<opset="sof_2_read "/>
</bind>
</comp>

<comp id="451" class="1005" name="colorFormat_val_cast_reg_451">
<pin_list>
<pin id="452" dir="0" index="0" bw="8" slack="2"/>
<pin id="453" dir="1" index="1" bw="8" slack="2"/>
</pin_list>
<bind>
<opset="colorFormat_val_cast "/>
</bind>
</comp>

<comp id="456" class="1005" name="icmp_ln361_reg_456">
<pin_list>
<pin id="457" dir="0" index="0" bw="1" slack="2"/>
<pin id="458" dir="1" index="1" bw="1" slack="2"/>
</pin_list>
<bind>
<opset="icmp_ln361 "/>
</bind>
</comp>

<comp id="463" class="1005" name="icmp_ln326_reg_463">
<pin_list>
<pin id="464" dir="0" index="0" bw="1" slack="1"/>
<pin id="465" dir="1" index="1" bw="1" slack="2147483647"/>
</pin_list>
<bind>
<opset="icmp_ln326 "/>
</bind>
</comp>

<comp id="470" class="1005" name="eol_2_reg_470">
<pin_list>
<pin id="471" dir="0" index="0" bw="1" slack="1"/>
<pin id="472" dir="1" index="1" bw="1" slack="1"/>
</pin_list>
<bind>
<opset="eol_2 "/>
</bind>
</comp>

</comp_list>

<net_list>
<net id="117"><net_src comp="30" pin="0"/><net_sink comp="114" pin=0"/></net>

<net id="121"><net_src comp="30" pin="0"/><net_sink comp="118" pin=0"/></net>

<net id="125"><net_src comp="30" pin="0"/><net_sink comp="122" pin=0"/></net>

<net id="130"><net_src comp="56" pin="0"/><net_sink comp="126" pin=0"/></net>

<net id="131"><net_src comp="8" pin="0"/><net_sink comp="126" pin=1"/></net>

<net id="136"><net_src comp="58" pin="0"/><net_sink comp="132" pin=0"/></net>

<net id="137"><net_src comp="6" pin="0"/><net_sink comp="132" pin=1"/></net>

<net id="142"><net_src comp="60" pin="0"/><net_sink comp="138" pin=0"/></net>

<net id="143"><net_src comp="4" pin="0"/><net_sink comp="138" pin=1"/></net>

<net id="148"><net_src comp="62" pin="0"/><net_sink comp="144" pin=0"/></net>

<net id="149"><net_src comp="2" pin="0"/><net_sink comp="144" pin=1"/></net>

<net id="154"><net_src comp="60" pin="0"/><net_sink comp="150" pin=0"/></net>

<net id="155"><net_src comp="0" pin="0"/><net_sink comp="150" pin=1"/></net>

<net id="166"><net_src comp="84" pin="0"/><net_sink comp="156" pin=0"/></net>

<net id="167"><net_src comp="12" pin="0"/><net_sink comp="156" pin=1"/></net>

<net id="168"><net_src comp="14" pin="0"/><net_sink comp="156" pin=2"/></net>

<net id="169"><net_src comp="16" pin="0"/><net_sink comp="156" pin=3"/></net>

<net id="170"><net_src comp="18" pin="0"/><net_sink comp="156" pin=4"/></net>

<net id="171"><net_src comp="20" pin="0"/><net_sink comp="156" pin=5"/></net>

<net id="172"><net_src comp="22" pin="0"/><net_sink comp="156" pin=6"/></net>

<net id="173"><net_src comp="24" pin="0"/><net_sink comp="156" pin=7"/></net>

<net id="179"><net_src comp="108" pin="0"/><net_sink comp="174" pin=0"/></net>

<net id="180"><net_src comp="10" pin="0"/><net_sink comp="174" pin=1"/></net>

<net id="186"><net_src comp="110" pin="0"/><net_sink comp="181" pin=0"/></net>

<net id="187"><net_src comp="26" pin="0"/><net_sink comp="181" pin=1"/></net>

<net id="193"><net_src comp="112" pin="0"/><net_sink comp="188" pin=0"/></net>

<net id="194"><net_src comp="28" pin="0"/><net_sink comp="188" pin=1"/></net>

<net id="198"><net_src comp="70" pin="0"/><net_sink comp="195" pin=0"/></net>

<net id="205"><net_src comp="195" pin="1"/><net_sink comp="199" pin=0"/></net>

<net id="209"><net_src comp="70" pin="0"/><net_sink comp="206" pin=0"/></net>

<net id="216"><net_src comp="206" pin="1"/><net_sink comp="210" pin=2"/></net>

<net id="220"><net_src comp="132" pin="2"/><net_sink comp="217" pin=0"/></net>

<net id="225"><net_src comp="132" pin="2"/><net_sink comp="221" pin=0"/></net>

<net id="226"><net_src comp="64" pin="0"/><net_sink comp="221" pin=1"/></net>

<net id="231"><net_src comp="150" pin="2"/><net_sink comp="227" pin=0"/></net>

<net id="236"><net_src comp="144" pin="2"/><net_sink comp="232" pin=0"/></net>

<net id="241"><net_src comp="66" pin="0"/><net_sink comp="237" pin=0"/></net>

<net id="249"><net_src comp="242" pin="1"/><net_sink comp="245" pin=0"/></net>

<net id="250"><net_src comp="126" pin="2"/><net_sink comp="245" pin=1"/></net>

<net id="255"><net_src comp="242" pin="1"/><net_sink comp="251" pin=0"/></net>

<net id="256"><net_src comp="68" pin="0"/><net_sink comp="251" pin=1"/></net>

<net id="261"><net_src comp="251" pin="2"/><net_sink comp="257" pin=0"/></net>

<net id="266"><net_src comp="210" pin="4"/><net_sink comp="262" pin=0"/></net>

<net id="267"><net_src comp="199" pin="4"/><net_sink comp="262" pin=1"/></net>

<net id="271"><net_src comp="156" pin="8"/><net_sink comp="268" pin=0"/></net>

<net id="275"><net_src comp="156" pin="8"/><net_sink comp="272" pin=0"/></net>

<net id="280"><net_src comp="272" pin="1"/><net_sink comp="276" pin=0"/></net>

<net id="285"><net_src comp="268" pin="1"/><net_sink comp="281" pin=0"/></net>

<net id="297"><net_src comp="86" pin="0"/><net_sink comp="292" pin=0"/></net>

<net id="298"><net_src comp="286" pin="1"/><net_sink comp="292" pin=1"/></net>

<net id="299"><net_src comp="88" pin="0"/><net_sink comp="292" pin=2"/></net>

<net id="303"><net_src comp="286" pin="1"/><net_sink comp="300" pin=0"/></net>

<net id="309"><net_src comp="292" pin="3"/><net_sink comp="304" pin=1"/></net>

<net id="310"><net_src comp="300" pin="1"/><net_sink comp="304" pin=2"/></net>

<net id="316"><net_src comp="86" pin="0"/><net_sink comp="311" pin=0"/></net>

<net id="317"><net_src comp="286" pin="1"/><net_sink comp="311" pin=1"/></net>

<net id="318"><net_src comp="90" pin="0"/><net_sink comp="311" pin=2"/></net>

<net id="324"><net_src comp="300" pin="1"/><net_sink comp="319" pin=1"/></net>

<net id="325"><net_src comp="311" pin="3"/><net_sink comp="319" pin=2"/></net>

<net id="331"><net_src comp="311" pin="3"/><net_sink comp="326" pin=1"/></net>

<net id="332"><net_src comp="292" pin="3"/><net_sink comp="326" pin=2"/></net>

<net id="338"><net_src comp="86" pin="0"/><net_sink comp="333" pin=0"/></net>

<net id="339"><net_src comp="286" pin="1"/><net_sink comp="333" pin=1"/></net>

<net id="340"><net_src comp="92" pin="0"/><net_sink comp="333" pin=2"/></net>

<net id="346"><net_src comp="86" pin="0"/><net_sink comp="341" pin=0"/></net>

<net id="347"><net_src comp="286" pin="1"/><net_sink comp="341" pin=1"/></net>

<net id="348"><net_src comp="94" pin="0"/><net_sink comp="341" pin=2"/></net>

<net id="358"><net_src comp="96" pin="0"/><net_sink comp="349" pin=0"/></net>

<net id="359"><net_src comp="98" pin="0"/><net_sink comp="349" pin=1"/></net>

<net id="360"><net_src comp="333" pin="3"/><net_sink comp="349" pin=2"/></net>

<net id="361"><net_src comp="100" pin="0"/><net_sink comp="349" pin=3"/></net>

<net id="362"><net_src comp="341" pin="3"/><net_sink comp="349" pin=4"/></net>

<net id="363"><net_src comp="292" pin="3"/><net_sink comp="349" pin=5"/></net>

<net id="369"><net_src comp="86" pin="0"/><net_sink comp="364" pin=0"/></net>

<net id="370"><net_src comp="286" pin="1"/><net_sink comp="364" pin=1"/></net>

<net id="371"><net_src comp="102" pin="0"/><net_sink comp="364" pin=2"/></net>

<net id="376"><net_src comp="104" pin="0"/><net_sink comp="372" pin=1"/></net>

<net id="382"><net_src comp="372" pin="2"/><net_sink comp="377" pin=0"/></net>

<net id="383"><net_src comp="364" pin="3"/><net_sink comp="377" pin=1"/></net>

<net id="384"><net_src comp="341" pin="3"/><net_sink comp="377" pin=2"/></net>

<net id="390"><net_src comp="372" pin="2"/><net_sink comp="385" pin=0"/></net>

<net id="391"><net_src comp="333" pin="3"/><net_sink comp="385" pin=1"/></net>

<net id="392"><net_src comp="364" pin="3"/><net_sink comp="385" pin=2"/></net>

<net id="402"><net_src comp="106" pin="0"/><net_sink comp="393" pin=0"/></net>

<net id="403"><net_src comp="385" pin="3"/><net_sink comp="393" pin=1"/></net>

<net id="404"><net_src comp="377" pin="3"/><net_sink comp="393" pin=2"/></net>

<net id="405"><net_src comp="349" pin="7"/><net_sink comp="393" pin=3"/></net>

<net id="406"><net_src comp="326" pin="3"/><net_sink comp="393" pin=4"/></net>

<net id="407"><net_src comp="319" pin="3"/><net_sink comp="393" pin=5"/></net>

<net id="408"><net_src comp="304" pin="3"/><net_sink comp="393" pin=6"/></net>

<net id="409"><net_src comp="393" pin="7"/><net_sink comp="174" pin=2"/></net>

<net id="413"><net_src comp="410" pin="1"/><net_sink comp="188" pin=2"/></net>

<net id="417"><net_src comp="414" pin="1"/><net_sink comp="181" pin=2"/></net>

<net id="421"><net_src comp="114" pin="1"/><net_sink comp="418" pin=0"/></net>

<net id="422"><net_src comp="418" pin="1"/><net_sink comp="237" pin=1"/></net>

<net id="423"><net_src comp="418" pin="1"/><net_sink comp="242" pin=0"/></net>

<net id="424"><net_src comp="418" pin="1"/><net_sink comp="257" pin=1"/></net>

<net id="428"><net_src comp="118" pin="1"/><net_sink comp="425" pin=0"/></net>

<net id="429"><net_src comp="425" pin="1"/><net_sink comp="232" pin=1"/></net>

<net id="430"><net_src comp="425" pin="1"/><net_sink comp="281" pin=1"/></net>

<net id="431"><net_src comp="425" pin="1"/><net_sink comp="286" pin=0"/></net>

<net id="432"><net_src comp="425" pin="1"/><net_sink comp="410" pin=0"/></net>

<net id="436"><net_src comp="122" pin="1"/><net_sink comp="433" pin=0"/></net>

<net id="437"><net_src comp="433" pin="1"/><net_sink comp="227" pin=1"/></net>

<net id="438"><net_src comp="433" pin="1"/><net_sink comp="276" pin=1"/></net>

<net id="439"><net_src comp="433" pin="1"/><net_sink comp="289" pin=0"/></net>

<net id="440"><net_src comp="433" pin="1"/><net_sink comp="414" pin=0"/></net>

<net id="444"><net_src comp="132" pin="2"/><net_sink comp="441" pin=0"/></net>

<net id="445"><net_src comp="441" pin="1"/><net_sink comp="372" pin=0"/></net>

<net id="449"><net_src comp="138" pin="2"/><net_sink comp="446" pin=0"/></net>

<net id="450"><net_src comp="446" pin="1"/><net_sink comp="210" pin=0"/></net>

<net id="454"><net_src comp="217" pin="1"/><net_sink comp="451" pin=0"/></net>

<net id="455"><net_src comp="451" pin="1"/><net_sink comp="349" pin=6"/></net>

<net id="459"><net_src comp="221" pin="2"/><net_sink comp="456" pin=0"/></net>

<net id="460"><net_src comp="456" pin="1"/><net_sink comp="304" pin=0"/></net>

<net id="461"><net_src comp="456" pin="1"/><net_sink comp="319" pin=0"/></net>

<net id="462"><net_src comp="456" pin="1"/><net_sink comp="326" pin=0"/></net>

<net id="466"><net_src comp="245" pin="2"/><net_sink comp="463" pin=0"/></net>

<net id="473"><net_src comp="289" pin="1"/><net_sink comp="470" pin=0"/></net>

<net id="474"><net_src comp="470" pin="1"/><net_sink comp="199" pin=2"/></net>

</net_list>

</model> 
---------------- Datapath Model END ------------------

* FSMD analyzer results:
  - Output states:
	Port: img | {3 }
	Port: s_axis_video_V_data_V | {}
	Port: s_axis_video_V_keep_V | {}
	Port: s_axis_video_V_strb_V | {}
	Port: s_axis_video_V_user_V | {}
	Port: s_axis_video_V_last_V | {}
	Port: s_axis_video_V_id_V | {}
	Port: s_axis_video_V_dest_V | {}
	Port: p_4_0_0_0187424_out | {2 }
	Port: p_0_0_0_0179415_out | {2 }
 - Input state : 
	Port: AXIvideo2MultiPixStream_Pipeline_loop_width : p_4_0_0_0187423_lcssa448 | {1 }
	Port: AXIvideo2MultiPixStream_Pipeline_loop_width : p_0_0_0_0179416_lcssa432 | {1 }
	Port: AXIvideo2MultiPixStream_Pipeline_loop_width : sof_2 | {1 }
	Port: AXIvideo2MultiPixStream_Pipeline_loop_width : colorFormat_val | {1 }
	Port: AXIvideo2MultiPixStream_Pipeline_loop_width : trunc_ln7 | {1 }
	Port: AXIvideo2MultiPixStream_Pipeline_loop_width : img | {}
	Port: AXIvideo2MultiPixStream_Pipeline_loop_width : s_axis_video_V_data_V | {2 }
	Port: AXIvideo2MultiPixStream_Pipeline_loop_width : s_axis_video_V_keep_V | {2 }
	Port: AXIvideo2MultiPixStream_Pipeline_loop_width : s_axis_video_V_strb_V | {2 }
	Port: AXIvideo2MultiPixStream_Pipeline_loop_width : s_axis_video_V_user_V | {2 }
	Port: AXIvideo2MultiPixStream_Pipeline_loop_width : s_axis_video_V_last_V | {2 }
	Port: AXIvideo2MultiPixStream_Pipeline_loop_width : s_axis_video_V_id_V | {2 }
	Port: AXIvideo2MultiPixStream_Pipeline_loop_width : s_axis_video_V_dest_V | {2 }
  - Chain level:
	State 1
		store_ln326 : 1
		j_1 : 1
		icmp_ln326 : 2
		j_2 : 2
		br_ln326 : 3
		store_ln326 : 3
	State 2
		or_ln330 : 1
		br_ln330 : 1
		store_ln337 : 1
		store_ln337 : 1
		write_ln0 : 1
		write_ln0 : 1
	State 3
		tmp_2 : 1
		trunc_ln63 : 1
		select_ln361 : 2
		tmp_4 : 1
		select_ln361_1 : 2
		select_ln361_2 : 2
		tmp_5 : 1
		tmp_6 : 1
		tmp_1 : 2
		tmp_7 : 1
		empty : 2
		empty_210 : 2
		or_ln403_9 : 3
		write_ln403 : 4


============================================================
+ Verbose Summary: Datapath Resource usage 
============================================================

* Functional unit list:
|----------|-------------------------------------------|---------|---------|
| Operation|              Functional Unit              |    FF   |   LUT   |
|----------|-------------------------------------------|---------|---------|
|          |            select_ln361_fu_304            |    0    |    8    |
|          |           select_ln361_1_fu_319           |    0    |    8    |
|  select  |           select_ln361_2_fu_326           |    0    |    8    |
|          |                empty_fu_377               |    0    |    8    |
|          |              empty_210_fu_385             |    0    |    8    |
|----------|-------------------------------------------|---------|---------|
|          |             icmp_ln361_fu_221             |    0    |    10   |
|   icmp   |             icmp_ln326_fu_245             |    0    |    17   |
|          |            icmp_ln361_1_fu_372            |    0    |    10   |
|----------|-------------------------------------------|---------|---------|
|    add   |                 j_2_fu_251                |    0    |    17   |
|----------|-------------------------------------------|---------|---------|
| sparsemux|                tmp_1_fu_349               |    0    |    9    |
|----------|-------------------------------------------|---------|---------|
|    or    |              or_ln330_fu_262              |    0    |    2    |
|----------|-------------------------------------------|---------|---------|
|          |         trunc_ln7_read_read_fu_126        |    0    |    0    |
|          |      colorFormat_val_read_read_fu_132     |    0    |    0    |
|   read   |           sof_2_read_read_fu_138          |    0    |    0    |
|          | p_0_0_0_0179416_lcssa432_read_read_fu_144 |    0    |    0    |
|          | p_4_0_0_0187423_lcssa448_read_read_fu_150 |    0    |    0    |
|          |           empty_211_read_fu_156           |    0    |    0    |
|----------|-------------------------------------------|---------|---------|
|          |          write_ln403_write_fu_174         |    0    |    0    |
|   write  |           write_ln0_write_fu_181          |    0    |    0    |
|          |           write_ln0_write_fu_188          |    0    |    0    |
|----------|-------------------------------------------|---------|---------|
|   zext   |        colorFormat_val_cast_fu_217        |    0    |    0    |
|----------|-------------------------------------------|---------|---------|
|extractvalue|                 p_s_fu_268                |    0    |    0    |
|          |                eol_1_fu_272               |    0    |    0    |
|----------|-------------------------------------------|---------|---------|
|          |                tmp_2_fu_292               |    0    |    0    |
|          |                tmp_4_fu_311               |    0    |    0    |
|partselect|                tmp_5_fu_333               |    0    |    0    |
|          |                tmp_6_fu_341               |    0    |    0    |
|          |                tmp_7_fu_364               |    0    |    0    |
|----------|-------------------------------------------|---------|---------|
|   trunc  |             trunc_ln63_fu_300             |    0    |    0    |
|----------|-------------------------------------------|---------|---------|
|bitconcatenate|             or_ln403_9_fu_393             |    0    |    0    |
|----------|-------------------------------------------|---------|---------|
|   Total  |                                           |    0    |   105   |
|----------|-------------------------------------------|---------|---------|

Memories:
N/A

* Register list:
+----------------------------+--------+
|                            |   FF   |
+----------------------------+--------+
|colorFormat_val_cast_reg_451|    8   |
|colorFormat_val_read_reg_441|    3   |
|        eol_2_reg_470       |    1   |
|         eol_reg_195        |    1   |
|     icmp_ln326_reg_463     |    1   |
|     icmp_ln361_reg_456     |    1   |
|          j_reg_418         |   10   |
|   p_0_0_0_0179415_reg_425  |   48   |
|   p_4_0_0_0187424_reg_433  |    1   |
|     sof_2_read_reg_446     |    1   |
|         sof_reg_206        |    1   |
+----------------------------+--------+
|            Total           |   76   |
+----------------------------+--------+

* Multiplexer (MUX) list: 
|--------|------|------|------|--------|
|  Comp  |  Pin | Size |  BW  | S x BW |
|--------|------|------|------|--------|
|  Total |      |      |      |    0   |
|--------|------|------|------|--------|



* Summary:
+-----------+--------+--------+
|           |   FF   |   LUT  |
+-----------+--------+--------+
|  Function |    0   |   105  |
|   Memory  |    -   |    -   |
|Multiplexer|    -   |    -   |
|  Register |   76   |    -   |
+-----------+--------+--------+
|   Total   |   76   |   105  |
+-----------+--------+--------+
