

================================================================
== Vitis HLS Report for 'MultiPixStream2Bytes'
================================================================
* Date:           Wed Jan 21 13:02:26 2026

* Version:        2025.2 (Build 6295257 on Nov 14 2025)
* Project:        prj
* Solution:       sol (Vivado IP Flow Target)
* Product family: zynquplus
* Target device:  xczu2cg-sfvc784-1-e


================================================================
== Performance Estimates
================================================================
+ Timing: 
    * Summary: 
    +--------+---------+----------+------------+
    |  Clock |  Target | Estimated| Uncertainty|
    +--------+---------+----------+------------+
    |ap_clk  |  5.00 ns|  3.599 ns|     1.35 ns|
    +--------+---------+----------+------------+

+ Latency: 
    * Summary: 
    +---------+---------+----------+-----------+-----+---------+---------+
    |  Latency (cycles) |  Latency (absolute)  |    Interval   | Pipeline|
    |   min   |   max   |    min   |    max    | min |   max   |   Type  |
    +---------+---------+----------+-----------+-----+---------+---------+
    |        1|  6227282|  5.000 ns|  31.136 ms|    1|  6227282|       no|
    +---------+---------+----------+-----------+-----+---------+---------+

    + Detail: 
        * Instance: 
        N/A

        * Loop: 
        +------------------------+---------+---------+----------+-----------+-----------+-----------+----------+
        |                        |  Latency (cycles) | Iteration|  Initiation Interval  |    Trip   |          |
        |        Loop Name       |   min   |   max   |  Latency |  achieved |   target  |   Count   | Pipelined|
        +------------------------+---------+---------+----------+-----------+-----------+-----------+----------+
        |- loop_YUYV8            |      384|  3116880|  6 ~ 2886|          -|          -|  64 ~ 1080|        no|
        |- loop_UYVY8            |      384|  3116880|  6 ~ 2886|          -|          -|  64 ~ 1080|        no|
        |- loop_Y_UV8_Y_UV8_420  |      384|  6227280|  6 ~ 5766|          -|          -|  64 ~ 1080|        no|
        |- loop_RGB8_YUV8        |      384|  2080080|  6 ~ 1926|          -|          -|  64 ~ 1080|        no|
        +------------------------+---------+---------+----------+-----------+-----------+-----------+----------+

============================================================
+ Verbose Summary: Synthesis Manager
============================================================
InlineROM: 1
ExposeGlobal: 0
============================================================
+ Verbose Summary: CDFG Model
============================================================
IsTopModel: 0
ResetActiveHigh: 1
IsCombinational: 2
IsDatapathOnly: 0
HasWiredReturn: 1
HasMFsm: 0
HasVarLatency: 1
IsPipeline: 0
IsRtlPipelined: 0
IsInstanceOverlapped: 0
IsDontTouch: 0
HasImplIP: 0
IsGatedGlobalClock: 0


============================================================
+ Verbose Summary: Schedule
============================================================
* Number of FSM states : 14
* Pipeline : 0
* Dataflow Pipeline: 0

* FSM state transitions: 
1 --> 2 3 6 9 12 
2 --> 3 
3 --> 4 
4 --> 5 
5 --> 3 
6 --> 7 3 
7 --> 8 
8 --> 6 
9 --> 10 3 
10 --> 11 
11 --> 9 
12 --> 13 3 
13 --> 14 
14 --> 12 

* FSM state operations: 

State 1 <SV = 0> <Delay = 2.18>
ST_1 : Operation 15 [1/1] (0.00ns)   --->   "%VideoFormat_val_read = read i6 @_ssdm_op_Read.ap_auto.i6, i6 %VideoFormat_val"   --->   Operation 15 'read' 'VideoFormat_val_read' <Predicate = true> <Delay = 0.00>
ST_1 : Operation 16 [1/1] (0.00ns)   --->   "%WidthInBytes_val_read = read i14 @_ssdm_op_Read.ap_auto.i14, i14 %WidthInBytes_val"   --->   Operation 16 'read' 'WidthInBytes_val_read' <Predicate = true> <Delay = 0.00>
ST_1 : Operation 17 [1/1] (0.00ns)   --->   "%WidthInPix_val_read = read i11 @_ssdm_op_Read.ap_auto.i11, i11 %WidthInPix_val"   --->   Operation 17 'read' 'WidthInPix_val_read' <Predicate = true> <Delay = 0.00>
ST_1 : Operation 18 [1/1] (0.00ns)   --->   "%Height_val_read = read i11 @_ssdm_op_Read.ap_auto.i11, i11 %Height_val"   --->   Operation 18 'read' 'Height_val_read' <Predicate = true> <Delay = 0.00>
ST_1 : Operation 19 [1/1] (0.00ns)   --->   "%empty = trunc i6 %VideoFormat_val_read"   --->   Operation 19 'trunc' 'empty' <Predicate = true> <Delay = 0.00>
ST_1 : Operation 20 [1/1] (0.00ns)   --->   "%specstablecontent_ln0 = specstablecontent void @_ssdm_op_SpecStableContent, i14 %WidthInBytes_val, i1 1, void @p_str"   --->   Operation 20 'specstablecontent' 'specstablecontent_ln0' <Predicate = true> <Delay = 0.00>
ST_1 : Operation 21 [1/1] (0.00ns)   --->   "%specstablecontent_ln0 = specstablecontent void @_ssdm_op_SpecStableContent, i6 %VideoFormat_val, i1 1, void "   --->   Operation 21 'specstablecontent' 'specstablecontent_ln0' <Predicate = true> <Delay = 0.00>
ST_1 : Operation 22 [1/1] (0.00ns)   --->   "%specstablecontent_ln0 = specstablecontent void @_ssdm_op_SpecStableContent, i11 %Height_val, i1 1, void "   --->   Operation 22 'specstablecontent' 'specstablecontent_ln0' <Predicate = true> <Delay = 0.00>
ST_1 : Operation 23 [1/1] (0.00ns)   --->   "%specstablecontent_ln0 = specstablecontent void @_ssdm_op_SpecStableContent, i11 %WidthInPix_val, i1 1, void "   --->   Operation 23 'specstablecontent' 'specstablecontent_ln0' <Predicate = true> <Delay = 0.00>
ST_1 : Operation 24 [1/1] (0.00ns)   --->   "%specmemcore_ln0 = specmemcore void @_ssdm_op_SpecMemCore, i128 %bytePlanes_plane0, i64 666, i64 8, i64 18446744073709551615, i1 0"   --->   Operation 24 'specmemcore' 'specmemcore_ln0' <Predicate = true> <Delay = 0.00>
ST_1 : Operation 25 [1/1] (0.00ns)   --->   "%specmemcore_ln0 = specmemcore void @_ssdm_op_SpecMemCore, i128 %bytePlanes_plane1, i64 666, i64 8, i64 18446744073709551615, i1 0"   --->   Operation 25 'specmemcore' 'specmemcore_ln0' <Predicate = true> <Delay = 0.00>
ST_1 : Operation 26 [1/1] (0.00ns)   --->   "%specinterface_ln0 = specinterface void @_ssdm_op_SpecInterface, i128 %bytePlanes_plane1, void @empty_11, i32 0, i32 0, void @empty_29, i32 0, i32 0, void @empty_29, void @empty_29, void @empty_29, i32 0, i32 0, i32 0, i32 0, void @empty_29, void @empty_29, i32 4294967295, i32 0, i32 0, i32 0"   --->   Operation 26 'specinterface' 'specinterface_ln0' <Predicate = true> <Delay = 0.00>
ST_1 : Operation 27 [1/1] (0.00ns)   --->   "%specinterface_ln0 = specinterface void @_ssdm_op_SpecInterface, i128 %bytePlanes_plane0, void @empty_11, i32 0, i32 0, void @empty_29, i32 0, i32 0, void @empty_29, void @empty_29, void @empty_29, i32 0, i32 0, i32 0, i32 0, void @empty_29, void @empty_29, i32 4294967295, i32 0, i32 0, i32 0"   --->   Operation 27 'specinterface' 'specinterface_ln0' <Predicate = true> <Delay = 0.00>
ST_1 : Operation 28 [1/1] (0.00ns)   --->   "%specinterface_ln0 = specinterface void @_ssdm_op_SpecInterface, i48 %img, void @empty_11, i32 0, i32 0, void @empty_29, i32 0, i32 0, void @empty_29, void @empty_29, void @empty_29, i32 0, i32 0, i32 0, i32 0, void @empty_29, void @empty_29, i32 4294967295, i32 0, i32 0, i32 0"   --->   Operation 28 'specinterface' 'specinterface_ln0' <Predicate = true> <Delay = 0.00>
ST_1 : Operation 29 [1/1] (0.88ns)   --->   "%switch_ln432 = switch i6 %VideoFormat_val_read, void %if.end496, i6 43, void %if.end509, i6 42, void %if.end508, i6 44, void %if.end507, i6 41, void %if.end506, i6 11, void %if.end505, i6 10, void %if.end505, i6 27, void %if.end504, i6 16, void %if.end503, i6 15, void %if.end503, i6 12, void %if.then32, i6 28, void %if.then92, i6 19, void %if.then186, i6 18, void %if.then186, i6 23, void %if.end499, i6 22, void %if.end499, i6 33, void %if.end498, i6 32, void %if.end498, i6 38, void %if.end497, i6 37, void %if.end497, i6 21, void %if.then325_ifconv, i6 20, void %if.then325_ifconv" [C:/TFG_Vivado/vivado/axu2cga_trd.runs/design_1_v_frmbuf_wr_0_0_synth_1/prj/sol/.autopilot/db/v_frmbuf_wr.cpp:432]   --->   Operation 29 'switch' 'switch_ln432' <Predicate = true> <Delay = 0.88>
ST_1 : Operation 30 [1/1] (0.00ns)   --->   "%y_3 = alloca i32 1" [C:/TFG_Vivado/vivado/axu2cga_trd.runs/design_1_v_frmbuf_wr_0_0_synth_1/prj/sol/.autopilot/db/v_frmbuf_wr.cpp:1086]   --->   Operation 30 'alloca' 'y_3' <Predicate = (VideoFormat_val_read == 20) | (VideoFormat_val_read == 21)> <Delay = 0.00>
ST_1 : Operation 31 [1/1] (0.00ns)   --->   "%pix_24 = alloca i32 1" [C:/TFG_Vivado/vivado/axu2cga_trd.runs/design_1_v_frmbuf_wr_0_0_synth_1/prj/sol/.autopilot/db/v_frmbuf_wr.cpp:431]   --->   Operation 31 'alloca' 'pix_24' <Predicate = (VideoFormat_val_read == 20) | (VideoFormat_val_read == 21)> <Delay = 0.00>
ST_1 : Operation 32 [1/1] (0.00ns)   --->   "%pix_25 = alloca i32 1" [C:/TFG_Vivado/vivado/axu2cga_trd.runs/design_1_v_frmbuf_wr_0_0_synth_1/prj/sol/.autopilot/db/v_frmbuf_wr.cpp:431]   --->   Operation 32 'alloca' 'pix_25' <Predicate = (VideoFormat_val_read == 20) | (VideoFormat_val_read == 21)> <Delay = 0.00>
ST_1 : Operation 33 [1/1] (0.00ns)   --->   "%pix_26 = alloca i32 1" [C:/TFG_Vivado/vivado/axu2cga_trd.runs/design_1_v_frmbuf_wr_0_0_synth_1/prj/sol/.autopilot/db/v_frmbuf_wr.cpp:431]   --->   Operation 33 'alloca' 'pix_26' <Predicate = (VideoFormat_val_read == 20) | (VideoFormat_val_read == 21)> <Delay = 0.00>
ST_1 : Operation 34 [1/1] (0.00ns)   --->   "%pix_27 = alloca i32 1" [C:/TFG_Vivado/vivado/axu2cga_trd.runs/design_1_v_frmbuf_wr_0_0_synth_1/prj/sol/.autopilot/db/v_frmbuf_wr.cpp:431]   --->   Operation 34 'alloca' 'pix_27' <Predicate = (VideoFormat_val_read == 20) | (VideoFormat_val_read == 21)> <Delay = 0.00>
ST_1 : Operation 35 [1/1] (0.00ns)   --->   "%pix_28 = alloca i32 1" [C:/TFG_Vivado/vivado/axu2cga_trd.runs/design_1_v_frmbuf_wr_0_0_synth_1/prj/sol/.autopilot/db/v_frmbuf_wr.cpp:431]   --->   Operation 35 'alloca' 'pix_28' <Predicate = (VideoFormat_val_read == 20) | (VideoFormat_val_read == 21)> <Delay = 0.00>
ST_1 : Operation 36 [1/1] (0.00ns)   --->   "%pix_29 = alloca i32 1" [C:/TFG_Vivado/vivado/axu2cga_trd.runs/design_1_v_frmbuf_wr_0_0_synth_1/prj/sol/.autopilot/db/v_frmbuf_wr.cpp:431]   --->   Operation 36 'alloca' 'pix_29' <Predicate = (VideoFormat_val_read == 20) | (VideoFormat_val_read == 21)> <Delay = 0.00>
ST_1 : Operation 37 [1/1] (0.98ns)   --->   "%add_ln1072 = add i14 %WidthInBytes_val_read, i14 15" [C:/TFG_Vivado/vivado/axu2cga_trd.runs/design_1_v_frmbuf_wr_0_0_synth_1/prj/sol/.autopilot/db/v_frmbuf_wr.cpp:1072]   --->   Operation 37 'add' 'add_ln1072' <Predicate = (VideoFormat_val_read == 20) | (VideoFormat_val_read == 21)> <Delay = 0.98> <CoreInst = "Adder">   --->   Core 1 'Adder' <Latency = 0> <II = 1> <Delay = 0.98> <FuncUnit> <Opcode : 'add' 'sub'> <InPorts = 2> <OutPorts = 1>
ST_1 : Operation 38 [1/1] (0.00ns)   --->   "%trunc_ln = partselect i10 @_ssdm_op_PartSelect.i10.i14.i32.i32, i14 %add_ln1072, i32 4, i32 13" [C:/TFG_Vivado/vivado/axu2cga_trd.runs/design_1_v_frmbuf_wr_0_0_synth_1/prj/sol/.autopilot/db/v_frmbuf_wr.cpp:1072]   --->   Operation 38 'partselect' 'trunc_ln' <Predicate = (VideoFormat_val_read == 20) | (VideoFormat_val_read == 21)> <Delay = 0.00>
ST_1 : Operation 39 [1/1] (0.93ns)   --->   "%add_ln1073 = add i10 %trunc_ln, i10 2" [C:/TFG_Vivado/vivado/axu2cga_trd.runs/design_1_v_frmbuf_wr_0_0_synth_1/prj/sol/.autopilot/db/v_frmbuf_wr.cpp:1073]   --->   Operation 39 'add' 'add_ln1073' <Predicate = (VideoFormat_val_read == 20) | (VideoFormat_val_read == 21)> <Delay = 0.93> <CoreInst = "Adder">   --->   Core 1 'Adder' <Latency = 0> <II = 1> <Delay = 0.93> <FuncUnit> <Opcode : 'add' 'sub'> <InPorts = 2> <OutPorts = 1>
ST_1 : Operation 40 [1/1] (0.00ns)   --->   "%remPix = trunc i11 %WidthInPix_val_read" [C:/TFG_Vivado/vivado/axu2cga_trd.runs/design_1_v_frmbuf_wr_0_0_synth_1/prj/sol/.autopilot/db/v_frmbuf_wr.cpp:1074]   --->   Operation 40 'trunc' 'remPix' <Predicate = (VideoFormat_val_read == 20) | (VideoFormat_val_read == 21)> <Delay = 0.00>
ST_1 : Operation 41 [1/1] (0.86ns)   --->   "%icmp_ln1077 = icmp_eq  i4 %remPix, i4 0" [C:/TFG_Vivado/vivado/axu2cga_trd.runs/design_1_v_frmbuf_wr_0_0_synth_1/prj/sol/.autopilot/db/v_frmbuf_wr.cpp:1077]   --->   Operation 41 'icmp' 'icmp_ln1077' <Predicate = (VideoFormat_val_read == 20) | (VideoFormat_val_read == 21)> <Delay = 0.86> <CoreInst = "Cmp">   --->   Core 9 'Cmp' <Latency = 0> <II = 1> <Delay = 0.86> <FuncUnit> <Opcode : 'seteq' 'setne' 'setle' 'setge' 'setlt' 'setgt'> <InPorts = 2> <OutPorts = 1>
ST_1 : Operation 42 [1/1] (0.00ns)   --->   "%lshr_ln1 = partselect i3 @_ssdm_op_PartSelect.i3.i11.i32.i32, i11 %WidthInPix_val_read, i32 1, i32 3" [C:/TFG_Vivado/vivado/axu2cga_trd.runs/design_1_v_frmbuf_wr_0_0_synth_1/prj/sol/.autopilot/db/v_frmbuf_wr.cpp:1079]   --->   Operation 42 'partselect' 'lshr_ln1' <Predicate = (VideoFormat_val_read == 20) | (VideoFormat_val_read == 21)> <Delay = 0.00>
ST_1 : Operation 43 [1/1] (0.00ns)   --->   "%p_shl = bitconcatenate i9 @_ssdm_op_BitConcatenate.i9.i4.i5, i4 %remPix, i5 0" [C:/TFG_Vivado/vivado/axu2cga_trd.runs/design_1_v_frmbuf_wr_0_0_synth_1/prj/sol/.autopilot/db/v_frmbuf_wr.cpp:1081]   --->   Operation 43 'bitconcatenate' 'p_shl' <Predicate = (VideoFormat_val_read == 20) | (VideoFormat_val_read == 21)> <Delay = 0.00>
ST_1 : Operation 44 [1/1] (0.00ns)   --->   "%tmp_10 = bitconcatenate i7 @_ssdm_op_BitConcatenate.i7.i4.i3, i4 %remPix, i3 0" [C:/TFG_Vivado/vivado/axu2cga_trd.runs/design_1_v_frmbuf_wr_0_0_synth_1/prj/sol/.autopilot/db/v_frmbuf_wr.cpp:1081]   --->   Operation 44 'bitconcatenate' 'tmp_10' <Predicate = (VideoFormat_val_read == 20) | (VideoFormat_val_read == 21)> <Delay = 0.00>
ST_1 : Operation 45 [1/1] (0.00ns)   --->   "%zext_ln1081 = zext i7 %tmp_10" [C:/TFG_Vivado/vivado/axu2cga_trd.runs/design_1_v_frmbuf_wr_0_0_synth_1/prj/sol/.autopilot/db/v_frmbuf_wr.cpp:1081]   --->   Operation 45 'zext' 'zext_ln1081' <Predicate = (VideoFormat_val_read == 20) | (VideoFormat_val_read == 21)> <Delay = 0.00>
ST_1 : Operation 46 [1/1] (0.00ns) (grouped into TernaryAdder)   --->   "%sub_ln1081 = sub i9 %p_shl, i9 %zext_ln1081" [C:/TFG_Vivado/vivado/axu2cga_trd.runs/design_1_v_frmbuf_wr_0_0_synth_1/prj/sol/.autopilot/db/v_frmbuf_wr.cpp:1081]   --->   Operation 46 'sub' 'sub_ln1081' <Predicate = (VideoFormat_val_read == 20) | (VideoFormat_val_read == 21)> <Delay = 0.00> <CoreInst = "TAddSub">   --->   Core 10 'TAddSub' <Latency = 0> <II = 1> <Delay = 0.58> <IPBlock> <Opcode : 'add' 'sub'> <InPorts = 3> <OutPorts = 1> <Sync> <CReg>
ST_1 : Operation 47 [1/1] (1.17ns) (root node of TernaryAdder)   --->   "%add_ln1081 = add i9 %sub_ln1081, i9 127" [C:/TFG_Vivado/vivado/axu2cga_trd.runs/design_1_v_frmbuf_wr_0_0_synth_1/prj/sol/.autopilot/db/v_frmbuf_wr.cpp:1081]   --->   Operation 47 'add' 'add_ln1081' <Predicate = (VideoFormat_val_read == 20) | (VideoFormat_val_read == 21)> <Delay = 1.17> <CoreInst = "TAddSub">   --->   Core 10 'TAddSub' <Latency = 0> <II = 1> <Delay = 0.58> <IPBlock> <Opcode : 'add' 'sub'> <InPorts = 3> <OutPorts = 1> <Sync> <CReg>
ST_1 : Operation 48 [1/1] (0.00ns)   --->   "%trunc_ln2 = partselect i2 @_ssdm_op_PartSelect.i2.i9.i32.i32, i9 %add_ln1081, i32 7, i32 8" [C:/TFG_Vivado/vivado/axu2cga_trd.runs/design_1_v_frmbuf_wr_0_0_synth_1/prj/sol/.autopilot/db/v_frmbuf_wr.cpp:1081]   --->   Operation 48 'partselect' 'trunc_ln2' <Predicate = (VideoFormat_val_read == 20) | (VideoFormat_val_read == 21)> <Delay = 0.00>
ST_1 : Operation 49 [1/1] (0.48ns)   --->   "%store_ln1086 = store i11 0, i11 %y_3" [C:/TFG_Vivado/vivado/axu2cga_trd.runs/design_1_v_frmbuf_wr_0_0_synth_1/prj/sol/.autopilot/db/v_frmbuf_wr.cpp:1086]   --->   Operation 49 'store' 'store_ln1086' <Predicate = (VideoFormat_val_read == 20) | (VideoFormat_val_read == 21)> <Delay = 0.48>
ST_1 : Operation 50 [1/1] (0.00ns)   --->   "%y_2 = alloca i32 1" [C:/TFG_Vivado/vivado/axu2cga_trd.runs/design_1_v_frmbuf_wr_0_0_synth_1/prj/sol/.autopilot/db/v_frmbuf_wr.cpp:900]   --->   Operation 50 'alloca' 'y_2' <Predicate = (VideoFormat_val_read == 18) | (VideoFormat_val_read == 19)> <Delay = 0.00>
ST_1 : Operation 51 [1/1] (0.00ns)   --->   "%pix_8 = alloca i32 1" [C:/TFG_Vivado/vivado/axu2cga_trd.runs/design_1_v_frmbuf_wr_0_0_synth_1/prj/sol/.autopilot/db/v_frmbuf_wr.cpp:431]   --->   Operation 51 'alloca' 'pix_8' <Predicate = (VideoFormat_val_read == 18) | (VideoFormat_val_read == 19)> <Delay = 0.00>
ST_1 : Operation 52 [1/1] (0.00ns)   --->   "%pix_9 = alloca i32 1" [C:/TFG_Vivado/vivado/axu2cga_trd.runs/design_1_v_frmbuf_wr_0_0_synth_1/prj/sol/.autopilot/db/v_frmbuf_wr.cpp:431]   --->   Operation 52 'alloca' 'pix_9' <Predicate = (VideoFormat_val_read == 18) | (VideoFormat_val_read == 19)> <Delay = 0.00>
ST_1 : Operation 53 [1/1] (0.00ns)   --->   "%pix_10 = alloca i32 1" [C:/TFG_Vivado/vivado/axu2cga_trd.runs/design_1_v_frmbuf_wr_0_0_synth_1/prj/sol/.autopilot/db/v_frmbuf_wr.cpp:431]   --->   Operation 53 'alloca' 'pix_10' <Predicate = (VideoFormat_val_read == 18) | (VideoFormat_val_read == 19)> <Delay = 0.00>
ST_1 : Operation 54 [1/1] (0.00ns)   --->   "%pix_11 = alloca i32 1" [C:/TFG_Vivado/vivado/axu2cga_trd.runs/design_1_v_frmbuf_wr_0_0_synth_1/prj/sol/.autopilot/db/v_frmbuf_wr.cpp:431]   --->   Operation 54 'alloca' 'pix_11' <Predicate = (VideoFormat_val_read == 18) | (VideoFormat_val_read == 19)> <Delay = 0.00>
ST_1 : Operation 55 [1/1] (0.00ns)   --->   "%remainPix_4 = trunc i14 %WidthInBytes_val_read" [C:/TFG_Vivado/vivado/axu2cga_trd.runs/design_1_v_frmbuf_wr_0_0_synth_1/prj/sol/.autopilot/db/v_frmbuf_wr.cpp:888]   --->   Operation 55 'trunc' 'remainPix_4' <Predicate = (VideoFormat_val_read == 18) | (VideoFormat_val_read == 19)> <Delay = 0.00>
ST_1 : Operation 56 [1/1] (0.98ns)   --->   "%add_ln888 = add i14 %WidthInBytes_val_read, i14 15" [C:/TFG_Vivado/vivado/axu2cga_trd.runs/design_1_v_frmbuf_wr_0_0_synth_1/prj/sol/.autopilot/db/v_frmbuf_wr.cpp:888]   --->   Operation 56 'add' 'add_ln888' <Predicate = (VideoFormat_val_read == 18) | (VideoFormat_val_read == 19)> <Delay = 0.98> <CoreInst = "Adder">   --->   Core 1 'Adder' <Latency = 0> <II = 1> <Delay = 0.98> <FuncUnit> <Opcode : 'add' 'sub'> <InPorts = 2> <OutPorts = 1>
ST_1 : Operation 57 [1/1] (0.00ns)   --->   "%loopWidth_2 = partselect i10 @_ssdm_op_PartSelect.i10.i14.i32.i32, i14 %add_ln888, i32 4, i32 13" [C:/TFG_Vivado/vivado/axu2cga_trd.runs/design_1_v_frmbuf_wr_0_0_synth_1/prj/sol/.autopilot/db/v_frmbuf_wr.cpp:888]   --->   Operation 57 'partselect' 'loopWidth_2' <Predicate = (VideoFormat_val_read == 18) | (VideoFormat_val_read == 19)> <Delay = 0.00>
ST_1 : Operation 58 [1/1] (0.00ns)   --->   "%zext_ln888 = zext i10 %loopWidth_2" [C:/TFG_Vivado/vivado/axu2cga_trd.runs/design_1_v_frmbuf_wr_0_0_synth_1/prj/sol/.autopilot/db/v_frmbuf_wr.cpp:888]   --->   Operation 58 'zext' 'zext_ln888' <Predicate = (VideoFormat_val_read == 18) | (VideoFormat_val_read == 19)> <Delay = 0.00>
ST_1 : Operation 59 [1/1] (0.86ns)   --->   "%icmp_ln892 = icmp_eq  i4 %remainPix_4, i4 0" [C:/TFG_Vivado/vivado/axu2cga_trd.runs/design_1_v_frmbuf_wr_0_0_synth_1/prj/sol/.autopilot/db/v_frmbuf_wr.cpp:892]   --->   Operation 59 'icmp' 'icmp_ln892' <Predicate = (VideoFormat_val_read == 18) | (VideoFormat_val_read == 19)> <Delay = 0.86> <CoreInst = "Cmp">   --->   Core 9 'Cmp' <Latency = 0> <II = 1> <Delay = 0.86> <FuncUnit> <Opcode : 'seteq' 'setne' 'setle' 'setge' 'setlt' 'setgt'> <InPorts = 2> <OutPorts = 1>
ST_1 : Operation 60 [1/1] (0.00ns)   --->   "%lshr_ln = partselect i3 @_ssdm_op_PartSelect.i3.i14.i32.i32, i14 %WidthInBytes_val_read, i32 1, i32 3" [C:/TFG_Vivado/vivado/axu2cga_trd.runs/design_1_v_frmbuf_wr_0_0_synth_1/prj/sol/.autopilot/db/v_frmbuf_wr.cpp:894]   --->   Operation 60 'partselect' 'lshr_ln' <Predicate = (VideoFormat_val_read == 18) | (VideoFormat_val_read == 19)> <Delay = 0.00>
ST_1 : Operation 61 [1/1] (0.00ns)   --->   "%zext_ln894 = zext i3 %lshr_ln" [C:/TFG_Vivado/vivado/axu2cga_trd.runs/design_1_v_frmbuf_wr_0_0_synth_1/prj/sol/.autopilot/db/v_frmbuf_wr.cpp:894]   --->   Operation 61 'zext' 'zext_ln894' <Predicate = (VideoFormat_val_read == 18) | (VideoFormat_val_read == 19)> <Delay = 0.00>
ST_1 : Operation 62 [1/1] (0.45ns)   --->   "%remainPix_5 = select i1 %icmp_ln892, i4 8, i4 %zext_ln894" [C:/TFG_Vivado/vivado/axu2cga_trd.runs/design_1_v_frmbuf_wr_0_0_synth_1/prj/sol/.autopilot/db/v_frmbuf_wr.cpp:892]   --->   Operation 62 'select' 'remainPix_5' <Predicate = (VideoFormat_val_read == 18) | (VideoFormat_val_read == 19)> <Delay = 0.45> <CoreInst = "Sel">   --->   Core 73 'Sel' <Latency = 0> <II = 1> <Delay = 0.45> <FuncUnit> <Opcode : 'select'> <InPorts = 3> <OutPorts = 1>
ST_1 : Operation 63 [1/1] (0.93ns)   --->   "%add_ln909 = add i11 %zext_ln888, i11 2047" [C:/TFG_Vivado/vivado/axu2cga_trd.runs/design_1_v_frmbuf_wr_0_0_synth_1/prj/sol/.autopilot/db/v_frmbuf_wr.cpp:909]   --->   Operation 63 'add' 'add_ln909' <Predicate = (VideoFormat_val_read == 18) | (VideoFormat_val_read == 19)> <Delay = 0.93> <CoreInst = "Adder">   --->   Core 1 'Adder' <Latency = 0> <II = 1> <Delay = 0.93> <FuncUnit> <Opcode : 'add' 'sub'> <InPorts = 2> <OutPorts = 1>
ST_1 : Operation 64 [1/1] (0.86ns)   --->   "%icmp_ln909 = icmp_ne  i4 %remainPix_5, i4 0" [C:/TFG_Vivado/vivado/axu2cga_trd.runs/design_1_v_frmbuf_wr_0_0_synth_1/prj/sol/.autopilot/db/v_frmbuf_wr.cpp:909]   --->   Operation 64 'icmp' 'icmp_ln909' <Predicate = (VideoFormat_val_read == 18) | (VideoFormat_val_read == 19)> <Delay = 0.86> <CoreInst = "Cmp">   --->   Core 9 'Cmp' <Latency = 0> <II = 1> <Delay = 0.86> <FuncUnit> <Opcode : 'seteq' 'setne' 'setle' 'setge' 'setlt' 'setgt'> <InPorts = 2> <OutPorts = 1>
ST_1 : Operation 65 [1/1] (0.00ns)   --->   "%tmp_8 = partselect i3 @_ssdm_op_PartSelect.i3.i4.i32.i32, i4 %remainPix_5, i32 1, i32 3" [C:/TFG_Vivado/vivado/axu2cga_trd.runs/design_1_v_frmbuf_wr_0_0_synth_1/prj/sol/.autopilot/db/v_frmbuf_wr.cpp:909]   --->   Operation 65 'partselect' 'tmp_8' <Predicate = (VideoFormat_val_read == 18) | (VideoFormat_val_read == 19)> <Delay = 0.00>
ST_1 : Operation 66 [1/1] (0.74ns)   --->   "%icmp_ln909_3 = icmp_ne  i3 %tmp_8, i3 0" [C:/TFG_Vivado/vivado/axu2cga_trd.runs/design_1_v_frmbuf_wr_0_0_synth_1/prj/sol/.autopilot/db/v_frmbuf_wr.cpp:909]   --->   Operation 66 'icmp' 'icmp_ln909_3' <Predicate = (VideoFormat_val_read == 18) | (VideoFormat_val_read == 19)> <Delay = 0.74> <CoreInst = "Cmp">   --->   Core 9 'Cmp' <Latency = 0> <II = 1> <Delay = 0.74> <FuncUnit> <Opcode : 'seteq' 'setne' 'setle' 'setge' 'setlt' 'setgt'> <InPorts = 2> <OutPorts = 1>
ST_1 : Operation 67 [1/1] (0.86ns)   --->   "%icmp_ln909_2 = icmp_ugt  i4 %remainPix_5, i4 2" [C:/TFG_Vivado/vivado/axu2cga_trd.runs/design_1_v_frmbuf_wr_0_0_synth_1/prj/sol/.autopilot/db/v_frmbuf_wr.cpp:909]   --->   Operation 67 'icmp' 'icmp_ln909_2' <Predicate = (VideoFormat_val_read == 18) | (VideoFormat_val_read == 19)> <Delay = 0.86> <CoreInst = "Cmp">   --->   Core 9 'Cmp' <Latency = 0> <II = 1> <Delay = 0.86> <FuncUnit> <Opcode : 'seteq' 'setne' 'setle' 'setge' 'setlt' 'setgt'> <InPorts = 2> <OutPorts = 1>
ST_1 : Operation 68 [1/1] (0.00ns)   --->   "%tmp_9 = partselect i2 @_ssdm_op_PartSelect.i2.i4.i32.i32, i4 %remainPix_5, i32 2, i32 3" [C:/TFG_Vivado/vivado/axu2cga_trd.runs/design_1_v_frmbuf_wr_0_0_synth_1/prj/sol/.autopilot/db/v_frmbuf_wr.cpp:909]   --->   Operation 68 'partselect' 'tmp_9' <Predicate = (VideoFormat_val_read == 18) | (VideoFormat_val_read == 19)> <Delay = 0.00>
ST_1 : Operation 69 [1/1] (0.62ns)   --->   "%icmp_ln909_7 = icmp_ne  i2 %tmp_9, i2 0" [C:/TFG_Vivado/vivado/axu2cga_trd.runs/design_1_v_frmbuf_wr_0_0_synth_1/prj/sol/.autopilot/db/v_frmbuf_wr.cpp:909]   --->   Operation 69 'icmp' 'icmp_ln909_7' <Predicate = (VideoFormat_val_read == 18) | (VideoFormat_val_read == 19)> <Delay = 0.62> <CoreInst = "Cmp">   --->   Core 9 'Cmp' <Latency = 0> <II = 1> <Delay = 0.62> <FuncUnit> <Opcode : 'seteq' 'setne' 'setle' 'setge' 'setlt' 'setgt'> <InPorts = 2> <OutPorts = 1>
ST_1 : Operation 70 [1/1] (0.86ns)   --->   "%icmp_ln909_4 = icmp_ugt  i4 %remainPix_5, i4 4" [C:/TFG_Vivado/vivado/axu2cga_trd.runs/design_1_v_frmbuf_wr_0_0_synth_1/prj/sol/.autopilot/db/v_frmbuf_wr.cpp:909]   --->   Operation 70 'icmp' 'icmp_ln909_4' <Predicate = (VideoFormat_val_read == 18) | (VideoFormat_val_read == 19)> <Delay = 0.86> <CoreInst = "Cmp">   --->   Core 9 'Cmp' <Latency = 0> <II = 1> <Delay = 0.86> <FuncUnit> <Opcode : 'seteq' 'setne' 'setle' 'setge' 'setlt' 'setgt'> <InPorts = 2> <OutPorts = 1>
ST_1 : Operation 71 [1/1] (0.86ns)   --->   "%icmp_ln909_5 = icmp_ugt  i4 %remainPix_5, i4 5" [C:/TFG_Vivado/vivado/axu2cga_trd.runs/design_1_v_frmbuf_wr_0_0_synth_1/prj/sol/.autopilot/db/v_frmbuf_wr.cpp:909]   --->   Operation 71 'icmp' 'icmp_ln909_5' <Predicate = (VideoFormat_val_read == 18) | (VideoFormat_val_read == 19)> <Delay = 0.86> <CoreInst = "Cmp">   --->   Core 9 'Cmp' <Latency = 0> <II = 1> <Delay = 0.86> <FuncUnit> <Opcode : 'seteq' 'setne' 'setle' 'setge' 'setlt' 'setgt'> <InPorts = 2> <OutPorts = 1>
ST_1 : Operation 72 [1/1] (0.86ns)   --->   "%icmp_ln909_6 = icmp_ugt  i4 %remainPix_5, i4 6" [C:/TFG_Vivado/vivado/axu2cga_trd.runs/design_1_v_frmbuf_wr_0_0_synth_1/prj/sol/.autopilot/db/v_frmbuf_wr.cpp:909]   --->   Operation 72 'icmp' 'icmp_ln909_6' <Predicate = (VideoFormat_val_read == 18) | (VideoFormat_val_read == 19)> <Delay = 0.86> <CoreInst = "Cmp">   --->   Core 9 'Cmp' <Latency = 0> <II = 1> <Delay = 0.86> <FuncUnit> <Opcode : 'seteq' 'setne' 'setle' 'setge' 'setlt' 'setgt'> <InPorts = 2> <OutPorts = 1>
ST_1 : Operation 73 [1/1] (0.48ns)   --->   "%store_ln900 = store i11 0, i11 %y_2" [C:/TFG_Vivado/vivado/axu2cga_trd.runs/design_1_v_frmbuf_wr_0_0_synth_1/prj/sol/.autopilot/db/v_frmbuf_wr.cpp:900]   --->   Operation 73 'store' 'store_ln900' <Predicate = (VideoFormat_val_read == 18) | (VideoFormat_val_read == 19)> <Delay = 0.48>
ST_1 : Operation 74 [1/1] (0.00ns)   --->   "%br_ln900 = br void %VITIS_LOOP_904_8" [C:/TFG_Vivado/vivado/axu2cga_trd.runs/design_1_v_frmbuf_wr_0_0_synth_1/prj/sol/.autopilot/db/v_frmbuf_wr.cpp:900]   --->   Operation 74 'br' 'br_ln900' <Predicate = (VideoFormat_val_read == 18) | (VideoFormat_val_read == 19)> <Delay = 0.00>
ST_1 : Operation 75 [1/1] (0.00ns)   --->   "%y_1 = alloca i32 1" [C:/TFG_Vivado/vivado/axu2cga_trd.runs/design_1_v_frmbuf_wr_0_0_synth_1/prj/sol/.autopilot/db/v_frmbuf_wr.cpp:859]   --->   Operation 75 'alloca' 'y_1' <Predicate = (VideoFormat_val_read == 28)> <Delay = 0.00>
ST_1 : Operation 76 [1/1] (0.00ns)   --->   "%pix_4 = alloca i32 1" [C:/TFG_Vivado/vivado/axu2cga_trd.runs/design_1_v_frmbuf_wr_0_0_synth_1/prj/sol/.autopilot/db/v_frmbuf_wr.cpp:431]   --->   Operation 76 'alloca' 'pix_4' <Predicate = (VideoFormat_val_read == 28)> <Delay = 0.00>
ST_1 : Operation 77 [1/1] (0.00ns)   --->   "%pix_5 = alloca i32 1" [C:/TFG_Vivado/vivado/axu2cga_trd.runs/design_1_v_frmbuf_wr_0_0_synth_1/prj/sol/.autopilot/db/v_frmbuf_wr.cpp:431]   --->   Operation 77 'alloca' 'pix_5' <Predicate = (VideoFormat_val_read == 28)> <Delay = 0.00>
ST_1 : Operation 78 [1/1] (0.00ns)   --->   "%pix_6 = alloca i32 1" [C:/TFG_Vivado/vivado/axu2cga_trd.runs/design_1_v_frmbuf_wr_0_0_synth_1/prj/sol/.autopilot/db/v_frmbuf_wr.cpp:431]   --->   Operation 78 'alloca' 'pix_6' <Predicate = (VideoFormat_val_read == 28)> <Delay = 0.00>
ST_1 : Operation 79 [1/1] (0.00ns)   --->   "%pix_7 = alloca i32 1" [C:/TFG_Vivado/vivado/axu2cga_trd.runs/design_1_v_frmbuf_wr_0_0_synth_1/prj/sol/.autopilot/db/v_frmbuf_wr.cpp:431]   --->   Operation 79 'alloca' 'pix_7' <Predicate = (VideoFormat_val_read == 28)> <Delay = 0.00>
ST_1 : Operation 80 [1/1] (0.98ns)   --->   "%add_ln847 = add i14 %WidthInBytes_val_read, i14 15" [C:/TFG_Vivado/vivado/axu2cga_trd.runs/design_1_v_frmbuf_wr_0_0_synth_1/prj/sol/.autopilot/db/v_frmbuf_wr.cpp:847]   --->   Operation 80 'add' 'add_ln847' <Predicate = (VideoFormat_val_read == 28)> <Delay = 0.98> <CoreInst = "Adder">   --->   Core 1 'Adder' <Latency = 0> <II = 1> <Delay = 0.98> <FuncUnit> <Opcode : 'add' 'sub'> <InPorts = 2> <OutPorts = 1>
ST_1 : Operation 81 [1/1] (0.00ns)   --->   "%loopWidth_1 = partselect i10 @_ssdm_op_PartSelect.i10.i14.i32.i32, i14 %add_ln847, i32 4, i32 13" [C:/TFG_Vivado/vivado/axu2cga_trd.runs/design_1_v_frmbuf_wr_0_0_synth_1/prj/sol/.autopilot/db/v_frmbuf_wr.cpp:847]   --->   Operation 81 'partselect' 'loopWidth_1' <Predicate = (VideoFormat_val_read == 28)> <Delay = 0.00>
ST_1 : Operation 82 [1/1] (0.00ns)   --->   "%zext_ln847 = zext i10 %loopWidth_1" [C:/TFG_Vivado/vivado/axu2cga_trd.runs/design_1_v_frmbuf_wr_0_0_synth_1/prj/sol/.autopilot/db/v_frmbuf_wr.cpp:847]   --->   Operation 82 'zext' 'zext_ln847' <Predicate = (VideoFormat_val_read == 28)> <Delay = 0.00>
ST_1 : Operation 83 [1/1] (0.00ns)   --->   "%remainPix_2 = partselect i3 @_ssdm_op_PartSelect.i3.i14.i32.i32, i14 %WidthInBytes_val_read, i32 1, i32 3" [C:/TFG_Vivado/vivado/axu2cga_trd.runs/design_1_v_frmbuf_wr_0_0_synth_1/prj/sol/.autopilot/db/v_frmbuf_wr.cpp:848]   --->   Operation 83 'partselect' 'remainPix_2' <Predicate = (VideoFormat_val_read == 28)> <Delay = 0.00>
ST_1 : Operation 84 [1/1] (0.74ns)   --->   "%icmp_ln851 = icmp_eq  i3 %remainPix_2, i3 0" [C:/TFG_Vivado/vivado/axu2cga_trd.runs/design_1_v_frmbuf_wr_0_0_synth_1/prj/sol/.autopilot/db/v_frmbuf_wr.cpp:851]   --->   Operation 84 'icmp' 'icmp_ln851' <Predicate = (VideoFormat_val_read == 28)> <Delay = 0.74> <CoreInst = "Cmp">   --->   Core 9 'Cmp' <Latency = 0> <II = 1> <Delay = 0.74> <FuncUnit> <Opcode : 'seteq' 'setne' 'setle' 'setge' 'setlt' 'setgt'> <InPorts = 2> <OutPorts = 1>
ST_1 : Operation 85 [1/1] (0.00ns)   --->   "%tmp_5 = partselect i2 @_ssdm_op_PartSelect.i2.i14.i32.i32, i14 %WidthInBytes_val_read, i32 2, i32 3" [C:/TFG_Vivado/vivado/axu2cga_trd.runs/design_1_v_frmbuf_wr_0_0_synth_1/prj/sol/.autopilot/db/v_frmbuf_wr.cpp:853]   --->   Operation 85 'partselect' 'tmp_5' <Predicate = (VideoFormat_val_read == 28)> <Delay = 0.00>
ST_1 : Operation 86 [1/1] (0.00ns)   --->   "%zext_ln853 = zext i2 %tmp_5" [C:/TFG_Vivado/vivado/axu2cga_trd.runs/design_1_v_frmbuf_wr_0_0_synth_1/prj/sol/.autopilot/db/v_frmbuf_wr.cpp:853]   --->   Operation 86 'zext' 'zext_ln853' <Predicate = (VideoFormat_val_read == 28)> <Delay = 0.00>
ST_1 : Operation 87 [1/1] (0.27ns)   --->   "%remainPix_3 = select i1 %icmp_ln851, i3 4, i3 %zext_ln853" [C:/TFG_Vivado/vivado/axu2cga_trd.runs/design_1_v_frmbuf_wr_0_0_synth_1/prj/sol/.autopilot/db/v_frmbuf_wr.cpp:851]   --->   Operation 87 'select' 'remainPix_3' <Predicate = (VideoFormat_val_read == 28)> <Delay = 0.27> <CoreInst = "Sel">   --->   Core 73 'Sel' <Latency = 0> <II = 1> <Delay = 0.27> <FuncUnit> <Opcode : 'select'> <InPorts = 3> <OutPorts = 1>
ST_1 : Operation 88 [1/1] (0.93ns)   --->   "%add_ln868 = add i11 %zext_ln847, i11 2047" [C:/TFG_Vivado/vivado/axu2cga_trd.runs/design_1_v_frmbuf_wr_0_0_synth_1/prj/sol/.autopilot/db/v_frmbuf_wr.cpp:868]   --->   Operation 88 'add' 'add_ln868' <Predicate = (VideoFormat_val_read == 28)> <Delay = 0.93> <CoreInst = "Adder">   --->   Core 1 'Adder' <Latency = 0> <II = 1> <Delay = 0.93> <FuncUnit> <Opcode : 'add' 'sub'> <InPorts = 2> <OutPorts = 1>
ST_1 : Operation 89 [1/1] (0.74ns)   --->   "%icmp_ln868 = icmp_ne  i3 %remainPix_3, i3 0" [C:/TFG_Vivado/vivado/axu2cga_trd.runs/design_1_v_frmbuf_wr_0_0_synth_1/prj/sol/.autopilot/db/v_frmbuf_wr.cpp:868]   --->   Operation 89 'icmp' 'icmp_ln868' <Predicate = (VideoFormat_val_read == 28)> <Delay = 0.74> <CoreInst = "Cmp">   --->   Core 9 'Cmp' <Latency = 0> <II = 1> <Delay = 0.74> <FuncUnit> <Opcode : 'seteq' 'setne' 'setle' 'setge' 'setlt' 'setgt'> <InPorts = 2> <OutPorts = 1>
ST_1 : Operation 90 [1/1] (0.00ns)   --->   "%tmp_7 = partselect i2 @_ssdm_op_PartSelect.i2.i3.i32.i32, i3 %remainPix_3, i32 1, i32 2" [C:/TFG_Vivado/vivado/axu2cga_trd.runs/design_1_v_frmbuf_wr_0_0_synth_1/prj/sol/.autopilot/db/v_frmbuf_wr.cpp:868]   --->   Operation 90 'partselect' 'tmp_7' <Predicate = (VideoFormat_val_read == 28)> <Delay = 0.00>
ST_1 : Operation 91 [1/1] (0.62ns)   --->   "%icmp_ln868_3 = icmp_ne  i2 %tmp_7, i2 0" [C:/TFG_Vivado/vivado/axu2cga_trd.runs/design_1_v_frmbuf_wr_0_0_synth_1/prj/sol/.autopilot/db/v_frmbuf_wr.cpp:868]   --->   Operation 91 'icmp' 'icmp_ln868_3' <Predicate = (VideoFormat_val_read == 28)> <Delay = 0.62> <CoreInst = "Cmp">   --->   Core 9 'Cmp' <Latency = 0> <II = 1> <Delay = 0.62> <FuncUnit> <Opcode : 'seteq' 'setne' 'setle' 'setge' 'setlt' 'setgt'> <InPorts = 2> <OutPorts = 1>
ST_1 : Operation 92 [1/1] (0.74ns)   --->   "%icmp_ln868_2 = icmp_ugt  i3 %remainPix_3, i3 2" [C:/TFG_Vivado/vivado/axu2cga_trd.runs/design_1_v_frmbuf_wr_0_0_synth_1/prj/sol/.autopilot/db/v_frmbuf_wr.cpp:868]   --->   Operation 92 'icmp' 'icmp_ln868_2' <Predicate = (VideoFormat_val_read == 28)> <Delay = 0.74> <CoreInst = "Cmp">   --->   Core 9 'Cmp' <Latency = 0> <II = 1> <Delay = 0.74> <FuncUnit> <Opcode : 'seteq' 'setne' 'setle' 'setge' 'setlt' 'setgt'> <InPorts = 2> <OutPorts = 1>
ST_1 : Operation 93 [1/1] (0.48ns)   --->   "%store_ln859 = store i11 0, i11 %y_1" [C:/TFG_Vivado/vivado/axu2cga_trd.runs/design_1_v_frmbuf_wr_0_0_synth_1/prj/sol/.autopilot/db/v_frmbuf_wr.cpp:859]   --->   Operation 93 'store' 'store_ln859' <Predicate = (VideoFormat_val_read == 28)> <Delay = 0.48>
ST_1 : Operation 94 [1/1] (0.00ns)   --->   "%br_ln859 = br void %VITIS_LOOP_863_5" [C:/TFG_Vivado/vivado/axu2cga_trd.runs/design_1_v_frmbuf_wr_0_0_synth_1/prj/sol/.autopilot/db/v_frmbuf_wr.cpp:859]   --->   Operation 94 'br' 'br_ln859' <Predicate = (VideoFormat_val_read == 28)> <Delay = 0.00>
ST_1 : Operation 95 [1/1] (0.00ns)   --->   "%y = alloca i32 1" [C:/TFG_Vivado/vivado/axu2cga_trd.runs/design_1_v_frmbuf_wr_0_0_synth_1/prj/sol/.autopilot/db/v_frmbuf_wr.cpp:817]   --->   Operation 95 'alloca' 'y' <Predicate = (VideoFormat_val_read == 12)> <Delay = 0.00>
ST_1 : Operation 96 [1/1] (0.00ns)   --->   "%pix = alloca i32 1" [C:/TFG_Vivado/vivado/axu2cga_trd.runs/design_1_v_frmbuf_wr_0_0_synth_1/prj/sol/.autopilot/db/v_frmbuf_wr.cpp:431]   --->   Operation 96 'alloca' 'pix' <Predicate = (VideoFormat_val_read == 12)> <Delay = 0.00>
ST_1 : Operation 97 [1/1] (0.00ns)   --->   "%pix_1 = alloca i32 1" [C:/TFG_Vivado/vivado/axu2cga_trd.runs/design_1_v_frmbuf_wr_0_0_synth_1/prj/sol/.autopilot/db/v_frmbuf_wr.cpp:431]   --->   Operation 97 'alloca' 'pix_1' <Predicate = (VideoFormat_val_read == 12)> <Delay = 0.00>
ST_1 : Operation 98 [1/1] (0.00ns)   --->   "%pix_2 = alloca i32 1" [C:/TFG_Vivado/vivado/axu2cga_trd.runs/design_1_v_frmbuf_wr_0_0_synth_1/prj/sol/.autopilot/db/v_frmbuf_wr.cpp:431]   --->   Operation 98 'alloca' 'pix_2' <Predicate = (VideoFormat_val_read == 12)> <Delay = 0.00>
ST_1 : Operation 99 [1/1] (0.00ns)   --->   "%pix_3 = alloca i32 1" [C:/TFG_Vivado/vivado/axu2cga_trd.runs/design_1_v_frmbuf_wr_0_0_synth_1/prj/sol/.autopilot/db/v_frmbuf_wr.cpp:431]   --->   Operation 99 'alloca' 'pix_3' <Predicate = (VideoFormat_val_read == 12)> <Delay = 0.00>
ST_1 : Operation 100 [1/1] (0.98ns)   --->   "%add_ln805 = add i14 %WidthInBytes_val_read, i14 15" [C:/TFG_Vivado/vivado/axu2cga_trd.runs/design_1_v_frmbuf_wr_0_0_synth_1/prj/sol/.autopilot/db/v_frmbuf_wr.cpp:805]   --->   Operation 100 'add' 'add_ln805' <Predicate = (VideoFormat_val_read == 12)> <Delay = 0.98> <CoreInst = "Adder">   --->   Core 1 'Adder' <Latency = 0> <II = 1> <Delay = 0.98> <FuncUnit> <Opcode : 'add' 'sub'> <InPorts = 2> <OutPorts = 1>
ST_1 : Operation 101 [1/1] (0.00ns)   --->   "%trunc_ln805_1 = partselect i10 @_ssdm_op_PartSelect.i10.i14.i32.i32, i14 %add_ln805, i32 4, i32 13" [C:/TFG_Vivado/vivado/axu2cga_trd.runs/design_1_v_frmbuf_wr_0_0_synth_1/prj/sol/.autopilot/db/v_frmbuf_wr.cpp:805]   --->   Operation 101 'partselect' 'trunc_ln805_1' <Predicate = (VideoFormat_val_read == 12)> <Delay = 0.00>
ST_1 : Operation 102 [1/1] (0.00ns)   --->   "%zext_ln805 = zext i10 %trunc_ln805_1" [C:/TFG_Vivado/vivado/axu2cga_trd.runs/design_1_v_frmbuf_wr_0_0_synth_1/prj/sol/.autopilot/db/v_frmbuf_wr.cpp:805]   --->   Operation 102 'zext' 'zext_ln805' <Predicate = (VideoFormat_val_read == 12)> <Delay = 0.00>
ST_1 : Operation 103 [1/1] (0.00ns)   --->   "%remainPix = partselect i3 @_ssdm_op_PartSelect.i3.i14.i32.i32, i14 %WidthInBytes_val_read, i32 1, i32 3" [C:/TFG_Vivado/vivado/axu2cga_trd.runs/design_1_v_frmbuf_wr_0_0_synth_1/prj/sol/.autopilot/db/v_frmbuf_wr.cpp:806]   --->   Operation 103 'partselect' 'remainPix' <Predicate = (VideoFormat_val_read == 12)> <Delay = 0.00>
ST_1 : Operation 104 [1/1] (0.74ns)   --->   "%icmp_ln809 = icmp_eq  i3 %remainPix, i3 0" [C:/TFG_Vivado/vivado/axu2cga_trd.runs/design_1_v_frmbuf_wr_0_0_synth_1/prj/sol/.autopilot/db/v_frmbuf_wr.cpp:809]   --->   Operation 104 'icmp' 'icmp_ln809' <Predicate = (VideoFormat_val_read == 12)> <Delay = 0.74> <CoreInst = "Cmp">   --->   Core 9 'Cmp' <Latency = 0> <II = 1> <Delay = 0.74> <FuncUnit> <Opcode : 'seteq' 'setne' 'setle' 'setge' 'setlt' 'setgt'> <InPorts = 2> <OutPorts = 1>
ST_1 : Operation 105 [1/1] (0.00ns)   --->   "%tmp_3 = partselect i2 @_ssdm_op_PartSelect.i2.i14.i32.i32, i14 %WidthInBytes_val_read, i32 2, i32 3" [C:/TFG_Vivado/vivado/axu2cga_trd.runs/design_1_v_frmbuf_wr_0_0_synth_1/prj/sol/.autopilot/db/v_frmbuf_wr.cpp:811]   --->   Operation 105 'partselect' 'tmp_3' <Predicate = (VideoFormat_val_read == 12)> <Delay = 0.00>
ST_1 : Operation 106 [1/1] (0.00ns)   --->   "%zext_ln811 = zext i2 %tmp_3" [C:/TFG_Vivado/vivado/axu2cga_trd.runs/design_1_v_frmbuf_wr_0_0_synth_1/prj/sol/.autopilot/db/v_frmbuf_wr.cpp:811]   --->   Operation 106 'zext' 'zext_ln811' <Predicate = (VideoFormat_val_read == 12)> <Delay = 0.00>
ST_1 : Operation 107 [1/1] (0.27ns)   --->   "%remainPix_1 = select i1 %icmp_ln809, i3 4, i3 %zext_ln811" [C:/TFG_Vivado/vivado/axu2cga_trd.runs/design_1_v_frmbuf_wr_0_0_synth_1/prj/sol/.autopilot/db/v_frmbuf_wr.cpp:809]   --->   Operation 107 'select' 'remainPix_1' <Predicate = (VideoFormat_val_read == 12)> <Delay = 0.27> <CoreInst = "Sel">   --->   Core 73 'Sel' <Latency = 0> <II = 1> <Delay = 0.27> <FuncUnit> <Opcode : 'select'> <InPorts = 3> <OutPorts = 1>
ST_1 : Operation 108 [1/1] (0.93ns)   --->   "%add_ln826 = add i11 %zext_ln805, i11 2047" [C:/TFG_Vivado/vivado/axu2cga_trd.runs/design_1_v_frmbuf_wr_0_0_synth_1/prj/sol/.autopilot/db/v_frmbuf_wr.cpp:826]   --->   Operation 108 'add' 'add_ln826' <Predicate = (VideoFormat_val_read == 12)> <Delay = 0.93> <CoreInst = "Adder">   --->   Core 1 'Adder' <Latency = 0> <II = 1> <Delay = 0.93> <FuncUnit> <Opcode : 'add' 'sub'> <InPorts = 2> <OutPorts = 1>
ST_1 : Operation 109 [1/1] (0.74ns)   --->   "%icmp_ln826 = icmp_ne  i3 %remainPix_1, i3 0" [C:/TFG_Vivado/vivado/axu2cga_trd.runs/design_1_v_frmbuf_wr_0_0_synth_1/prj/sol/.autopilot/db/v_frmbuf_wr.cpp:826]   --->   Operation 109 'icmp' 'icmp_ln826' <Predicate = (VideoFormat_val_read == 12)> <Delay = 0.74> <CoreInst = "Cmp">   --->   Core 9 'Cmp' <Latency = 0> <II = 1> <Delay = 0.74> <FuncUnit> <Opcode : 'seteq' 'setne' 'setle' 'setge' 'setlt' 'setgt'> <InPorts = 2> <OutPorts = 1>
ST_1 : Operation 110 [1/1] (0.00ns)   --->   "%tmp_6 = partselect i2 @_ssdm_op_PartSelect.i2.i3.i32.i32, i3 %remainPix_1, i32 1, i32 2" [C:/TFG_Vivado/vivado/axu2cga_trd.runs/design_1_v_frmbuf_wr_0_0_synth_1/prj/sol/.autopilot/db/v_frmbuf_wr.cpp:826]   --->   Operation 110 'partselect' 'tmp_6' <Predicate = (VideoFormat_val_read == 12)> <Delay = 0.00>
ST_1 : Operation 111 [1/1] (0.62ns)   --->   "%icmp_ln826_3 = icmp_ne  i2 %tmp_6, i2 0" [C:/TFG_Vivado/vivado/axu2cga_trd.runs/design_1_v_frmbuf_wr_0_0_synth_1/prj/sol/.autopilot/db/v_frmbuf_wr.cpp:826]   --->   Operation 111 'icmp' 'icmp_ln826_3' <Predicate = (VideoFormat_val_read == 12)> <Delay = 0.62> <CoreInst = "Cmp">   --->   Core 9 'Cmp' <Latency = 0> <II = 1> <Delay = 0.62> <FuncUnit> <Opcode : 'seteq' 'setne' 'setle' 'setge' 'setlt' 'setgt'> <InPorts = 2> <OutPorts = 1>
ST_1 : Operation 112 [1/1] (0.74ns)   --->   "%icmp_ln826_2 = icmp_ugt  i3 %remainPix_1, i3 2" [C:/TFG_Vivado/vivado/axu2cga_trd.runs/design_1_v_frmbuf_wr_0_0_synth_1/prj/sol/.autopilot/db/v_frmbuf_wr.cpp:826]   --->   Operation 112 'icmp' 'icmp_ln826_2' <Predicate = (VideoFormat_val_read == 12)> <Delay = 0.74> <CoreInst = "Cmp">   --->   Core 9 'Cmp' <Latency = 0> <II = 1> <Delay = 0.74> <FuncUnit> <Opcode : 'seteq' 'setne' 'setle' 'setge' 'setlt' 'setgt'> <InPorts = 2> <OutPorts = 1>
ST_1 : Operation 113 [1/1] (0.48ns)   --->   "%store_ln817 = store i11 0, i11 %y" [C:/TFG_Vivado/vivado/axu2cga_trd.runs/design_1_v_frmbuf_wr_0_0_synth_1/prj/sol/.autopilot/db/v_frmbuf_wr.cpp:817]   --->   Operation 113 'store' 'store_ln817' <Predicate = (VideoFormat_val_read == 12)> <Delay = 0.48>
ST_1 : Operation 114 [1/1] (0.00ns)   --->   "%br_ln817 = br void %VITIS_LOOP_821_1" [C:/TFG_Vivado/vivado/axu2cga_trd.runs/design_1_v_frmbuf_wr_0_0_synth_1/prj/sol/.autopilot/db/v_frmbuf_wr.cpp:817]   --->   Operation 114 'br' 'br_ln817' <Predicate = (VideoFormat_val_read == 12)> <Delay = 0.00>

State 2 <SV = 1> <Delay = 3.59>
ST_2 : Operation 115 [1/1] (0.00ns)   --->   "%zext_ln1073 = zext i10 %add_ln1073" [C:/TFG_Vivado/vivado/axu2cga_trd.runs/design_1_v_frmbuf_wr_0_0_synth_1/prj/sol/.autopilot/db/v_frmbuf_wr.cpp:1073]   --->   Operation 115 'zext' 'zext_ln1073' <Predicate = true> <Delay = 0.00>
ST_2 : Operation 116 [1/1] (2.67ns)   --->   "%mul_ln1073 = mul i21 %zext_ln1073, i21 1366" [C:/TFG_Vivado/vivado/axu2cga_trd.runs/design_1_v_frmbuf_wr_0_0_synth_1/prj/sol/.autopilot/db/v_frmbuf_wr.cpp:1073]   --->   Operation 116 'mul' 'mul_ln1073' <Predicate = true> <Delay = 2.67> <CoreInst = "Multiplier">   --->   Core 3 'Multiplier' <Latency = 0> <II = 1> <Delay = 2.67> <FuncUnit> <Opcode : 'mul'> <InPorts = 2> <OutPorts = 1>
ST_2 : Operation 117 [1/1] (0.00ns)   --->   "%trunc_ln1 = partselect i9 @_ssdm_op_PartSelect.i9.i21.i32.i32, i21 %mul_ln1073, i32 12, i32 20" [C:/TFG_Vivado/vivado/axu2cga_trd.runs/design_1_v_frmbuf_wr_0_0_synth_1/prj/sol/.autopilot/db/v_frmbuf_wr.cpp:1073]   --->   Operation 117 'partselect' 'trunc_ln1' <Predicate = true> <Delay = 0.00>
ST_2 : Operation 118 [1/1] (0.00ns)   --->   "%trunc_ln1_cast = partselect i8 @_ssdm_op_PartSelect.i8.i21.i32.i32, i21 %mul_ln1073, i32 12, i32 19" [C:/TFG_Vivado/vivado/axu2cga_trd.runs/design_1_v_frmbuf_wr_0_0_synth_1/prj/sol/.autopilot/db/v_frmbuf_wr.cpp:1074]   --->   Operation 118 'partselect' 'trunc_ln1_cast' <Predicate = true> <Delay = 0.00>
ST_2 : Operation 119 [1/1] (0.00ns)   --->   "%zext_ln1079 = zext i3 %lshr_ln1" [C:/TFG_Vivado/vivado/axu2cga_trd.runs/design_1_v_frmbuf_wr_0_0_synth_1/prj/sol/.autopilot/db/v_frmbuf_wr.cpp:1079]   --->   Operation 119 'zext' 'zext_ln1079' <Predicate = (!icmp_ln1077)> <Delay = 0.00>
ST_2 : Operation 120 [1/1] (0.45ns)   --->   "%remainPix_6 = select i1 %icmp_ln1077, i4 8, i4 %zext_ln1079" [C:/TFG_Vivado/vivado/axu2cga_trd.runs/design_1_v_frmbuf_wr_0_0_synth_1/prj/sol/.autopilot/db/v_frmbuf_wr.cpp:1077]   --->   Operation 120 'select' 'remainPix_6' <Predicate = true> <Delay = 0.45> <CoreInst = "Sel">   --->   Core 73 'Sel' <Latency = 0> <II = 1> <Delay = 0.45> <FuncUnit> <Opcode : 'select'> <InPorts = 3> <OutPorts = 1>
ST_2 : Operation 121 [1/1] (0.26ns)   --->   "%remainTrx = select i1 %icmp_ln1077, i2 3, i2 %trunc_ln2" [C:/TFG_Vivado/vivado/axu2cga_trd.runs/design_1_v_frmbuf_wr_0_0_synth_1/prj/sol/.autopilot/db/v_frmbuf_wr.cpp:1077]   --->   Operation 121 'select' 'remainTrx' <Predicate = true> <Delay = 0.26> <CoreInst = "Sel">   --->   Core 73 'Sel' <Latency = 0> <II = 1> <Delay = 0.26> <FuncUnit> <Opcode : 'select'> <InPorts = 3> <OutPorts = 1>
ST_2 : Operation 122 [1/1] (0.92ns)   --->   "%add_ln1095 = add i9 %trunc_ln1, i9 511" [C:/TFG_Vivado/vivado/axu2cga_trd.runs/design_1_v_frmbuf_wr_0_0_synth_1/prj/sol/.autopilot/db/v_frmbuf_wr.cpp:1095]   --->   Operation 122 'add' 'add_ln1095' <Predicate = true> <Delay = 0.92> <CoreInst = "Adder">   --->   Core 1 'Adder' <Latency = 0> <II = 1> <Delay = 0.92> <FuncUnit> <Opcode : 'add' 'sub'> <InPorts = 2> <OutPorts = 1>
ST_2 : Operation 123 [1/1] (0.86ns)   --->   "%icmp_ln1095 = icmp_ne  i4 %remainPix_6, i4 0" [C:/TFG_Vivado/vivado/axu2cga_trd.runs/design_1_v_frmbuf_wr_0_0_synth_1/prj/sol/.autopilot/db/v_frmbuf_wr.cpp:1095]   --->   Operation 123 'icmp' 'icmp_ln1095' <Predicate = true> <Delay = 0.86> <CoreInst = "Cmp">   --->   Core 9 'Cmp' <Latency = 0> <II = 1> <Delay = 0.86> <FuncUnit> <Opcode : 'seteq' 'setne' 'setle' 'setge' 'setlt' 'setgt'> <InPorts = 2> <OutPorts = 1>
ST_2 : Operation 124 [1/1] (0.00ns)   --->   "%tmp_11 = partselect i3 @_ssdm_op_PartSelect.i3.i4.i32.i32, i4 %remainPix_6, i32 1, i32 3" [C:/TFG_Vivado/vivado/axu2cga_trd.runs/design_1_v_frmbuf_wr_0_0_synth_1/prj/sol/.autopilot/db/v_frmbuf_wr.cpp:1095]   --->   Operation 124 'partselect' 'tmp_11' <Predicate = true> <Delay = 0.00>
ST_2 : Operation 125 [1/1] (0.74ns)   --->   "%icmp_ln1095_3 = icmp_ne  i3 %tmp_11, i3 0" [C:/TFG_Vivado/vivado/axu2cga_trd.runs/design_1_v_frmbuf_wr_0_0_synth_1/prj/sol/.autopilot/db/v_frmbuf_wr.cpp:1095]   --->   Operation 125 'icmp' 'icmp_ln1095_3' <Predicate = true> <Delay = 0.74> <CoreInst = "Cmp">   --->   Core 9 'Cmp' <Latency = 0> <II = 1> <Delay = 0.74> <FuncUnit> <Opcode : 'seteq' 'setne' 'setle' 'setge' 'setlt' 'setgt'> <InPorts = 2> <OutPorts = 1>
ST_2 : Operation 126 [1/1] (0.86ns)   --->   "%icmp_ln1095_2 = icmp_ugt  i4 %remainPix_6, i4 2" [C:/TFG_Vivado/vivado/axu2cga_trd.runs/design_1_v_frmbuf_wr_0_0_synth_1/prj/sol/.autopilot/db/v_frmbuf_wr.cpp:1095]   --->   Operation 126 'icmp' 'icmp_ln1095_2' <Predicate = true> <Delay = 0.86> <CoreInst = "Cmp">   --->   Core 9 'Cmp' <Latency = 0> <II = 1> <Delay = 0.86> <FuncUnit> <Opcode : 'seteq' 'setne' 'setle' 'setge' 'setlt' 'setgt'> <InPorts = 2> <OutPorts = 1>
ST_2 : Operation 127 [1/1] (0.00ns)   --->   "%tmp_12 = partselect i2 @_ssdm_op_PartSelect.i2.i4.i32.i32, i4 %remainPix_6, i32 2, i32 3" [C:/TFG_Vivado/vivado/axu2cga_trd.runs/design_1_v_frmbuf_wr_0_0_synth_1/prj/sol/.autopilot/db/v_frmbuf_wr.cpp:1095]   --->   Operation 127 'partselect' 'tmp_12' <Predicate = true> <Delay = 0.00>
ST_2 : Operation 128 [1/1] (0.62ns)   --->   "%icmp_ln1095_7 = icmp_ne  i2 %tmp_12, i2 0" [C:/TFG_Vivado/vivado/axu2cga_trd.runs/design_1_v_frmbuf_wr_0_0_synth_1/prj/sol/.autopilot/db/v_frmbuf_wr.cpp:1095]   --->   Operation 128 'icmp' 'icmp_ln1095_7' <Predicate = true> <Delay = 0.62> <CoreInst = "Cmp">   --->   Core 9 'Cmp' <Latency = 0> <II = 1> <Delay = 0.62> <FuncUnit> <Opcode : 'seteq' 'setne' 'setle' 'setge' 'setlt' 'setgt'> <InPorts = 2> <OutPorts = 1>
ST_2 : Operation 129 [1/1] (0.86ns)   --->   "%icmp_ln1095_4 = icmp_ugt  i4 %remainPix_6, i4 4" [C:/TFG_Vivado/vivado/axu2cga_trd.runs/design_1_v_frmbuf_wr_0_0_synth_1/prj/sol/.autopilot/db/v_frmbuf_wr.cpp:1095]   --->   Operation 129 'icmp' 'icmp_ln1095_4' <Predicate = true> <Delay = 0.86> <CoreInst = "Cmp">   --->   Core 9 'Cmp' <Latency = 0> <II = 1> <Delay = 0.86> <FuncUnit> <Opcode : 'seteq' 'setne' 'setle' 'setge' 'setlt' 'setgt'> <InPorts = 2> <OutPorts = 1>
ST_2 : Operation 130 [1/1] (0.86ns)   --->   "%icmp_ln1095_5 = icmp_ugt  i4 %remainPix_6, i4 5" [C:/TFG_Vivado/vivado/axu2cga_trd.runs/design_1_v_frmbuf_wr_0_0_synth_1/prj/sol/.autopilot/db/v_frmbuf_wr.cpp:1095]   --->   Operation 130 'icmp' 'icmp_ln1095_5' <Predicate = true> <Delay = 0.86> <CoreInst = "Cmp">   --->   Core 9 'Cmp' <Latency = 0> <II = 1> <Delay = 0.86> <FuncUnit> <Opcode : 'seteq' 'setne' 'setle' 'setge' 'setlt' 'setgt'> <InPorts = 2> <OutPorts = 1>
ST_2 : Operation 131 [1/1] (0.86ns)   --->   "%icmp_ln1095_6 = icmp_ugt  i4 %remainPix_6, i4 6" [C:/TFG_Vivado/vivado/axu2cga_trd.runs/design_1_v_frmbuf_wr_0_0_synth_1/prj/sol/.autopilot/db/v_frmbuf_wr.cpp:1095]   --->   Operation 131 'icmp' 'icmp_ln1095_6' <Predicate = true> <Delay = 0.86> <CoreInst = "Cmp">   --->   Core 9 'Cmp' <Latency = 0> <II = 1> <Delay = 0.86> <FuncUnit> <Opcode : 'seteq' 'setne' 'setle' 'setge' 'setlt' 'setgt'> <InPorts = 2> <OutPorts = 1>
ST_2 : Operation 132 [1/1] (0.00ns)   --->   "%tmp_13 = bitselect i1 @_ssdm_op_BitSelect.i1.i2.i32, i2 %remainTrx, i32 1" [C:/TFG_Vivado/vivado/axu2cga_trd.runs/design_1_v_frmbuf_wr_0_0_synth_1/prj/sol/.autopilot/db/v_frmbuf_wr.cpp:1110]   --->   Operation 132 'bitselect' 'tmp_13' <Predicate = true> <Delay = 0.00>
ST_2 : Operation 133 [1/1] (0.62ns)   --->   "%icmp_ln1110 = icmp_eq  i2 %remainTrx, i2 3" [C:/TFG_Vivado/vivado/axu2cga_trd.runs/design_1_v_frmbuf_wr_0_0_synth_1/prj/sol/.autopilot/db/v_frmbuf_wr.cpp:1110]   --->   Operation 133 'icmp' 'icmp_ln1110' <Predicate = true> <Delay = 0.62> <CoreInst = "Cmp">   --->   Core 9 'Cmp' <Latency = 0> <II = 1> <Delay = 0.62> <FuncUnit> <Opcode : 'seteq' 'setne' 'setle' 'setge' 'setlt' 'setgt'> <InPorts = 2> <OutPorts = 1>
ST_2 : Operation 134 [1/1] (0.00ns)   --->   "%br_ln1086 = br void %VITIS_LOOP_1090_11" [C:/TFG_Vivado/vivado/axu2cga_trd.runs/design_1_v_frmbuf_wr_0_0_synth_1/prj/sol/.autopilot/db/v_frmbuf_wr.cpp:1086]   --->   Operation 134 'br' 'br_ln1086' <Predicate = true> <Delay = 0.00>

State 3 <SV = 2> <Delay = 1.43>
ST_3 : Operation 135 [1/1] (0.00ns)   --->   "%y_10 = load i11 %y_3" [C:/TFG_Vivado/vivado/axu2cga_trd.runs/design_1_v_frmbuf_wr_0_0_synth_1/prj/sol/.autopilot/db/v_frmbuf_wr.cpp:1086]   --->   Operation 135 'load' 'y_10' <Predicate = (VideoFormat_val_read == 20) | (VideoFormat_val_read == 21)> <Delay = 0.00>
ST_3 : Operation 136 [1/1] (0.94ns)   --->   "%icmp_ln1086 = icmp_eq  i11 %y_10, i11 %Height_val_read" [C:/TFG_Vivado/vivado/axu2cga_trd.runs/design_1_v_frmbuf_wr_0_0_synth_1/prj/sol/.autopilot/db/v_frmbuf_wr.cpp:1086]   --->   Operation 136 'icmp' 'icmp_ln1086' <Predicate = (VideoFormat_val_read == 20) | (VideoFormat_val_read == 21)> <Delay = 0.94> <CoreInst = "Cmp">   --->   Core 9 'Cmp' <Latency = 0> <II = 1> <Delay = 0.94> <FuncUnit> <Opcode : 'seteq' 'setne' 'setle' 'setge' 'setlt' 'setgt'> <InPorts = 2> <OutPorts = 1>
ST_3 : Operation 137 [1/1] (0.00ns)   --->   "%speclooptripcount_ln0 = speclooptripcount void @_ssdm_op_SpecLoopTripCount, i64 64, i64 1080, i64 0"   --->   Operation 137 'speclooptripcount' 'speclooptripcount_ln0' <Predicate = (VideoFormat_val_read == 20) | (VideoFormat_val_read == 21)> <Delay = 0.00>
ST_3 : Operation 138 [1/1] (0.94ns)   --->   "%y_11 = add i11 %y_10, i11 1" [C:/TFG_Vivado/vivado/axu2cga_trd.runs/design_1_v_frmbuf_wr_0_0_synth_1/prj/sol/.autopilot/db/v_frmbuf_wr.cpp:1086]   --->   Operation 138 'add' 'y_11' <Predicate = (VideoFormat_val_read == 20) | (VideoFormat_val_read == 21)> <Delay = 0.94> <CoreInst = "Adder">   --->   Core 1 'Adder' <Latency = 0> <II = 1> <Delay = 0.94> <FuncUnit> <Opcode : 'add' 'sub'> <InPorts = 2> <OutPorts = 1>
ST_3 : Operation 139 [1/1] (0.00ns)   --->   "%br_ln1086 = br i1 %icmp_ln1086, void %VITIS_LOOP_1093_12.lr.ph, void %if.end496.loopexit" [C:/TFG_Vivado/vivado/axu2cga_trd.runs/design_1_v_frmbuf_wr_0_0_synth_1/prj/sol/.autopilot/db/v_frmbuf_wr.cpp:1086]   --->   Operation 139 'br' 'br_ln1086' <Predicate = (VideoFormat_val_read == 20) | (VideoFormat_val_read == 21)> <Delay = 0.00>
ST_3 : Operation 140 [1/1] (0.00ns)   --->   "%pix_24_load = load i8 %pix_24"   --->   Operation 140 'load' 'pix_24_load' <Predicate = (VideoFormat_val_read == 20 & !icmp_ln1086) | (VideoFormat_val_read == 21 & !icmp_ln1086)> <Delay = 0.00>
ST_3 : Operation 141 [1/1] (0.00ns)   --->   "%pix_25_load = load i8 %pix_25"   --->   Operation 141 'load' 'pix_25_load' <Predicate = (VideoFormat_val_read == 20 & !icmp_ln1086) | (VideoFormat_val_read == 21 & !icmp_ln1086)> <Delay = 0.00>
ST_3 : Operation 142 [1/1] (0.00ns)   --->   "%pix_26_load = load i8 %pix_26"   --->   Operation 142 'load' 'pix_26_load' <Predicate = (VideoFormat_val_read == 20 & !icmp_ln1086) | (VideoFormat_val_read == 21 & !icmp_ln1086)> <Delay = 0.00>
ST_3 : Operation 143 [1/1] (0.00ns)   --->   "%pix_27_load = load i8 %pix_27"   --->   Operation 143 'load' 'pix_27_load' <Predicate = (VideoFormat_val_read == 20 & !icmp_ln1086) | (VideoFormat_val_read == 21 & !icmp_ln1086)> <Delay = 0.00>
ST_3 : Operation 144 [1/1] (0.00ns)   --->   "%pix_28_load = load i8 %pix_28"   --->   Operation 144 'load' 'pix_28_load' <Predicate = (VideoFormat_val_read == 20 & !icmp_ln1086) | (VideoFormat_val_read == 21 & !icmp_ln1086)> <Delay = 0.00>
ST_3 : Operation 145 [1/1] (0.00ns)   --->   "%pix_29_load = load i8 %pix_29"   --->   Operation 145 'load' 'pix_29_load' <Predicate = (VideoFormat_val_read == 20 & !icmp_ln1086) | (VideoFormat_val_read == 21 & !icmp_ln1086)> <Delay = 0.00>
ST_3 : Operation 146 [1/1] (0.48ns)   --->   "%store_ln1086 = store i11 %y_11, i11 %y_3" [C:/TFG_Vivado/vivado/axu2cga_trd.runs/design_1_v_frmbuf_wr_0_0_synth_1/prj/sol/.autopilot/db/v_frmbuf_wr.cpp:1086]   --->   Operation 146 'store' 'store_ln1086' <Predicate = (VideoFormat_val_read == 20 & !icmp_ln1086) | (VideoFormat_val_read == 21 & !icmp_ln1086)> <Delay = 0.48>
ST_3 : Operation 147 [1/1] (0.00ns)   --->   "%br_ln0 = br void %if.end496"   --->   Operation 147 'br' 'br_ln0' <Predicate = (VideoFormat_val_read == 20 & icmp_ln1086) | (VideoFormat_val_read == 21 & icmp_ln1086)> <Delay = 0.00>
ST_3 : Operation 148 [1/1] (0.00ns)   --->   "%br_ln0 = br void %if.end497"   --->   Operation 148 'br' 'br_ln0' <Predicate = (VideoFormat_val_read != 43 & VideoFormat_val_read != 42 & VideoFormat_val_read != 44 & VideoFormat_val_read != 41 & VideoFormat_val_read != 11 & VideoFormat_val_read != 10 & VideoFormat_val_read != 27 & VideoFormat_val_read != 16 & VideoFormat_val_read != 15 & VideoFormat_val_read != 12 & VideoFormat_val_read != 28 & VideoFormat_val_read != 19 & VideoFormat_val_read != 18 & VideoFormat_val_read != 23 & VideoFormat_val_read != 22 & VideoFormat_val_read != 33 & VideoFormat_val_read != 32 & VideoFormat_val_read != 38 & VideoFormat_val_read != 37 & icmp_ln1086) | (VideoFormat_val_read != 43 & VideoFormat_val_read != 42 & VideoFormat_val_read != 44 & VideoFormat_val_read != 41 & VideoFormat_val_read != 11 & VideoFormat_val_read != 10 & VideoFormat_val_read != 27 & VideoFormat_val_read != 16 & VideoFormat_val_read != 15 & VideoFormat_val_read != 12 & VideoFormat_val_read != 28 & VideoFormat_val_read != 19 & VideoFormat_val_read != 18 & VideoFormat_val_read != 23 & VideoFormat_val_read != 22 & VideoFormat_val_read != 33 & VideoFormat_val_read != 32 & VideoFormat_val_read != 38 & VideoFormat_val_read != 37 & VideoFormat_val_read != 21 & VideoFormat_val_read != 20)> <Delay = 0.00>
ST_3 : Operation 149 [1/1] (0.00ns)   --->   "%br_ln0 = br void %if.end498"   --->   Operation 149 'br' 'br_ln0' <Predicate = (VideoFormat_val_read != 43 & VideoFormat_val_read != 42 & VideoFormat_val_read != 44 & VideoFormat_val_read != 41 & VideoFormat_val_read != 11 & VideoFormat_val_read != 10 & VideoFormat_val_read != 27 & VideoFormat_val_read != 16 & VideoFormat_val_read != 15 & VideoFormat_val_read != 12 & VideoFormat_val_read != 28 & VideoFormat_val_read != 19 & VideoFormat_val_read != 18 & VideoFormat_val_read != 23 & VideoFormat_val_read != 22 & VideoFormat_val_read != 33 & VideoFormat_val_read != 32 & icmp_ln1086) | (VideoFormat_val_read != 43 & VideoFormat_val_read != 42 & VideoFormat_val_read != 44 & VideoFormat_val_read != 41 & VideoFormat_val_read != 11 & VideoFormat_val_read != 10 & VideoFormat_val_read != 27 & VideoFormat_val_read != 16 & VideoFormat_val_read != 15 & VideoFormat_val_read != 12 & VideoFormat_val_read != 28 & VideoFormat_val_read != 19 & VideoFormat_val_read != 18 & VideoFormat_val_read != 23 & VideoFormat_val_read != 22 & VideoFormat_val_read != 33 & VideoFormat_val_read != 32 & VideoFormat_val_read != 21 & VideoFormat_val_read != 20) | (VideoFormat_val_read == 37) | (VideoFormat_val_read == 38)> <Delay = 0.00>
ST_3 : Operation 150 [1/1] (0.00ns)   --->   "%br_ln0 = br void %if.end499"   --->   Operation 150 'br' 'br_ln0' <Predicate = (VideoFormat_val_read != 43 & VideoFormat_val_read != 42 & VideoFormat_val_read != 44 & VideoFormat_val_read != 41 & VideoFormat_val_read != 11 & VideoFormat_val_read != 10 & VideoFormat_val_read != 27 & VideoFormat_val_read != 16 & VideoFormat_val_read != 15 & VideoFormat_val_read != 12 & VideoFormat_val_read != 28 & VideoFormat_val_read != 19 & VideoFormat_val_read != 18 & VideoFormat_val_read != 23 & VideoFormat_val_read != 22 & icmp_ln1086) | (VideoFormat_val_read != 43 & VideoFormat_val_read != 42 & VideoFormat_val_read != 44 & VideoFormat_val_read != 41 & VideoFormat_val_read != 11 & VideoFormat_val_read != 10 & VideoFormat_val_read != 27 & VideoFormat_val_read != 16 & VideoFormat_val_read != 15 & VideoFormat_val_read != 12 & VideoFormat_val_read != 28 & VideoFormat_val_read != 19 & VideoFormat_val_read != 18 & VideoFormat_val_read != 23 & VideoFormat_val_read != 22 & VideoFormat_val_read != 21 & VideoFormat_val_read != 20) | (VideoFormat_val_read == 37) | (VideoFormat_val_read == 38) | (VideoFormat_val_read == 32) | (VideoFormat_val_read == 33)> <Delay = 0.00>
ST_3 : Operation 151 [1/1] (0.00ns)   --->   "%br_ln0 = br void %if.end500"   --->   Operation 151 'br' 'br_ln0' <Predicate = (VideoFormat_val_read != 43 & VideoFormat_val_read != 42 & VideoFormat_val_read != 44 & VideoFormat_val_read != 41 & VideoFormat_val_read != 11 & VideoFormat_val_read != 10 & VideoFormat_val_read != 27 & VideoFormat_val_read != 16 & VideoFormat_val_read != 15 & VideoFormat_val_read != 12 & VideoFormat_val_read != 28 & VideoFormat_val_read != 19 & VideoFormat_val_read != 18 & icmp_ln1086) | (VideoFormat_val_read != 43 & VideoFormat_val_read != 42 & VideoFormat_val_read != 44 & VideoFormat_val_read != 41 & VideoFormat_val_read != 11 & VideoFormat_val_read != 10 & VideoFormat_val_read != 27 & VideoFormat_val_read != 16 & VideoFormat_val_read != 15 & VideoFormat_val_read != 12 & VideoFormat_val_read != 28 & VideoFormat_val_read != 19 & VideoFormat_val_read != 18 & VideoFormat_val_read != 21 & VideoFormat_val_read != 20) | (VideoFormat_val_read == 37) | (VideoFormat_val_read == 38) | (VideoFormat_val_read == 32) | (VideoFormat_val_read == 33) | (VideoFormat_val_read == 22) | (VideoFormat_val_read == 23)> <Delay = 0.00>
ST_3 : Operation 152 [1/1] (0.00ns)   --->   "%br_ln0 = br void %if.end501"   --->   Operation 152 'br' 'br_ln0' <Predicate = (VideoFormat_val_read != 43 & VideoFormat_val_read != 42 & VideoFormat_val_read != 44 & VideoFormat_val_read != 41 & VideoFormat_val_read != 11 & VideoFormat_val_read != 10 & VideoFormat_val_read != 27 & VideoFormat_val_read != 16 & VideoFormat_val_read != 15 & VideoFormat_val_read != 12 & VideoFormat_val_read != 28 & icmp_ln1086) | (VideoFormat_val_read != 43 & VideoFormat_val_read != 42 & VideoFormat_val_read != 44 & VideoFormat_val_read != 41 & VideoFormat_val_read != 11 & VideoFormat_val_read != 10 & VideoFormat_val_read != 27 & VideoFormat_val_read != 16 & VideoFormat_val_read != 15 & VideoFormat_val_read != 12 & VideoFormat_val_read != 28 & VideoFormat_val_read != 21 & VideoFormat_val_read != 20) | (VideoFormat_val_read == 37) | (VideoFormat_val_read == 38) | (VideoFormat_val_read == 32) | (VideoFormat_val_read == 33) | (VideoFormat_val_read == 22) | (VideoFormat_val_read == 23) | (VideoFormat_val_read == 18) | (VideoFormat_val_read == 19)> <Delay = 0.00>
ST_3 : Operation 153 [1/1] (0.00ns)   --->   "%br_ln0 = br void %if.end502"   --->   Operation 153 'br' 'br_ln0' <Predicate = (VideoFormat_val_read != 43 & VideoFormat_val_read != 42 & VideoFormat_val_read != 44 & VideoFormat_val_read != 41 & VideoFormat_val_read != 11 & VideoFormat_val_read != 10 & VideoFormat_val_read != 27 & VideoFormat_val_read != 16 & VideoFormat_val_read != 15 & VideoFormat_val_read != 12 & icmp_ln1086) | (VideoFormat_val_read != 43 & VideoFormat_val_read != 42 & VideoFormat_val_read != 44 & VideoFormat_val_read != 41 & VideoFormat_val_read != 11 & VideoFormat_val_read != 10 & VideoFormat_val_read != 27 & VideoFormat_val_read != 16 & VideoFormat_val_read != 15 & VideoFormat_val_read != 12 & VideoFormat_val_read != 21 & VideoFormat_val_read != 20) | (VideoFormat_val_read == 37) | (VideoFormat_val_read == 38) | (VideoFormat_val_read == 32) | (VideoFormat_val_read == 33) | (VideoFormat_val_read == 22) | (VideoFormat_val_read == 23) | (VideoFormat_val_read == 18) | (VideoFormat_val_read == 19) | (VideoFormat_val_read == 28)> <Delay = 0.00>
ST_3 : Operation 154 [1/1] (0.00ns)   --->   "%br_ln0 = br void %if.end503"   --->   Operation 154 'br' 'br_ln0' <Predicate = (VideoFormat_val_read != 43 & VideoFormat_val_read != 42 & VideoFormat_val_read != 44 & VideoFormat_val_read != 41 & VideoFormat_val_read != 11 & VideoFormat_val_read != 10 & VideoFormat_val_read != 27 & VideoFormat_val_read != 16 & VideoFormat_val_read != 15 & icmp_ln1086) | (VideoFormat_val_read != 43 & VideoFormat_val_read != 42 & VideoFormat_val_read != 44 & VideoFormat_val_read != 41 & VideoFormat_val_read != 11 & VideoFormat_val_read != 10 & VideoFormat_val_read != 27 & VideoFormat_val_read != 16 & VideoFormat_val_read != 15 & VideoFormat_val_read != 21 & VideoFormat_val_read != 20) | (VideoFormat_val_read == 37) | (VideoFormat_val_read == 38) | (VideoFormat_val_read == 32) | (VideoFormat_val_read == 33) | (VideoFormat_val_read == 22) | (VideoFormat_val_read == 23) | (VideoFormat_val_read == 18) | (VideoFormat_val_read == 19) | (VideoFormat_val_read == 28) | (VideoFormat_val_read == 12)> <Delay = 0.00>
ST_3 : Operation 155 [1/1] (0.00ns)   --->   "%br_ln0 = br void %if.end504"   --->   Operation 155 'br' 'br_ln0' <Predicate = (VideoFormat_val_read != 43 & VideoFormat_val_read != 42 & VideoFormat_val_read != 44 & VideoFormat_val_read != 41 & VideoFormat_val_read != 11 & VideoFormat_val_read != 10 & VideoFormat_val_read != 27 & icmp_ln1086) | (VideoFormat_val_read != 43 & VideoFormat_val_read != 42 & VideoFormat_val_read != 44 & VideoFormat_val_read != 41 & VideoFormat_val_read != 11 & VideoFormat_val_read != 10 & VideoFormat_val_read != 27 & VideoFormat_val_read != 21 & VideoFormat_val_read != 20) | (VideoFormat_val_read == 37) | (VideoFormat_val_read == 38) | (VideoFormat_val_read == 32) | (VideoFormat_val_read == 33) | (VideoFormat_val_read == 22) | (VideoFormat_val_read == 23) | (VideoFormat_val_read == 18) | (VideoFormat_val_read == 19) | (VideoFormat_val_read == 28) | (VideoFormat_val_read == 12) | (VideoFormat_val_read == 15) | (VideoFormat_val_read == 16)> <Delay = 0.00>
ST_3 : Operation 156 [1/1] (0.00ns)   --->   "%br_ln0 = br void %if.end505"   --->   Operation 156 'br' 'br_ln0' <Predicate = (VideoFormat_val_read != 43 & VideoFormat_val_read != 42 & VideoFormat_val_read != 44 & VideoFormat_val_read != 41 & VideoFormat_val_read != 11 & VideoFormat_val_read != 10 & icmp_ln1086) | (VideoFormat_val_read != 43 & VideoFormat_val_read != 42 & VideoFormat_val_read != 44 & VideoFormat_val_read != 41 & VideoFormat_val_read != 11 & VideoFormat_val_read != 10 & VideoFormat_val_read != 21 & VideoFormat_val_read != 20) | (VideoFormat_val_read == 37) | (VideoFormat_val_read == 38) | (VideoFormat_val_read == 32) | (VideoFormat_val_read == 33) | (VideoFormat_val_read == 22) | (VideoFormat_val_read == 23) | (VideoFormat_val_read == 18) | (VideoFormat_val_read == 19) | (VideoFormat_val_read == 28) | (VideoFormat_val_read == 12) | (VideoFormat_val_read == 15) | (VideoFormat_val_read == 16) | (VideoFormat_val_read == 27)> <Delay = 0.00>
ST_3 : Operation 157 [1/1] (0.00ns)   --->   "%br_ln0 = br void %if.end506"   --->   Operation 157 'br' 'br_ln0' <Predicate = (VideoFormat_val_read != 43 & VideoFormat_val_read != 42 & VideoFormat_val_read != 44 & VideoFormat_val_read != 41 & icmp_ln1086) | (VideoFormat_val_read != 43 & VideoFormat_val_read != 42 & VideoFormat_val_read != 44 & VideoFormat_val_read != 41 & VideoFormat_val_read != 21 & VideoFormat_val_read != 20) | (VideoFormat_val_read == 37) | (VideoFormat_val_read == 38) | (VideoFormat_val_read == 32) | (VideoFormat_val_read == 33) | (VideoFormat_val_read == 22) | (VideoFormat_val_read == 23) | (VideoFormat_val_read == 18) | (VideoFormat_val_read == 19) | (VideoFormat_val_read == 28) | (VideoFormat_val_read == 12) | (VideoFormat_val_read == 15) | (VideoFormat_val_read == 16) | (VideoFormat_val_read == 27) | (VideoFormat_val_read == 10) | (VideoFormat_val_read == 11)> <Delay = 0.00>
ST_3 : Operation 158 [1/1] (0.00ns)   --->   "%br_ln0 = br void %if.end507"   --->   Operation 158 'br' 'br_ln0' <Predicate = (VideoFormat_val_read != 43 & VideoFormat_val_read != 42 & VideoFormat_val_read != 44 & icmp_ln1086) | (VideoFormat_val_read != 43 & VideoFormat_val_read != 42 & VideoFormat_val_read != 44 & VideoFormat_val_read != 21 & VideoFormat_val_read != 20) | (VideoFormat_val_read == 37) | (VideoFormat_val_read == 38) | (VideoFormat_val_read == 32) | (VideoFormat_val_read == 33) | (VideoFormat_val_read == 22) | (VideoFormat_val_read == 23) | (VideoFormat_val_read == 18) | (VideoFormat_val_read == 19) | (VideoFormat_val_read == 28) | (VideoFormat_val_read == 12) | (VideoFormat_val_read == 15) | (VideoFormat_val_read == 16) | (VideoFormat_val_read == 27) | (VideoFormat_val_read == 10) | (VideoFormat_val_read == 11) | (VideoFormat_val_read == 41)> <Delay = 0.00>
ST_3 : Operation 159 [1/1] (0.00ns)   --->   "%br_ln0 = br void %if.end508"   --->   Operation 159 'br' 'br_ln0' <Predicate = (VideoFormat_val_read != 43 & VideoFormat_val_read != 42 & icmp_ln1086) | (VideoFormat_val_read != 43 & VideoFormat_val_read != 42 & VideoFormat_val_read != 21 & VideoFormat_val_read != 20) | (VideoFormat_val_read == 37) | (VideoFormat_val_read == 38) | (VideoFormat_val_read == 32) | (VideoFormat_val_read == 33) | (VideoFormat_val_read == 22) | (VideoFormat_val_read == 23) | (VideoFormat_val_read == 18) | (VideoFormat_val_read == 19) | (VideoFormat_val_read == 28) | (VideoFormat_val_read == 12) | (VideoFormat_val_read == 15) | (VideoFormat_val_read == 16) | (VideoFormat_val_read == 27) | (VideoFormat_val_read == 10) | (VideoFormat_val_read == 11) | (VideoFormat_val_read == 41) | (VideoFormat_val_read == 44)> <Delay = 0.00>
ST_3 : Operation 160 [1/1] (0.00ns)   --->   "%br_ln0 = br void %if.end509"   --->   Operation 160 'br' 'br_ln0' <Predicate = (VideoFormat_val_read != 43 & icmp_ln1086) | (VideoFormat_val_read != 43 & VideoFormat_val_read != 21 & VideoFormat_val_read != 20) | (VideoFormat_val_read == 37) | (VideoFormat_val_read == 38) | (VideoFormat_val_read == 32) | (VideoFormat_val_read == 33) | (VideoFormat_val_read == 22) | (VideoFormat_val_read == 23) | (VideoFormat_val_read == 18) | (VideoFormat_val_read == 19) | (VideoFormat_val_read == 28) | (VideoFormat_val_read == 12) | (VideoFormat_val_read == 15) | (VideoFormat_val_read == 16) | (VideoFormat_val_read == 27) | (VideoFormat_val_read == 10) | (VideoFormat_val_read == 11) | (VideoFormat_val_read == 41) | (VideoFormat_val_read == 44) | (VideoFormat_val_read == 42)> <Delay = 0.00>
ST_3 : Operation 161 [1/1] (0.00ns)   --->   "%ret_ln1516 = ret" [C:/TFG_Vivado/vivado/axu2cga_trd.runs/design_1_v_frmbuf_wr_0_0_synth_1/prj/sol/.autopilot/db/v_frmbuf_wr.cpp:1516]   --->   Operation 161 'ret' 'ret_ln1516' <Predicate = (icmp_ln1086) | (VideoFormat_val_read != 21 & VideoFormat_val_read != 20) | (VideoFormat_val_read == 37) | (VideoFormat_val_read == 38) | (VideoFormat_val_read == 32) | (VideoFormat_val_read == 33) | (VideoFormat_val_read == 22) | (VideoFormat_val_read == 23) | (VideoFormat_val_read == 18) | (VideoFormat_val_read == 19) | (VideoFormat_val_read == 28) | (VideoFormat_val_read == 12) | (VideoFormat_val_read == 15) | (VideoFormat_val_read == 16) | (VideoFormat_val_read == 27) | (VideoFormat_val_read == 10) | (VideoFormat_val_read == 11) | (VideoFormat_val_read == 41) | (VideoFormat_val_read == 44) | (VideoFormat_val_read == 42) | (VideoFormat_val_read == 43)> <Delay = 0.00>

State 4 <SV = 3> <Delay = 1.74>
ST_4 : Operation 162 [2/2] (1.74ns)   --->   "%call_ln1074 = call void @MultiPixStream2Bytes_Pipeline_VITIS_LOOP_1090_11, i8 %pix_29_load, i8 %pix_28_load, i8 %pix_27_load, i8 %pix_26_load, i8 %pix_25_load, i8 %pix_24_load, i8 %trunc_ln1_cast, i1 %icmp_ln1110, i128 %bytePlanes_plane0, i1 %tmp_13, i1 %icmp_ln1077, i1 %icmp_ln1095_6, i1 %icmp_ln1095_5, i1 %icmp_ln1095_4, i1 %icmp_ln1095_7, i1 %icmp_ln1095_2, i1 %icmp_ln1095_3, i9 %add_ln1095, i1 %icmp_ln1095, i48 %img, i8 %pix_29, i8 %pix_28, i8 %pix_27, i8 %pix_26, i8 %pix_25, i8 %pix_24" [C:/TFG_Vivado/vivado/axu2cga_trd.runs/design_1_v_frmbuf_wr_0_0_synth_1/prj/sol/.autopilot/db/v_frmbuf_wr.cpp:1074]   --->   Operation 162 'call' 'call_ln1074' <Predicate = true> <Delay = 1.74> <CoreType = "Generic">   --->   Generic Core

State 5 <SV = 4> <Delay = 0.00>
ST_5 : Operation 163 [1/1] (0.00ns)   --->   "%specloopname_ln1086 = specloopname void @_ssdm_op_SpecLoopName, void @empty_33" [C:/TFG_Vivado/vivado/axu2cga_trd.runs/design_1_v_frmbuf_wr_0_0_synth_1/prj/sol/.autopilot/db/v_frmbuf_wr.cpp:1086]   --->   Operation 163 'specloopname' 'specloopname_ln1086' <Predicate = true> <Delay = 0.00>
ST_5 : Operation 164 [1/2] (0.00ns)   --->   "%call_ln1074 = call void @MultiPixStream2Bytes_Pipeline_VITIS_LOOP_1090_11, i8 %pix_29_load, i8 %pix_28_load, i8 %pix_27_load, i8 %pix_26_load, i8 %pix_25_load, i8 %pix_24_load, i8 %trunc_ln1_cast, i1 %icmp_ln1110, i128 %bytePlanes_plane0, i1 %tmp_13, i1 %icmp_ln1077, i1 %icmp_ln1095_6, i1 %icmp_ln1095_5, i1 %icmp_ln1095_4, i1 %icmp_ln1095_7, i1 %icmp_ln1095_2, i1 %icmp_ln1095_3, i9 %add_ln1095, i1 %icmp_ln1095, i48 %img, i8 %pix_29, i8 %pix_28, i8 %pix_27, i8 %pix_26, i8 %pix_25, i8 %pix_24" [C:/TFG_Vivado/vivado/axu2cga_trd.runs/design_1_v_frmbuf_wr_0_0_synth_1/prj/sol/.autopilot/db/v_frmbuf_wr.cpp:1074]   --->   Operation 164 'call' 'call_ln1074' <Predicate = true> <Delay = 0.00> <CoreType = "Generic">   --->   Generic Core
ST_5 : Operation 165 [1/1] (0.00ns)   --->   "%br_ln1086 = br void %VITIS_LOOP_1090_11" [C:/TFG_Vivado/vivado/axu2cga_trd.runs/design_1_v_frmbuf_wr_0_0_synth_1/prj/sol/.autopilot/db/v_frmbuf_wr.cpp:1086]   --->   Operation 165 'br' 'br_ln1086' <Predicate = true> <Delay = 0.00>

State 6 <SV = 1> <Delay = 1.43>
ST_6 : Operation 166 [1/1] (0.00ns)   --->   "%y_8 = load i11 %y_2" [C:/TFG_Vivado/vivado/axu2cga_trd.runs/design_1_v_frmbuf_wr_0_0_synth_1/prj/sol/.autopilot/db/v_frmbuf_wr.cpp:900]   --->   Operation 166 'load' 'y_8' <Predicate = true> <Delay = 0.00>
ST_6 : Operation 167 [1/1] (0.94ns)   --->   "%icmp_ln900 = icmp_eq  i11 %y_8, i11 %Height_val_read" [C:/TFG_Vivado/vivado/axu2cga_trd.runs/design_1_v_frmbuf_wr_0_0_synth_1/prj/sol/.autopilot/db/v_frmbuf_wr.cpp:900]   --->   Operation 167 'icmp' 'icmp_ln900' <Predicate = true> <Delay = 0.94> <CoreInst = "Cmp">   --->   Core 9 'Cmp' <Latency = 0> <II = 1> <Delay = 0.94> <FuncUnit> <Opcode : 'seteq' 'setne' 'setle' 'setge' 'setlt' 'setgt'> <InPorts = 2> <OutPorts = 1>
ST_6 : Operation 168 [1/1] (0.00ns)   --->   "%speclooptripcount_ln0 = speclooptripcount void @_ssdm_op_SpecLoopTripCount, i64 64, i64 1080, i64 0"   --->   Operation 168 'speclooptripcount' 'speclooptripcount_ln0' <Predicate = true> <Delay = 0.00>
ST_6 : Operation 169 [1/1] (0.94ns)   --->   "%y_9 = add i11 %y_8, i11 1" [C:/TFG_Vivado/vivado/axu2cga_trd.runs/design_1_v_frmbuf_wr_0_0_synth_1/prj/sol/.autopilot/db/v_frmbuf_wr.cpp:900]   --->   Operation 169 'add' 'y_9' <Predicate = true> <Delay = 0.94> <CoreInst = "Adder">   --->   Core 1 'Adder' <Latency = 0> <II = 1> <Delay = 0.94> <FuncUnit> <Opcode : 'add' 'sub'> <InPorts = 2> <OutPorts = 1>
ST_6 : Operation 170 [1/1] (0.00ns)   --->   "%br_ln900 = br i1 %icmp_ln900, void %VITIS_LOOP_904_8.split, void %if.end500.loopexit" [C:/TFG_Vivado/vivado/axu2cga_trd.runs/design_1_v_frmbuf_wr_0_0_synth_1/prj/sol/.autopilot/db/v_frmbuf_wr.cpp:900]   --->   Operation 170 'br' 'br_ln900' <Predicate = true> <Delay = 0.00>
ST_6 : Operation 171 [1/1] (0.00ns)   --->   "%pix_8_load = load i8 %pix_8"   --->   Operation 171 'load' 'pix_8_load' <Predicate = (!icmp_ln900)> <Delay = 0.00>
ST_6 : Operation 172 [1/1] (0.00ns)   --->   "%pix_9_load = load i8 %pix_9"   --->   Operation 172 'load' 'pix_9_load' <Predicate = (!icmp_ln900)> <Delay = 0.00>
ST_6 : Operation 173 [1/1] (0.00ns)   --->   "%pix_10_load = load i8 %pix_10"   --->   Operation 173 'load' 'pix_10_load' <Predicate = (!icmp_ln900)> <Delay = 0.00>
ST_6 : Operation 174 [1/1] (0.00ns)   --->   "%pix_11_load = load i8 %pix_11"   --->   Operation 174 'load' 'pix_11_load' <Predicate = (!icmp_ln900)> <Delay = 0.00>
ST_6 : Operation 175 [1/1] (0.00ns)   --->   "%trunc_ln900 = trunc i11 %y_8" [C:/TFG_Vivado/vivado/axu2cga_trd.runs/design_1_v_frmbuf_wr_0_0_synth_1/prj/sol/.autopilot/db/v_frmbuf_wr.cpp:900]   --->   Operation 175 'trunc' 'trunc_ln900' <Predicate = (!icmp_ln900)> <Delay = 0.00>
ST_6 : Operation 176 [1/1] (0.48ns)   --->   "%store_ln900 = store i11 %y_9, i11 %y_2" [C:/TFG_Vivado/vivado/axu2cga_trd.runs/design_1_v_frmbuf_wr_0_0_synth_1/prj/sol/.autopilot/db/v_frmbuf_wr.cpp:900]   --->   Operation 176 'store' 'store_ln900' <Predicate = (!icmp_ln900)> <Delay = 0.48>
ST_6 : Operation 177 [1/1] (0.00ns)   --->   "%br_ln0 = br void %if.end500"   --->   Operation 177 'br' 'br_ln0' <Predicate = (icmp_ln900)> <Delay = 0.00>

State 7 <SV = 2> <Delay = 1.76>
ST_7 : Operation 178 [2/2] (1.76ns)   --->   "%call_ln888 = call void @MultiPixStream2Bytes_Pipeline_VITIS_LOOP_904_8, i8 %pix_11_load, i8 %pix_10_load, i8 %pix_9_load, i8 %pix_8_load, i10 %loopWidth_2, i128 %bytePlanes_plane1, i128 %bytePlanes_plane0, i5 %empty, i1 %trunc_ln900, i1 %icmp_ln892, i1 %icmp_ln909_6, i1 %icmp_ln909_5, i1 %icmp_ln909_4, i1 %icmp_ln909_7, i1 %icmp_ln909_2, i1 %icmp_ln909_3, i11 %add_ln909, i1 %icmp_ln909, i48 %img, i8 %pix_11, i8 %pix_10, i8 %pix_9, i8 %pix_8" [C:/TFG_Vivado/vivado/axu2cga_trd.runs/design_1_v_frmbuf_wr_0_0_synth_1/prj/sol/.autopilot/db/v_frmbuf_wr.cpp:888]   --->   Operation 178 'call' 'call_ln888' <Predicate = true> <Delay = 1.76> <CoreType = "Generic">   --->   Generic Core

State 8 <SV = 3> <Delay = 0.00>
ST_8 : Operation 179 [1/1] (0.00ns)   --->   "%specloopname_ln900 = specloopname void @_ssdm_op_SpecLoopName, void @empty_21" [C:/TFG_Vivado/vivado/axu2cga_trd.runs/design_1_v_frmbuf_wr_0_0_synth_1/prj/sol/.autopilot/db/v_frmbuf_wr.cpp:900]   --->   Operation 179 'specloopname' 'specloopname_ln900' <Predicate = true> <Delay = 0.00>
ST_8 : Operation 180 [1/2] (0.00ns)   --->   "%call_ln888 = call void @MultiPixStream2Bytes_Pipeline_VITIS_LOOP_904_8, i8 %pix_11_load, i8 %pix_10_load, i8 %pix_9_load, i8 %pix_8_load, i10 %loopWidth_2, i128 %bytePlanes_plane1, i128 %bytePlanes_plane0, i5 %empty, i1 %trunc_ln900, i1 %icmp_ln892, i1 %icmp_ln909_6, i1 %icmp_ln909_5, i1 %icmp_ln909_4, i1 %icmp_ln909_7, i1 %icmp_ln909_2, i1 %icmp_ln909_3, i11 %add_ln909, i1 %icmp_ln909, i48 %img, i8 %pix_11, i8 %pix_10, i8 %pix_9, i8 %pix_8" [C:/TFG_Vivado/vivado/axu2cga_trd.runs/design_1_v_frmbuf_wr_0_0_synth_1/prj/sol/.autopilot/db/v_frmbuf_wr.cpp:888]   --->   Operation 180 'call' 'call_ln888' <Predicate = true> <Delay = 0.00> <CoreType = "Generic">   --->   Generic Core
ST_8 : Operation 181 [1/1] (0.00ns)   --->   "%br_ln900 = br void %VITIS_LOOP_904_8" [C:/TFG_Vivado/vivado/axu2cga_trd.runs/design_1_v_frmbuf_wr_0_0_synth_1/prj/sol/.autopilot/db/v_frmbuf_wr.cpp:900]   --->   Operation 181 'br' 'br_ln900' <Predicate = true> <Delay = 0.00>

State 9 <SV = 1> <Delay = 1.43>
ST_9 : Operation 182 [1/1] (0.00ns)   --->   "%y_6 = load i11 %y_1" [C:/TFG_Vivado/vivado/axu2cga_trd.runs/design_1_v_frmbuf_wr_0_0_synth_1/prj/sol/.autopilot/db/v_frmbuf_wr.cpp:859]   --->   Operation 182 'load' 'y_6' <Predicate = true> <Delay = 0.00>
ST_9 : Operation 183 [1/1] (0.94ns)   --->   "%icmp_ln859 = icmp_eq  i11 %y_6, i11 %Height_val_read" [C:/TFG_Vivado/vivado/axu2cga_trd.runs/design_1_v_frmbuf_wr_0_0_synth_1/prj/sol/.autopilot/db/v_frmbuf_wr.cpp:859]   --->   Operation 183 'icmp' 'icmp_ln859' <Predicate = true> <Delay = 0.94> <CoreInst = "Cmp">   --->   Core 9 'Cmp' <Latency = 0> <II = 1> <Delay = 0.94> <FuncUnit> <Opcode : 'seteq' 'setne' 'setle' 'setge' 'setlt' 'setgt'> <InPorts = 2> <OutPorts = 1>
ST_9 : Operation 184 [1/1] (0.00ns)   --->   "%speclooptripcount_ln0 = speclooptripcount void @_ssdm_op_SpecLoopTripCount, i64 64, i64 1080, i64 0"   --->   Operation 184 'speclooptripcount' 'speclooptripcount_ln0' <Predicate = true> <Delay = 0.00>
ST_9 : Operation 185 [1/1] (0.94ns)   --->   "%y_7 = add i11 %y_6, i11 1" [C:/TFG_Vivado/vivado/axu2cga_trd.runs/design_1_v_frmbuf_wr_0_0_synth_1/prj/sol/.autopilot/db/v_frmbuf_wr.cpp:859]   --->   Operation 185 'add' 'y_7' <Predicate = true> <Delay = 0.94> <CoreInst = "Adder">   --->   Core 1 'Adder' <Latency = 0> <II = 1> <Delay = 0.94> <FuncUnit> <Opcode : 'add' 'sub'> <InPorts = 2> <OutPorts = 1>
ST_9 : Operation 186 [1/1] (0.00ns)   --->   "%br_ln859 = br i1 %icmp_ln859, void %VITIS_LOOP_866_6.lr.ph, void %if.end501.loopexit" [C:/TFG_Vivado/vivado/axu2cga_trd.runs/design_1_v_frmbuf_wr_0_0_synth_1/prj/sol/.autopilot/db/v_frmbuf_wr.cpp:859]   --->   Operation 186 'br' 'br_ln859' <Predicate = true> <Delay = 0.00>
ST_9 : Operation 187 [1/1] (0.00ns)   --->   "%pix_4_load = load i8 %pix_4"   --->   Operation 187 'load' 'pix_4_load' <Predicate = (!icmp_ln859)> <Delay = 0.00>
ST_9 : Operation 188 [1/1] (0.00ns)   --->   "%pix_5_load = load i8 %pix_5"   --->   Operation 188 'load' 'pix_5_load' <Predicate = (!icmp_ln859)> <Delay = 0.00>
ST_9 : Operation 189 [1/1] (0.00ns)   --->   "%pix_6_load = load i8 %pix_6"   --->   Operation 189 'load' 'pix_6_load' <Predicate = (!icmp_ln859)> <Delay = 0.00>
ST_9 : Operation 190 [1/1] (0.00ns)   --->   "%pix_7_load = load i8 %pix_7"   --->   Operation 190 'load' 'pix_7_load' <Predicate = (!icmp_ln859)> <Delay = 0.00>
ST_9 : Operation 191 [1/1] (0.48ns)   --->   "%store_ln859 = store i11 %y_7, i11 %y_1" [C:/TFG_Vivado/vivado/axu2cga_trd.runs/design_1_v_frmbuf_wr_0_0_synth_1/prj/sol/.autopilot/db/v_frmbuf_wr.cpp:859]   --->   Operation 191 'store' 'store_ln859' <Predicate = (!icmp_ln859)> <Delay = 0.48>
ST_9 : Operation 192 [1/1] (0.00ns)   --->   "%br_ln0 = br void %if.end501"   --->   Operation 192 'br' 'br_ln0' <Predicate = (icmp_ln859)> <Delay = 0.00>

State 10 <SV = 2> <Delay = 1.76>
ST_10 : Operation 193 [2/2] (1.76ns)   --->   "%call_ln847 = call void @MultiPixStream2Bytes_Pipeline_VITIS_LOOP_863_5, i8 %pix_7_load, i8 %pix_6_load, i8 %pix_5_load, i8 %pix_4_load, i10 %loopWidth_1, i128 %bytePlanes_plane0, i1 %icmp_ln851, i1 %icmp_ln868_2, i1 %icmp_ln868_3, i11 %add_ln868, i1 %icmp_ln868, i48 %img, i8 %pix_7, i8 %pix_6, i8 %pix_5, i8 %pix_4" [C:/TFG_Vivado/vivado/axu2cga_trd.runs/design_1_v_frmbuf_wr_0_0_synth_1/prj/sol/.autopilot/db/v_frmbuf_wr.cpp:847]   --->   Operation 193 'call' 'call_ln847' <Predicate = true> <Delay = 1.76> <CoreType = "Generic">   --->   Generic Core

State 11 <SV = 3> <Delay = 0.00>
ST_11 : Operation 194 [1/1] (0.00ns)   --->   "%specloopname_ln859 = specloopname void @_ssdm_op_SpecLoopName, void @empty_19" [C:/TFG_Vivado/vivado/axu2cga_trd.runs/design_1_v_frmbuf_wr_0_0_synth_1/prj/sol/.autopilot/db/v_frmbuf_wr.cpp:859]   --->   Operation 194 'specloopname' 'specloopname_ln859' <Predicate = true> <Delay = 0.00>
ST_11 : Operation 195 [1/2] (0.00ns)   --->   "%call_ln847 = call void @MultiPixStream2Bytes_Pipeline_VITIS_LOOP_863_5, i8 %pix_7_load, i8 %pix_6_load, i8 %pix_5_load, i8 %pix_4_load, i10 %loopWidth_1, i128 %bytePlanes_plane0, i1 %icmp_ln851, i1 %icmp_ln868_2, i1 %icmp_ln868_3, i11 %add_ln868, i1 %icmp_ln868, i48 %img, i8 %pix_7, i8 %pix_6, i8 %pix_5, i8 %pix_4" [C:/TFG_Vivado/vivado/axu2cga_trd.runs/design_1_v_frmbuf_wr_0_0_synth_1/prj/sol/.autopilot/db/v_frmbuf_wr.cpp:847]   --->   Operation 195 'call' 'call_ln847' <Predicate = true> <Delay = 0.00> <CoreType = "Generic">   --->   Generic Core
ST_11 : Operation 196 [1/1] (0.00ns)   --->   "%br_ln859 = br void %VITIS_LOOP_863_5" [C:/TFG_Vivado/vivado/axu2cga_trd.runs/design_1_v_frmbuf_wr_0_0_synth_1/prj/sol/.autopilot/db/v_frmbuf_wr.cpp:859]   --->   Operation 196 'br' 'br_ln859' <Predicate = true> <Delay = 0.00>

State 12 <SV = 1> <Delay = 1.43>
ST_12 : Operation 197 [1/1] (0.00ns)   --->   "%y_4 = load i11 %y" [C:/TFG_Vivado/vivado/axu2cga_trd.runs/design_1_v_frmbuf_wr_0_0_synth_1/prj/sol/.autopilot/db/v_frmbuf_wr.cpp:817]   --->   Operation 197 'load' 'y_4' <Predicate = true> <Delay = 0.00>
ST_12 : Operation 198 [1/1] (0.94ns)   --->   "%icmp_ln817 = icmp_eq  i11 %y_4, i11 %Height_val_read" [C:/TFG_Vivado/vivado/axu2cga_trd.runs/design_1_v_frmbuf_wr_0_0_synth_1/prj/sol/.autopilot/db/v_frmbuf_wr.cpp:817]   --->   Operation 198 'icmp' 'icmp_ln817' <Predicate = true> <Delay = 0.94> <CoreInst = "Cmp">   --->   Core 9 'Cmp' <Latency = 0> <II = 1> <Delay = 0.94> <FuncUnit> <Opcode : 'seteq' 'setne' 'setle' 'setge' 'setlt' 'setgt'> <InPorts = 2> <OutPorts = 1>
ST_12 : Operation 199 [1/1] (0.00ns)   --->   "%speclooptripcount_ln0 = speclooptripcount void @_ssdm_op_SpecLoopTripCount, i64 64, i64 1080, i64 0"   --->   Operation 199 'speclooptripcount' 'speclooptripcount_ln0' <Predicate = true> <Delay = 0.00>
ST_12 : Operation 200 [1/1] (0.94ns)   --->   "%y_5 = add i11 %y_4, i11 1" [C:/TFG_Vivado/vivado/axu2cga_trd.runs/design_1_v_frmbuf_wr_0_0_synth_1/prj/sol/.autopilot/db/v_frmbuf_wr.cpp:817]   --->   Operation 200 'add' 'y_5' <Predicate = true> <Delay = 0.94> <CoreInst = "Adder">   --->   Core 1 'Adder' <Latency = 0> <II = 1> <Delay = 0.94> <FuncUnit> <Opcode : 'add' 'sub'> <InPorts = 2> <OutPorts = 1>
ST_12 : Operation 201 [1/1] (0.00ns)   --->   "%br_ln817 = br i1 %icmp_ln817, void %VITIS_LOOP_824_2.lr.ph, void %if.end502.loopexit" [C:/TFG_Vivado/vivado/axu2cga_trd.runs/design_1_v_frmbuf_wr_0_0_synth_1/prj/sol/.autopilot/db/v_frmbuf_wr.cpp:817]   --->   Operation 201 'br' 'br_ln817' <Predicate = true> <Delay = 0.00>
ST_12 : Operation 202 [1/1] (0.00ns)   --->   "%pix_load = load i8 %pix"   --->   Operation 202 'load' 'pix_load' <Predicate = (!icmp_ln817)> <Delay = 0.00>
ST_12 : Operation 203 [1/1] (0.00ns)   --->   "%pix_1_load = load i8 %pix_1"   --->   Operation 203 'load' 'pix_1_load' <Predicate = (!icmp_ln817)> <Delay = 0.00>
ST_12 : Operation 204 [1/1] (0.00ns)   --->   "%pix_2_load = load i8 %pix_2"   --->   Operation 204 'load' 'pix_2_load' <Predicate = (!icmp_ln817)> <Delay = 0.00>
ST_12 : Operation 205 [1/1] (0.00ns)   --->   "%pix_3_load = load i8 %pix_3"   --->   Operation 205 'load' 'pix_3_load' <Predicate = (!icmp_ln817)> <Delay = 0.00>
ST_12 : Operation 206 [1/1] (0.48ns)   --->   "%store_ln817 = store i11 %y_5, i11 %y" [C:/TFG_Vivado/vivado/axu2cga_trd.runs/design_1_v_frmbuf_wr_0_0_synth_1/prj/sol/.autopilot/db/v_frmbuf_wr.cpp:817]   --->   Operation 206 'store' 'store_ln817' <Predicate = (!icmp_ln817)> <Delay = 0.48>
ST_12 : Operation 207 [1/1] (0.00ns)   --->   "%br_ln0 = br void %if.end502"   --->   Operation 207 'br' 'br_ln0' <Predicate = (icmp_ln817)> <Delay = 0.00>

State 13 <SV = 2> <Delay = 1.76>
ST_13 : Operation 208 [2/2] (1.76ns)   --->   "%call_ln805 = call void @MultiPixStream2Bytes_Pipeline_VITIS_LOOP_821_1, i8 %pix_3_load, i8 %pix_2_load, i8 %pix_1_load, i8 %pix_load, i10 %trunc_ln805_1, i128 %bytePlanes_plane0, i1 %icmp_ln809, i1 %icmp_ln826_2, i1 %icmp_ln826_3, i11 %add_ln826, i1 %icmp_ln826, i48 %img, i8 %pix_3, i8 %pix_2, i8 %pix_1, i8 %pix" [C:/TFG_Vivado/vivado/axu2cga_trd.runs/design_1_v_frmbuf_wr_0_0_synth_1/prj/sol/.autopilot/db/v_frmbuf_wr.cpp:805]   --->   Operation 208 'call' 'call_ln805' <Predicate = true> <Delay = 1.76> <CoreType = "Generic">   --->   Generic Core

State 14 <SV = 3> <Delay = 0.00>
ST_14 : Operation 209 [1/1] (0.00ns)   --->   "%specloopname_ln817 = specloopname void @_ssdm_op_SpecLoopName, void @empty_17" [C:/TFG_Vivado/vivado/axu2cga_trd.runs/design_1_v_frmbuf_wr_0_0_synth_1/prj/sol/.autopilot/db/v_frmbuf_wr.cpp:817]   --->   Operation 209 'specloopname' 'specloopname_ln817' <Predicate = true> <Delay = 0.00>
ST_14 : Operation 210 [1/2] (0.00ns)   --->   "%call_ln805 = call void @MultiPixStream2Bytes_Pipeline_VITIS_LOOP_821_1, i8 %pix_3_load, i8 %pix_2_load, i8 %pix_1_load, i8 %pix_load, i10 %trunc_ln805_1, i128 %bytePlanes_plane0, i1 %icmp_ln809, i1 %icmp_ln826_2, i1 %icmp_ln826_3, i11 %add_ln826, i1 %icmp_ln826, i48 %img, i8 %pix_3, i8 %pix_2, i8 %pix_1, i8 %pix" [C:/TFG_Vivado/vivado/axu2cga_trd.runs/design_1_v_frmbuf_wr_0_0_synth_1/prj/sol/.autopilot/db/v_frmbuf_wr.cpp:805]   --->   Operation 210 'call' 'call_ln805' <Predicate = true> <Delay = 0.00> <CoreType = "Generic">   --->   Generic Core
ST_14 : Operation 211 [1/1] (0.00ns)   --->   "%br_ln817 = br void %VITIS_LOOP_821_1" [C:/TFG_Vivado/vivado/axu2cga_trd.runs/design_1_v_frmbuf_wr_0_0_synth_1/prj/sol/.autopilot/db/v_frmbuf_wr.cpp:817]   --->   Operation 211 'br' 'br_ln817' <Predicate = true> <Delay = 0.00>


============================================================
+ Verbose Summary: Timing violations
============================================================
Target clock period: 5.000ns, clock uncertainty: 1.350ns.

 <State 1>: 2.186ns
The critical path consists of the following:
	wire read operation ('WidthInBytes_val_read') on port 'WidthInBytes_val' [9]  (0.000 ns)
	'icmp' operation 1 bit ('icmp_ln892', C:/TFG_Vivado/vivado/axu2cga_trd.runs/design_1_v_frmbuf_wr_0_0_synth_1/prj/sol/.autopilot/db/v_frmbuf_wr.cpp:892) [93]  (0.868 ns)
	'select' operation 4 bit ('remainPix', C:/TFG_Vivado/vivado/axu2cga_trd.runs/design_1_v_frmbuf_wr_0_0_synth_1/prj/sol/.autopilot/db/v_frmbuf_wr.cpp:892) [96]  (0.450 ns)
	'icmp' operation 1 bit ('icmp_ln909', C:/TFG_Vivado/vivado/axu2cga_trd.runs/design_1_v_frmbuf_wr_0_0_synth_1/prj/sol/.autopilot/db/v_frmbuf_wr.cpp:909) [98]  (0.868 ns)

 <State 2>: 3.599ns
The critical path consists of the following:
	'mul' operation 21 bit ('mul_ln1073', C:/TFG_Vivado/vivado/axu2cga_trd.runs/design_1_v_frmbuf_wr_0_0_synth_1/prj/sol/.autopilot/db/v_frmbuf_wr.cpp:1073) [35]  (2.678 ns)
	'add' operation 9 bit ('add_ln1095', C:/TFG_Vivado/vivado/axu2cga_trd.runs/design_1_v_frmbuf_wr_0_0_synth_1/prj/sol/.autopilot/db/v_frmbuf_wr.cpp:1095) [50]  (0.921 ns)

 <State 3>: 1.437ns
The critical path consists of the following:
	'load' operation 11 bit ('y', C:/TFG_Vivado/vivado/axu2cga_trd.runs/design_1_v_frmbuf_wr_0_0_synth_1/prj/sol/.autopilot/db/v_frmbuf_wr.cpp:1086) on local variable 'y', C:/TFG_Vivado/vivado/axu2cga_trd.runs/design_1_v_frmbuf_wr_0_0_synth_1/prj/sol/.autopilot/db/v_frmbuf_wr.cpp:1086 [65]  (0.000 ns)
	'icmp' operation 1 bit ('icmp_ln1086', C:/TFG_Vivado/vivado/axu2cga_trd.runs/design_1_v_frmbuf_wr_0_0_synth_1/prj/sol/.autopilot/db/v_frmbuf_wr.cpp:1086) [66]  (0.948 ns)
	'store' operation ('store_ln1086', C:/TFG_Vivado/vivado/axu2cga_trd.runs/design_1_v_frmbuf_wr_0_0_synth_1/prj/sol/.autopilot/db/v_frmbuf_wr.cpp:1086) of variable 'y', C:/TFG_Vivado/vivado/axu2cga_trd.runs/design_1_v_frmbuf_wr_0_0_synth_1/prj/sol/.autopilot/db/v_frmbuf_wr.cpp:1086 11 bit on local variable 'y', C:/TFG_Vivado/vivado/axu2cga_trd.runs/design_1_v_frmbuf_wr_0_0_synth_1/prj/sol/.autopilot/db/v_frmbuf_wr.cpp:1086 [79]  (0.489 ns)

 <State 4>: 1.741ns
The critical path consists of the following:
	'call' operation ('call_ln1074', C:/TFG_Vivado/vivado/axu2cga_trd.runs/design_1_v_frmbuf_wr_0_0_synth_1/prj/sol/.autopilot/db/v_frmbuf_wr.cpp:1074) to 'MultiPixStream2Bytes_Pipeline_VITIS_LOOP_1090_11' [78]  (1.741 ns)

 <State 5>: 0.000ns
The critical path consists of the following:

 <State 6>: 1.437ns
The critical path consists of the following:
	'load' operation 11 bit ('y', C:/TFG_Vivado/vivado/axu2cga_trd.runs/design_1_v_frmbuf_wr_0_0_synth_1/prj/sol/.autopilot/db/v_frmbuf_wr.cpp:900) on local variable 'y', C:/TFG_Vivado/vivado/axu2cga_trd.runs/design_1_v_frmbuf_wr_0_0_synth_1/prj/sol/.autopilot/db/v_frmbuf_wr.cpp:900 [110]  (0.000 ns)
	'add' operation 11 bit ('y', C:/TFG_Vivado/vivado/axu2cga_trd.runs/design_1_v_frmbuf_wr_0_0_synth_1/prj/sol/.autopilot/db/v_frmbuf_wr.cpp:900) [113]  (0.948 ns)
	'store' operation ('store_ln900', C:/TFG_Vivado/vivado/axu2cga_trd.runs/design_1_v_frmbuf_wr_0_0_synth_1/prj/sol/.autopilot/db/v_frmbuf_wr.cpp:900) of variable 'y', C:/TFG_Vivado/vivado/axu2cga_trd.runs/design_1_v_frmbuf_wr_0_0_synth_1/prj/sol/.autopilot/db/v_frmbuf_wr.cpp:900 11 bit on local variable 'y', C:/TFG_Vivado/vivado/axu2cga_trd.runs/design_1_v_frmbuf_wr_0_0_synth_1/prj/sol/.autopilot/db/v_frmbuf_wr.cpp:900 [123]  (0.489 ns)

 <State 7>: 1.768ns
The critical path consists of the following:
	'call' operation ('call_ln888', C:/TFG_Vivado/vivado/axu2cga_trd.runs/design_1_v_frmbuf_wr_0_0_synth_1/prj/sol/.autopilot/db/v_frmbuf_wr.cpp:888) to 'MultiPixStream2Bytes_Pipeline_VITIS_LOOP_904_8' [122]  (1.768 ns)

 <State 8>: 0.000ns
The critical path consists of the following:

 <State 9>: 1.437ns
The critical path consists of the following:
	'load' operation 11 bit ('y', C:/TFG_Vivado/vivado/axu2cga_trd.runs/design_1_v_frmbuf_wr_0_0_synth_1/prj/sol/.autopilot/db/v_frmbuf_wr.cpp:859) on local variable 'y', C:/TFG_Vivado/vivado/axu2cga_trd.runs/design_1_v_frmbuf_wr_0_0_synth_1/prj/sol/.autopilot/db/v_frmbuf_wr.cpp:859 [149]  (0.000 ns)
	'icmp' operation 1 bit ('icmp_ln859', C:/TFG_Vivado/vivado/axu2cga_trd.runs/design_1_v_frmbuf_wr_0_0_synth_1/prj/sol/.autopilot/db/v_frmbuf_wr.cpp:859) [150]  (0.948 ns)
	'store' operation ('store_ln859', C:/TFG_Vivado/vivado/axu2cga_trd.runs/design_1_v_frmbuf_wr_0_0_synth_1/prj/sol/.autopilot/db/v_frmbuf_wr.cpp:859) of variable 'y', C:/TFG_Vivado/vivado/axu2cga_trd.runs/design_1_v_frmbuf_wr_0_0_synth_1/prj/sol/.autopilot/db/v_frmbuf_wr.cpp:859 11 bit on local variable 'y', C:/TFG_Vivado/vivado/axu2cga_trd.runs/design_1_v_frmbuf_wr_0_0_synth_1/prj/sol/.autopilot/db/v_frmbuf_wr.cpp:859 [161]  (0.489 ns)

 <State 10>: 1.768ns
The critical path consists of the following:
	'call' operation ('call_ln847', C:/TFG_Vivado/vivado/axu2cga_trd.runs/design_1_v_frmbuf_wr_0_0_synth_1/prj/sol/.autopilot/db/v_frmbuf_wr.cpp:847) to 'MultiPixStream2Bytes_Pipeline_VITIS_LOOP_863_5' [160]  (1.768 ns)

 <State 11>: 0.000ns
The critical path consists of the following:

 <State 12>: 1.437ns
The critical path consists of the following:
	'load' operation 11 bit ('y', C:/TFG_Vivado/vivado/axu2cga_trd.runs/design_1_v_frmbuf_wr_0_0_synth_1/prj/sol/.autopilot/db/v_frmbuf_wr.cpp:817) on local variable 'y', C:/TFG_Vivado/vivado/axu2cga_trd.runs/design_1_v_frmbuf_wr_0_0_synth_1/prj/sol/.autopilot/db/v_frmbuf_wr.cpp:817 [187]  (0.000 ns)
	'add' operation 11 bit ('y', C:/TFG_Vivado/vivado/axu2cga_trd.runs/design_1_v_frmbuf_wr_0_0_synth_1/prj/sol/.autopilot/db/v_frmbuf_wr.cpp:817) [190]  (0.948 ns)
	'store' operation ('store_ln817', C:/TFG_Vivado/vivado/axu2cga_trd.runs/design_1_v_frmbuf_wr_0_0_synth_1/prj/sol/.autopilot/db/v_frmbuf_wr.cpp:817) of variable 'y', C:/TFG_Vivado/vivado/axu2cga_trd.runs/design_1_v_frmbuf_wr_0_0_synth_1/prj/sol/.autopilot/db/v_frmbuf_wr.cpp:817 11 bit on local variable 'y', C:/TFG_Vivado/vivado/axu2cga_trd.runs/design_1_v_frmbuf_wr_0_0_synth_1/prj/sol/.autopilot/db/v_frmbuf_wr.cpp:817 [199]  (0.489 ns)

 <State 13>: 1.768ns
The critical path consists of the following:
	'call' operation ('call_ln805', C:/TFG_Vivado/vivado/axu2cga_trd.runs/design_1_v_frmbuf_wr_0_0_synth_1/prj/sol/.autopilot/db/v_frmbuf_wr.cpp:805) to 'MultiPixStream2Bytes_Pipeline_VITIS_LOOP_821_1' [198]  (1.768 ns)

 <State 14>: 0.000ns
The critical path consists of the following:


============================================================
+ Verbose Summary: Binding
============================================================
N/A
* FSMD analyzer results:
  - Output states:
 - Input state : 
  - Chain level:
	State 1
	State 2
	State 3
	State 4
	State 5
	State 6
	State 7
	State 8
	State 9
	State 10
	State 11
	State 12
	State 13
	State 14


============================================================
+ Verbose Summary: Datapath Resource usage 
============================================================
N/A
