

================================================================
== Vitis HLS Report for 'MultiPixStream2Bytes_Pipeline_VITIS_LOOP_1090_11'
================================================================
* Date:           Wed Jan 21 13:02:23 2026

* Version:        2025.2 (Build 6295257 on Nov 14 2025)
* Project:        prj
* Solution:       sol (Vivado IP Flow Target)
* Product family: zynquplus
* Target device:  xczu2cg-sfvc784-1-e


================================================================
== Performance Estimates
================================================================
+ Timing: 
    * Summary: 
    +--------+---------+----------+------------+
    |  Clock |  Target | Estimated| Uncertainty|
    +--------+---------+----------+------------+
    |ap_clk  |  5.00 ns|  2.314 ns|     1.35 ns|
    +--------+---------+----------+------------+

+ Latency: 
    * Summary: 
    +---------+---------+-----------+----------+-----+-----+-------------------+
    |  Latency (cycles) |  Latency (absolute)  |  Interval |      Pipeline     |
    |   min   |   max   |    min    |    max   | min | max |        Type       |
    +---------+---------+-----------+----------+-----+-----+-------------------+
    |        3|     1923|  15.000 ns|  9.615 us|    0|    0|  loop pipeline stp|
    +---------+---------+-----------+----------+-----+-----+-------------------+

    + Detail: 
        * Instance: 
        N/A

        * Loop: 
        +----------------------+---------+---------+----------+-----------+-----------+---------+----------+
        |                      |  Latency (cycles) | Iteration|  Initiation Interval  |   Trip  |          |
        |       Loop Name      |   min   |   max   |  Latency |  achieved |   target  |  Count  | Pipelined|
        +----------------------+---------+---------+----------+-----------+-----------+---------+----------+
        |- VITIS_LOOP_1090_11  |        1|     1921|        10|          8|          8|  0 ~ 240|       yes|
        +----------------------+---------+---------+----------+-----------+-----------+---------+----------+

============================================================
+ Verbose Summary: Synthesis Manager
============================================================
InlineROM: 1
ExposeGlobal: 0
============================================================
+ Verbose Summary: CDFG Model
============================================================
IsTopModel: 0
ResetActiveHigh: 1
IsCombinational: 0
IsDatapathOnly: 0
HasWiredReturn: 1
HasMFsm: 2
HasVarLatency: 1
IsPipeline: 0
IsRtlPipelined: 0
IsInstanceOverlapped: 0
IsDontTouch: 0
HasImplIP: 0
IsGatedGlobalClock: 0

+ Individual pipeline summary: 
  * Pipeline-0: initiation interval (II) = 8, depth = 10


============================================================
+ Verbose Summary: Schedule
============================================================
* Number of FSM states : 10
* Pipeline : 1
  Pipeline-0 : II = 8, D = 10, States = { 1 2 3 4 5 6 7 8 9 10 }
* Dataflow Pipeline: 0

* FSM state transitions: 
1 --> 2 
2 --> 3 
3 --> 4 
4 --> 5 
5 --> 6 
6 --> 7 
7 --> 8 
8 --> 9 
9 --> 10 
10 --> 

* FSM state operations: 

State 1 <SV = 0> <Delay = 2.22>
ST_1 : Operation 13 [1/1] (0.00ns)   --->   "%x_3 = alloca i32 1" [C:/TFG_Vivado/vivado/axu2cga_trd.runs/design_1_v_frmbuf_wr_0_0_synth_1/prj/sol/.autopilot/db/v_frmbuf_wr.cpp:1090]   --->   Operation 13 'alloca' 'x_3' <Predicate = true> <Delay = 0.00>
ST_1 : Operation 14 [1/1] (0.00ns)   --->   "%pix_30 = alloca i32 1" [C:/TFG_Vivado/vivado/axu2cga_trd.runs/design_1_v_frmbuf_wr_0_0_synth_1/prj/sol/.autopilot/db/v_frmbuf_wr.cpp:431]   --->   Operation 14 'alloca' 'pix_30' <Predicate = true> <Delay = 0.00>
ST_1 : Operation 15 [1/1] (0.00ns)   --->   "%pix_31 = alloca i32 1" [C:/TFG_Vivado/vivado/axu2cga_trd.runs/design_1_v_frmbuf_wr_0_0_synth_1/prj/sol/.autopilot/db/v_frmbuf_wr.cpp:431]   --->   Operation 15 'alloca' 'pix_31' <Predicate = true> <Delay = 0.00>
ST_1 : Operation 16 [1/1] (0.00ns)   --->   "%pix_32 = alloca i32 1" [C:/TFG_Vivado/vivado/axu2cga_trd.runs/design_1_v_frmbuf_wr_0_0_synth_1/prj/sol/.autopilot/db/v_frmbuf_wr.cpp:431]   --->   Operation 16 'alloca' 'pix_32' <Predicate = true> <Delay = 0.00>
ST_1 : Operation 17 [1/1] (0.00ns)   --->   "%pix_33 = alloca i32 1" [C:/TFG_Vivado/vivado/axu2cga_trd.runs/design_1_v_frmbuf_wr_0_0_synth_1/prj/sol/.autopilot/db/v_frmbuf_wr.cpp:431]   --->   Operation 17 'alloca' 'pix_33' <Predicate = true> <Delay = 0.00>
ST_1 : Operation 18 [1/1] (0.00ns)   --->   "%pix_38 = alloca i32 1" [C:/TFG_Vivado/vivado/axu2cga_trd.runs/design_1_v_frmbuf_wr_0_0_synth_1/prj/sol/.autopilot/db/v_frmbuf_wr.cpp:431]   --->   Operation 18 'alloca' 'pix_38' <Predicate = true> <Delay = 0.00>
ST_1 : Operation 19 [1/1] (0.00ns)   --->   "%pix_39 = alloca i32 1" [C:/TFG_Vivado/vivado/axu2cga_trd.runs/design_1_v_frmbuf_wr_0_0_synth_1/prj/sol/.autopilot/db/v_frmbuf_wr.cpp:431]   --->   Operation 19 'alloca' 'pix_39' <Predicate = true> <Delay = 0.00>
ST_1 : Operation 20 [1/1] (0.00ns)   --->   "%icmp_ln1095_read = read i1 @_ssdm_op_Read.ap_auto.i1, i1 %icmp_ln1095"   --->   Operation 20 'read' 'icmp_ln1095_read' <Predicate = true> <Delay = 0.00>
ST_1 : Operation 21 [1/1] (0.00ns)   --->   "%add_ln1095_read = read i9 @_ssdm_op_Read.ap_auto.i9, i9 %add_ln1095"   --->   Operation 21 'read' 'add_ln1095_read' <Predicate = true> <Delay = 0.00>
ST_1 : Operation 22 [1/1] (0.00ns)   --->   "%icmp18_read = read i1 @_ssdm_op_Read.ap_auto.i1, i1 %icmp18"   --->   Operation 22 'read' 'icmp18_read' <Predicate = true> <Delay = 0.00>
ST_1 : Operation 23 [1/1] (0.00ns)   --->   "%icmp_ln1095_2_read = read i1 @_ssdm_op_Read.ap_auto.i1, i1 %icmp_ln1095_2"   --->   Operation 23 'read' 'icmp_ln1095_2_read' <Predicate = true> <Delay = 0.00>
ST_1 : Operation 24 [1/1] (0.00ns)   --->   "%icmp21_read = read i1 @_ssdm_op_Read.ap_auto.i1, i1 %icmp21"   --->   Operation 24 'read' 'icmp21_read' <Predicate = true> <Delay = 0.00>
ST_1 : Operation 25 [1/1] (0.00ns)   --->   "%icmp_ln1095_4_read = read i1 @_ssdm_op_Read.ap_auto.i1, i1 %icmp_ln1095_4"   --->   Operation 25 'read' 'icmp_ln1095_4_read' <Predicate = true> <Delay = 0.00>
ST_1 : Operation 26 [1/1] (0.00ns)   --->   "%icmp_ln1095_5_read = read i1 @_ssdm_op_Read.ap_auto.i1, i1 %icmp_ln1095_5"   --->   Operation 26 'read' 'icmp_ln1095_5_read' <Predicate = true> <Delay = 0.00>
ST_1 : Operation 27 [1/1] (0.00ns)   --->   "%icmp_ln1095_6_read = read i1 @_ssdm_op_Read.ap_auto.i1, i1 %icmp_ln1095_6"   --->   Operation 27 'read' 'icmp_ln1095_6_read' <Predicate = true> <Delay = 0.00>
ST_1 : Operation 28 [1/1] (0.00ns)   --->   "%icmp_ln1077_read = read i1 @_ssdm_op_Read.ap_auto.i1, i1 %icmp_ln1077"   --->   Operation 28 'read' 'icmp_ln1077_read' <Predicate = true> <Delay = 0.00>
ST_1 : Operation 29 [1/1] (0.00ns)   --->   "%tmp_2 = read i1 @_ssdm_op_Read.ap_auto.i1, i1 %empty"   --->   Operation 29 'read' 'tmp_2' <Predicate = true> <Delay = 0.00>
ST_1 : Operation 30 [1/1] (0.00ns)   --->   "%icmp_ln1110_1_read = read i1 @_ssdm_op_Read.ap_auto.i1, i1 %icmp_ln1110_1"   --->   Operation 30 'read' 'icmp_ln1110_1_read' <Predicate = true> <Delay = 0.00>
ST_1 : Operation 31 [1/1] (0.00ns)   --->   "%trunc_ln1_read = read i8 @_ssdm_op_Read.ap_auto.i8, i8 %trunc_ln1"   --->   Operation 31 'read' 'trunc_ln1_read' <Predicate = true> <Delay = 0.00>
ST_1 : Operation 32 [1/1] (0.00ns)   --->   "%pix_24_read = read i8 @_ssdm_op_Read.ap_auto.i8, i8 %pix_24"   --->   Operation 32 'read' 'pix_24_read' <Predicate = true> <Delay = 0.00>
ST_1 : Operation 33 [1/1] (0.00ns)   --->   "%pix_25_read = read i8 @_ssdm_op_Read.ap_auto.i8, i8 %pix_25"   --->   Operation 33 'read' 'pix_25_read' <Predicate = true> <Delay = 0.00>
ST_1 : Operation 34 [1/1] (0.00ns)   --->   "%pix_26_read = read i8 @_ssdm_op_Read.ap_auto.i8, i8 %pix_26"   --->   Operation 34 'read' 'pix_26_read' <Predicate = true> <Delay = 0.00>
ST_1 : Operation 35 [1/1] (0.00ns)   --->   "%pix_27_read = read i8 @_ssdm_op_Read.ap_auto.i8, i8 %pix_27"   --->   Operation 35 'read' 'pix_27_read' <Predicate = true> <Delay = 0.00>
ST_1 : Operation 36 [1/1] (0.00ns)   --->   "%pix_28_read = read i8 @_ssdm_op_Read.ap_auto.i8, i8 %pix_28"   --->   Operation 36 'read' 'pix_28_read' <Predicate = true> <Delay = 0.00>
ST_1 : Operation 37 [1/1] (0.00ns)   --->   "%pix_29_read = read i8 @_ssdm_op_Read.ap_auto.i8, i8 %pix_29"   --->   Operation 37 'read' 'pix_29_read' <Predicate = true> <Delay = 0.00>
ST_1 : Operation 38 [1/1] (0.00ns)   --->   "%specmemcore_ln0 = specmemcore void @_ssdm_op_SpecMemCore, i128 %bytePlanes_plane0, i64 666, i64 8, i64 18446744073709551615, i1 0"   --->   Operation 38 'specmemcore' 'specmemcore_ln0' <Predicate = true> <Delay = 0.00>
ST_1 : Operation 39 [1/1] (0.00ns)   --->   "%specinterface_ln0 = specinterface void @_ssdm_op_SpecInterface, i48 %img, void @empty_11, i32 0, i32 0, void @empty_29, i32 0, i32 0, void @empty_29, void @empty_29, void @empty_29, i32 0, i32 0, i32 0, i32 0, void @empty_29, void @empty_29, i32 4294967295, i32 0, i32 0, i32 0"   --->   Operation 39 'specinterface' 'specinterface_ln0' <Predicate = true> <Delay = 0.00>
ST_1 : Operation 40 [1/1] (0.00ns)   --->   "%specinterface_ln0 = specinterface void @_ssdm_op_SpecInterface, i128 %bytePlanes_plane0, void @empty_11, i32 0, i32 0, void @empty_29, i32 0, i32 0, void @empty_29, void @empty_29, void @empty_29, i32 0, i32 0, i32 0, i32 0, void @empty_29, void @empty_29, i32 4294967295, i32 0, i32 0, i32 0"   --->   Operation 40 'specinterface' 'specinterface_ln0' <Predicate = true> <Delay = 0.00>
ST_1 : Operation 41 [1/1] (0.48ns)   --->   "%store_ln431 = store i8 %pix_29_read, i8 %pix_39" [C:/TFG_Vivado/vivado/axu2cga_trd.runs/design_1_v_frmbuf_wr_0_0_synth_1/prj/sol/.autopilot/db/v_frmbuf_wr.cpp:431]   --->   Operation 41 'store' 'store_ln431' <Predicate = true> <Delay = 0.48>
ST_1 : Operation 42 [1/1] (0.48ns)   --->   "%store_ln431 = store i8 %pix_28_read, i8 %pix_38" [C:/TFG_Vivado/vivado/axu2cga_trd.runs/design_1_v_frmbuf_wr_0_0_synth_1/prj/sol/.autopilot/db/v_frmbuf_wr.cpp:431]   --->   Operation 42 'store' 'store_ln431' <Predicate = true> <Delay = 0.48>
ST_1 : Operation 43 [1/1] (0.48ns)   --->   "%store_ln431 = store i8 %pix_27_read, i8 %pix_33" [C:/TFG_Vivado/vivado/axu2cga_trd.runs/design_1_v_frmbuf_wr_0_0_synth_1/prj/sol/.autopilot/db/v_frmbuf_wr.cpp:431]   --->   Operation 43 'store' 'store_ln431' <Predicate = true> <Delay = 0.48>
ST_1 : Operation 44 [1/1] (0.48ns)   --->   "%store_ln431 = store i8 %pix_26_read, i8 %pix_32" [C:/TFG_Vivado/vivado/axu2cga_trd.runs/design_1_v_frmbuf_wr_0_0_synth_1/prj/sol/.autopilot/db/v_frmbuf_wr.cpp:431]   --->   Operation 44 'store' 'store_ln431' <Predicate = true> <Delay = 0.48>
ST_1 : Operation 45 [1/1] (0.48ns)   --->   "%store_ln431 = store i8 %pix_25_read, i8 %pix_31" [C:/TFG_Vivado/vivado/axu2cga_trd.runs/design_1_v_frmbuf_wr_0_0_synth_1/prj/sol/.autopilot/db/v_frmbuf_wr.cpp:431]   --->   Operation 45 'store' 'store_ln431' <Predicate = true> <Delay = 0.48>
ST_1 : Operation 46 [1/1] (0.48ns)   --->   "%store_ln431 = store i8 %pix_24_read, i8 %pix_30" [C:/TFG_Vivado/vivado/axu2cga_trd.runs/design_1_v_frmbuf_wr_0_0_synth_1/prj/sol/.autopilot/db/v_frmbuf_wr.cpp:431]   --->   Operation 46 'store' 'store_ln431' <Predicate = true> <Delay = 0.48>
ST_1 : Operation 47 [1/1] (0.48ns)   --->   "%store_ln1090 = store i8 0, i8 %x_3" [C:/TFG_Vivado/vivado/axu2cga_trd.runs/design_1_v_frmbuf_wr_0_0_synth_1/prj/sol/.autopilot/db/v_frmbuf_wr.cpp:1090]   --->   Operation 47 'store' 'store_ln1090' <Predicate = true> <Delay = 0.48>
ST_1 : Operation 48 [1/1] (0.00ns)   --->   "%br_ln1090 = br void %VITIS_LOOP_1093_12" [C:/TFG_Vivado/vivado/axu2cga_trd.runs/design_1_v_frmbuf_wr_0_0_synth_1/prj/sol/.autopilot/db/v_frmbuf_wr.cpp:1090]   --->   Operation 48 'br' 'br_ln1090' <Predicate = true> <Delay = 0.00>
ST_1 : Operation 49 [1/1] (0.00ns)   --->   "%x = load i8 %x_3" [C:/TFG_Vivado/vivado/axu2cga_trd.runs/design_1_v_frmbuf_wr_0_0_synth_1/prj/sol/.autopilot/db/v_frmbuf_wr.cpp:1090]   --->   Operation 49 'load' 'x' <Predicate = true> <Delay = 0.00>
ST_1 : Operation 50 [1/1] (0.00ns)   --->   "%zext_ln1090 = zext i8 %x" [C:/TFG_Vivado/vivado/axu2cga_trd.runs/design_1_v_frmbuf_wr_0_0_synth_1/prj/sol/.autopilot/db/v_frmbuf_wr.cpp:1090]   --->   Operation 50 'zext' 'zext_ln1090' <Predicate = true> <Delay = 0.00>
ST_1 : Operation 51 [1/1] (0.90ns)   --->   "%icmp_ln1090 = icmp_ult  i8 %x, i8 %trunc_ln1_read" [C:/TFG_Vivado/vivado/axu2cga_trd.runs/design_1_v_frmbuf_wr_0_0_synth_1/prj/sol/.autopilot/db/v_frmbuf_wr.cpp:1090]   --->   Operation 51 'icmp' 'icmp_ln1090' <Predicate = true> <Delay = 0.90> <CoreInst = "Cmp">   --->   Core 9 'Cmp' <Latency = 0> <II = 1> <Delay = 0.90> <FuncUnit> <Opcode : 'seteq' 'setne' 'setle' 'setge' 'setlt' 'setgt'> <InPorts = 2> <OutPorts = 1>
ST_1 : Operation 52 [1/1] (0.90ns)   --->   "%x_6 = add i8 %x, i8 1" [C:/TFG_Vivado/vivado/axu2cga_trd.runs/design_1_v_frmbuf_wr_0_0_synth_1/prj/sol/.autopilot/db/v_frmbuf_wr.cpp:1090]   --->   Operation 52 'add' 'x_6' <Predicate = true> <Delay = 0.90> <CoreInst = "Adder">   --->   Core 1 'Adder' <Latency = 0> <II = 1> <Delay = 0.90> <FuncUnit> <Opcode : 'add' 'sub'> <InPorts = 2> <OutPorts = 1>
ST_1 : Operation 53 [1/1] (0.00ns)   --->   "%br_ln1090 = br i1 %icmp_ln1090, void %for.inc439.exitStub, void %VITIS_LOOP_1093_12.split" [C:/TFG_Vivado/vivado/axu2cga_trd.runs/design_1_v_frmbuf_wr_0_0_synth_1/prj/sol/.autopilot/db/v_frmbuf_wr.cpp:1090]   --->   Operation 53 'br' 'br_ln1090' <Predicate = true> <Delay = 0.00>
ST_1 : Operation 54 [1/1] (0.00ns)   --->   "%specpipeline_ln1092 = specpipeline void @_ssdm_op_SpecPipeline, i32 8, i32 0, i32 0, i32 0, i32 4294967295, void @empty_29" [C:/TFG_Vivado/vivado/axu2cga_trd.runs/design_1_v_frmbuf_wr_0_0_synth_1/prj/sol/.autopilot/db/v_frmbuf_wr.cpp:1092]   --->   Operation 54 'specpipeline' 'specpipeline_ln1092' <Predicate = (icmp_ln1090)> <Delay = 0.00>
ST_1 : Operation 55 [1/1] (0.00ns)   --->   "%specloopname_ln1090 = specloopname void @_ssdm_op_SpecLoopName, void @empty_22" [C:/TFG_Vivado/vivado/axu2cga_trd.runs/design_1_v_frmbuf_wr_0_0_synth_1/prj/sol/.autopilot/db/v_frmbuf_wr.cpp:1090]   --->   Operation 55 'specloopname' 'specloopname_ln1090' <Predicate = (icmp_ln1090)> <Delay = 0.00>
ST_1 : Operation 56 [1/1] (0.92ns)   --->   "%icmp_ln1095_1 = icmp_slt  i9 %zext_ln1090, i9 %add_ln1095_read" [C:/TFG_Vivado/vivado/axu2cga_trd.runs/design_1_v_frmbuf_wr_0_0_synth_1/prj/sol/.autopilot/db/v_frmbuf_wr.cpp:1095]   --->   Operation 56 'icmp' 'icmp_ln1095_1' <Predicate = (icmp_ln1090)> <Delay = 0.92> <CoreInst = "Cmp">   --->   Core 9 'Cmp' <Latency = 0> <II = 1> <Delay = 0.92> <FuncUnit> <Opcode : 'seteq' 'setne' 'setle' 'setge' 'setlt' 'setgt'> <InPorts = 2> <OutPorts = 1>
ST_1 : Operation 57 [1/1] (0.33ns)   --->   "%or_ln1095 = or i1 %icmp_ln1095_1, i1 %icmp_ln1095_read" [C:/TFG_Vivado/vivado/axu2cga_trd.runs/design_1_v_frmbuf_wr_0_0_synth_1/prj/sol/.autopilot/db/v_frmbuf_wr.cpp:1095]   --->   Operation 57 'or' 'or_ln1095' <Predicate = (icmp_ln1090)> <Delay = 0.33> <CoreInst = "LogicGate">   --->   Core 74 'LogicGate' <Latency = 0> <II = 1> <Delay = 0.33> <FuncUnit> <Opcode : 'and' 'or' 'xor'> <InPorts = 2> <OutPorts = 1>
ST_1 : Operation 58 [1/1] (0.48ns)   --->   "%br_ln1095 = br i1 %or_ln1095, void %for.inc401, void %if.then373" [C:/TFG_Vivado/vivado/axu2cga_trd.runs/design_1_v_frmbuf_wr_0_0_synth_1/prj/sol/.autopilot/db/v_frmbuf_wr.cpp:1095]   --->   Operation 58 'br' 'br_ln1095' <Predicate = (icmp_ln1090)> <Delay = 0.48>
ST_1 : Operation 59 [1/1] (0.48ns)   --->   "%br_ln1096 = br void %for.inc401" [C:/TFG_Vivado/vivado/axu2cga_trd.runs/design_1_v_frmbuf_wr_0_0_synth_1/prj/sol/.autopilot/db/v_frmbuf_wr.cpp:1096]   --->   Operation 59 'br' 'br_ln1096' <Predicate = (icmp_ln1090 & or_ln1095)> <Delay = 0.48>
ST_1 : Operation 60 [1/1] (0.33ns)   --->   "%or_ln1095_1 = or i1 %icmp_ln1095_1, i1 %icmp18_read" [C:/TFG_Vivado/vivado/axu2cga_trd.runs/design_1_v_frmbuf_wr_0_0_synth_1/prj/sol/.autopilot/db/v_frmbuf_wr.cpp:1095]   --->   Operation 60 'or' 'or_ln1095_1' <Predicate = (icmp_ln1090)> <Delay = 0.33> <CoreInst = "LogicGate">   --->   Core 74 'LogicGate' <Latency = 0> <II = 1> <Delay = 0.33> <FuncUnit> <Opcode : 'and' 'or' 'xor'> <InPorts = 2> <OutPorts = 1>
ST_1 : Operation 61 [1/1] (0.48ns)   --->   "%br_ln1095 = br i1 %or_ln1095_1, void %for.inc401.1, void %if.then373.1" [C:/TFG_Vivado/vivado/axu2cga_trd.runs/design_1_v_frmbuf_wr_0_0_synth_1/prj/sol/.autopilot/db/v_frmbuf_wr.cpp:1095]   --->   Operation 61 'br' 'br_ln1095' <Predicate = (icmp_ln1090)> <Delay = 0.48>
ST_1 : Operation 62 [1/1] (0.33ns)   --->   "%or_ln1095_2 = or i1 %icmp_ln1095_1, i1 %icmp_ln1095_2_read" [C:/TFG_Vivado/vivado/axu2cga_trd.runs/design_1_v_frmbuf_wr_0_0_synth_1/prj/sol/.autopilot/db/v_frmbuf_wr.cpp:1095]   --->   Operation 62 'or' 'or_ln1095_2' <Predicate = (icmp_ln1090)> <Delay = 0.33> <CoreInst = "LogicGate">   --->   Core 74 'LogicGate' <Latency = 0> <II = 1> <Delay = 0.33> <FuncUnit> <Opcode : 'and' 'or' 'xor'> <InPorts = 2> <OutPorts = 1>
ST_1 : Operation 63 [1/1] (0.48ns)   --->   "%br_ln1095 = br i1 %or_ln1095_2, void %for.inc401.2, void %if.then373.2" [C:/TFG_Vivado/vivado/axu2cga_trd.runs/design_1_v_frmbuf_wr_0_0_synth_1/prj/sol/.autopilot/db/v_frmbuf_wr.cpp:1095]   --->   Operation 63 'br' 'br_ln1095' <Predicate = (icmp_ln1090)> <Delay = 0.48>
ST_1 : Operation 64 [1/1] (0.33ns)   --->   "%or_ln1110 = or i1 %icmp_ln1095_1, i1 %tmp_2" [C:/TFG_Vivado/vivado/axu2cga_trd.runs/design_1_v_frmbuf_wr_0_0_synth_1/prj/sol/.autopilot/db/v_frmbuf_wr.cpp:1110]   --->   Operation 64 'or' 'or_ln1110' <Predicate = (icmp_ln1090)> <Delay = 0.33> <CoreInst = "LogicGate">   --->   Core 74 'LogicGate' <Latency = 0> <II = 1> <Delay = 0.33> <FuncUnit> <Opcode : 'and' 'or' 'xor'> <InPorts = 2> <OutPorts = 1>
ST_1 : Operation 65 [1/1] (0.00ns)   --->   "%br_ln1110 = br i1 %or_ln1110, void %for.inc433.1, void %if.then424.1" [C:/TFG_Vivado/vivado/axu2cga_trd.runs/design_1_v_frmbuf_wr_0_0_synth_1/prj/sol/.autopilot/db/v_frmbuf_wr.cpp:1110]   --->   Operation 65 'br' 'br_ln1110' <Predicate = (icmp_ln1090)> <Delay = 0.00>
ST_1 : Operation 66 [1/1] (0.33ns)   --->   "%or_ln1110_1 = or i1 %icmp_ln1095_1, i1 %icmp_ln1110_1_read" [C:/TFG_Vivado/vivado/axu2cga_trd.runs/design_1_v_frmbuf_wr_0_0_synth_1/prj/sol/.autopilot/db/v_frmbuf_wr.cpp:1110]   --->   Operation 66 'or' 'or_ln1110_1' <Predicate = (icmp_ln1090)> <Delay = 0.33> <CoreInst = "LogicGate">   --->   Core 74 'LogicGate' <Latency = 0> <II = 1> <Delay = 0.33> <FuncUnit> <Opcode : 'and' 'or' 'xor'> <InPorts = 2> <OutPorts = 1>
ST_1 : Operation 67 [1/1] (0.00ns)   --->   "%br_ln1110 = br i1 %or_ln1110_1, void %for.inc433.2, void %if.then424.2" [C:/TFG_Vivado/vivado/axu2cga_trd.runs/design_1_v_frmbuf_wr_0_0_synth_1/prj/sol/.autopilot/db/v_frmbuf_wr.cpp:1110]   --->   Operation 67 'br' 'br_ln1110' <Predicate = (icmp_ln1090)> <Delay = 0.00>
ST_1 : Operation 68 [1/1] (0.48ns)   --->   "%store_ln1090 = store i8 %x_6, i8 %x_3" [C:/TFG_Vivado/vivado/axu2cga_trd.runs/design_1_v_frmbuf_wr_0_0_synth_1/prj/sol/.autopilot/db/v_frmbuf_wr.cpp:1090]   --->   Operation 68 'store' 'store_ln1090' <Predicate = (icmp_ln1090)> <Delay = 0.48>

State 2 <SV = 1> <Delay = 1.82>
ST_2 : Operation 69 [1/1] (0.00ns)   --->   "%pix = load i8 %pix_30"   --->   Operation 69 'load' 'pix' <Predicate = true> <Delay = 0.00>
ST_2 : Operation 70 [1/1] (0.00ns)   --->   "%pix_113 = load i8 %pix_31"   --->   Operation 70 'load' 'pix_113' <Predicate = true> <Delay = 0.00>
ST_2 : Operation 71 [1/1] (0.00ns)   --->   "%pix_120 = load i8 %pix_32"   --->   Operation 71 'load' 'pix_120' <Predicate = true> <Delay = 0.00>
ST_2 : Operation 72 [1/1] (0.00ns)   --->   "%pix_121 = load i8 %pix_33"   --->   Operation 72 'load' 'pix_121' <Predicate = true> <Delay = 0.00>
ST_2 : Operation 73 [1/1] (0.00ns)   --->   "%pix_122 = load i8 %pix_38"   --->   Operation 73 'load' 'pix_122' <Predicate = true> <Delay = 0.00>
ST_2 : Operation 74 [1/1] (0.00ns)   --->   "%pix_123 = load i8 %pix_39"   --->   Operation 74 'load' 'pix_123' <Predicate = true> <Delay = 0.00>
ST_2 : Operation 75 [1/1] (0.00ns)   --->   "%speclooptripcount_ln0 = speclooptripcount void @_ssdm_op_SpecLoopTripCount, i64 0, i64 240, i64 0"   --->   Operation 75 'speclooptripcount' 'speclooptripcount_ln0' <Predicate = true> <Delay = 0.00>
ST_2 : Operation 76 [1/1] ( I:1.82ns O:1.82ns )   --->   "%img_read = read i48 @_ssdm_op_Read.ap_fifo.volatile.i48P0A, i48 %img" [C:/TFG_Vivado/vivado/axu2cga_trd.runs/design_1_v_frmbuf_wr_0_0_synth_1/prj/sol/.autopilot/db/v_frmbuf_wr.cpp:1096]   --->   Operation 76 'read' 'img_read' <Predicate = (icmp_ln1090 & or_ln1095)> <Delay = 1.82> <CoreInst = "FIFO_SRL">   --->   Core 80 'FIFO_SRL' <Latency = 0> <II = 1> <Delay = 2.16> <Storage> <Opcode : 'read' 'write' 'nbread' 'nbwrite'> <Ports = 0> <Width = 48> <Depth = 2> <FIFO>
ST_2 : Operation 77 [1/1] (0.00ns)   --->   "%pix_124 = trunc i48 %img_read" [C:/TFG_Vivado/vivado/axu2cga_trd.runs/design_1_v_frmbuf_wr_0_0_synth_1/prj/sol/.autopilot/db/v_frmbuf_wr.cpp:1096]   --->   Operation 77 'trunc' 'pix_124' <Predicate = (icmp_ln1090 & or_ln1095)> <Delay = 0.00>
ST_2 : Operation 78 [1/1] (0.00ns)   --->   "%pix_64 = partselect i8 @_ssdm_op_PartSelect.i8.i48.i32.i32, i48 %img_read, i32 8, i32 15" [C:/TFG_Vivado/vivado/axu2cga_trd.runs/design_1_v_frmbuf_wr_0_0_synth_1/prj/sol/.autopilot/db/v_frmbuf_wr.cpp:1096]   --->   Operation 78 'partselect' 'pix_64' <Predicate = (icmp_ln1090 & or_ln1095)> <Delay = 0.00>
ST_2 : Operation 79 [1/1] (0.00ns)   --->   "%pix_65 = partselect i8 @_ssdm_op_PartSelect.i8.i48.i32.i32, i48 %img_read, i32 16, i32 23" [C:/TFG_Vivado/vivado/axu2cga_trd.runs/design_1_v_frmbuf_wr_0_0_synth_1/prj/sol/.autopilot/db/v_frmbuf_wr.cpp:1096]   --->   Operation 79 'partselect' 'pix_65' <Predicate = (icmp_ln1090 & or_ln1095)> <Delay = 0.00>
ST_2 : Operation 80 [1/1] (0.00ns)   --->   "%pix_70 = partselect i8 @_ssdm_op_PartSelect.i8.i48.i32.i32, i48 %img_read, i32 24, i32 31" [C:/TFG_Vivado/vivado/axu2cga_trd.runs/design_1_v_frmbuf_wr_0_0_synth_1/prj/sol/.autopilot/db/v_frmbuf_wr.cpp:1096]   --->   Operation 80 'partselect' 'pix_70' <Predicate = (icmp_ln1090 & or_ln1095)> <Delay = 0.00>
ST_2 : Operation 81 [1/1] (0.00ns)   --->   "%pix_71 = partselect i8 @_ssdm_op_PartSelect.i8.i48.i32.i32, i48 %img_read, i32 32, i32 39" [C:/TFG_Vivado/vivado/axu2cga_trd.runs/design_1_v_frmbuf_wr_0_0_synth_1/prj/sol/.autopilot/db/v_frmbuf_wr.cpp:1096]   --->   Operation 81 'partselect' 'pix_71' <Predicate = (icmp_ln1090 & or_ln1095)> <Delay = 0.00>
ST_2 : Operation 82 [1/1] (0.00ns)   --->   "%pix_72 = partselect i8 @_ssdm_op_PartSelect.i8.i48.i32.i32, i48 %img_read, i32 40, i32 47" [C:/TFG_Vivado/vivado/axu2cga_trd.runs/design_1_v_frmbuf_wr_0_0_synth_1/prj/sol/.autopilot/db/v_frmbuf_wr.cpp:1096]   --->   Operation 82 'partselect' 'pix_72' <Predicate = (icmp_ln1090 & or_ln1095)> <Delay = 0.00>
ST_2 : Operation 83 [1/1] (0.00ns)   --->   "%pix_83 = phi i8 %pix_72, void %if.then373, i8 %pix_123, void %VITIS_LOOP_1093_12.split"   --->   Operation 83 'phi' 'pix_83' <Predicate = (icmp_ln1090)> <Delay = 0.00>
ST_2 : Operation 84 [1/1] (0.00ns)   --->   "%pix_82 = phi i8 %pix_71, void %if.then373, i8 %pix_122, void %VITIS_LOOP_1093_12.split"   --->   Operation 84 'phi' 'pix_82' <Predicate = (icmp_ln1090)> <Delay = 0.00>
ST_2 : Operation 85 [1/1] (0.00ns)   --->   "%pix_81 = phi i8 %pix_70, void %if.then373, i8 %pix_121, void %VITIS_LOOP_1093_12.split"   --->   Operation 85 'phi' 'pix_81' <Predicate = (icmp_ln1090)> <Delay = 0.00>
ST_2 : Operation 86 [1/1] (0.00ns)   --->   "%pix_80 = phi i8 %pix_65, void %if.then373, i8 %pix_120, void %VITIS_LOOP_1093_12.split"   --->   Operation 86 'phi' 'pix_80' <Predicate = (icmp_ln1090)> <Delay = 0.00>
ST_2 : Operation 87 [1/1] (0.00ns)   --->   "%pix_79 = phi i8 %pix_64, void %if.then373, i8 %pix_113, void %VITIS_LOOP_1093_12.split"   --->   Operation 87 'phi' 'pix_79' <Predicate = (icmp_ln1090)> <Delay = 0.00>
ST_2 : Operation 88 [1/1] (0.00ns)   --->   "%pix_78 = phi i8 %pix_124, void %if.then373, i8 %pix, void %VITIS_LOOP_1093_12.split"   --->   Operation 88 'phi' 'pix_78' <Predicate = (icmp_ln1090)> <Delay = 0.00>
ST_2 : Operation 89 [1/1] (0.48ns)   --->   "%br_ln1096 = br void %for.inc401.1" [C:/TFG_Vivado/vivado/axu2cga_trd.runs/design_1_v_frmbuf_wr_0_0_synth_1/prj/sol/.autopilot/db/v_frmbuf_wr.cpp:1096]   --->   Operation 89 'br' 'br_ln1096' <Predicate = (icmp_ln1090 & or_ln1095_1)> <Delay = 0.48>
ST_2 : Operation 212 [1/1] (0.00ns)   --->   "%store_ln0 = store i8 %pix_123, i8 %pix_39_out"   --->   Operation 212 'store' 'store_ln0' <Predicate = (!icmp_ln1090)> <Delay = 0.00>
ST_2 : Operation 213 [1/1] (0.00ns)   --->   "%store_ln0 = store i8 %pix_122, i8 %pix_38_out"   --->   Operation 213 'store' 'store_ln0' <Predicate = (!icmp_ln1090)> <Delay = 0.00>
ST_2 : Operation 214 [1/1] (0.00ns)   --->   "%store_ln0 = store i8 %pix_121, i8 %pix_33_out"   --->   Operation 214 'store' 'store_ln0' <Predicate = (!icmp_ln1090)> <Delay = 0.00>
ST_2 : Operation 215 [1/1] (0.00ns)   --->   "%store_ln0 = store i8 %pix_120, i8 %pix_32_out"   --->   Operation 215 'store' 'store_ln0' <Predicate = (!icmp_ln1090)> <Delay = 0.00>
ST_2 : Operation 216 [1/1] (0.00ns)   --->   "%store_ln0 = store i8 %pix_113, i8 %pix_31_out"   --->   Operation 216 'store' 'store_ln0' <Predicate = (!icmp_ln1090)> <Delay = 0.00>
ST_2 : Operation 217 [1/1] (0.00ns)   --->   "%store_ln0 = store i8 %pix, i8 %pix_30_out"   --->   Operation 217 'store' 'store_ln0' <Predicate = (!icmp_ln1090)> <Delay = 0.00>
ST_2 : Operation 218 [1/1] (0.48ns)   --->   "%ret_ln0 = ret"   --->   Operation 218 'ret' 'ret_ln0' <Predicate = (!icmp_ln1090)> <Delay = 0.48>

State 3 <SV = 2> <Delay = 1.82>
ST_3 : Operation 90 [1/1] ( I:1.82ns O:1.82ns )   --->   "%img_read_14 = read i48 @_ssdm_op_Read.ap_fifo.volatile.i48P0A, i48 %img" [C:/TFG_Vivado/vivado/axu2cga_trd.runs/design_1_v_frmbuf_wr_0_0_synth_1/prj/sol/.autopilot/db/v_frmbuf_wr.cpp:1096]   --->   Operation 90 'read' 'img_read_14' <Predicate = (icmp_ln1090 & or_ln1095_1)> <Delay = 1.82> <CoreInst = "FIFO_SRL">   --->   Core 80 'FIFO_SRL' <Latency = 0> <II = 1> <Delay = 2.16> <Storage> <Opcode : 'read' 'write' 'nbread' 'nbwrite'> <Ports = 0> <Width = 48> <Depth = 2> <FIFO>
ST_3 : Operation 91 [1/1] (0.00ns)   --->   "%pix_125 = trunc i48 %img_read_14" [C:/TFG_Vivado/vivado/axu2cga_trd.runs/design_1_v_frmbuf_wr_0_0_synth_1/prj/sol/.autopilot/db/v_frmbuf_wr.cpp:1096]   --->   Operation 91 'trunc' 'pix_125' <Predicate = (icmp_ln1090 & or_ln1095_1)> <Delay = 0.00>
ST_3 : Operation 92 [1/1] (0.00ns)   --->   "%pix_126 = partselect i8 @_ssdm_op_PartSelect.i8.i48.i32.i32, i48 %img_read_14, i32 8, i32 15" [C:/TFG_Vivado/vivado/axu2cga_trd.runs/design_1_v_frmbuf_wr_0_0_synth_1/prj/sol/.autopilot/db/v_frmbuf_wr.cpp:1096]   --->   Operation 92 'partselect' 'pix_126' <Predicate = (icmp_ln1090 & or_ln1095_1)> <Delay = 0.00>
ST_3 : Operation 93 [1/1] (0.00ns)   --->   "%pix_84 = partselect i8 @_ssdm_op_PartSelect.i8.i48.i32.i32, i48 %img_read_14, i32 16, i32 23" [C:/TFG_Vivado/vivado/axu2cga_trd.runs/design_1_v_frmbuf_wr_0_0_synth_1/prj/sol/.autopilot/db/v_frmbuf_wr.cpp:1096]   --->   Operation 93 'partselect' 'pix_84' <Predicate = (icmp_ln1090 & or_ln1095_1)> <Delay = 0.00>
ST_3 : Operation 94 [1/1] (0.00ns)   --->   "%pix_85 = partselect i8 @_ssdm_op_PartSelect.i8.i48.i32.i32, i48 %img_read_14, i32 24, i32 31" [C:/TFG_Vivado/vivado/axu2cga_trd.runs/design_1_v_frmbuf_wr_0_0_synth_1/prj/sol/.autopilot/db/v_frmbuf_wr.cpp:1096]   --->   Operation 94 'partselect' 'pix_85' <Predicate = (icmp_ln1090 & or_ln1095_1)> <Delay = 0.00>
ST_3 : Operation 95 [1/1] (0.00ns)   --->   "%pix_86 = partselect i8 @_ssdm_op_PartSelect.i8.i48.i32.i32, i48 %img_read_14, i32 32, i32 39" [C:/TFG_Vivado/vivado/axu2cga_trd.runs/design_1_v_frmbuf_wr_0_0_synth_1/prj/sol/.autopilot/db/v_frmbuf_wr.cpp:1096]   --->   Operation 95 'partselect' 'pix_86' <Predicate = (icmp_ln1090 & or_ln1095_1)> <Delay = 0.00>
ST_3 : Operation 96 [1/1] (0.00ns)   --->   "%pix_87 = partselect i8 @_ssdm_op_PartSelect.i8.i48.i32.i32, i48 %img_read_14, i32 40, i32 47" [C:/TFG_Vivado/vivado/axu2cga_trd.runs/design_1_v_frmbuf_wr_0_0_synth_1/prj/sol/.autopilot/db/v_frmbuf_wr.cpp:1096]   --->   Operation 96 'partselect' 'pix_87' <Predicate = (icmp_ln1090 & or_ln1095_1)> <Delay = 0.00>
ST_3 : Operation 97 [1/1] (0.00ns)   --->   "%pix_119 = phi i8 %pix_87, void %if.then373.1, i8 %pix_83, void %for.inc401"   --->   Operation 97 'phi' 'pix_119' <Predicate = (icmp_ln1090)> <Delay = 0.00>
ST_3 : Operation 98 [1/1] (0.00ns)   --->   "%pix_118 = phi i8 %pix_86, void %if.then373.1, i8 %pix_82, void %for.inc401"   --->   Operation 98 'phi' 'pix_118' <Predicate = (icmp_ln1090)> <Delay = 0.00>
ST_3 : Operation 99 [1/1] (0.00ns)   --->   "%pix_117 = phi i8 %pix_85, void %if.then373.1, i8 %pix_81, void %for.inc401"   --->   Operation 99 'phi' 'pix_117' <Predicate = (icmp_ln1090)> <Delay = 0.00>
ST_3 : Operation 100 [1/1] (0.00ns)   --->   "%pix_116 = phi i8 %pix_84, void %if.then373.1, i8 %pix_80, void %for.inc401"   --->   Operation 100 'phi' 'pix_116' <Predicate = (icmp_ln1090)> <Delay = 0.00>
ST_3 : Operation 101 [1/1] (0.00ns)   --->   "%pix_115 = phi i8 %pix_126, void %if.then373.1, i8 %pix_79, void %for.inc401"   --->   Operation 101 'phi' 'pix_115' <Predicate = (icmp_ln1090)> <Delay = 0.00>
ST_3 : Operation 102 [1/1] (0.00ns)   --->   "%pix_114 = phi i8 %pix_125, void %if.then373.1, i8 %pix_78, void %for.inc401"   --->   Operation 102 'phi' 'pix_114' <Predicate = (icmp_ln1090)> <Delay = 0.00>
ST_3 : Operation 103 [1/1] (0.48ns)   --->   "%br_ln1096 = br void %for.inc401.2" [C:/TFG_Vivado/vivado/axu2cga_trd.runs/design_1_v_frmbuf_wr_0_0_synth_1/prj/sol/.autopilot/db/v_frmbuf_wr.cpp:1096]   --->   Operation 103 'br' 'br_ln1096' <Predicate = (icmp_ln1090 & or_ln1095_2)> <Delay = 0.48>
ST_3 : Operation 104 [1/1] (0.33ns)   --->   "%or_ln1095_3 = or i1 %icmp_ln1095_1, i1 %icmp21_read" [C:/TFG_Vivado/vivado/axu2cga_trd.runs/design_1_v_frmbuf_wr_0_0_synth_1/prj/sol/.autopilot/db/v_frmbuf_wr.cpp:1095]   --->   Operation 104 'or' 'or_ln1095_3' <Predicate = (icmp_ln1090)> <Delay = 0.33> <CoreInst = "LogicGate">   --->   Core 74 'LogicGate' <Latency = 0> <II = 1> <Delay = 0.33> <FuncUnit> <Opcode : 'and' 'or' 'xor'> <InPorts = 2> <OutPorts = 1>
ST_3 : Operation 105 [1/1] (0.48ns)   --->   "%br_ln1095 = br i1 %or_ln1095_3, void %for.inc401.3, void %if.then373.3" [C:/TFG_Vivado/vivado/axu2cga_trd.runs/design_1_v_frmbuf_wr_0_0_synth_1/prj/sol/.autopilot/db/v_frmbuf_wr.cpp:1095]   --->   Operation 105 'br' 'br_ln1095' <Predicate = (icmp_ln1090)> <Delay = 0.48>

State 4 <SV = 3> <Delay = 1.82>
ST_4 : Operation 106 [1/1] ( I:1.82ns O:1.82ns )   --->   "%img_read_15 = read i48 @_ssdm_op_Read.ap_fifo.volatile.i48P0A, i48 %img" [C:/TFG_Vivado/vivado/axu2cga_trd.runs/design_1_v_frmbuf_wr_0_0_synth_1/prj/sol/.autopilot/db/v_frmbuf_wr.cpp:1096]   --->   Operation 106 'read' 'img_read_15' <Predicate = (icmp_ln1090 & or_ln1095_2)> <Delay = 1.82> <CoreInst = "FIFO_SRL">   --->   Core 80 'FIFO_SRL' <Latency = 0> <II = 1> <Delay = 2.16> <Storage> <Opcode : 'read' 'write' 'nbread' 'nbwrite'> <Ports = 0> <Width = 48> <Depth = 2> <FIFO>
ST_4 : Operation 107 [1/1] (0.00ns)   --->   "%pix_127 = trunc i48 %img_read_15" [C:/TFG_Vivado/vivado/axu2cga_trd.runs/design_1_v_frmbuf_wr_0_0_synth_1/prj/sol/.autopilot/db/v_frmbuf_wr.cpp:1096]   --->   Operation 107 'trunc' 'pix_127' <Predicate = (icmp_ln1090 & or_ln1095_2)> <Delay = 0.00>
ST_4 : Operation 108 [1/1] (0.00ns)   --->   "%pix_128 = partselect i8 @_ssdm_op_PartSelect.i8.i48.i32.i32, i48 %img_read_15, i32 8, i32 15" [C:/TFG_Vivado/vivado/axu2cga_trd.runs/design_1_v_frmbuf_wr_0_0_synth_1/prj/sol/.autopilot/db/v_frmbuf_wr.cpp:1096]   --->   Operation 108 'partselect' 'pix_128' <Predicate = (icmp_ln1090 & or_ln1095_2)> <Delay = 0.00>
ST_4 : Operation 109 [1/1] (0.00ns)   --->   "%pix_88 = partselect i8 @_ssdm_op_PartSelect.i8.i48.i32.i32, i48 %img_read_15, i32 16, i32 23" [C:/TFG_Vivado/vivado/axu2cga_trd.runs/design_1_v_frmbuf_wr_0_0_synth_1/prj/sol/.autopilot/db/v_frmbuf_wr.cpp:1096]   --->   Operation 109 'partselect' 'pix_88' <Predicate = (icmp_ln1090 & or_ln1095_2)> <Delay = 0.00>
ST_4 : Operation 110 [1/1] (0.00ns)   --->   "%pix_89 = partselect i8 @_ssdm_op_PartSelect.i8.i48.i32.i32, i48 %img_read_15, i32 24, i32 31" [C:/TFG_Vivado/vivado/axu2cga_trd.runs/design_1_v_frmbuf_wr_0_0_synth_1/prj/sol/.autopilot/db/v_frmbuf_wr.cpp:1096]   --->   Operation 110 'partselect' 'pix_89' <Predicate = (icmp_ln1090 & or_ln1095_2)> <Delay = 0.00>
ST_4 : Operation 111 [1/1] (0.00ns)   --->   "%pix_90 = partselect i8 @_ssdm_op_PartSelect.i8.i48.i32.i32, i48 %img_read_15, i32 32, i32 39" [C:/TFG_Vivado/vivado/axu2cga_trd.runs/design_1_v_frmbuf_wr_0_0_synth_1/prj/sol/.autopilot/db/v_frmbuf_wr.cpp:1096]   --->   Operation 111 'partselect' 'pix_90' <Predicate = (icmp_ln1090 & or_ln1095_2)> <Delay = 0.00>
ST_4 : Operation 112 [1/1] (0.00ns)   --->   "%pix_91 = partselect i8 @_ssdm_op_PartSelect.i8.i48.i32.i32, i48 %img_read_15, i32 40, i32 47" [C:/TFG_Vivado/vivado/axu2cga_trd.runs/design_1_v_frmbuf_wr_0_0_synth_1/prj/sol/.autopilot/db/v_frmbuf_wr.cpp:1096]   --->   Operation 112 'partselect' 'pix_91' <Predicate = (icmp_ln1090 & or_ln1095_2)> <Delay = 0.00>
ST_4 : Operation 113 [1/1] (0.00ns)   --->   "%pix_134 = phi i8 %pix_91, void %if.then373.2, i8 %pix_119, void %for.inc401.1"   --->   Operation 113 'phi' 'pix_134' <Predicate = (icmp_ln1090)> <Delay = 0.00>
ST_4 : Operation 114 [1/1] (0.00ns)   --->   "%pix_133 = phi i8 %pix_90, void %if.then373.2, i8 %pix_118, void %for.inc401.1"   --->   Operation 114 'phi' 'pix_133' <Predicate = (icmp_ln1090)> <Delay = 0.00>
ST_4 : Operation 115 [1/1] (0.00ns)   --->   "%pix_132 = phi i8 %pix_89, void %if.then373.2, i8 %pix_117, void %for.inc401.1"   --->   Operation 115 'phi' 'pix_132' <Predicate = (icmp_ln1090)> <Delay = 0.00>
ST_4 : Operation 116 [1/1] (0.00ns)   --->   "%pix_131 = phi i8 %pix_88, void %if.then373.2, i8 %pix_116, void %for.inc401.1"   --->   Operation 116 'phi' 'pix_131' <Predicate = (icmp_ln1090)> <Delay = 0.00>
ST_4 : Operation 117 [1/1] (0.00ns)   --->   "%pix_130 = phi i8 %pix_128, void %if.then373.2, i8 %pix_115, void %for.inc401.1"   --->   Operation 117 'phi' 'pix_130' <Predicate = (icmp_ln1090)> <Delay = 0.00>
ST_4 : Operation 118 [1/1] (0.00ns)   --->   "%pix_129 = phi i8 %pix_127, void %if.then373.2, i8 %pix_114, void %for.inc401.1"   --->   Operation 118 'phi' 'pix_129' <Predicate = (icmp_ln1090)> <Delay = 0.00>
ST_4 : Operation 119 [1/1] (0.48ns)   --->   "%br_ln1096 = br void %for.inc401.3" [C:/TFG_Vivado/vivado/axu2cga_trd.runs/design_1_v_frmbuf_wr_0_0_synth_1/prj/sol/.autopilot/db/v_frmbuf_wr.cpp:1096]   --->   Operation 119 'br' 'br_ln1096' <Predicate = (icmp_ln1090 & or_ln1095_3)> <Delay = 0.48>
ST_4 : Operation 120 [1/1] (0.33ns)   --->   "%or_ln1095_4 = or i1 %icmp_ln1095_1, i1 %icmp_ln1095_4_read" [C:/TFG_Vivado/vivado/axu2cga_trd.runs/design_1_v_frmbuf_wr_0_0_synth_1/prj/sol/.autopilot/db/v_frmbuf_wr.cpp:1095]   --->   Operation 120 'or' 'or_ln1095_4' <Predicate = (icmp_ln1090)> <Delay = 0.33> <CoreInst = "LogicGate">   --->   Core 74 'LogicGate' <Latency = 0> <II = 1> <Delay = 0.33> <FuncUnit> <Opcode : 'and' 'or' 'xor'> <InPorts = 2> <OutPorts = 1>
ST_4 : Operation 121 [1/1] (0.48ns)   --->   "%br_ln1095 = br i1 %or_ln1095_4, void %for.inc401.4, void %if.then373.4" [C:/TFG_Vivado/vivado/axu2cga_trd.runs/design_1_v_frmbuf_wr_0_0_synth_1/prj/sol/.autopilot/db/v_frmbuf_wr.cpp:1095]   --->   Operation 121 'br' 'br_ln1095' <Predicate = (icmp_ln1090)> <Delay = 0.48>
ST_4 : Operation 122 [1/1] (0.33ns)   --->   "%or_ln1095_5 = or i1 %icmp_ln1095_1, i1 %icmp_ln1095_5_read" [C:/TFG_Vivado/vivado/axu2cga_trd.runs/design_1_v_frmbuf_wr_0_0_synth_1/prj/sol/.autopilot/db/v_frmbuf_wr.cpp:1095]   --->   Operation 122 'or' 'or_ln1095_5' <Predicate = (icmp_ln1090)> <Delay = 0.33> <CoreInst = "LogicGate">   --->   Core 74 'LogicGate' <Latency = 0> <II = 1> <Delay = 0.33> <FuncUnit> <Opcode : 'and' 'or' 'xor'> <InPorts = 2> <OutPorts = 1>
ST_4 : Operation 123 [1/1] (0.33ns)   --->   "%or_ln1095_6 = or i1 %icmp_ln1095_1, i1 %icmp_ln1095_6_read" [C:/TFG_Vivado/vivado/axu2cga_trd.runs/design_1_v_frmbuf_wr_0_0_synth_1/prj/sol/.autopilot/db/v_frmbuf_wr.cpp:1095]   --->   Operation 123 'or' 'or_ln1095_6' <Predicate = (icmp_ln1090)> <Delay = 0.33> <CoreInst = "LogicGate">   --->   Core 74 'LogicGate' <Latency = 0> <II = 1> <Delay = 0.33> <FuncUnit> <Opcode : 'and' 'or' 'xor'> <InPorts = 2> <OutPorts = 1>
ST_4 : Operation 124 [1/1] (0.33ns)   --->   "%or_ln1095_7 = or i1 %icmp_ln1095_1, i1 %icmp_ln1077_read" [C:/TFG_Vivado/vivado/axu2cga_trd.runs/design_1_v_frmbuf_wr_0_0_synth_1/prj/sol/.autopilot/db/v_frmbuf_wr.cpp:1095]   --->   Operation 124 'or' 'or_ln1095_7' <Predicate = (icmp_ln1090)> <Delay = 0.33> <CoreInst = "LogicGate">   --->   Core 74 'LogicGate' <Latency = 0> <II = 1> <Delay = 0.33> <FuncUnit> <Opcode : 'and' 'or' 'xor'> <InPorts = 2> <OutPorts = 1>

State 5 <SV = 4> <Delay = 1.82>
ST_5 : Operation 125 [1/1] ( I:1.82ns O:1.82ns )   --->   "%img_read_16 = read i48 @_ssdm_op_Read.ap_fifo.volatile.i48P0A, i48 %img" [C:/TFG_Vivado/vivado/axu2cga_trd.runs/design_1_v_frmbuf_wr_0_0_synth_1/prj/sol/.autopilot/db/v_frmbuf_wr.cpp:1096]   --->   Operation 125 'read' 'img_read_16' <Predicate = (icmp_ln1090 & or_ln1095_3)> <Delay = 1.82> <CoreInst = "FIFO_SRL">   --->   Core 80 'FIFO_SRL' <Latency = 0> <II = 1> <Delay = 2.16> <Storage> <Opcode : 'read' 'write' 'nbread' 'nbwrite'> <Ports = 0> <Width = 48> <Depth = 2> <FIFO>
ST_5 : Operation 126 [1/1] (0.00ns)   --->   "%pix_135 = trunc i48 %img_read_16" [C:/TFG_Vivado/vivado/axu2cga_trd.runs/design_1_v_frmbuf_wr_0_0_synth_1/prj/sol/.autopilot/db/v_frmbuf_wr.cpp:1096]   --->   Operation 126 'trunc' 'pix_135' <Predicate = (icmp_ln1090 & or_ln1095_3)> <Delay = 0.00>
ST_5 : Operation 127 [1/1] (0.00ns)   --->   "%pix_136 = partselect i8 @_ssdm_op_PartSelect.i8.i48.i32.i32, i48 %img_read_16, i32 8, i32 15" [C:/TFG_Vivado/vivado/axu2cga_trd.runs/design_1_v_frmbuf_wr_0_0_synth_1/prj/sol/.autopilot/db/v_frmbuf_wr.cpp:1096]   --->   Operation 127 'partselect' 'pix_136' <Predicate = (icmp_ln1090 & or_ln1095_3)> <Delay = 0.00>
ST_5 : Operation 128 [1/1] (0.00ns)   --->   "%pix_92 = partselect i8 @_ssdm_op_PartSelect.i8.i48.i32.i32, i48 %img_read_16, i32 16, i32 23" [C:/TFG_Vivado/vivado/axu2cga_trd.runs/design_1_v_frmbuf_wr_0_0_synth_1/prj/sol/.autopilot/db/v_frmbuf_wr.cpp:1096]   --->   Operation 128 'partselect' 'pix_92' <Predicate = (icmp_ln1090 & or_ln1095_3)> <Delay = 0.00>
ST_5 : Operation 129 [1/1] (0.00ns)   --->   "%pix_93 = partselect i8 @_ssdm_op_PartSelect.i8.i48.i32.i32, i48 %img_read_16, i32 24, i32 31" [C:/TFG_Vivado/vivado/axu2cga_trd.runs/design_1_v_frmbuf_wr_0_0_synth_1/prj/sol/.autopilot/db/v_frmbuf_wr.cpp:1096]   --->   Operation 129 'partselect' 'pix_93' <Predicate = (icmp_ln1090 & or_ln1095_3)> <Delay = 0.00>
ST_5 : Operation 130 [1/1] (0.00ns)   --->   "%pix_94 = partselect i8 @_ssdm_op_PartSelect.i8.i48.i32.i32, i48 %img_read_16, i32 32, i32 39" [C:/TFG_Vivado/vivado/axu2cga_trd.runs/design_1_v_frmbuf_wr_0_0_synth_1/prj/sol/.autopilot/db/v_frmbuf_wr.cpp:1096]   --->   Operation 130 'partselect' 'pix_94' <Predicate = (icmp_ln1090 & or_ln1095_3)> <Delay = 0.00>
ST_5 : Operation 131 [1/1] (0.00ns)   --->   "%pix_95 = partselect i8 @_ssdm_op_PartSelect.i8.i48.i32.i32, i48 %img_read_16, i32 40, i32 47" [C:/TFG_Vivado/vivado/axu2cga_trd.runs/design_1_v_frmbuf_wr_0_0_synth_1/prj/sol/.autopilot/db/v_frmbuf_wr.cpp:1096]   --->   Operation 131 'partselect' 'pix_95' <Predicate = (icmp_ln1090 & or_ln1095_3)> <Delay = 0.00>
ST_5 : Operation 132 [1/1] (0.00ns)   --->   "%pix_142 = phi i8 %pix_95, void %if.then373.3, i8 %pix_134, void %for.inc401.2"   --->   Operation 132 'phi' 'pix_142' <Predicate = (icmp_ln1090)> <Delay = 0.00>
ST_5 : Operation 133 [1/1] (0.00ns)   --->   "%pix_141 = phi i8 %pix_94, void %if.then373.3, i8 %pix_133, void %for.inc401.2"   --->   Operation 133 'phi' 'pix_141' <Predicate = (icmp_ln1090)> <Delay = 0.00>
ST_5 : Operation 134 [1/1] (0.00ns)   --->   "%pix_140 = phi i8 %pix_93, void %if.then373.3, i8 %pix_132, void %for.inc401.2"   --->   Operation 134 'phi' 'pix_140' <Predicate = (icmp_ln1090)> <Delay = 0.00>
ST_5 : Operation 135 [1/1] (0.00ns)   --->   "%pix_139 = phi i8 %pix_92, void %if.then373.3, i8 %pix_131, void %for.inc401.2"   --->   Operation 135 'phi' 'pix_139' <Predicate = (icmp_ln1090)> <Delay = 0.00>
ST_5 : Operation 136 [1/1] (0.00ns)   --->   "%pix_138 = phi i8 %pix_136, void %if.then373.3, i8 %pix_130, void %for.inc401.2"   --->   Operation 136 'phi' 'pix_138' <Predicate = (icmp_ln1090)> <Delay = 0.00>
ST_5 : Operation 137 [1/1] (0.00ns)   --->   "%pix_137 = phi i8 %pix_135, void %if.then373.3, i8 %pix_129, void %for.inc401.2"   --->   Operation 137 'phi' 'pix_137' <Predicate = (icmp_ln1090)> <Delay = 0.00>
ST_5 : Operation 138 [1/1] (0.48ns)   --->   "%br_ln1096 = br void %for.inc401.4" [C:/TFG_Vivado/vivado/axu2cga_trd.runs/design_1_v_frmbuf_wr_0_0_synth_1/prj/sol/.autopilot/db/v_frmbuf_wr.cpp:1096]   --->   Operation 138 'br' 'br_ln1096' <Predicate = (icmp_ln1090 & or_ln1095_4)> <Delay = 0.48>
ST_5 : Operation 139 [1/1] (0.48ns)   --->   "%br_ln1095 = br i1 %or_ln1095_5, void %for.inc401.5, void %if.then373.5" [C:/TFG_Vivado/vivado/axu2cga_trd.runs/design_1_v_frmbuf_wr_0_0_synth_1/prj/sol/.autopilot/db/v_frmbuf_wr.cpp:1095]   --->   Operation 139 'br' 'br_ln1095' <Predicate = (icmp_ln1090)> <Delay = 0.48>
ST_5 : Operation 140 [1/1] (0.00ns)   --->   "%tmp = bitconcatenate i128 @_ssdm_op_BitConcatenate.i128.i8.i8.i8.i8.i8.i8.i8.i8.i8.i8.i8.i8.i8.i8.i8.i8, i8 %pix_132, i8 %pix_131, i8 %pix_130, i8 %pix_129, i8 %pix_119, i8 %pix_118, i8 %pix_117, i8 %pix_116, i8 %pix_115, i8 %pix_114, i8 %pix_83, i8 %pix_82, i8 %pix_81, i8 %pix_80, i8 %pix_79, i8 %pix_78" [C:/TFG_Vivado/vivado/axu2cga_trd.runs/design_1_v_frmbuf_wr_0_0_synth_1/prj/sol/.autopilot/db/v_frmbuf_wr.cpp:1111]   --->   Operation 140 'bitconcatenate' 'tmp' <Predicate = (icmp_ln1090)> <Delay = 0.00>
ST_5 : Operation 141 [1/1] ( I:1.82ns O:1.82ns )   --->   "%write_ln1111 = write void @_ssdm_op_Write.ap_fifo.volatile.i128P0A, i128 %bytePlanes_plane0, i128 %tmp" [C:/TFG_Vivado/vivado/axu2cga_trd.runs/design_1_v_frmbuf_wr_0_0_synth_1/prj/sol/.autopilot/db/v_frmbuf_wr.cpp:1111]   --->   Operation 141 'write' 'write_ln1111' <Predicate = (icmp_ln1090)> <Delay = 1.82> <CoreInst = "FIFO_BRAM">   --->   Core 78 'FIFO_BRAM' <Latency = 0> <II = 1> <Delay = 1.90> <Storage> <Opcode : 'read' 'write' 'nbread' 'nbwrite'> <Ports = 0> <Width = 128> <Depth = 241> <FIFO>

State 6 <SV = 5> <Delay = 1.82>
ST_6 : Operation 142 [1/1] ( I:1.82ns O:1.82ns )   --->   "%img_read_17 = read i48 @_ssdm_op_Read.ap_fifo.volatile.i48P0A, i48 %img" [C:/TFG_Vivado/vivado/axu2cga_trd.runs/design_1_v_frmbuf_wr_0_0_synth_1/prj/sol/.autopilot/db/v_frmbuf_wr.cpp:1096]   --->   Operation 142 'read' 'img_read_17' <Predicate = (icmp_ln1090 & or_ln1095_4)> <Delay = 1.82> <CoreInst = "FIFO_SRL">   --->   Core 80 'FIFO_SRL' <Latency = 0> <II = 1> <Delay = 2.16> <Storage> <Opcode : 'read' 'write' 'nbread' 'nbwrite'> <Ports = 0> <Width = 48> <Depth = 2> <FIFO>
ST_6 : Operation 143 [1/1] (0.00ns)   --->   "%pix_143 = trunc i48 %img_read_17" [C:/TFG_Vivado/vivado/axu2cga_trd.runs/design_1_v_frmbuf_wr_0_0_synth_1/prj/sol/.autopilot/db/v_frmbuf_wr.cpp:1096]   --->   Operation 143 'trunc' 'pix_143' <Predicate = (icmp_ln1090 & or_ln1095_4)> <Delay = 0.00>
ST_6 : Operation 144 [1/1] (0.00ns)   --->   "%pix_144 = partselect i8 @_ssdm_op_PartSelect.i8.i48.i32.i32, i48 %img_read_17, i32 8, i32 15" [C:/TFG_Vivado/vivado/axu2cga_trd.runs/design_1_v_frmbuf_wr_0_0_synth_1/prj/sol/.autopilot/db/v_frmbuf_wr.cpp:1096]   --->   Operation 144 'partselect' 'pix_144' <Predicate = (icmp_ln1090 & or_ln1095_4)> <Delay = 0.00>
ST_6 : Operation 145 [1/1] (0.00ns)   --->   "%pix_96 = partselect i8 @_ssdm_op_PartSelect.i8.i48.i32.i32, i48 %img_read_17, i32 16, i32 23" [C:/TFG_Vivado/vivado/axu2cga_trd.runs/design_1_v_frmbuf_wr_0_0_synth_1/prj/sol/.autopilot/db/v_frmbuf_wr.cpp:1096]   --->   Operation 145 'partselect' 'pix_96' <Predicate = (icmp_ln1090 & or_ln1095_4)> <Delay = 0.00>
ST_6 : Operation 146 [1/1] (0.00ns)   --->   "%pix_97 = partselect i8 @_ssdm_op_PartSelect.i8.i48.i32.i32, i48 %img_read_17, i32 24, i32 31" [C:/TFG_Vivado/vivado/axu2cga_trd.runs/design_1_v_frmbuf_wr_0_0_synth_1/prj/sol/.autopilot/db/v_frmbuf_wr.cpp:1096]   --->   Operation 146 'partselect' 'pix_97' <Predicate = (icmp_ln1090 & or_ln1095_4)> <Delay = 0.00>
ST_6 : Operation 147 [1/1] (0.00ns)   --->   "%pix_98 = partselect i8 @_ssdm_op_PartSelect.i8.i48.i32.i32, i48 %img_read_17, i32 32, i32 39" [C:/TFG_Vivado/vivado/axu2cga_trd.runs/design_1_v_frmbuf_wr_0_0_synth_1/prj/sol/.autopilot/db/v_frmbuf_wr.cpp:1096]   --->   Operation 147 'partselect' 'pix_98' <Predicate = (icmp_ln1090 & or_ln1095_4)> <Delay = 0.00>
ST_6 : Operation 148 [1/1] (0.00ns)   --->   "%pix_99 = partselect i8 @_ssdm_op_PartSelect.i8.i48.i32.i32, i48 %img_read_17, i32 40, i32 47" [C:/TFG_Vivado/vivado/axu2cga_trd.runs/design_1_v_frmbuf_wr_0_0_synth_1/prj/sol/.autopilot/db/v_frmbuf_wr.cpp:1096]   --->   Operation 148 'partselect' 'pix_99' <Predicate = (icmp_ln1090 & or_ln1095_4)> <Delay = 0.00>
ST_6 : Operation 149 [1/1] (0.00ns)   --->   "%pix_150 = phi i8 %pix_99, void %if.then373.4, i8 %pix_142, void %for.inc401.3"   --->   Operation 149 'phi' 'pix_150' <Predicate = (icmp_ln1090)> <Delay = 0.00>
ST_6 : Operation 150 [1/1] (0.00ns)   --->   "%pix_149 = phi i8 %pix_98, void %if.then373.4, i8 %pix_141, void %for.inc401.3"   --->   Operation 150 'phi' 'pix_149' <Predicate = (icmp_ln1090)> <Delay = 0.00>
ST_6 : Operation 151 [1/1] (0.00ns)   --->   "%pix_148 = phi i8 %pix_97, void %if.then373.4, i8 %pix_140, void %for.inc401.3"   --->   Operation 151 'phi' 'pix_148' <Predicate = (icmp_ln1090)> <Delay = 0.00>
ST_6 : Operation 152 [1/1] (0.00ns)   --->   "%pix_147 = phi i8 %pix_96, void %if.then373.4, i8 %pix_139, void %for.inc401.3"   --->   Operation 152 'phi' 'pix_147' <Predicate = (icmp_ln1090)> <Delay = 0.00>
ST_6 : Operation 153 [1/1] (0.00ns)   --->   "%pix_146 = phi i8 %pix_144, void %if.then373.4, i8 %pix_138, void %for.inc401.3"   --->   Operation 153 'phi' 'pix_146' <Predicate = (icmp_ln1090)> <Delay = 0.00>
ST_6 : Operation 154 [1/1] (0.00ns)   --->   "%pix_145 = phi i8 %pix_143, void %if.then373.4, i8 %pix_137, void %for.inc401.3"   --->   Operation 154 'phi' 'pix_145' <Predicate = (icmp_ln1090)> <Delay = 0.00>
ST_6 : Operation 155 [1/1] (0.48ns)   --->   "%br_ln1096 = br void %for.inc401.5" [C:/TFG_Vivado/vivado/axu2cga_trd.runs/design_1_v_frmbuf_wr_0_0_synth_1/prj/sol/.autopilot/db/v_frmbuf_wr.cpp:1096]   --->   Operation 155 'br' 'br_ln1096' <Predicate = (icmp_ln1090 & or_ln1095_5)> <Delay = 0.48>
ST_6 : Operation 156 [1/1] (0.48ns)   --->   "%br_ln1095 = br i1 %or_ln1095_6, void %for.inc401.6, void %if.then373.6" [C:/TFG_Vivado/vivado/axu2cga_trd.runs/design_1_v_frmbuf_wr_0_0_synth_1/prj/sol/.autopilot/db/v_frmbuf_wr.cpp:1095]   --->   Operation 156 'br' 'br_ln1095' <Predicate = (icmp_ln1090)> <Delay = 0.48>

State 7 <SV = 6> <Delay = 1.82>
ST_7 : Operation 157 [1/1] ( I:1.82ns O:1.82ns )   --->   "%img_read_18 = read i48 @_ssdm_op_Read.ap_fifo.volatile.i48P0A, i48 %img" [C:/TFG_Vivado/vivado/axu2cga_trd.runs/design_1_v_frmbuf_wr_0_0_synth_1/prj/sol/.autopilot/db/v_frmbuf_wr.cpp:1096]   --->   Operation 157 'read' 'img_read_18' <Predicate = (icmp_ln1090 & or_ln1095_5)> <Delay = 1.82> <CoreInst = "FIFO_SRL">   --->   Core 80 'FIFO_SRL' <Latency = 0> <II = 1> <Delay = 2.16> <Storage> <Opcode : 'read' 'write' 'nbread' 'nbwrite'> <Ports = 0> <Width = 48> <Depth = 2> <FIFO>
ST_7 : Operation 158 [1/1] (0.00ns)   --->   "%pix_151 = trunc i48 %img_read_18" [C:/TFG_Vivado/vivado/axu2cga_trd.runs/design_1_v_frmbuf_wr_0_0_synth_1/prj/sol/.autopilot/db/v_frmbuf_wr.cpp:1096]   --->   Operation 158 'trunc' 'pix_151' <Predicate = (icmp_ln1090 & or_ln1095_5)> <Delay = 0.00>
ST_7 : Operation 159 [1/1] (0.00ns)   --->   "%pix_152 = partselect i8 @_ssdm_op_PartSelect.i8.i48.i32.i32, i48 %img_read_18, i32 8, i32 15" [C:/TFG_Vivado/vivado/axu2cga_trd.runs/design_1_v_frmbuf_wr_0_0_synth_1/prj/sol/.autopilot/db/v_frmbuf_wr.cpp:1096]   --->   Operation 159 'partselect' 'pix_152' <Predicate = (icmp_ln1090 & or_ln1095_5)> <Delay = 0.00>
ST_7 : Operation 160 [1/1] (0.00ns)   --->   "%pix_100 = partselect i8 @_ssdm_op_PartSelect.i8.i48.i32.i32, i48 %img_read_18, i32 16, i32 23" [C:/TFG_Vivado/vivado/axu2cga_trd.runs/design_1_v_frmbuf_wr_0_0_synth_1/prj/sol/.autopilot/db/v_frmbuf_wr.cpp:1096]   --->   Operation 160 'partselect' 'pix_100' <Predicate = (icmp_ln1090 & or_ln1095_5)> <Delay = 0.00>
ST_7 : Operation 161 [1/1] (0.00ns)   --->   "%pix_101 = partselect i8 @_ssdm_op_PartSelect.i8.i48.i32.i32, i48 %img_read_18, i32 24, i32 31" [C:/TFG_Vivado/vivado/axu2cga_trd.runs/design_1_v_frmbuf_wr_0_0_synth_1/prj/sol/.autopilot/db/v_frmbuf_wr.cpp:1096]   --->   Operation 161 'partselect' 'pix_101' <Predicate = (icmp_ln1090 & or_ln1095_5)> <Delay = 0.00>
ST_7 : Operation 162 [1/1] (0.00ns)   --->   "%pix_102 = partselect i8 @_ssdm_op_PartSelect.i8.i48.i32.i32, i48 %img_read_18, i32 32, i32 39" [C:/TFG_Vivado/vivado/axu2cga_trd.runs/design_1_v_frmbuf_wr_0_0_synth_1/prj/sol/.autopilot/db/v_frmbuf_wr.cpp:1096]   --->   Operation 162 'partselect' 'pix_102' <Predicate = (icmp_ln1090 & or_ln1095_5)> <Delay = 0.00>
ST_7 : Operation 163 [1/1] (0.00ns)   --->   "%pix_103 = partselect i8 @_ssdm_op_PartSelect.i8.i48.i32.i32, i48 %img_read_18, i32 40, i32 47" [C:/TFG_Vivado/vivado/axu2cga_trd.runs/design_1_v_frmbuf_wr_0_0_synth_1/prj/sol/.autopilot/db/v_frmbuf_wr.cpp:1096]   --->   Operation 163 'partselect' 'pix_103' <Predicate = (icmp_ln1090 & or_ln1095_5)> <Delay = 0.00>
ST_7 : Operation 164 [1/1] (0.00ns)   --->   "%pix_158 = phi i8 %pix_103, void %if.then373.5, i8 %pix_150, void %for.inc401.4"   --->   Operation 164 'phi' 'pix_158' <Predicate = (icmp_ln1090)> <Delay = 0.00>
ST_7 : Operation 165 [1/1] (0.00ns)   --->   "%pix_157 = phi i8 %pix_102, void %if.then373.5, i8 %pix_149, void %for.inc401.4"   --->   Operation 165 'phi' 'pix_157' <Predicate = (icmp_ln1090)> <Delay = 0.00>
ST_7 : Operation 166 [1/1] (0.00ns)   --->   "%pix_156 = phi i8 %pix_101, void %if.then373.5, i8 %pix_148, void %for.inc401.4"   --->   Operation 166 'phi' 'pix_156' <Predicate = (icmp_ln1090)> <Delay = 0.00>
ST_7 : Operation 167 [1/1] (0.00ns)   --->   "%pix_155 = phi i8 %pix_100, void %if.then373.5, i8 %pix_147, void %for.inc401.4"   --->   Operation 167 'phi' 'pix_155' <Predicate = (icmp_ln1090)> <Delay = 0.00>
ST_7 : Operation 168 [1/1] (0.00ns)   --->   "%pix_154 = phi i8 %pix_152, void %if.then373.5, i8 %pix_146, void %for.inc401.4"   --->   Operation 168 'phi' 'pix_154' <Predicate = (icmp_ln1090)> <Delay = 0.00>
ST_7 : Operation 169 [1/1] (0.00ns)   --->   "%pix_153 = phi i8 %pix_151, void %if.then373.5, i8 %pix_145, void %for.inc401.4"   --->   Operation 169 'phi' 'pix_153' <Predicate = (icmp_ln1090)> <Delay = 0.00>
ST_7 : Operation 170 [1/1] (0.48ns)   --->   "%br_ln1096 = br void %for.inc401.6" [C:/TFG_Vivado/vivado/axu2cga_trd.runs/design_1_v_frmbuf_wr_0_0_synth_1/prj/sol/.autopilot/db/v_frmbuf_wr.cpp:1096]   --->   Operation 170 'br' 'br_ln1096' <Predicate = (icmp_ln1090 & or_ln1095_6)> <Delay = 0.48>
ST_7 : Operation 171 [1/1] (0.48ns)   --->   "%br_ln1095 = br i1 %or_ln1095_7, void %for.inc401.7, void %if.then373.7" [C:/TFG_Vivado/vivado/axu2cga_trd.runs/design_1_v_frmbuf_wr_0_0_synth_1/prj/sol/.autopilot/db/v_frmbuf_wr.cpp:1095]   --->   Operation 171 'br' 'br_ln1095' <Predicate = (icmp_ln1090)> <Delay = 0.48>

State 8 <SV = 7> <Delay = 1.82>
ST_8 : Operation 172 [1/1] ( I:1.82ns O:1.82ns )   --->   "%img_read_19 = read i48 @_ssdm_op_Read.ap_fifo.volatile.i48P0A, i48 %img" [C:/TFG_Vivado/vivado/axu2cga_trd.runs/design_1_v_frmbuf_wr_0_0_synth_1/prj/sol/.autopilot/db/v_frmbuf_wr.cpp:1096]   --->   Operation 172 'read' 'img_read_19' <Predicate = (icmp_ln1090 & or_ln1095_6)> <Delay = 1.82> <CoreInst = "FIFO_SRL">   --->   Core 80 'FIFO_SRL' <Latency = 0> <II = 1> <Delay = 2.16> <Storage> <Opcode : 'read' 'write' 'nbread' 'nbwrite'> <Ports = 0> <Width = 48> <Depth = 2> <FIFO>
ST_8 : Operation 173 [1/1] (0.00ns)   --->   "%pix_159 = trunc i48 %img_read_19" [C:/TFG_Vivado/vivado/axu2cga_trd.runs/design_1_v_frmbuf_wr_0_0_synth_1/prj/sol/.autopilot/db/v_frmbuf_wr.cpp:1096]   --->   Operation 173 'trunc' 'pix_159' <Predicate = (icmp_ln1090 & or_ln1095_6)> <Delay = 0.00>
ST_8 : Operation 174 [1/1] (0.00ns)   --->   "%pix_160 = partselect i8 @_ssdm_op_PartSelect.i8.i48.i32.i32, i48 %img_read_19, i32 8, i32 15" [C:/TFG_Vivado/vivado/axu2cga_trd.runs/design_1_v_frmbuf_wr_0_0_synth_1/prj/sol/.autopilot/db/v_frmbuf_wr.cpp:1096]   --->   Operation 174 'partselect' 'pix_160' <Predicate = (icmp_ln1090 & or_ln1095_6)> <Delay = 0.00>
ST_8 : Operation 175 [1/1] (0.00ns)   --->   "%pix_104 = partselect i8 @_ssdm_op_PartSelect.i8.i48.i32.i32, i48 %img_read_19, i32 16, i32 23" [C:/TFG_Vivado/vivado/axu2cga_trd.runs/design_1_v_frmbuf_wr_0_0_synth_1/prj/sol/.autopilot/db/v_frmbuf_wr.cpp:1096]   --->   Operation 175 'partselect' 'pix_104' <Predicate = (icmp_ln1090 & or_ln1095_6)> <Delay = 0.00>
ST_8 : Operation 176 [1/1] (0.00ns)   --->   "%pix_105 = partselect i8 @_ssdm_op_PartSelect.i8.i48.i32.i32, i48 %img_read_19, i32 24, i32 31" [C:/TFG_Vivado/vivado/axu2cga_trd.runs/design_1_v_frmbuf_wr_0_0_synth_1/prj/sol/.autopilot/db/v_frmbuf_wr.cpp:1096]   --->   Operation 176 'partselect' 'pix_105' <Predicate = (icmp_ln1090 & or_ln1095_6)> <Delay = 0.00>
ST_8 : Operation 177 [1/1] (0.00ns)   --->   "%pix_106 = partselect i8 @_ssdm_op_PartSelect.i8.i48.i32.i32, i48 %img_read_19, i32 32, i32 39" [C:/TFG_Vivado/vivado/axu2cga_trd.runs/design_1_v_frmbuf_wr_0_0_synth_1/prj/sol/.autopilot/db/v_frmbuf_wr.cpp:1096]   --->   Operation 177 'partselect' 'pix_106' <Predicate = (icmp_ln1090 & or_ln1095_6)> <Delay = 0.00>
ST_8 : Operation 178 [1/1] (0.00ns)   --->   "%pix_107 = partselect i8 @_ssdm_op_PartSelect.i8.i48.i32.i32, i48 %img_read_19, i32 40, i32 47" [C:/TFG_Vivado/vivado/axu2cga_trd.runs/design_1_v_frmbuf_wr_0_0_synth_1/prj/sol/.autopilot/db/v_frmbuf_wr.cpp:1096]   --->   Operation 178 'partselect' 'pix_107' <Predicate = (icmp_ln1090 & or_ln1095_6)> <Delay = 0.00>
ST_8 : Operation 179 [1/1] (0.00ns)   --->   "%pix_166 = phi i8 %pix_107, void %if.then373.6, i8 %pix_158, void %for.inc401.5"   --->   Operation 179 'phi' 'pix_166' <Predicate = (icmp_ln1090)> <Delay = 0.00>
ST_8 : Operation 180 [1/1] (0.00ns)   --->   "%pix_165 = phi i8 %pix_106, void %if.then373.6, i8 %pix_157, void %for.inc401.5"   --->   Operation 180 'phi' 'pix_165' <Predicate = (icmp_ln1090)> <Delay = 0.00>
ST_8 : Operation 181 [1/1] (0.00ns)   --->   "%pix_164 = phi i8 %pix_105, void %if.then373.6, i8 %pix_156, void %for.inc401.5"   --->   Operation 181 'phi' 'pix_164' <Predicate = (icmp_ln1090)> <Delay = 0.00>
ST_8 : Operation 182 [1/1] (0.00ns)   --->   "%pix_163 = phi i8 %pix_104, void %if.then373.6, i8 %pix_155, void %for.inc401.5"   --->   Operation 182 'phi' 'pix_163' <Predicate = (icmp_ln1090)> <Delay = 0.00>
ST_8 : Operation 183 [1/1] (0.00ns)   --->   "%pix_162 = phi i8 %pix_160, void %if.then373.6, i8 %pix_154, void %for.inc401.5"   --->   Operation 183 'phi' 'pix_162' <Predicate = (icmp_ln1090)> <Delay = 0.00>
ST_8 : Operation 184 [1/1] (0.00ns)   --->   "%pix_161 = phi i8 %pix_159, void %if.then373.6, i8 %pix_153, void %for.inc401.5"   --->   Operation 184 'phi' 'pix_161' <Predicate = (icmp_ln1090)> <Delay = 0.00>
ST_8 : Operation 185 [1/1] (0.48ns)   --->   "%br_ln1096 = br void %for.inc401.7" [C:/TFG_Vivado/vivado/axu2cga_trd.runs/design_1_v_frmbuf_wr_0_0_synth_1/prj/sol/.autopilot/db/v_frmbuf_wr.cpp:1096]   --->   Operation 185 'br' 'br_ln1096' <Predicate = (icmp_ln1090 & or_ln1095_7)> <Delay = 0.48>
ST_8 : Operation 186 [1/1] (0.00ns)   --->   "%tmp_s = bitconcatenate i128 @_ssdm_op_BitConcatenate.i128.i8.i8.i8.i8.i8.i8.i8.i8.i8.i8.i8.i8.i8.i8.i8.i8, i8 %pix_154, i8 %pix_153, i8 %pix_150, i8 %pix_149, i8 %pix_148, i8 %pix_147, i8 %pix_146, i8 %pix_145, i8 %pix_142, i8 %pix_141, i8 %pix_140, i8 %pix_139, i8 %pix_138, i8 %pix_137, i8 %pix_134, i8 %pix_133" [C:/TFG_Vivado/vivado/axu2cga_trd.runs/design_1_v_frmbuf_wr_0_0_synth_1/prj/sol/.autopilot/db/v_frmbuf_wr.cpp:1111]   --->   Operation 186 'bitconcatenate' 'tmp_s' <Predicate = (icmp_ln1090 & or_ln1110)> <Delay = 0.00>
ST_8 : Operation 187 [1/1] ( I:1.82ns O:1.82ns )   --->   "%write_ln1111 = write void @_ssdm_op_Write.ap_fifo.volatile.i128P0A, i128 %bytePlanes_plane0, i128 %tmp_s" [C:/TFG_Vivado/vivado/axu2cga_trd.runs/design_1_v_frmbuf_wr_0_0_synth_1/prj/sol/.autopilot/db/v_frmbuf_wr.cpp:1111]   --->   Operation 187 'write' 'write_ln1111' <Predicate = (icmp_ln1090 & or_ln1110)> <Delay = 1.82> <CoreInst = "FIFO_BRAM">   --->   Core 78 'FIFO_BRAM' <Latency = 0> <II = 1> <Delay = 1.90> <Storage> <Opcode : 'read' 'write' 'nbread' 'nbwrite'> <Ports = 0> <Width = 128> <Depth = 241> <FIFO>
ST_8 : Operation 188 [1/1] (0.00ns)   --->   "%br_ln1111 = br void %for.inc433.1" [C:/TFG_Vivado/vivado/axu2cga_trd.runs/design_1_v_frmbuf_wr_0_0_synth_1/prj/sol/.autopilot/db/v_frmbuf_wr.cpp:1111]   --->   Operation 188 'br' 'br_ln1111' <Predicate = (icmp_ln1090 & or_ln1110)> <Delay = 0.00>

State 9 <SV = 8> <Delay = 2.31>
ST_9 : Operation 189 [1/1] ( I:1.82ns O:1.82ns )   --->   "%img_read_20 = read i48 @_ssdm_op_Read.ap_fifo.volatile.i48P0A, i48 %img" [C:/TFG_Vivado/vivado/axu2cga_trd.runs/design_1_v_frmbuf_wr_0_0_synth_1/prj/sol/.autopilot/db/v_frmbuf_wr.cpp:1096]   --->   Operation 189 'read' 'img_read_20' <Predicate = (icmp_ln1090 & or_ln1095_7)> <Delay = 1.82> <CoreInst = "FIFO_SRL">   --->   Core 80 'FIFO_SRL' <Latency = 0> <II = 1> <Delay = 2.16> <Storage> <Opcode : 'read' 'write' 'nbread' 'nbwrite'> <Ports = 0> <Width = 48> <Depth = 2> <FIFO>
ST_9 : Operation 190 [1/1] (0.00ns)   --->   "%pix_167 = trunc i48 %img_read_20" [C:/TFG_Vivado/vivado/axu2cga_trd.runs/design_1_v_frmbuf_wr_0_0_synth_1/prj/sol/.autopilot/db/v_frmbuf_wr.cpp:1096]   --->   Operation 190 'trunc' 'pix_167' <Predicate = (icmp_ln1090 & or_ln1095_7)> <Delay = 0.00>
ST_9 : Operation 191 [1/1] (0.00ns)   --->   "%pix_168 = partselect i8 @_ssdm_op_PartSelect.i8.i48.i32.i32, i48 %img_read_20, i32 8, i32 15" [C:/TFG_Vivado/vivado/axu2cga_trd.runs/design_1_v_frmbuf_wr_0_0_synth_1/prj/sol/.autopilot/db/v_frmbuf_wr.cpp:1096]   --->   Operation 191 'partselect' 'pix_168' <Predicate = (icmp_ln1090 & or_ln1095_7)> <Delay = 0.00>
ST_9 : Operation 192 [1/1] (0.00ns)   --->   "%pix_108 = partselect i8 @_ssdm_op_PartSelect.i8.i48.i32.i32, i48 %img_read_20, i32 16, i32 23" [C:/TFG_Vivado/vivado/axu2cga_trd.runs/design_1_v_frmbuf_wr_0_0_synth_1/prj/sol/.autopilot/db/v_frmbuf_wr.cpp:1096]   --->   Operation 192 'partselect' 'pix_108' <Predicate = (icmp_ln1090 & or_ln1095_7)> <Delay = 0.00>
ST_9 : Operation 193 [1/1] (0.00ns)   --->   "%pix_109 = partselect i8 @_ssdm_op_PartSelect.i8.i48.i32.i32, i48 %img_read_20, i32 24, i32 31" [C:/TFG_Vivado/vivado/axu2cga_trd.runs/design_1_v_frmbuf_wr_0_0_synth_1/prj/sol/.autopilot/db/v_frmbuf_wr.cpp:1096]   --->   Operation 193 'partselect' 'pix_109' <Predicate = (icmp_ln1090 & or_ln1095_7)> <Delay = 0.00>
ST_9 : Operation 194 [1/1] (0.00ns)   --->   "%pix_110 = partselect i8 @_ssdm_op_PartSelect.i8.i48.i32.i32, i48 %img_read_20, i32 32, i32 39" [C:/TFG_Vivado/vivado/axu2cga_trd.runs/design_1_v_frmbuf_wr_0_0_synth_1/prj/sol/.autopilot/db/v_frmbuf_wr.cpp:1096]   --->   Operation 194 'partselect' 'pix_110' <Predicate = (icmp_ln1090 & or_ln1095_7)> <Delay = 0.00>
ST_9 : Operation 195 [1/1] (0.00ns)   --->   "%pix_111 = partselect i8 @_ssdm_op_PartSelect.i8.i48.i32.i32, i48 %img_read_20, i32 40, i32 47" [C:/TFG_Vivado/vivado/axu2cga_trd.runs/design_1_v_frmbuf_wr_0_0_synth_1/prj/sol/.autopilot/db/v_frmbuf_wr.cpp:1096]   --->   Operation 195 'partselect' 'pix_111' <Predicate = (icmp_ln1090 & or_ln1095_7)> <Delay = 0.00>
ST_9 : Operation 196 [1/1] (0.00ns)   --->   "%pix_174 = phi i8 %pix_111, void %if.then373.7, i8 %pix_166, void %for.inc401.6"   --->   Operation 196 'phi' 'pix_174' <Predicate = true> <Delay = 0.00>
ST_9 : Operation 197 [1/1] (0.00ns)   --->   "%pix_173 = phi i8 %pix_110, void %if.then373.7, i8 %pix_165, void %for.inc401.6"   --->   Operation 197 'phi' 'pix_173' <Predicate = true> <Delay = 0.00>
ST_9 : Operation 198 [1/1] (0.00ns)   --->   "%pix_172 = phi i8 %pix_109, void %if.then373.7, i8 %pix_164, void %for.inc401.6"   --->   Operation 198 'phi' 'pix_172' <Predicate = true> <Delay = 0.00>
ST_9 : Operation 199 [1/1] (0.00ns)   --->   "%pix_171 = phi i8 %pix_108, void %if.then373.7, i8 %pix_163, void %for.inc401.6"   --->   Operation 199 'phi' 'pix_171' <Predicate = true> <Delay = 0.00>
ST_9 : Operation 200 [1/1] (0.00ns)   --->   "%pix_170 = phi i8 %pix_168, void %if.then373.7, i8 %pix_162, void %for.inc401.6"   --->   Operation 200 'phi' 'pix_170' <Predicate = true> <Delay = 0.00>
ST_9 : Operation 201 [1/1] (0.00ns)   --->   "%pix_169 = phi i8 %pix_167, void %if.then373.7, i8 %pix_161, void %for.inc401.6"   --->   Operation 201 'phi' 'pix_169' <Predicate = true> <Delay = 0.00>
ST_9 : Operation 202 [1/1] (0.48ns)   --->   "%store_ln431 = store i8 %pix_174, i8 %pix_39" [C:/TFG_Vivado/vivado/axu2cga_trd.runs/design_1_v_frmbuf_wr_0_0_synth_1/prj/sol/.autopilot/db/v_frmbuf_wr.cpp:431]   --->   Operation 202 'store' 'store_ln431' <Predicate = true> <Delay = 0.48>
ST_9 : Operation 203 [1/1] (0.48ns)   --->   "%store_ln431 = store i8 %pix_173, i8 %pix_38" [C:/TFG_Vivado/vivado/axu2cga_trd.runs/design_1_v_frmbuf_wr_0_0_synth_1/prj/sol/.autopilot/db/v_frmbuf_wr.cpp:431]   --->   Operation 203 'store' 'store_ln431' <Predicate = true> <Delay = 0.48>
ST_9 : Operation 204 [1/1] (0.48ns)   --->   "%store_ln431 = store i8 %pix_172, i8 %pix_33" [C:/TFG_Vivado/vivado/axu2cga_trd.runs/design_1_v_frmbuf_wr_0_0_synth_1/prj/sol/.autopilot/db/v_frmbuf_wr.cpp:431]   --->   Operation 204 'store' 'store_ln431' <Predicate = true> <Delay = 0.48>
ST_9 : Operation 205 [1/1] (0.48ns)   --->   "%store_ln431 = store i8 %pix_171, i8 %pix_32" [C:/TFG_Vivado/vivado/axu2cga_trd.runs/design_1_v_frmbuf_wr_0_0_synth_1/prj/sol/.autopilot/db/v_frmbuf_wr.cpp:431]   --->   Operation 205 'store' 'store_ln431' <Predicate = true> <Delay = 0.48>
ST_9 : Operation 206 [1/1] (0.48ns)   --->   "%store_ln431 = store i8 %pix_170, i8 %pix_31" [C:/TFG_Vivado/vivado/axu2cga_trd.runs/design_1_v_frmbuf_wr_0_0_synth_1/prj/sol/.autopilot/db/v_frmbuf_wr.cpp:431]   --->   Operation 206 'store' 'store_ln431' <Predicate = true> <Delay = 0.48>
ST_9 : Operation 207 [1/1] (0.48ns)   --->   "%store_ln431 = store i8 %pix_169, i8 %pix_30" [C:/TFG_Vivado/vivado/axu2cga_trd.runs/design_1_v_frmbuf_wr_0_0_synth_1/prj/sol/.autopilot/db/v_frmbuf_wr.cpp:431]   --->   Operation 207 'store' 'store_ln431' <Predicate = true> <Delay = 0.48>
ST_9 : Operation 208 [1/1] (0.00ns)   --->   "%br_ln1090 = br void %VITIS_LOOP_1093_12" [C:/TFG_Vivado/vivado/axu2cga_trd.runs/design_1_v_frmbuf_wr_0_0_synth_1/prj/sol/.autopilot/db/v_frmbuf_wr.cpp:1090]   --->   Operation 208 'br' 'br_ln1090' <Predicate = true> <Delay = 0.00>

State 10 <SV = 9> <Delay = 1.82>
ST_10 : Operation 209 [1/1] (0.00ns)   --->   "%tmp_1 = bitconcatenate i128 @_ssdm_op_BitConcatenate.i128.i8.i8.i8.i8.i8.i8.i8.i8.i8.i8.i8.i8.i8.i8.i8.i8, i8 %pix_174, i8 %pix_173, i8 %pix_172, i8 %pix_171, i8 %pix_170, i8 %pix_169, i8 %pix_166, i8 %pix_165, i8 %pix_164, i8 %pix_163, i8 %pix_162, i8 %pix_161, i8 %pix_158, i8 %pix_157, i8 %pix_156, i8 %pix_155" [C:/TFG_Vivado/vivado/axu2cga_trd.runs/design_1_v_frmbuf_wr_0_0_synth_1/prj/sol/.autopilot/db/v_frmbuf_wr.cpp:1111]   --->   Operation 209 'bitconcatenate' 'tmp_1' <Predicate = (or_ln1110_1)> <Delay = 0.00>
ST_10 : Operation 210 [1/1] ( I:1.82ns O:1.82ns )   --->   "%write_ln1111 = write void @_ssdm_op_Write.ap_fifo.volatile.i128P0A, i128 %bytePlanes_plane0, i128 %tmp_1" [C:/TFG_Vivado/vivado/axu2cga_trd.runs/design_1_v_frmbuf_wr_0_0_synth_1/prj/sol/.autopilot/db/v_frmbuf_wr.cpp:1111]   --->   Operation 210 'write' 'write_ln1111' <Predicate = (or_ln1110_1)> <Delay = 1.82> <CoreInst = "FIFO_BRAM">   --->   Core 78 'FIFO_BRAM' <Latency = 0> <II = 1> <Delay = 1.90> <Storage> <Opcode : 'read' 'write' 'nbread' 'nbwrite'> <Ports = 0> <Width = 128> <Depth = 241> <FIFO>
ST_10 : Operation 211 [1/1] (0.00ns)   --->   "%br_ln1111 = br void %for.inc433.2" [C:/TFG_Vivado/vivado/axu2cga_trd.runs/design_1_v_frmbuf_wr_0_0_synth_1/prj/sol/.autopilot/db/v_frmbuf_wr.cpp:1111]   --->   Operation 211 'br' 'br_ln1111' <Predicate = (or_ln1110_1)> <Delay = 0.00>


============================================================
+ Verbose Summary: Timing violations
============================================================
Target clock period: 5.000ns, clock uncertainty: 1.350ns.

 <State 1>: 2.230ns
The critical path consists of the following:
	'store' operation ('store_ln1090', C:/TFG_Vivado/vivado/axu2cga_trd.runs/design_1_v_frmbuf_wr_0_0_synth_1/prj/sol/.autopilot/db/v_frmbuf_wr.cpp:1090) of constant 0 8 bit on local variable 'x', C:/TFG_Vivado/vivado/axu2cga_trd.runs/design_1_v_frmbuf_wr_0_0_synth_1/prj/sol/.autopilot/db/v_frmbuf_wr.cpp:1090 [61]  (0.489 ns)
	'load' operation 8 bit ('x', C:/TFG_Vivado/vivado/axu2cga_trd.runs/design_1_v_frmbuf_wr_0_0_synth_1/prj/sol/.autopilot/db/v_frmbuf_wr.cpp:1090) on local variable 'x', C:/TFG_Vivado/vivado/axu2cga_trd.runs/design_1_v_frmbuf_wr_0_0_synth_1/prj/sol/.autopilot/db/v_frmbuf_wr.cpp:1090 [64]  (0.000 ns)
	'icmp' operation 1 bit ('icmp_ln1095_1', C:/TFG_Vivado/vivado/axu2cga_trd.runs/design_1_v_frmbuf_wr_0_0_synth_1/prj/sol/.autopilot/db/v_frmbuf_wr.cpp:1095) [79]  (0.921 ns)
	'or' operation 1 bit ('or_ln1095', C:/TFG_Vivado/vivado/axu2cga_trd.runs/design_1_v_frmbuf_wr_0_0_synth_1/prj/sol/.autopilot/db/v_frmbuf_wr.cpp:1095) [80]  (0.331 ns)
	multiplexor before 'phi' operation 8 bit ('pix') with incoming values : ('pix') ('pix', C:/TFG_Vivado/vivado/axu2cga_trd.runs/design_1_v_frmbuf_wr_0_0_synth_1/prj/sol/.autopilot/db/v_frmbuf_wr.cpp:1096) [92]  (0.489 ns)
	'br' operation ('br_ln1095', C:/TFG_Vivado/vivado/axu2cga_trd.runs/design_1_v_frmbuf_wr_0_0_synth_1/prj/sol/.autopilot/db/v_frmbuf_wr.cpp:1095) [81]  (0.489 ns)

 <State 2>: 1.825ns
The critical path consists of the following:
	fifo read operation ('img_read', C:/TFG_Vivado/vivado/axu2cga_trd.runs/design_1_v_frmbuf_wr_0_0_synth_1/prj/sol/.autopilot/db/v_frmbuf_wr.cpp:1096) on port 'img' (C:/TFG_Vivado/vivado/axu2cga_trd.runs/design_1_v_frmbuf_wr_0_0_synth_1/prj/sol/.autopilot/db/v_frmbuf_wr.cpp:1096) [83]  (1.825 ns)

 <State 3>: 1.825ns
The critical path consists of the following:
	fifo read operation ('img_read_14', C:/TFG_Vivado/vivado/axu2cga_trd.runs/design_1_v_frmbuf_wr_0_0_synth_1/prj/sol/.autopilot/db/v_frmbuf_wr.cpp:1096) on port 'img' (C:/TFG_Vivado/vivado/axu2cga_trd.runs/design_1_v_frmbuf_wr_0_0_synth_1/prj/sol/.autopilot/db/v_frmbuf_wr.cpp:1096) [101]  (1.825 ns)

 <State 4>: 1.825ns
The critical path consists of the following:
	fifo read operation ('img_read_15', C:/TFG_Vivado/vivado/axu2cga_trd.runs/design_1_v_frmbuf_wr_0_0_synth_1/prj/sol/.autopilot/db/v_frmbuf_wr.cpp:1096) on port 'img' (C:/TFG_Vivado/vivado/axu2cga_trd.runs/design_1_v_frmbuf_wr_0_0_synth_1/prj/sol/.autopilot/db/v_frmbuf_wr.cpp:1096) [119]  (1.825 ns)
	'phi' operation 8 bit ('pix') with incoming values : ('pix') ('pix', C:/TFG_Vivado/vivado/axu2cga_trd.runs/design_1_v_frmbuf_wr_0_0_synth_1/prj/sol/.autopilot/db/v_frmbuf_wr.cpp:1096) [128]  (0.000 ns)

 <State 5>: 1.825ns
The critical path consists of the following:
	fifo read operation ('img_read_16', C:/TFG_Vivado/vivado/axu2cga_trd.runs/design_1_v_frmbuf_wr_0_0_synth_1/prj/sol/.autopilot/db/v_frmbuf_wr.cpp:1096) on port 'img' (C:/TFG_Vivado/vivado/axu2cga_trd.runs/design_1_v_frmbuf_wr_0_0_synth_1/prj/sol/.autopilot/db/v_frmbuf_wr.cpp:1096) [137]  (1.825 ns)

 <State 6>: 1.825ns
The critical path consists of the following:
	fifo read operation ('img_read_17', C:/TFG_Vivado/vivado/axu2cga_trd.runs/design_1_v_frmbuf_wr_0_0_synth_1/prj/sol/.autopilot/db/v_frmbuf_wr.cpp:1096) on port 'img' (C:/TFG_Vivado/vivado/axu2cga_trd.runs/design_1_v_frmbuf_wr_0_0_synth_1/prj/sol/.autopilot/db/v_frmbuf_wr.cpp:1096) [155]  (1.825 ns)

 <State 7>: 1.825ns
The critical path consists of the following:
	fifo read operation ('img_read_18', C:/TFG_Vivado/vivado/axu2cga_trd.runs/design_1_v_frmbuf_wr_0_0_synth_1/prj/sol/.autopilot/db/v_frmbuf_wr.cpp:1096) on port 'img' (C:/TFG_Vivado/vivado/axu2cga_trd.runs/design_1_v_frmbuf_wr_0_0_synth_1/prj/sol/.autopilot/db/v_frmbuf_wr.cpp:1096) [173]  (1.825 ns)
	'phi' operation 8 bit ('pix') with incoming values : ('pix') ('pix', C:/TFG_Vivado/vivado/axu2cga_trd.runs/design_1_v_frmbuf_wr_0_0_synth_1/prj/sol/.autopilot/db/v_frmbuf_wr.cpp:1096) [182]  (0.000 ns)

 <State 8>: 1.825ns
The critical path consists of the following:
	fifo read operation ('img_read_19', C:/TFG_Vivado/vivado/axu2cga_trd.runs/design_1_v_frmbuf_wr_0_0_synth_1/prj/sol/.autopilot/db/v_frmbuf_wr.cpp:1096) on port 'img' (C:/TFG_Vivado/vivado/axu2cga_trd.runs/design_1_v_frmbuf_wr_0_0_synth_1/prj/sol/.autopilot/db/v_frmbuf_wr.cpp:1096) [191]  (1.825 ns)

 <State 9>: 2.314ns
The critical path consists of the following:
	fifo read operation ('img_read_20', C:/TFG_Vivado/vivado/axu2cga_trd.runs/design_1_v_frmbuf_wr_0_0_synth_1/prj/sol/.autopilot/db/v_frmbuf_wr.cpp:1096) on port 'img' (C:/TFG_Vivado/vivado/axu2cga_trd.runs/design_1_v_frmbuf_wr_0_0_synth_1/prj/sol/.autopilot/db/v_frmbuf_wr.cpp:1096) [209]  (1.825 ns)
	'phi' operation 8 bit ('pix') with incoming values : ('pix') ('pix', C:/TFG_Vivado/vivado/axu2cga_trd.runs/design_1_v_frmbuf_wr_0_0_synth_1/prj/sol/.autopilot/db/v_frmbuf_wr.cpp:1096) [218]  (0.000 ns)
	'store' operation ('store_ln431', C:/TFG_Vivado/vivado/axu2cga_trd.runs/design_1_v_frmbuf_wr_0_0_synth_1/prj/sol/.autopilot/db/v_frmbuf_wr.cpp:431) of variable 'pix' 8 bit on local variable 'pix', C:/TFG_Vivado/vivado/axu2cga_trd.runs/design_1_v_frmbuf_wr_0_0_synth_1/prj/sol/.autopilot/db/v_frmbuf_wr.cpp:431 [240]  (0.489 ns)

 <State 10>: 1.825ns
The critical path consists of the following:
	fifo write operation ('write_ln1111', C:/TFG_Vivado/vivado/axu2cga_trd.runs/design_1_v_frmbuf_wr_0_0_synth_1/prj/sol/.autopilot/db/v_frmbuf_wr.cpp:1111) on port 'bytePlanes_plane0' (C:/TFG_Vivado/vivado/axu2cga_trd.runs/design_1_v_frmbuf_wr_0_0_synth_1/prj/sol/.autopilot/db/v_frmbuf_wr.cpp:1111) [237]  (1.825 ns)


============================================================
+ Verbose Summary: Binding
============================================================
N/A
* FSMD analyzer results:
  - Output states:
 - Input state : 
  - Chain level:
	State 1
	State 2
	State 3
	State 4
	State 5
	State 6
	State 7
	State 8
	State 9
	State 10


============================================================
+ Verbose Summary: Datapath Resource usage 
============================================================
N/A
