
*** Running vivado
    with args -log design_1_axis_subset_converter_1_0.vds -m64 -product Vivado -mode batch -messageDb vivado.pb -notrace -source design_1_axis_subset_converter_1_0.tcl



****** Vivado v2025.2 (64-bit)
  **** SW Build 6299465 on Fri Nov 14 19:35:11 GMT 2025
  **** IP Build 6300035 on Fri Nov 14 10:48:45 MST 2025
  **** SharedData Build 6298862 on Thu Nov 13 04:50:51 MST 2025
  **** Start of session at: Wed Jan 21 12:53:48 2026
    ** Copyright 1986-2022 Xilinx, Inc. All Rights Reserved.
    ** Copyright 2022-2025 Advanced Micro Devices, Inc. All Rights Reserved.

source design_1_axis_subset_converter_1_0.tcl -notrace
create_project: Time (s): cpu = 00:00:15 ; elapsed = 00:00:24 . Memory (MB): peak = 530.688 ; gain = 221.152
Command: synth_design -top design_1_axis_subset_converter_1_0 -part xczu2cg-sfvc784-1-e -incremental_mode off -mode out_of_context
Starting synth_design
Attempting to get a license for feature 'Synthesis' and/or device 'xczu2cg'
INFO: [Common 17-349] Got license for feature 'Synthesis' and/or device 'xczu2cg'
INFO: [Device 21-403] Loading part xczu2cg-sfvc784-1-e
INFO: [Synth 8-7079] Multithreading enabled for synth_design using a maximum of 2 processes.
INFO: [Synth 8-7078] Launching helper process for spawning children vivado processes
INFO: [Synth 8-7075] Helper process launched with PID 30440
---------------------------------------------------------------------------------
Starting RTL Elaboration : Time (s): cpu = 00:00:11 ; elapsed = 00:00:18 . Memory (MB): peak = 1753.727 ; gain = 205.945
---------------------------------------------------------------------------------
INFO: [Synth 8-6157] synthesizing module 'design_1_axis_subset_converter_1_0' [c:/TFG_Vivado/vivado/axu2cga_trd.gen/sources_1/bd/design_1/ip/design_1_axis_subset_converter_1_0/synth/design_1_axis_subset_converter_1_0.v:53]
INFO: [Synth 8-6157] synthesizing module 'top_design_1_axis_subset_converter_1_0' [c:/TFG_Vivado/vivado/axu2cga_trd.gen/sources_1/bd/design_1/ip/design_1_axis_subset_converter_1_0/hdl/top_design_1_axis_subset_converter_1_0.v:60]
INFO: [Synth 8-6157] synthesizing module 'axis_subset_converter_v1_1_36_core' [c:/TFG_Vivado/vivado/axu2cga_trd.gen/sources_1/bd/design_1/ipshared/5e96/hdl/axis_subset_converter_v1_1_vl_rfs.v:61]
INFO: [Synth 8-6155] done synthesizing module 'axis_subset_converter_v1_1_36_core' (0#1) [c:/TFG_Vivado/vivado/axu2cga_trd.gen/sources_1/bd/design_1/ipshared/5e96/hdl/axis_subset_converter_v1_1_vl_rfs.v:61]
INFO: [Synth 8-6157] synthesizing module 'tdata_design_1_axis_subset_converter_1_0' [c:/TFG_Vivado/vivado/axu2cga_trd.gen/sources_1/bd/design_1/ip/design_1_axis_subset_converter_1_0/hdl/tdata_design_1_axis_subset_converter_1_0.v:48]
INFO: [Synth 8-6155] done synthesizing module 'tdata_design_1_axis_subset_converter_1_0' (0#1) [c:/TFG_Vivado/vivado/axu2cga_trd.gen/sources_1/bd/design_1/ip/design_1_axis_subset_converter_1_0/hdl/tdata_design_1_axis_subset_converter_1_0.v:48]
INFO: [Synth 8-6157] synthesizing module 'tuser_design_1_axis_subset_converter_1_0' [c:/TFG_Vivado/vivado/axu2cga_trd.gen/sources_1/bd/design_1/ip/design_1_axis_subset_converter_1_0/hdl/tuser_design_1_axis_subset_converter_1_0.v:48]
INFO: [Synth 8-6155] done synthesizing module 'tuser_design_1_axis_subset_converter_1_0' (0#1) [c:/TFG_Vivado/vivado/axu2cga_trd.gen/sources_1/bd/design_1/ip/design_1_axis_subset_converter_1_0/hdl/tuser_design_1_axis_subset_converter_1_0.v:48]
INFO: [Synth 8-6157] synthesizing module 'tid_design_1_axis_subset_converter_1_0' [c:/TFG_Vivado/vivado/axu2cga_trd.gen/sources_1/bd/design_1/ip/design_1_axis_subset_converter_1_0/hdl/tid_design_1_axis_subset_converter_1_0.v:48]
INFO: [Synth 8-6155] done synthesizing module 'tid_design_1_axis_subset_converter_1_0' (0#1) [c:/TFG_Vivado/vivado/axu2cga_trd.gen/sources_1/bd/design_1/ip/design_1_axis_subset_converter_1_0/hdl/tid_design_1_axis_subset_converter_1_0.v:48]
INFO: [Synth 8-6157] synthesizing module 'tdest_design_1_axis_subset_converter_1_0' [c:/TFG_Vivado/vivado/axu2cga_trd.gen/sources_1/bd/design_1/ip/design_1_axis_subset_converter_1_0/hdl/tdest_design_1_axis_subset_converter_1_0.v:48]
INFO: [Synth 8-6155] done synthesizing module 'tdest_design_1_axis_subset_converter_1_0' (0#1) [c:/TFG_Vivado/vivado/axu2cga_trd.gen/sources_1/bd/design_1/ip/design_1_axis_subset_converter_1_0/hdl/tdest_design_1_axis_subset_converter_1_0.v:48]
INFO: [Synth 8-6157] synthesizing module 'tstrb_design_1_axis_subset_converter_1_0' [c:/TFG_Vivado/vivado/axu2cga_trd.gen/sources_1/bd/design_1/ip/design_1_axis_subset_converter_1_0/hdl/tstrb_design_1_axis_subset_converter_1_0.v:48]
INFO: [Synth 8-6155] done synthesizing module 'tstrb_design_1_axis_subset_converter_1_0' (0#1) [c:/TFG_Vivado/vivado/axu2cga_trd.gen/sources_1/bd/design_1/ip/design_1_axis_subset_converter_1_0/hdl/tstrb_design_1_axis_subset_converter_1_0.v:48]
INFO: [Synth 8-6157] synthesizing module 'tkeep_design_1_axis_subset_converter_1_0' [c:/TFG_Vivado/vivado/axu2cga_trd.gen/sources_1/bd/design_1/ip/design_1_axis_subset_converter_1_0/hdl/tkeep_design_1_axis_subset_converter_1_0.v:48]
INFO: [Synth 8-6155] done synthesizing module 'tkeep_design_1_axis_subset_converter_1_0' (0#1) [c:/TFG_Vivado/vivado/axu2cga_trd.gen/sources_1/bd/design_1/ip/design_1_axis_subset_converter_1_0/hdl/tkeep_design_1_axis_subset_converter_1_0.v:48]
INFO: [Synth 8-6157] synthesizing module 'tlast_design_1_axis_subset_converter_1_0' [c:/TFG_Vivado/vivado/axu2cga_trd.gen/sources_1/bd/design_1/ip/design_1_axis_subset_converter_1_0/hdl/tlast_design_1_axis_subset_converter_1_0.v:48]
INFO: [Synth 8-6155] done synthesizing module 'tlast_design_1_axis_subset_converter_1_0' (0#1) [c:/TFG_Vivado/vivado/axu2cga_trd.gen/sources_1/bd/design_1/ip/design_1_axis_subset_converter_1_0/hdl/tlast_design_1_axis_subset_converter_1_0.v:48]
INFO: [Synth 8-6155] done synthesizing module 'top_design_1_axis_subset_converter_1_0' (0#1) [c:/TFG_Vivado/vivado/axu2cga_trd.gen/sources_1/bd/design_1/ip/design_1_axis_subset_converter_1_0/hdl/top_design_1_axis_subset_converter_1_0.v:60]
INFO: [Synth 8-6155] done synthesizing module 'design_1_axis_subset_converter_1_0' (0#1) [c:/TFG_Vivado/vivado/axu2cga_trd.gen/sources_1/bd/design_1/ip/design_1_axis_subset_converter_1_0/synth/design_1_axis_subset_converter_1_0.v:53]
INFO: [Synth 8-7129] Port tid[0] in module tlast_design_1_axis_subset_converter_1_0 is either unconnected or has no load
INFO: [Synth 8-7129] Port tdata[31] in module tlast_design_1_axis_subset_converter_1_0 is either unconnected or has no load
INFO: [Synth 8-7129] Port tdata[30] in module tlast_design_1_axis_subset_converter_1_0 is either unconnected or has no load
INFO: [Synth 8-7129] Port tdata[29] in module tlast_design_1_axis_subset_converter_1_0 is either unconnected or has no load
INFO: [Synth 8-7129] Port tdata[28] in module tlast_design_1_axis_subset_converter_1_0 is either unconnected or has no load
INFO: [Synth 8-7129] Port tdata[27] in module tlast_design_1_axis_subset_converter_1_0 is either unconnected or has no load
INFO: [Synth 8-7129] Port tdata[26] in module tlast_design_1_axis_subset_converter_1_0 is either unconnected or has no load
INFO: [Synth 8-7129] Port tdata[25] in module tlast_design_1_axis_subset_converter_1_0 is either unconnected or has no load
INFO: [Synth 8-7129] Port tdata[24] in module tlast_design_1_axis_subset_converter_1_0 is either unconnected or has no load
INFO: [Synth 8-7129] Port tdata[23] in module tlast_design_1_axis_subset_converter_1_0 is either unconnected or has no load
INFO: [Synth 8-7129] Port tdata[22] in module tlast_design_1_axis_subset_converter_1_0 is either unconnected or has no load
INFO: [Synth 8-7129] Port tdata[21] in module tlast_design_1_axis_subset_converter_1_0 is either unconnected or has no load
INFO: [Synth 8-7129] Port tdata[20] in module tlast_design_1_axis_subset_converter_1_0 is either unconnected or has no load
INFO: [Synth 8-7129] Port tdata[19] in module tlast_design_1_axis_subset_converter_1_0 is either unconnected or has no load
INFO: [Synth 8-7129] Port tdata[18] in module tlast_design_1_axis_subset_converter_1_0 is either unconnected or has no load
INFO: [Synth 8-7129] Port tdata[17] in module tlast_design_1_axis_subset_converter_1_0 is either unconnected or has no load
INFO: [Synth 8-7129] Port tdata[16] in module tlast_design_1_axis_subset_converter_1_0 is either unconnected or has no load
INFO: [Synth 8-7129] Port tdata[15] in module tlast_design_1_axis_subset_converter_1_0 is either unconnected or has no load
INFO: [Synth 8-7129] Port tdata[14] in module tlast_design_1_axis_subset_converter_1_0 is either unconnected or has no load
INFO: [Synth 8-7129] Port tdata[13] in module tlast_design_1_axis_subset_converter_1_0 is either unconnected or has no load
INFO: [Synth 8-7129] Port tdata[12] in module tlast_design_1_axis_subset_converter_1_0 is either unconnected or has no load
INFO: [Synth 8-7129] Port tdata[11] in module tlast_design_1_axis_subset_converter_1_0 is either unconnected or has no load
INFO: [Synth 8-7129] Port tdata[10] in module tlast_design_1_axis_subset_converter_1_0 is either unconnected or has no load
INFO: [Synth 8-7129] Port tdata[9] in module tlast_design_1_axis_subset_converter_1_0 is either unconnected or has no load
INFO: [Synth 8-7129] Port tdata[8] in module tlast_design_1_axis_subset_converter_1_0 is either unconnected or has no load
INFO: [Synth 8-7129] Port tdata[7] in module tlast_design_1_axis_subset_converter_1_0 is either unconnected or has no load
INFO: [Synth 8-7129] Port tdata[6] in module tlast_design_1_axis_subset_converter_1_0 is either unconnected or has no load
INFO: [Synth 8-7129] Port tdata[5] in module tlast_design_1_axis_subset_converter_1_0 is either unconnected or has no load
INFO: [Synth 8-7129] Port tdata[4] in module tlast_design_1_axis_subset_converter_1_0 is either unconnected or has no load
INFO: [Synth 8-7129] Port tdata[3] in module tlast_design_1_axis_subset_converter_1_0 is either unconnected or has no load
INFO: [Synth 8-7129] Port tdata[2] in module tlast_design_1_axis_subset_converter_1_0 is either unconnected or has no load
INFO: [Synth 8-7129] Port tdata[1] in module tlast_design_1_axis_subset_converter_1_0 is either unconnected or has no load
INFO: [Synth 8-7129] Port tdata[0] in module tlast_design_1_axis_subset_converter_1_0 is either unconnected or has no load
INFO: [Synth 8-7129] Port tuser[0] in module tlast_design_1_axis_subset_converter_1_0 is either unconnected or has no load
INFO: [Synth 8-7129] Port tdest[9] in module tlast_design_1_axis_subset_converter_1_0 is either unconnected or has no load
INFO: [Synth 8-7129] Port tdest[8] in module tlast_design_1_axis_subset_converter_1_0 is either unconnected or has no load
INFO: [Synth 8-7129] Port tdest[7] in module tlast_design_1_axis_subset_converter_1_0 is either unconnected or has no load
INFO: [Synth 8-7129] Port tdest[6] in module tlast_design_1_axis_subset_converter_1_0 is either unconnected or has no load
INFO: [Synth 8-7129] Port tdest[5] in module tlast_design_1_axis_subset_converter_1_0 is either unconnected or has no load
INFO: [Synth 8-7129] Port tdest[4] in module tlast_design_1_axis_subset_converter_1_0 is either unconnected or has no load
INFO: [Synth 8-7129] Port tdest[3] in module tlast_design_1_axis_subset_converter_1_0 is either unconnected or has no load
INFO: [Synth 8-7129] Port tdest[2] in module tlast_design_1_axis_subset_converter_1_0 is either unconnected or has no load
INFO: [Synth 8-7129] Port tdest[1] in module tlast_design_1_axis_subset_converter_1_0 is either unconnected or has no load
INFO: [Synth 8-7129] Port tdest[0] in module tlast_design_1_axis_subset_converter_1_0 is either unconnected or has no load
INFO: [Synth 8-7129] Port tkeep[3] in module tlast_design_1_axis_subset_converter_1_0 is either unconnected or has no load
INFO: [Synth 8-7129] Port tkeep[2] in module tlast_design_1_axis_subset_converter_1_0 is either unconnected or has no load
INFO: [Synth 8-7129] Port tkeep[1] in module tlast_design_1_axis_subset_converter_1_0 is either unconnected or has no load
INFO: [Synth 8-7129] Port tkeep[0] in module tlast_design_1_axis_subset_converter_1_0 is either unconnected or has no load
INFO: [Synth 8-7129] Port tstrb[3] in module tlast_design_1_axis_subset_converter_1_0 is either unconnected or has no load
INFO: [Synth 8-7129] Port tstrb[2] in module tlast_design_1_axis_subset_converter_1_0 is either unconnected or has no load
INFO: [Synth 8-7129] Port tstrb[1] in module tlast_design_1_axis_subset_converter_1_0 is either unconnected or has no load
INFO: [Synth 8-7129] Port tstrb[0] in module tlast_design_1_axis_subset_converter_1_0 is either unconnected or has no load
INFO: [Synth 8-7129] Port tdata[31] in module tkeep_design_1_axis_subset_converter_1_0 is either unconnected or has no load
INFO: [Synth 8-7129] Port tdata[30] in module tkeep_design_1_axis_subset_converter_1_0 is either unconnected or has no load
INFO: [Synth 8-7129] Port tdata[29] in module tkeep_design_1_axis_subset_converter_1_0 is either unconnected or has no load
INFO: [Synth 8-7129] Port tdata[28] in module tkeep_design_1_axis_subset_converter_1_0 is either unconnected or has no load
INFO: [Synth 8-7129] Port tdata[27] in module tkeep_design_1_axis_subset_converter_1_0 is either unconnected or has no load
INFO: [Synth 8-7129] Port tdata[26] in module tkeep_design_1_axis_subset_converter_1_0 is either unconnected or has no load
INFO: [Synth 8-7129] Port tdata[25] in module tkeep_design_1_axis_subset_converter_1_0 is either unconnected or has no load
INFO: [Synth 8-7129] Port tdata[24] in module tkeep_design_1_axis_subset_converter_1_0 is either unconnected or has no load
INFO: [Synth 8-7129] Port tdata[23] in module tkeep_design_1_axis_subset_converter_1_0 is either unconnected or has no load
INFO: [Synth 8-7129] Port tdata[22] in module tkeep_design_1_axis_subset_converter_1_0 is either unconnected or has no load
INFO: [Synth 8-7129] Port tdata[21] in module tkeep_design_1_axis_subset_converter_1_0 is either unconnected or has no load
INFO: [Synth 8-7129] Port tdata[20] in module tkeep_design_1_axis_subset_converter_1_0 is either unconnected or has no load
INFO: [Synth 8-7129] Port tdata[19] in module tkeep_design_1_axis_subset_converter_1_0 is either unconnected or has no load
INFO: [Synth 8-7129] Port tdata[18] in module tkeep_design_1_axis_subset_converter_1_0 is either unconnected or has no load
INFO: [Synth 8-7129] Port tdata[17] in module tkeep_design_1_axis_subset_converter_1_0 is either unconnected or has no load
INFO: [Synth 8-7129] Port tdata[16] in module tkeep_design_1_axis_subset_converter_1_0 is either unconnected or has no load
INFO: [Synth 8-7129] Port tdata[15] in module tkeep_design_1_axis_subset_converter_1_0 is either unconnected or has no load
INFO: [Synth 8-7129] Port tdata[14] in module tkeep_design_1_axis_subset_converter_1_0 is either unconnected or has no load
INFO: [Synth 8-7129] Port tdata[13] in module tkeep_design_1_axis_subset_converter_1_0 is either unconnected or has no load
INFO: [Synth 8-7129] Port tdata[12] in module tkeep_design_1_axis_subset_converter_1_0 is either unconnected or has no load
INFO: [Synth 8-7129] Port tdata[11] in module tkeep_design_1_axis_subset_converter_1_0 is either unconnected or has no load
INFO: [Synth 8-7129] Port tdata[10] in module tkeep_design_1_axis_subset_converter_1_0 is either unconnected or has no load
INFO: [Synth 8-7129] Port tdata[9] in module tkeep_design_1_axis_subset_converter_1_0 is either unconnected or has no load
INFO: [Synth 8-7129] Port tdata[8] in module tkeep_design_1_axis_subset_converter_1_0 is either unconnected or has no load
INFO: [Synth 8-7129] Port tdata[7] in module tkeep_design_1_axis_subset_converter_1_0 is either unconnected or has no load
INFO: [Synth 8-7129] Port tdata[6] in module tkeep_design_1_axis_subset_converter_1_0 is either unconnected or has no load
INFO: [Synth 8-7129] Port tdata[5] in module tkeep_design_1_axis_subset_converter_1_0 is either unconnected or has no load
INFO: [Synth 8-7129] Port tdata[4] in module tkeep_design_1_axis_subset_converter_1_0 is either unconnected or has no load
INFO: [Synth 8-7129] Port tdata[3] in module tkeep_design_1_axis_subset_converter_1_0 is either unconnected or has no load
INFO: [Synth 8-7129] Port tdata[2] in module tkeep_design_1_axis_subset_converter_1_0 is either unconnected or has no load
INFO: [Synth 8-7129] Port tdata[1] in module tkeep_design_1_axis_subset_converter_1_0 is either unconnected or has no load
INFO: [Synth 8-7129] Port tdata[0] in module tkeep_design_1_axis_subset_converter_1_0 is either unconnected or has no load
INFO: [Synth 8-7129] Port tuser[0] in module tkeep_design_1_axis_subset_converter_1_0 is either unconnected or has no load
INFO: [Synth 8-7129] Port tid[0] in module tkeep_design_1_axis_subset_converter_1_0 is either unconnected or has no load
INFO: [Synth 8-7129] Port tdest[9] in module tkeep_design_1_axis_subset_converter_1_0 is either unconnected or has no load
INFO: [Synth 8-7129] Port tdest[8] in module tkeep_design_1_axis_subset_converter_1_0 is either unconnected or has no load
INFO: [Synth 8-7129] Port tdest[7] in module tkeep_design_1_axis_subset_converter_1_0 is either unconnected or has no load
INFO: [Synth 8-7129] Port tdest[6] in module tkeep_design_1_axis_subset_converter_1_0 is either unconnected or has no load
INFO: [Synth 8-7129] Port tdest[5] in module tkeep_design_1_axis_subset_converter_1_0 is either unconnected or has no load
INFO: [Synth 8-7129] Port tdest[4] in module tkeep_design_1_axis_subset_converter_1_0 is either unconnected or has no load
INFO: [Synth 8-7129] Port tdest[3] in module tkeep_design_1_axis_subset_converter_1_0 is either unconnected or has no load
INFO: [Synth 8-7129] Port tdest[2] in module tkeep_design_1_axis_subset_converter_1_0 is either unconnected or has no load
INFO: [Synth 8-7129] Port tdest[1] in module tkeep_design_1_axis_subset_converter_1_0 is either unconnected or has no load
INFO: [Synth 8-7129] Port tdest[0] in module tkeep_design_1_axis_subset_converter_1_0 is either unconnected or has no load
INFO: [Synth 8-7129] Port tstrb[3] in module tkeep_design_1_axis_subset_converter_1_0 is either unconnected or has no load
INFO: [Synth 8-7129] Port tstrb[2] in module tkeep_design_1_axis_subset_converter_1_0 is either unconnected or has no load
INFO: [Synth 8-7129] Port tstrb[1] in module tkeep_design_1_axis_subset_converter_1_0 is either unconnected or has no load
INFO: [Synth 8-7129] Port tstrb[0] in module tkeep_design_1_axis_subset_converter_1_0 is either unconnected or has no load
INFO: [Common 17-14] Message 'Synth 8-7129' appears 100 times and further instances of the messages will be disabled. Use the Tcl command set_msg_config to change the current settings.
---------------------------------------------------------------------------------
Finished RTL Elaboration : Time (s): cpu = 00:00:14 ; elapsed = 00:00:29 . Memory (MB): peak = 1880.363 ; gain = 332.582
---------------------------------------------------------------------------------
---------------------------------------------------------------------------------
Start Handling Custom Attributes
---------------------------------------------------------------------------------
---------------------------------------------------------------------------------
Finished Handling Custom Attributes : Time (s): cpu = 00:00:14 ; elapsed = 00:00:30 . Memory (MB): peak = 1880.363 ; gain = 332.582
---------------------------------------------------------------------------------
---------------------------------------------------------------------------------
Finished RTL Optimization Phase 1 : Time (s): cpu = 00:00:14 ; elapsed = 00:00:30 . Memory (MB): peak = 1880.363 ; gain = 332.582
---------------------------------------------------------------------------------
Netlist sorting complete. Time (s): cpu = 00:00:00 ; elapsed = 00:00:00.022 . Memory (MB): peak = 1880.363 ; gain = 0.000
INFO: [Project 1-570] Preparing netlist for logic optimization

Processing XDC Constraints
Initializing timing engine
Parsing XDC File [c:/TFG_Vivado/vivado/axu2cga_trd.gen/sources_1/bd/design_1/ip/design_1_axis_subset_converter_1_0/design_1_axis_subset_converter_1_0_ooc.xdc] for cell 'inst'
create_clock: Time (s): cpu = 00:00:10 ; elapsed = 00:00:13 . Memory (MB): peak = 1881.801 ; gain = 0.090
Finished Parsing XDC File [c:/TFG_Vivado/vivado/axu2cga_trd.gen/sources_1/bd/design_1/ip/design_1_axis_subset_converter_1_0/design_1_axis_subset_converter_1_0_ooc.xdc] for cell 'inst'
Parsing XDC File [C:/TFG_Vivado/vivado/axu2cga_trd.runs/design_1_axis_subset_converter_1_0_synth_1/dont_touch.xdc]
Finished Parsing XDC File [C:/TFG_Vivado/vivado/axu2cga_trd.runs/design_1_axis_subset_converter_1_0_synth_1/dont_touch.xdc]
Completed Processing XDC Constraints

Netlist sorting complete. Time (s): cpu = 00:00:00 ; elapsed = 00:00:00 . Memory (MB): peak = 1881.801 ; gain = 0.000
INFO: [Project 1-111] Unisim Transformation Summary:
No Unisim elements were transformed.

Constraint Validation Runtime : Time (s): cpu = 00:00:00 ; elapsed = 00:00:00.071 . Memory (MB): peak = 1881.801 ; gain = 0.000
INFO: [Designutils 20-5008] Incremental synthesis strategy off
---------------------------------------------------------------------------------
Finished Constraint Validation : Time (s): cpu = 00:00:41 ; elapsed = 00:01:20 . Memory (MB): peak = 1881.801 ; gain = 334.020
---------------------------------------------------------------------------------
---------------------------------------------------------------------------------
Start Loading Part and Timing Information
---------------------------------------------------------------------------------
Loading part: xczu2cg-sfvc784-1-e
INFO: [Synth 8-6742] Reading net delay rules and data
---------------------------------------------------------------------------------
Finished Loading Part and Timing Information : Time (s): cpu = 00:00:41 ; elapsed = 00:01:20 . Memory (MB): peak = 1881.801 ; gain = 334.020
---------------------------------------------------------------------------------
---------------------------------------------------------------------------------
Start Applying 'set_property' XDC Constraints
---------------------------------------------------------------------------------
---------------------------------------------------------------------------------
Finished applying 'set_property' XDC Constraints : Time (s): cpu = 00:00:41 ; elapsed = 00:01:20 . Memory (MB): peak = 1881.801 ; gain = 334.020
---------------------------------------------------------------------------------
---------------------------------------------------------------------------------
Finished RTL Optimization Phase 2 : Time (s): cpu = 00:00:42 ; elapsed = 00:01:20 . Memory (MB): peak = 1881.801 ; gain = 334.020
---------------------------------------------------------------------------------
---------------------------------------------------------------------------------
Start RTL Component Statistics 
---------------------------------------------------------------------------------
Detailed RTL Component Info : 
---------------------------------------------------------------------------------
Finished RTL Component Statistics 
---------------------------------------------------------------------------------
---------------------------------------------------------------------------------
Start Part Resource Summary
---------------------------------------------------------------------------------
Part Resources:
DSPs: 240 (col length:72)
BRAMs: 300 (col length: RAMB18 72 RAMB36 36)
---------------------------------------------------------------------------------
Finished Part Resource Summary
---------------------------------------------------------------------------------
---------------------------------------------------------------------------------
Start Cross Boundary and Area Optimization
---------------------------------------------------------------------------------
---------------------------------------------------------------------------------
Finished Cross Boundary and Area Optimization : Time (s): cpu = 00:00:45 ; elapsed = 00:01:29 . Memory (MB): peak = 1890.531 ; gain = 342.750
---------------------------------------------------------------------------------
---------------------------------------------------------------------------------
Start Applying XDC Timing Constraints
---------------------------------------------------------------------------------
---------------------------------------------------------------------------------
Finished Applying XDC Timing Constraints : Time (s): cpu = 00:01:06 ; elapsed = 00:02:06 . Memory (MB): peak = 2590.723 ; gain = 1042.941
---------------------------------------------------------------------------------
---------------------------------------------------------------------------------
Start Timing Optimization
---------------------------------------------------------------------------------
---------------------------------------------------------------------------------
Finished Timing Optimization : Time (s): cpu = 00:01:06 ; elapsed = 00:02:06 . Memory (MB): peak = 2590.723 ; gain = 1042.941
---------------------------------------------------------------------------------
---------------------------------------------------------------------------------
Start Technology Mapping
---------------------------------------------------------------------------------
---------------------------------------------------------------------------------
Finished Technology Mapping : Time (s): cpu = 00:01:06 ; elapsed = 00:02:06 . Memory (MB): peak = 2600.273 ; gain = 1052.492
---------------------------------------------------------------------------------
---------------------------------------------------------------------------------
Start IO Insertion
---------------------------------------------------------------------------------
---------------------------------------------------------------------------------
Start Flattening Before IO Insertion
---------------------------------------------------------------------------------
---------------------------------------------------------------------------------
Finished Flattening Before IO Insertion
---------------------------------------------------------------------------------
---------------------------------------------------------------------------------
Start Final Netlist Cleanup
---------------------------------------------------------------------------------
---------------------------------------------------------------------------------
Finished Final Netlist Cleanup
---------------------------------------------------------------------------------
---------------------------------------------------------------------------------
Finished IO Insertion : Time (s): cpu = 00:01:21 ; elapsed = 00:02:37 . Memory (MB): peak = 2851.031 ; gain = 1303.250
---------------------------------------------------------------------------------
---------------------------------------------------------------------------------
Start Renaming Generated Instances
---------------------------------------------------------------------------------
---------------------------------------------------------------------------------
Finished Renaming Generated Instances : Time (s): cpu = 00:01:21 ; elapsed = 00:02:38 . Memory (MB): peak = 2851.031 ; gain = 1303.250
---------------------------------------------------------------------------------
---------------------------------------------------------------------------------
Start Rebuilding User Hierarchy
---------------------------------------------------------------------------------
---------------------------------------------------------------------------------
Finished Rebuilding User Hierarchy : Time (s): cpu = 00:01:21 ; elapsed = 00:02:38 . Memory (MB): peak = 2851.031 ; gain = 1303.250
---------------------------------------------------------------------------------
---------------------------------------------------------------------------------
Start Renaming Generated Ports
---------------------------------------------------------------------------------
---------------------------------------------------------------------------------
Finished Renaming Generated Ports : Time (s): cpu = 00:01:21 ; elapsed = 00:02:38 . Memory (MB): peak = 2851.031 ; gain = 1303.250
---------------------------------------------------------------------------------
---------------------------------------------------------------------------------
Start Handling Custom Attributes
---------------------------------------------------------------------------------
---------------------------------------------------------------------------------
Finished Handling Custom Attributes : Time (s): cpu = 00:01:21 ; elapsed = 00:02:38 . Memory (MB): peak = 2851.031 ; gain = 1303.250
---------------------------------------------------------------------------------
---------------------------------------------------------------------------------
Start Renaming Generated Nets
---------------------------------------------------------------------------------
---------------------------------------------------------------------------------
Finished Renaming Generated Nets : Time (s): cpu = 00:01:21 ; elapsed = 00:02:38 . Memory (MB): peak = 2851.031 ; gain = 1303.250
---------------------------------------------------------------------------------
---------------------------------------------------------------------------------
Start Writing Synthesis Report
---------------------------------------------------------------------------------

Report BlackBoxes: 
+-+--------------+----------+
| |BlackBox name |Instances |
+-+--------------+----------+
+-+--------------+----------+

Report Cell Usage: 
+-+-----+------+
| |Cell |Count |
+-+-----+------+
+-+-----+------+
---------------------------------------------------------------------------------
Finished Writing Synthesis Report : Time (s): cpu = 00:01:21 ; elapsed = 00:02:38 . Memory (MB): peak = 2851.031 ; gain = 1303.250
---------------------------------------------------------------------------------
Synthesis finished with 0 errors, 0 critical warnings and 0 warnings.
Synthesis Optimization Runtime : Time (s): cpu = 00:00:54 ; elapsed = 00:02:46 . Memory (MB): peak = 2851.031 ; gain = 1301.812
Synthesis Optimization Complete : Time (s): cpu = 00:01:22 ; elapsed = 00:03:10 . Memory (MB): peak = 2851.031 ; gain = 1303.250
INFO: [Project 1-571] Translating synthesized netlist
Netlist sorting complete. Time (s): cpu = 00:00:00 ; elapsed = 00:00:00.016 . Memory (MB): peak = 2851.031 ; gain = 0.000
INFO: [Project 1-570] Preparing netlist for logic optimization
INFO: [Opt 31-138] Pushed 0 inverter(s) to 0 load pin(s).
Netlist sorting complete. Time (s): cpu = 00:00:00 ; elapsed = 00:00:00 . Memory (MB): peak = 2851.031 ; gain = 0.000
INFO: [Project 1-111] Unisim Transformation Summary:
No Unisim elements were transformed.

Synth Design complete | Checksum: 8fb05d14
INFO: [Common 17-83] Releasing license: Synthesis
135 Infos, 0 Warnings, 0 Critical Warnings and 0 Errors encountered.
synth_design completed successfully
synth_design: Time (s): cpu = 00:01:37 ; elapsed = 00:04:11 . Memory (MB): peak = 2851.031 ; gain = 2263.207
INFO: [Common 17-1381] The checkpoint 'C:/TFG_Vivado/vivado/axu2cga_trd.runs/design_1_axis_subset_converter_1_0_synth_1/design_1_axis_subset_converter_1_0.dcp' has been generated.
INFO: [Coretcl 2-1648] Added synthesis output to IP cache for IP design_1_axis_subset_converter_1_0, cache-ID = 9f28bfbce5b603ad
INFO: [Common 17-1381] The checkpoint 'C:/TFG_Vivado/vivado/axu2cga_trd.runs/design_1_axis_subset_converter_1_0_synth_1/design_1_axis_subset_converter_1_0.dcp' has been generated.
INFO: [Vivado 12-24828] Executing command : report_utilization -file design_1_axis_subset_converter_1_0_utilization_synth.rpt -pb design_1_axis_subset_converter_1_0_utilization_synth.pb
INFO: [Common 17-206] Exiting Vivado at Wed Jan 21 12:58:40 2026...
