

================================================================
== Vitis HLS Report for 'Block_entry_proc_1'
================================================================
* Date:           Wed Jan 21 12:52:53 2026

* Version:        2025.2 (Build 6295257 on Nov 14 2025)
* Project:        prj
* Solution:       sol (Vivado IP Flow Target)
* Product family: zynquplus
* Target device:  xczu2cg-sfvc784-1-e


================================================================
== Performance Estimates
================================================================
+ Timing: 
    * Summary: 
    +--------+---------+----------+------------+
    |  Clock |  Target | Estimated| Uncertainty|
    +--------+---------+----------+------------+
    |ap_clk  |  5.00 ns|  1.238 ns|     1.35 ns|
    +--------+---------+----------+------------+

+ Latency: 
    * Summary: 
    +---------+---------+----------+----------+-----+-----+---------+
    |  Latency (cycles) |  Latency (absolute) |  Interval | Pipeline|
    |   min   |   max   |    min   |    max   | min | max |   Type  |
    +---------+---------+----------+----------+-----+-----+---------+
    |        0|        0|      0 ns|      0 ns|    0|    0|       no|
    +---------+---------+----------+----------+-----+-----+---------+

    + Detail: 
        * Instance: 
        N/A

        * Loop: 
        N/A



================================================================
== Utilization Estimates
================================================================
* Summary: 
+-----------------+---------+-----+-------+-------+-----+
|       Name      | BRAM_18K| DSP |   FF  |  LUT  | URAM|
+-----------------+---------+-----+-------+-------+-----+
|DSP              |        -|    -|      -|      -|    -|
|Expression       |        -|    -|      0|     66|    -|
|FIFO             |        -|    -|      -|      -|    -|
|Instance         |        -|    -|      -|      -|    -|
|Memory           |        -|    -|      -|      -|    -|
|Multiplexer      |        -|    -|      0|     27|    -|
|Register         |        -|    -|      4|      -|    -|
+-----------------+---------+-----+-------+-------+-----+
|Total            |        0|    0|      4|     93|    0|
+-----------------+---------+-----+-------+-------+-----+
|Available        |      300|  240|  94464|  47232|    0|
+-----------------+---------+-----+-------+-------+-----+
|Utilization (%)  |        0|    0|     ~0|     ~0|    0|
+-----------------+---------+-----+-------+-------+-----+

+ Detail: 
    * Instance: 
    N/A

    * DSP: 
    N/A

    * Memory: 
    N/A

    * FIFO: 
    N/A

    * Expression: 
    +-----------------------+----------+----+---+----+------------+------------+
    |     Variable Name     | Operation| DSP| FF| LUT| Bitwidth P0| Bitwidth P1|
    +-----------------------+----------+----+---+----+------------+------------+
    |and_ln423_fu_42_p2     |       and|   0|  0|   2|           1|           1|
    |and_ln426_fu_60_p2     |       and|   0|  0|   2|           1|           1|
    |icmp_ln423_1_fu_36_p2  |      icmp|   0|  0|  15|           8|           2|
    |icmp_ln423_fu_30_p2    |      icmp|   0|  0|  15|           8|           2|
    |icmp_ln426_1_fu_54_p2  |      icmp|   0|  0|  15|           8|           2|
    |icmp_ln426_fu_48_p2    |      icmp|   0|  0|  15|           8|           2|
    |ap_block_state1        |        or|   0|  0|   2|           1|           1|
    +-----------------------+----------+----+---+----+------------+------------+
    |Total                  |          |   0|  0|  66|          35|          11|
    +-----------------------+----------+----+---+----+------------+------------+

    * Multiplexer: 
    +-------------+----+-----------+-----+-----------+
    |     Name    | LUT| Input Size| Bits| Total Bits|
    +-------------+----+-----------+-----+-----------+
    |ap_done      |   9|          2|    1|          2|
    |ap_return_0  |   9|          2|    1|          2|
    |ap_return_1  |   9|          2|    1|          2|
    +-------------+----+-----------+-----+-----------+
    |Total        |  27|          6|    3|          6|
    +-------------+----+-----------+-----+-----------+

    * Register: 
    +------------------+---+----+-----+-----------+
    |       Name       | FF| LUT| Bits| Const Bits|
    +------------------+---+----+-----+-----------+
    |ap_CS_fsm         |  1|   0|    1|          0|
    |ap_done_reg       |  1|   0|    1|          0|
    |ap_return_0_preg  |  1|   0|    1|          0|
    |ap_return_1_preg  |  1|   0|    1|          0|
    +------------------+---+----+-----+-----------+
    |Total             |  4|   0|    4|          0|
    +------------------+---+----+-----+-----------+



================================================================
== Interface
================================================================
* Summary: 
+----------------+-----+-----+------------+--------------------+--------------+
|    RTL Ports   | Dir | Bits|  Protocol  |    Source Object   |    C Type    |
+----------------+-----+-----+------------+--------------------+--------------+
|ap_clk          |   in|    1|  ap_ctrl_hs|  Block_entry_proc.1|  return value|
|ap_rst          |   in|    1|  ap_ctrl_hs|  Block_entry_proc.1|  return value|
|ap_start        |   in|    1|  ap_ctrl_hs|  Block_entry_proc.1|  return value|
|ap_done         |  out|    1|  ap_ctrl_hs|  Block_entry_proc.1|  return value|
|ap_continue     |   in|    1|  ap_ctrl_hs|  Block_entry_proc.1|  return value|
|ap_idle         |  out|    1|  ap_ctrl_hs|  Block_entry_proc.1|  return value|
|ap_ready        |  out|    1|  ap_ctrl_hs|  Block_entry_proc.1|  return value|
|ap_return_0     |  out|    1|  ap_ctrl_hs|  Block_entry_proc.1|  return value|
|ap_return_1     |  out|    1|  ap_ctrl_hs|  Block_entry_proc.1|  return value|
|InVideoFormat   |   in|    8|     ap_none|       InVideoFormat|       pointer|
|OutVideoFormat  |   in|    8|     ap_none|      OutVideoFormat|       pointer|
+----------------+-----+-----+------------+--------------------+--------------+

