

================================================================
== Vitis HLS Report for 'v_csc_core_Pipeline_VITIS_LOOP_136_2'
================================================================
* Date:           Wed Jan 21 12:52:56 2026

* Version:        2025.2 (Build 6295257 on Nov 14 2025)
* Project:        prj
* Solution:       sol (Vivado IP Flow Target)
* Product family: zynquplus
* Target device:  xczu2cg-sfvc784-1-e


================================================================
== Performance Estimates
================================================================
+ Timing: 
    * Summary: 
    +--------+---------+----------+------------+
    |  Clock |  Target | Estimated| Uncertainty|
    +--------+---------+----------+------------+
    |ap_clk  |  5.00 ns|  3.333 ns|     1.35 ns|
    +--------+---------+----------+------------+

+ Latency: 
    * Summary: 
    +---------+---------+-----------+----------+-----+-----+-------------------+
    |  Latency (cycles) |  Latency (absolute)  |  Interval |      Pipeline     |
    |   min   |   max   |    min    |    max   | min | max |        Type       |
    +---------+---------+-----------+----------+-----+-----+-------------------+
    |        7|    32772|  35.000 ns|  0.164 ms|    0|    0|  loop pipeline stp|
    +---------+---------+-----------+----------+-----+-----+-------------------+

    + Detail: 
        * Instance: 
        N/A

        * Loop: 
        +--------------------+---------+---------+----------+-----------+-----------+-----------+----------+
        |                    |  Latency (cycles) | Iteration|  Initiation Interval  |    Trip   |          |
        |      Loop Name     |   min   |   max   |  Latency |  achieved |   target  |   Count   | Pipelined|
        +--------------------+---------+---------+----------+-----------+-----------+-----------+----------+
        |- VITIS_LOOP_136_2  |        5|    32770|         6|          1|          1|  1 ~ 32766|       yes|
        +--------------------+---------+---------+----------+-----------+-----------+-----------+----------+



================================================================
== Utilization Estimates
================================================================
* Summary: 
+-----------------+---------+-----+-------+-------+-----+
|       Name      | BRAM_18K| DSP |   FF  |  LUT  | URAM|
+-----------------+---------+-----+-------+-------+-----+
|DSP              |        -|   12|      -|      -|    -|
|Expression       |        -|    -|      0|   1751|    -|
|FIFO             |        -|    -|      -|      -|    -|
|Instance         |        -|    6|      0|     30|    -|
|Memory           |        -|    -|      -|      -|    -|
|Multiplexer      |        -|    -|      0|     54|    -|
|Register         |        -|    -|   1140|     64|    -|
+-----------------+---------+-----+-------+-------+-----+
|Total            |        0|   18|   1140|   1899|    0|
+-----------------+---------+-----+-------+-------+-----+
|Available        |      300|  240|  94464|  47232|    0|
+-----------------+---------+-----+-------+-------+-----+
|Utilization (%)  |        0|    7|      1|      4|    0|
+-----------------+---------+-----+-------+-------+-----+

+ Detail: 
    * Instance: 
    +-------------------------+--------------------+---------+----+---+----+-----+
    |         Instance        |       Module       | BRAM_18K| DSP| FF| LUT| URAM|
    +-------------------------+--------------------+---------+----+---+----+-----+
    |mul_16s_8ns_24_1_1_U97   |mul_16s_8ns_24_1_1  |        0|   1|  0|   5|    0|
    |mul_16s_8ns_24_1_1_U98   |mul_16s_8ns_24_1_1  |        0|   1|  0|   5|    0|
    |mul_16s_8ns_24_1_1_U99   |mul_16s_8ns_24_1_1  |        0|   1|  0|   5|    0|
    |mul_8ns_16s_24_1_1_U100  |mul_8ns_16s_24_1_1  |        0|   1|  0|   5|    0|
    |mul_8ns_16s_24_1_1_U101  |mul_8ns_16s_24_1_1  |        0|   1|  0|   5|    0|
    |mul_8ns_16s_24_1_1_U102  |mul_8ns_16s_24_1_1  |        0|   1|  0|   5|    0|
    +-------------------------+--------------------+---------+----+---+----+-----+
    |Total                    |                    |        0|   6|  0|  30|    0|
    +-------------------------+--------------------+---------+----+---+----+-----+

    * DSP: 
    +-------------------------------------+--------------------------------+--------------+
    |               Instance              |             Module             |  Expression  |
    +-------------------------------------+--------------------------------+--------------+
    |mac_muladd_16s_8ns_12ns_24_4_1_U104  |mac_muladd_16s_8ns_12ns_24_4_1  |  i0 * i1 + i2|
    |mac_muladd_16s_8ns_12ns_24_4_1_U106  |mac_muladd_16s_8ns_12ns_24_4_1  |  i0 * i1 + i2|
    |mac_muladd_16s_8ns_12ns_24_4_1_U108  |mac_muladd_16s_8ns_12ns_24_4_1  |  i0 * i1 + i2|
    |mac_muladd_16s_8ns_12ns_24_4_1_U110  |mac_muladd_16s_8ns_12ns_24_4_1  |  i0 * i1 + i2|
    |mac_muladd_16s_8ns_12ns_24_4_1_U112  |mac_muladd_16s_8ns_12ns_24_4_1  |  i0 * i1 + i2|
    |mac_muladd_16s_8ns_12ns_24_4_1_U114  |mac_muladd_16s_8ns_12ns_24_4_1  |  i0 * i1 + i2|
    |mac_muladd_16s_8ns_22s_25_4_1_U103   |mac_muladd_16s_8ns_22s_25_4_1   |  i0 * i1 + i2|
    |mac_muladd_16s_8ns_22s_25_4_1_U105   |mac_muladd_16s_8ns_22s_25_4_1   |  i0 * i1 + i2|
    |mac_muladd_16s_8ns_22s_25_4_1_U107   |mac_muladd_16s_8ns_22s_25_4_1   |  i0 * i1 + i2|
    |mac_muladd_16s_8ns_22s_25_4_1_U109   |mac_muladd_16s_8ns_22s_25_4_1   |  i0 * i1 + i2|
    |mac_muladd_16s_8ns_22s_25_4_1_U111   |mac_muladd_16s_8ns_22s_25_4_1   |  i0 * i1 + i2|
    |mac_muladd_16s_8ns_22s_25_4_1_U113   |mac_muladd_16s_8ns_22s_25_4_1   |  i0 * i1 + i2|
    +-------------------------------------+--------------------------------+--------------+

    * Memory: 
    N/A

    * FIFO: 
    N/A

    * Expression: 
    +--------------------------------+----------+----+---+----+------------+------------+
    |          Variable Name         | Operation| DSP| FF| LUT| Bitwidth P0| Bitwidth P1|
    +--------------------------------+----------+----+---+----+------------+------------+
    |add_ln192_10_fu_858_p2          |         +|   0|  0|  31|          24|          24|
    |add_ln192_11_fu_1006_p2         |         +|   0|  0|  31|          24|          24|
    |add_ln192_1_fu_862_p2           |         +|   0|  0|  32|          25|          25|
    |add_ln192_3_fu_882_p2           |         +|   0|  0|  33|          26|          26|
    |add_ln192_5_fu_1010_p2          |         +|   0|  0|  32|          25|          25|
    |add_ln192_7_fu_1030_p2          |         +|   0|  0|  33|          26|          26|
    |add_ln192_8_fu_1144_p2          |         +|   0|  0|  27|          20|          20|
    |add_ln192_9_fu_1264_p2          |         +|   0|  0|  27|          20|          20|
    |add_ln194_10_fu_904_p2          |         +|   0|  0|  31|          24|          24|
    |add_ln194_11_fu_1052_p2         |         +|   0|  0|  31|          24|          24|
    |add_ln194_1_fu_908_p2           |         +|   0|  0|  32|          25|          25|
    |add_ln194_3_fu_928_p2           |         +|   0|  0|  33|          26|          26|
    |add_ln194_5_fu_1056_p2          |         +|   0|  0|  32|          25|          25|
    |add_ln194_7_fu_1076_p2          |         +|   0|  0|  33|          26|          26|
    |add_ln194_8_fu_1148_p2          |         +|   0|  0|  27|          20|          20|
    |add_ln194_9_fu_1268_p2          |         +|   0|  0|  27|          20|          20|
    |add_ln196_10_fu_950_p2          |         +|   0|  0|  31|          24|          24|
    |add_ln196_11_fu_1098_p2         |         +|   0|  0|  31|          24|          24|
    |add_ln196_1_fu_954_p2           |         +|   0|  0|  32|          25|          25|
    |add_ln196_3_fu_974_p2           |         +|   0|  0|  33|          26|          26|
    |add_ln196_5_fu_1102_p2          |         +|   0|  0|  32|          25|          25|
    |add_ln196_7_fu_1122_p2          |         +|   0|  0|  33|          26|          26|
    |add_ln196_8_fu_1152_p2          |         +|   0|  0|  27|          20|          20|
    |add_ln196_9_fu_1272_p2          |         +|   0|  0|  27|          20|          20|
    |x_6_fu_503_p2                   |         +|   0|  0|  22|          15|           1|
    |and_ln148_1_fu_431_p2           |       and|   0|  0|   2|           1|           1|
    |and_ln148_2_fu_437_p2           |       and|   0|  0|   2|           1|           1|
    |and_ln148_3_fu_467_p2           |       and|   0|  0|   2|           1|           1|
    |and_ln148_4_fu_479_p2           |       and|   0|  0|   2|           1|           1|
    |and_ln148_fu_425_p2             |       and|   0|  0|   2|           1|           1|
    |icmp_ln136_fu_383_p2            |      icmp|   0|  0|  23|          16|          16|
    |icmp_ln148_1_fu_395_p2          |      icmp|   0|  0|  23|          16|          16|
    |icmp_ln148_fu_389_p2            |      icmp|   0|  0|  23|          16|          16|
    |icmp_ln149_1_fu_407_p2          |      icmp|   0|  0|  23|          16|          16|
    |icmp_ln149_fu_401_p2            |      icmp|   0|  0|  23|          16|          16|
    |icmp_ln150_1_fu_419_p2          |      icmp|   0|  0|  23|          16|          16|
    |icmp_ln150_fu_413_p2            |      icmp|   0|  0|  23|          16|          16|
    |icmp_ln198_1_fu_1161_p2         |      icmp|   0|  0|  21|          14|          14|
    |icmp_ln198_2_fu_1276_p2         |      icmp|   0|  0|  21|          14|          14|
    |icmp_ln198_3_fu_1281_p2         |      icmp|   0|  0|  21|          14|          14|
    |icmp_ln198_fu_1156_p2           |      icmp|   0|  0|  21|          14|          14|
    |icmp_ln199_1_fu_1195_p2         |      icmp|   0|  0|  21|          14|          14|
    |icmp_ln199_2_fu_1310_p2         |      icmp|   0|  0|  21|          14|          14|
    |icmp_ln199_3_fu_1315_p2         |      icmp|   0|  0|  21|          14|          14|
    |icmp_ln199_fu_1190_p2           |      icmp|   0|  0|  21|          14|          14|
    |icmp_ln200_1_fu_1229_p2         |      icmp|   0|  0|  21|          14|          14|
    |icmp_ln200_2_fu_1344_p2         |      icmp|   0|  0|  21|          14|          14|
    |icmp_ln200_3_fu_1349_p2         |      icmp|   0|  0|  21|          14|          14|
    |icmp_ln200_fu_1224_p2           |      icmp|   0|  0|  21|          14|          14|
    |ap_block_pp0_stage0_01001_grp1  |        or|   0|  0|   2|           1|           1|
    |or_ln148_1_fu_449_p2            |        or|   0|  0|   2|           1|           1|
    |or_ln148_2_fu_485_p2            |        or|   0|  0|   2|           1|           1|
    |or_ln148_3_fu_461_p2            |        or|   0|  0|   2|           1|           1|
    |or_ln148_4_fu_497_p2            |        or|   0|  0|   2|           1|           1|
    |or_ln148_fu_443_p2              |        or|   0|  0|   2|           1|           1|
    |coef11_1_fu_542_p3              |    select|   0|  0|  16|           1|          16|
    |coef11_2_fu_600_p3              |    select|   0|  0|  16|           1|          16|
    |coef12_1_fu_692_p3              |    select|   0|  0|  16|           1|          16|
    |coef12_2_fu_767_p3              |    select|   0|  0|  16|           1|          16|
    |coef13_1_fu_547_p3              |    select|   0|  0|  16|           1|          16|
    |coef13_2_fu_605_p3              |    select|   0|  0|  16|           1|          16|
    |coef21_1_fu_552_p3              |    select|   0|  0|  16|           1|          16|
    |coef21_2_fu_610_p3              |    select|   0|  0|  16|           1|          16|
    |coef22_1_fu_697_p3              |    select|   0|  0|  16|           1|          16|
    |coef22_2_fu_772_p3              |    select|   0|  0|  16|           1|          16|
    |coef23_1_fu_557_p3              |    select|   0|  0|  16|           1|          16|
    |coef23_2_fu_615_p3              |    select|   0|  0|  16|           1|          16|
    |coef31_1_fu_562_p3              |    select|   0|  0|  16|           1|          16|
    |coef31_2_fu_620_p3              |    select|   0|  0|  16|           1|          16|
    |coef32_1_fu_702_p3              |    select|   0|  0|  16|           1|          16|
    |coef32_2_fu_777_p3              |    select|   0|  0|  16|           1|          16|
    |coef33_1_fu_567_p3              |    select|   0|  0|  16|           1|          16|
    |coef33_2_fu_625_p3              |    select|   0|  0|  16|           1|          16|
    |max_val_1_fu_842_p3             |    select|   0|  0|   8|           1|           8|
    |max_val_2_fu_990_p3             |    select|   0|  0|   8|           1|           8|
    |min_val_1_fu_847_p3             |    select|   0|  0|   8|           1|           8|
    |min_val_2_fu_995_p3             |    select|   0|  0|   8|           1|           8|
    |offsetB_1_fu_717_p3             |    select|   0|  0|  22|           1|          22|
    |offsetB_2_fu_792_p3             |    select|   0|  0|  22|           1|          22|
    |offsetG_1_fu_712_p3             |    select|   0|  0|  22|           1|          22|
    |offsetG_2_fu_787_p3             |    select|   0|  0|  22|           1|          22|
    |offsetR_1_fu_707_p3             |    select|   0|  0|  22|           1|          22|
    |offsetR_2_fu_782_p3             |    select|   0|  0|  22|           1|          22|
    |select_ln198_1_fu_1183_p3       |    select|   0|  0|   8|           1|           8|
    |select_ln198_2_fu_1296_p3       |    select|   0|  0|   8|           1|           8|
    |select_ln198_3_fu_1303_p3       |    select|   0|  0|   8|           1|           8|
    |select_ln198_fu_1176_p3         |    select|   0|  0|   8|           1|           8|
    |select_ln199_1_fu_1217_p3       |    select|   0|  0|   8|           1|           8|
    |select_ln199_2_fu_1330_p3       |    select|   0|  0|   8|           1|           8|
    |select_ln199_3_fu_1337_p3       |    select|   0|  0|   8|           1|           8|
    |select_ln199_fu_1210_p3         |    select|   0|  0|   8|           1|           8|
    |select_ln200_1_fu_1251_p3       |    select|   0|  0|   8|           1|           8|
    |select_ln200_2_fu_1364_p3       |    select|   0|  0|   8|           1|           8|
    |select_ln200_3_fu_1371_p3       |    select|   0|  0|   8|           1|           8|
    |select_ln200_fu_1244_p3         |    select|   0|  0|   8|           1|           8|
    |ap_enable_pp0                   |       xor|   0|  0|   2|           1|           2|
    |xor_ln148_2_fu_455_p2           |       xor|   0|  0|   2|           1|           2|
    |xor_ln148_3_fu_491_p2           |       xor|   0|  0|   2|           1|           2|
    |xor_ln148_fu_473_p2             |       xor|   0|  0|   2|           1|           1|
    +--------------------------------+----------+----+---+----+------------+------------+
    |Total                           |          |   0|  0|1751|         920|        1417|
    +--------------------------------+----------+----+---+----+------------+------------+

    * Multiplexer: 
    +----------------------------+----+-----------+-----+-----------+
    |            Name            | LUT| Input Size| Bits| Total Bits|
    +----------------------------+----+-----------+-----+-----------+
    |ap_done_int                 |   9|          2|    1|          2|
    |ap_enable_reg_pp0_iter1     |   9|          2|    1|          2|
    |ap_sig_allocacmp_x_5        |   9|          2|   15|         30|
    |stream_csc_blk_n            |   9|          2|    1|          2|
    |stream_in_hresampled_blk_n  |   9|          2|    1|          2|
    |x_fu_150                    |   9|          2|   15|         30|
    +----------------------------+----+-----------+-----+-----------+
    |Total                       |  54|         12|   34|         68|
    +----------------------------+----+-----------+-----+-----------+

    * Register: 
    +----------------------------------+----+----+-----+-----------+
    |               Name               | FF | LUT| Bits| Const Bits|
    +----------------------------------+----+----+-----+-----------+
    |Bres_1_reg_2016                   |  14|   0|   14|          0|
    |Bres_reg_1952                     |  14|   0|   14|          0|
    |ClampMin_2_load_read_reg_1522     |   8|   0|    8|          0|
    |ClipMax_2_load_read_reg_1534      |   8|   0|    8|          0|
    |Gpix_reg_1730                     |   8|   0|    8|          0|
    |Gpix_reg_1730_pp0_iter2_reg       |   8|   0|    8|          0|
    |Gres_1_reg_2000                   |  14|   0|   14|          0|
    |Gres_reg_1936                     |  14|   0|   14|          0|
    |K11_2_load_read_reg_1678          |  16|   0|   16|          0|
    |K12_2_load_read_reg_1666          |  16|   0|   16|          0|
    |K13_2_load_read_reg_1654          |  16|   0|   16|          0|
    |K21_2_load_read_reg_1642          |  16|   0|   16|          0|
    |K22_2_load_read_reg_1630          |  16|   0|   16|          0|
    |K23_2_load_read_reg_1618          |  16|   0|   16|          0|
    |K31_2_load_read_reg_1606          |  16|   0|   16|          0|
    |K32_2_load_read_reg_1594          |  16|   0|   16|          0|
    |K33_2_load_read_reg_1582          |  16|   0|   16|          0|
    |Rres_1_reg_1984                   |  14|   0|   14|          0|
    |Rres_reg_1920                     |  14|   0|   14|          0|
    |ap_CS_fsm                         |   1|   0|    1|          0|
    |ap_done_reg                       |   1|   0|    1|          0|
    |ap_enable_reg_pp0_iter1           |   1|   0|    1|          0|
    |ap_enable_reg_pp0_iter2           |   1|   0|    1|          0|
    |ap_enable_reg_pp0_iter3           |   1|   0|    1|          0|
    |ap_enable_reg_pp0_iter4           |   1|   0|    1|          0|
    |ap_enable_reg_pp0_iter5           |   1|   0|    1|          0|
    |ap_loop_exit_ready_pp0_iter1_reg  |   1|   0|    1|          0|
    |ap_loop_exit_ready_pp0_iter2_reg  |   1|   0|    1|          0|
    |ap_loop_exit_ready_pp0_iter3_reg  |   1|   0|    1|          0|
    |ap_loop_exit_ready_pp0_iter4_reg  |   1|   0|    1|          0|
    |coef11_read_reg_1684              |  16|   0|   16|          0|
    |coef12_read_reg_1672              |  16|   0|   16|          0|
    |coef13_read_reg_1660              |  16|   0|   16|          0|
    |coef21_read_reg_1648              |  16|   0|   16|          0|
    |coef22_read_reg_1636              |  16|   0|   16|          0|
    |coef23_read_reg_1624              |  16|   0|   16|          0|
    |coef31_read_reg_1612              |  16|   0|   16|          0|
    |coef32_read_reg_1600              |  16|   0|   16|          0|
    |coef33_read_reg_1588              |  16|   0|   16|          0|
    |max_val_1_reg_1894                |   8|   0|    8|          0|
    |max_val_2_reg_1958                |   8|   0|    8|          0|
    |max_val_read_reg_1540             |   8|   0|    8|          0|
    |min_val_1_reg_1902                |   8|   0|    8|          0|
    |min_val_2_reg_1966                |   8|   0|    8|          0|
    |min_val_read_reg_1528             |   8|   0|    8|          0|
    |mul_ln192_2_reg_1843              |  24|   0|   24|          0|
    |mul_ln192_5_reg_1876              |  24|   0|   24|          0|
    |mul_ln194_2_reg_1849              |  24|   0|   24|          0|
    |mul_ln194_5_reg_1882              |  24|   0|   24|          0|
    |mul_ln196_2_reg_1855              |  24|   0|   24|          0|
    |mul_ln196_5_reg_1888              |  24|   0|   24|          0|
    |offsetB_read_reg_1552             |  22|   0|   22|          0|
    |offsetG_read_reg_1564             |  22|   0|   22|          0|
    |offsetR_read_reg_1576             |  22|   0|   22|          0|
    |or_ln148_3_reg_1694               |   1|   0|    1|          0|
    |or_ln148_4_reg_1712               |   1|   0|    1|          0|
    |shl_ln2_read_reg_1558             |  22|   0|   22|          0|
    |shl_ln3_read_reg_1546             |  22|   0|   22|          0|
    |shl_ln_read_reg_1570              |  22|   0|   22|          0|
    |tmp_1_reg_1816                    |   8|   0|    8|          0|
    |tmp_1_reg_1816_pp0_iter2_reg      |   8|   0|    8|          0|
    |trunc_ln192_1_reg_1915            |  20|   0|   20|          0|
    |trunc_ln192_2_reg_1974            |  20|   0|   20|          0|
    |trunc_ln192_3_reg_1979            |  20|   0|   20|          0|
    |trunc_ln192_reg_1910              |  20|   0|   20|          0|
    |trunc_ln194_1_reg_1931            |  20|   0|   20|          0|
    |trunc_ln194_2_reg_1990            |  20|   0|   20|          0|
    |trunc_ln194_3_reg_1995            |  20|   0|   20|          0|
    |trunc_ln194_reg_1926              |  20|   0|   20|          0|
    |trunc_ln196_1_reg_1947            |  20|   0|   20|          0|
    |trunc_ln196_2_reg_2006            |  20|   0|   20|          0|
    |trunc_ln196_3_reg_2011            |  20|   0|   20|          0|
    |trunc_ln196_reg_1942              |  20|   0|   20|          0|
    |x_fu_150                          |  15|   0|   15|          0|
    |or_ln148_3_reg_1694               |  64|  32|    1|          0|
    |or_ln148_4_reg_1712               |  64|  32|    1|          0|
    +----------------------------------+----+----+-----+-----------+
    |Total                             |1140|  64| 1014|          0|
    +----------------------------------+----+----+-----+-----------+



================================================================
== Interface
================================================================
* Summary: 
+-------------------------------------+-----+-----+------------+--------------------------------------+--------------+
|              RTL Ports              | Dir | Bits|  Protocol  |             Source Object            |    C Type    |
+-------------------------------------+-----+-----+------------+--------------------------------------+--------------+
|ap_clk                               |   in|    1|  ap_ctrl_hs|  v_csc_core_Pipeline_VITIS_LOOP_136_2|  return value|
|ap_rst                               |   in|    1|  ap_ctrl_hs|  v_csc_core_Pipeline_VITIS_LOOP_136_2|  return value|
|ap_start                             |   in|    1|  ap_ctrl_hs|  v_csc_core_Pipeline_VITIS_LOOP_136_2|  return value|
|ap_done                              |  out|    1|  ap_ctrl_hs|  v_csc_core_Pipeline_VITIS_LOOP_136_2|  return value|
|ap_idle                              |  out|    1|  ap_ctrl_hs|  v_csc_core_Pipeline_VITIS_LOOP_136_2|  return value|
|ap_ready                             |  out|    1|  ap_ctrl_hs|  v_csc_core_Pipeline_VITIS_LOOP_136_2|  return value|
|stream_in_hresampled_dout            |   in|   48|     ap_fifo|                  stream_in_hresampled|       pointer|
|stream_in_hresampled_empty_n         |   in|    1|     ap_fifo|                  stream_in_hresampled|       pointer|
|stream_in_hresampled_read            |  out|    1|     ap_fifo|                  stream_in_hresampled|       pointer|
|stream_in_hresampled_num_data_valid  |   in|    5|     ap_fifo|                  stream_in_hresampled|       pointer|
|stream_in_hresampled_fifo_cap        |   in|    5|     ap_fifo|                  stream_in_hresampled|       pointer|
|stream_csc_din                       |  out|   48|     ap_fifo|                            stream_csc|       pointer|
|stream_csc_full_n                    |   in|    1|     ap_fifo|                            stream_csc|       pointer|
|stream_csc_write                     |  out|    1|     ap_fifo|                            stream_csc|       pointer|
|stream_csc_num_data_valid            |   in|   32|     ap_fifo|                            stream_csc|       pointer|
|stream_csc_fifo_cap                  |   in|   32|     ap_fifo|                            stream_csc|       pointer|
|add_ln134                            |   in|   16|   ap_stable|                             add_ln134|        scalar|
|loopStart                            |   in|   16|   ap_stable|                             loopStart|        scalar|
|loopEnd                              |   in|   16|   ap_stable|                               loopEnd|        scalar|
|xor_ln148_1                          |   in|    1|   ap_stable|                           xor_ln148_1|        scalar|
|or_ln147                             |   in|    1|     ap_none|                              or_ln147|        scalar|
|coef11                               |   in|   16|   ap_stable|                                coef11|        scalar|
|K11_2_load                           |   in|   16|   ap_stable|                            K11_2_load|        scalar|
|coef12                               |   in|   16|   ap_stable|                                coef12|        scalar|
|K12_2_load                           |   in|   16|   ap_stable|                            K12_2_load|        scalar|
|coef13                               |   in|   16|   ap_stable|                                coef13|        scalar|
|K13_2_load                           |   in|   16|   ap_stable|                            K13_2_load|        scalar|
|coef21                               |   in|   16|   ap_stable|                                coef21|        scalar|
|K21_2_load                           |   in|   16|   ap_stable|                            K21_2_load|        scalar|
|coef22                               |   in|   16|   ap_stable|                                coef22|        scalar|
|K22_2_load                           |   in|   16|   ap_stable|                            K22_2_load|        scalar|
|coef23                               |   in|   16|   ap_stable|                                coef23|        scalar|
|K23_2_load                           |   in|   16|   ap_stable|                            K23_2_load|        scalar|
|coef31                               |   in|   16|   ap_stable|                                coef31|        scalar|
|K31_2_load                           |   in|   16|   ap_stable|                            K31_2_load|        scalar|
|coef32                               |   in|   16|   ap_stable|                                coef32|        scalar|
|K32_2_load                           |   in|   16|   ap_stable|                            K32_2_load|        scalar|
|coef33                               |   in|   16|   ap_stable|                                coef33|        scalar|
|K33_2_load                           |   in|   16|   ap_stable|                            K33_2_load|        scalar|
|offsetR                              |   in|   22|   ap_stable|                               offsetR|        scalar|
|shl_ln                               |   in|   22|   ap_stable|                                shl_ln|        scalar|
|offsetG                              |   in|   22|   ap_stable|                               offsetG|        scalar|
|shl_ln2                              |   in|   22|   ap_stable|                               shl_ln2|        scalar|
|offsetB                              |   in|   22|   ap_stable|                               offsetB|        scalar|
|shl_ln3                              |   in|   22|   ap_stable|                               shl_ln3|        scalar|
|max_val                              |   in|    8|   ap_stable|                               max_val|        scalar|
|ClipMax_2_load                       |   in|    8|   ap_stable|                        ClipMax_2_load|        scalar|
|min_val                              |   in|    8|   ap_stable|                               min_val|        scalar|
|ClampMin_2_load                      |   in|    8|   ap_stable|                       ClampMin_2_load|        scalar|
|empty                                |   in|    1|   ap_stable|                                 empty|        scalar|
+-------------------------------------+-----+-----+------------+--------------------------------------+--------------+

