

================================================================
== Vitis HLS Report for 'v_csc_core'
================================================================
* Date:           Wed Jan 21 12:52:56 2026

* Version:        2025.2 (Build 6295257 on Nov 14 2025)
* Project:        prj
* Solution:       sol (Vivado IP Flow Target)
* Product family: zynquplus
* Target device:  xczu2cg-sfvc784-1-e


================================================================
== Performance Estimates
================================================================
+ Timing: 
    * Summary: 
    +--------+---------+----------+------------+
    |  Clock |  Target | Estimated| Uncertainty|
    +--------+---------+----------+------------+
    |ap_clk  |  5.00 ns|  3.333 ns|     1.35 ns|
    +--------+---------+----------+------------+

+ Latency: 
    * Summary: 
    +---------+---------+----------+----------+-----+-----+---------+
    |  Latency (cycles) |  Latency (absolute) |  Interval | Pipeline|
    |   min   |   max   |    min   |    max   | min | max |   Type  |
    +---------+---------+----------+----------+-----+-----+---------+
    |        ?|        ?|         ?|         ?|    ?|    ?|       no|
    +---------+---------+----------+----------+-----+-----+---------+

    + Detail: 
        * Instance: 
        +-------------------------------------------------+--------------------------------------+---------+---------+-----------+----------+-----+-----+-------------------+
        |                                                 |                                      |  Latency (cycles) |  Latency (absolute)  |  Interval |      Pipeline     |
        |                     Instance                    |                Module                |   min   |   max   |    min    |    max   | min | max |        Type       |
        +-------------------------------------------------+--------------------------------------+---------+---------+-----------+----------+-----+-----+-------------------+
        |grp_v_csc_core_Pipeline_VITIS_LOOP_136_2_fu_326  |v_csc_core_Pipeline_VITIS_LOOP_136_2  |        7|    32772|  35.000 ns|  0.164 ms|    0|    0|  loop pipeline stp|
        +-------------------------------------------------+--------------------------------------+---------+---------+-----------+----------+-----+-----+-------------------+

        * Loop: 
        +--------------------+---------+---------+-----------+-----------+-----------+------+----------+
        |                    |  Latency (cycles) | Iteration |  Initiation Interval  | Trip |          |
        |      Loop Name     |   min   |   max   |  Latency  |  achieved |   target  | Count| Pipelined|
        +--------------------+---------+---------+-----------+-----------+-----------+------+----------+
        |- VITIS_LOOP_134_1  |        ?|        ?|  9 ~ 32774|          -|          -|     ?|        no|
        +--------------------+---------+---------+-----------+-----------+-----------+------+----------+



================================================================
== Utilization Estimates
================================================================
* Summary: 
+-----------------+---------+-----+-------+-------+-----+
|       Name      | BRAM_18K| DSP |   FF  |  LUT  | URAM|
+-----------------+---------+-----+-------+-------+-----+
|DSP              |        -|    -|      -|      -|    -|
|Expression       |        -|    -|      0|    172|    -|
|FIFO             |        -|    -|      -|      -|    -|
|Instance         |        -|   18|   1140|   1899|    -|
|Memory           |        -|    -|      -|      -|    -|
|Multiplexer      |        -|    -|      0|     38|    -|
|Register         |        -|    -|    500|      -|    -|
+-----------------+---------+-----+-------+-------+-----+
|Total            |        0|   18|   1640|   2109|    0|
+-----------------+---------+-----+-------+-------+-----+
|Available        |      300|  240|  94464|  47232|    0|
+-----------------+---------+-----+-------+-------+-----+
|Utilization (%)  |        0|    7|      1|      4|    0|
+-----------------+---------+-----+-------+-------+-----+

+ Detail: 
    * Instance: 
    +-------------------------------------------------+--------------------------------------+---------+----+------+------+-----+
    |                     Instance                    |                Module                | BRAM_18K| DSP|  FF  |  LUT | URAM|
    +-------------------------------------------------+--------------------------------------+---------+----+------+------+-----+
    |grp_v_csc_core_Pipeline_VITIS_LOOP_136_2_fu_326  |v_csc_core_Pipeline_VITIS_LOOP_136_2  |        0|  18|  1140|  1899|    0|
    +-------------------------------------------------+--------------------------------------+---------+----+------+------+-----+
    |Total                                            |                                      |        0|  18|  1140|  1899|    0|
    +-------------------------------------------------+--------------------------------------+---------+----+------+------+-----+

    * DSP: 
    N/A

    * Memory: 
    N/A

    * FIFO: 
    N/A

    * Expression: 
    +------------------------+----------+----+---+----+------------+------------+
    |      Variable Name     | Operation| DSP| FF| LUT| Bitwidth P0| Bitwidth P1|
    +------------------------+----------+----+---+----+------------+------------+
    |add_ln120_fu_386_p2     |         +|   0|  0|  24|          17|           1|
    |add_ln122_fu_410_p2     |         +|   0|  0|  24|          17|           1|
    |add_ln134_fu_496_p2     |         +|   0|  0|  23|          16|           1|
    |y_3_fu_536_p2           |         +|   0|  0|  23|          16|           1|
    |icmp_ln134_fu_514_p2    |      icmp|   0|  0|  24|          17|          17|
    |icmp_ln147_1_fu_524_p2  |      icmp|   0|  0|  24|          17|          17|
    |icmp_ln147_fu_519_p2    |      icmp|   0|  0|  24|          17|          17|
    |ap_block_state1         |        or|   0|  0|   2|           1|           1|
    |or_ln147_fu_529_p2      |        or|   0|  0|   2|           1|           1|
    |xor_ln148_1_fu_490_p2   |       xor|   0|  0|   2|           1|           2|
    +------------------------+----------+----+---+----+------------+------------+
    |Total                   |          |   0|  0| 172|         120|          59|
    +------------------------+----------+----+---+----+------------+------------+

    * Multiplexer: 
    +-----------+----+-----------+-----+-----------+
    |    Name   | LUT| Input Size| Bits| Total Bits|
    +-----------+----+-----------+-----+-----------+
    |ap_NS_fsm  |  20|          4|    1|          4|
    |ap_done    |   9|          2|    1|          2|
    |y_fu_118   |   9|          2|   16|         32|
    +-----------+----+-----------+-----+-----------+
    |Total      |  38|          8|   18|         38|
    +-----------+----+-----------+-----+-----------+

    * Register: 
    +--------------------------------------------------------------+----+----+-----+-----------+
    |                             Name                             | FF | LUT| Bits| Const Bits|
    +--------------------------------------------------------------+----+----+-----+-----------+
    |ClampMin_2_read_reg_654                                       |   8|   0|    8|          0|
    |ClampMin_read_reg_599                                         |   8|   0|    8|          0|
    |ClipMax_2_read_reg_659                                        |   8|   0|    8|          0|
    |ClipMax_read_reg_604                                          |   8|   0|    8|          0|
    |K11_2_read_reg_609                                            |  16|   0|   16|          0|
    |K11_read_reg_554                                              |  16|   0|   16|          0|
    |K12_2_read_reg_614                                            |  16|   0|   16|          0|
    |K12_read_reg_559                                              |  16|   0|   16|          0|
    |K13_2_read_reg_619                                            |  16|   0|   16|          0|
    |K13_read_reg_564                                              |  16|   0|   16|          0|
    |K21_2_read_reg_624                                            |  16|   0|   16|          0|
    |K21_read_reg_569                                              |  16|   0|   16|          0|
    |K22_2_read_reg_629                                            |  16|   0|   16|          0|
    |K22_read_reg_574                                              |  16|   0|   16|          0|
    |K23_2_read_reg_634                                            |  16|   0|   16|          0|
    |K23_read_reg_579                                              |  16|   0|   16|          0|
    |K31_2_read_reg_639                                            |  16|   0|   16|          0|
    |K31_read_reg_584                                              |  16|   0|   16|          0|
    |K32_2_read_reg_644                                            |  16|   0|   16|          0|
    |K32_read_reg_589                                              |  16|   0|   16|          0|
    |K33_2_read_reg_649                                            |  16|   0|   16|          0|
    |K33_read_reg_594                                              |  16|   0|   16|          0|
    |add_ln134_reg_729                                             |  16|   0|   16|          0|
    |ap_CS_fsm                                                     |   3|   0|    3|          0|
    |ap_done_reg                                                   |   1|   0|    1|          0|
    |grp_v_csc_core_Pipeline_VITIS_LOOP_136_2_fu_326_ap_start_reg  |   1|   0|    1|          0|
    |loopEndRem_reg_674                                            |   1|   0|    1|          0|
    |loopEnd_reg_669                                               |  16|   0|   16|          0|
    |loopStart_reg_664                                             |  16|   0|   16|          0|
    |offsetB_reg_704                                               |  10|   0|   22|         12|
    |offsetG_reg_699                                               |  10|   0|   22|         12|
    |offsetR_reg_694                                               |  10|   0|   22|         12|
    |or_ln147_reg_737                                              |   1|   0|    1|          0|
    |shl_ln2_reg_714                                               |  10|   0|   22|         12|
    |shl_ln3_reg_719                                               |  10|   0|   22|         12|
    |shl_ln_reg_709                                                |  10|   0|   22|         12|
    |xor_ln148_1_reg_724                                           |   1|   0|    1|          0|
    |y_fu_118                                                      |  16|   0|   16|          0|
    |zext_ln147_1_reg_684                                          |  16|   0|   17|          1|
    |zext_ln147_reg_679                                            |  16|   0|   17|          1|
    |zext_ln174_reg_689                                            |  16|   0|   17|          1|
    +--------------------------------------------------------------+----+----+-----+-----------+
    |Total                                                         | 500|   0|  575|         75|
    +--------------------------------------------------------------+----+----+-----+-----------+



================================================================
== Interface
================================================================
* Summary: 
+-------------------------------------+-----+-----+------------+----------------------+--------------+
|              RTL Ports              | Dir | Bits|  Protocol  |     Source Object    |    C Type    |
+-------------------------------------+-----+-----+------------+----------------------+--------------+
|ap_clk                               |   in|    1|  ap_ctrl_hs|            v_csc_core|  return value|
|ap_rst                               |   in|    1|  ap_ctrl_hs|            v_csc_core|  return value|
|ap_start                             |   in|    1|  ap_ctrl_hs|            v_csc_core|  return value|
|ap_done                              |  out|    1|  ap_ctrl_hs|            v_csc_core|  return value|
|ap_continue                          |   in|    1|  ap_ctrl_hs|            v_csc_core|  return value|
|ap_idle                              |  out|    1|  ap_ctrl_hs|            v_csc_core|  return value|
|ap_ready                             |  out|    1|  ap_ctrl_hs|            v_csc_core|  return value|
|height                               |   in|   16|     ap_none|                height|       pointer|
|width                                |   in|   16|     ap_none|                 width|       pointer|
|ColStart                             |   in|   16|     ap_none|              ColStart|       pointer|
|ColEnd                               |   in|   16|     ap_none|                ColEnd|       pointer|
|RowStart                             |   in|   16|     ap_none|              RowStart|       pointer|
|RowEnd                               |   in|   16|     ap_none|                RowEnd|       pointer|
|K11                                  |   in|   16|     ap_none|                   K11|       pointer|
|K12                                  |   in|   16|     ap_none|                   K12|       pointer|
|K13                                  |   in|   16|     ap_none|                   K13|       pointer|
|K21                                  |   in|   16|     ap_none|                   K21|       pointer|
|K22                                  |   in|   16|     ap_none|                   K22|       pointer|
|K23                                  |   in|   16|     ap_none|                   K23|       pointer|
|K31                                  |   in|   16|     ap_none|                   K31|       pointer|
|K32                                  |   in|   16|     ap_none|                   K32|       pointer|
|K33                                  |   in|   16|     ap_none|                   K33|       pointer|
|ROffset                              |   in|   10|     ap_none|               ROffset|       pointer|
|GOffset                              |   in|   10|     ap_none|               GOffset|       pointer|
|BOffset                              |   in|   10|     ap_none|               BOffset|       pointer|
|ClampMin                             |   in|    8|     ap_none|              ClampMin|       pointer|
|ClipMax                              |   in|    8|     ap_none|               ClipMax|       pointer|
|K11_2                                |   in|   16|     ap_none|                 K11_2|       pointer|
|K12_2                                |   in|   16|     ap_none|                 K12_2|       pointer|
|K13_2                                |   in|   16|     ap_none|                 K13_2|       pointer|
|K21_2                                |   in|   16|     ap_none|                 K21_2|       pointer|
|K22_2                                |   in|   16|     ap_none|                 K22_2|       pointer|
|K23_2                                |   in|   16|     ap_none|                 K23_2|       pointer|
|K31_2                                |   in|   16|     ap_none|                 K31_2|       pointer|
|K32_2                                |   in|   16|     ap_none|                 K32_2|       pointer|
|K33_2                                |   in|   16|     ap_none|                 K33_2|       pointer|
|ROffset_2                            |   in|   10|     ap_none|             ROffset_2|       pointer|
|GOffset_2                            |   in|   10|     ap_none|             GOffset_2|       pointer|
|BOffset_2                            |   in|   10|     ap_none|             BOffset_2|       pointer|
|ClampMin_2                           |   in|    8|     ap_none|            ClampMin_2|       pointer|
|ClipMax_2                            |   in|    8|     ap_none|             ClipMax_2|       pointer|
|stream_in_hresampled_dout            |   in|   48|     ap_fifo|  stream_in_hresampled|       pointer|
|stream_in_hresampled_empty_n         |   in|    1|     ap_fifo|  stream_in_hresampled|       pointer|
|stream_in_hresampled_read            |  out|    1|     ap_fifo|  stream_in_hresampled|       pointer|
|stream_in_hresampled_num_data_valid  |   in|    5|     ap_fifo|  stream_in_hresampled|       pointer|
|stream_in_hresampled_fifo_cap        |   in|    5|     ap_fifo|  stream_in_hresampled|       pointer|
|stream_csc_din                       |  out|   48|     ap_fifo|            stream_csc|       pointer|
|stream_csc_full_n                    |   in|    1|     ap_fifo|            stream_csc|       pointer|
|stream_csc_write                     |  out|    1|     ap_fifo|            stream_csc|       pointer|
|stream_csc_num_data_valid            |   in|   32|     ap_fifo|            stream_csc|       pointer|
|stream_csc_fifo_cap                  |   in|   32|     ap_fifo|            stream_csc|       pointer|
+-------------------------------------+-----+-----+------------+----------------------+--------------+

