

================================================================
== Vitis HLS Report for 'v_hcresampler_core'
================================================================
* Date:           Wed Jan 21 12:52:55 2026

* Version:        2025.2 (Build 6295257 on Nov 14 2025)
* Project:        prj
* Solution:       sol (Vivado IP Flow Target)
* Product family: zynquplus
* Target device:  xczu2cg-sfvc784-1-e


================================================================
== Performance Estimates
================================================================
+ Timing: 
    * Summary: 
    +--------+---------+----------+------------+
    |  Clock |  Target | Estimated| Uncertainty|
    +--------+---------+----------+------------+
    |ap_clk  |  5.00 ns|  3.443 ns|     1.35 ns|
    +--------+---------+----------+------------+

+ Latency: 
    * Summary: 
    +---------+------------+-----------+-----------+-----+------------+---------+
    |   Latency (cycles)   |   Latency (absolute)  |     Interval     | Pipeline|
    |   min   |     max    |    min    |    max    | min |     max    |   Type  |
    +---------+------------+-----------+-----------+-----+------------+---------+
    |        2|  1073938427|  10.000 ns|  5.370 sec|    2|  1073938427|       no|
    +---------+------------+-----------+-----------+-----+------------+---------+

    + Detail: 
        * Instance: 
        +---------------------------------------------------------+----------------------------------------------+---------+---------+-----------+----------+-----+-----+-------------------+
        |                                                         |                                              |  Latency (cycles) |  Latency (absolute)  |  Interval |      Pipeline     |
        |                         Instance                        |                    Module                    |   min   |   max   |    min    |    max   | min | max |        Type       |
        +---------------------------------------------------------+----------------------------------------------+---------+---------+-----------+----------+-----+-----+-------------------+
        |grp_v_hcresampler_core_Pipeline_VITIS_LOOP_769_2_fu_184  |v_hcresampler_core_Pipeline_VITIS_LOOP_769_2  |        4|    32771|  20.000 ns|  0.164 ms|    0|    0|  loop pipeline stp|
        +---------------------------------------------------------+----------------------------------------------+---------+---------+-----------+----------+-----+-----+-------------------+

        * Loop: 
        +--------------------+---------+------------+-----------+-----------+-----------+-----------+----------+
        |                    |   Latency (cycles)   | Iteration |  Initiation Interval  |    Trip   |          |
        |      Loop Name     |   min   |     max    |  Latency  |  achieved |   target  |   Count   | Pipelined|
        +--------------------+---------+------------+-----------+-----------+-----------+-----------+----------+
        |- VITIS_LOOP_767_1  |        0|  1073938425|  8 ~ 32775|          -|          -|  0 ~ 32767|        no|
        +--------------------+---------+------------+-----------+-----------+-----------+-----------+----------+



================================================================
== Utilization Estimates
================================================================
* Summary: 
+-----------------+---------+-----+-------+-------+-----+
|       Name      | BRAM_18K| DSP |   FF  |  LUT  | URAM|
+-----------------+---------+-----+-------+-------+-----+
|DSP              |        -|    -|      -|      -|    -|
|Expression       |        -|    -|      0|    129|    -|
|FIFO             |        -|    -|      -|      -|    -|
|Instance         |        -|    -|    109|    516|    -|
|Memory           |        -|    -|      -|      -|    -|
|Multiplexer      |        -|    -|      0|     64|    -|
|Register         |        -|    -|    266|      -|    -|
+-----------------+---------+-----+-------+-------+-----+
|Total            |        0|    0|    375|    709|    0|
+-----------------+---------+-----+-------+-------+-----+
|Available        |      300|  240|  94464|  47232|    0|
+-----------------+---------+-----+-------+-------+-----+
|Utilization (%)  |        0|    0|     ~0|      1|    0|
+-----------------+---------+-----+-------+-------+-----+

+ Detail: 
    * Instance: 
    +---------------------------------------------------------+----------------------------------------------+---------+----+-----+-----+-----+
    |                         Instance                        |                    Module                    | BRAM_18K| DSP|  FF | LUT | URAM|
    +---------------------------------------------------------+----------------------------------------------+---------+----+-----+-----+-----+
    |grp_v_hcresampler_core_Pipeline_VITIS_LOOP_769_2_fu_184  |v_hcresampler_core_Pipeline_VITIS_LOOP_769_2  |        0|   0|  109|  516|    0|
    +---------------------------------------------------------+----------------------------------------------+---------+----+-----+-----+-----+
    |Total                                                    |                                              |        0|   0|  109|  516|    0|
    +---------------------------------------------------------+----------------------------------------------+---------+----+-----+-----+-----+

    * DSP: 
    N/A

    * Memory: 
    N/A

    * FIFO: 
    N/A

    * Expression: 
    +--------------------------+----------+----+---+----+------------+------------+
    |       Variable Name      | Operation| DSP| FF| LUT| Bitwidth P0| Bitwidth P1|
    +--------------------------+----------+----+---+----+------------+------------+
    |add_ln767_fu_279_p2       |         +|   0|  0|  22|          15|           1|
    |loopWidth_fu_255_p2       |         +|   0|  0|  23|          16|          16|
    |icmp_ln767_fu_274_p2      |      icmp|   0|  0|  23|          16|          16|
    |icmp_ln769_fu_261_p2      |      icmp|   0|  0|  23|          16|           1|
    |ap_block_state1           |        or|   0|  0|   2|           1|           1|
    |select_ln738_4_fu_346_p3  |    select|   0|  0|   8|           1|           8|
    |select_ln738_5_fu_352_p3  |    select|   0|  0|   8|           1|           8|
    |select_ln738_6_fu_358_p3  |    select|   0|  0|   8|           1|           8|
    |select_ln738_fu_340_p3    |    select|   0|  0|   8|           1|           8|
    |select_ln765_fu_234_p3    |    select|   0|  0|   2|           1|           1|
    |xor_ln765_fu_229_p2       |       xor|   0|  0|   2|           1|           2|
    +--------------------------+----------+----+---+----+------------+------------+
    |Total                     |          |   0|  0| 129|          70|          70|
    +--------------------------+----------+----+---+----+------------+------------+

    * Multiplexer: 
    +------------+----+-----------+-----+-----------+
    |    Name    | LUT| Input Size| Bits| Total Bits|
    +------------+----+-----------+-----+-----------+
    |ap_NS_fsm   |  37|          7|    1|          7|
    |ap_done     |   9|          2|    1|          2|
    |real_start  |   9|          2|    1|          2|
    |y_4_fu_58   |   9|          2|   15|         30|
    +------------+----+-----------+-----+-----------+
    |Total       |  64|         13|   18|         41|
    +------------+----+-----------+-----+-----------+

    * Register: 
    +----------------------------------------------------------------------+----+----+-----+-----------+
    |                                 Name                                 | FF | LUT| Bits| Const Bits|
    +----------------------------------------------------------------------+----+----+-----+-----------+
    |ap_CS_fsm                                                             |   6|   0|    6|          0|
    |ap_done_reg                                                           |   1|   0|    1|          0|
    |grp_v_hcresampler_core_Pipeline_VITIS_LOOP_769_2_fu_184_ap_start_reg  |   1|   0|    1|          0|
    |icmp_ln769_reg_582                                                    |   1|   0|    1|          0|
    |inpix_0_0_0_0_0_load746_lcssa800_i_fu_62                              |   8|   0|    8|          0|
    |inpix_0_1_0_0_0_load748_lcssa803_i_fu_66                              |   8|   0|    8|          0|
    |inpix_0_2_0_0_0_load750_lcssa806_i_fu_70                              |   8|   0|    8|          0|
    |inpix_0_3_0_0_0_load752_lcssa809_i_fu_74                              |   8|   0|    8|          0|
    |inpix_0_4_0_0_0_load754_lcssa812_i_fu_78                              |   8|   0|    8|          0|
    |inpix_0_5_0_0_0_load756_lcssa815_i_fu_82                              |   8|   0|    8|          0|
    |loopHeight_reg_562                                                    |  16|   0|   16|          0|
    |loopWidth_reg_577                                                     |  16|   0|   16|          0|
    |lshr_ln_reg_572                                                       |  15|   0|   15|          0|
    |mpix_cb_fu_118                                                        |   8|   0|    8|          0|
    |mpix_cr_fu_122                                                        |   8|   0|    8|          0|
    |p_0_0_0_0_0509_1_3788_lcssa847_i_fu_110                               |   8|   0|    8|          0|
    |p_0_0_0_0_0509_2771_lcssa835_i_fu_94                                  |   8|   0|    8|          0|
    |p_0_0_0_0_0509_3779_lcssa841_i_fu_102                                 |   8|   0|    8|          0|
    |p_0_0_0_0_0517758_lcssa818_i_fu_86                                    |   8|   0|    8|          0|
    |p_0_0_0_0_0_2775_lcssa838_i_fu_98                                     |   8|   0|    8|          0|
    |p_0_0_0_0_0_3783_lcssa844_i_fu_106                                    |   8|   0|    8|          0|
    |p_0_3_0_0_0760_lcssa821_i_fu_90                                       |   8|   0|    8|          0|
    |p_read_4_reg_531                                                      |   1|   0|    1|          0|
    |pixbuf_y_14_fu_130                                                    |   8|   0|    8|          0|
    |pixbuf_y_15_fu_134                                                    |   8|   0|    8|          0|
    |pixbuf_y_15_load_reg_593                                              |   8|   0|    8|          0|
    |pixbuf_y_16_fu_138                                                    |   8|   0|    8|          0|
    |pixbuf_y_16_load_reg_598                                              |   8|   0|    8|          0|
    |pixbuf_y_17_fu_142                                                    |   8|   0|    8|          0|
    |pixbuf_y_18_fu_146                                                    |   8|   0|    8|          0|
    |pixbuf_y_fu_126                                                       |   8|   0|    8|          0|
    |start_once_reg                                                        |   1|   0|    1|          0|
    |storemerge_lcssa850_i_fu_114                                          |   8|   0|    8|          0|
    |xor_ln765_reg_567                                                     |   1|   0|    1|          0|
    |y_4_fu_58                                                             |  15|   0|   15|          0|
    +----------------------------------------------------------------------+----+----+-----+-----------+
    |Total                                                                 | 266|   0|  266|          0|
    +----------------------------------------------------------------------+----+----+-----+-----------+



================================================================
== Interface
================================================================
* Summary: 
+-------------------------------------+-----+-----+------------+----------------------+--------------+
|              RTL Ports              | Dir | Bits|  Protocol  |     Source Object    |    C Type    |
+-------------------------------------+-----+-----+------------+----------------------+--------------+
|ap_clk                               |   in|    1|  ap_ctrl_hs|    v_hcresampler_core|  return value|
|ap_rst                               |   in|    1|  ap_ctrl_hs|    v_hcresampler_core|  return value|
|ap_start                             |   in|    1|  ap_ctrl_hs|    v_hcresampler_core|  return value|
|start_full_n                         |   in|    1|  ap_ctrl_hs|    v_hcresampler_core|  return value|
|ap_done                              |  out|    1|  ap_ctrl_hs|    v_hcresampler_core|  return value|
|ap_continue                          |   in|    1|  ap_ctrl_hs|    v_hcresampler_core|  return value|
|ap_idle                              |  out|    1|  ap_ctrl_hs|    v_hcresampler_core|  return value|
|ap_ready                             |  out|    1|  ap_ctrl_hs|    v_hcresampler_core|  return value|
|start_out                            |  out|    1|  ap_ctrl_hs|    v_hcresampler_core|  return value|
|start_write                          |  out|    1|  ap_ctrl_hs|    v_hcresampler_core|  return value|
|height                               |   in|   16|     ap_none|                height|       pointer|
|width                                |   in|   16|     ap_none|                 width|       pointer|
|p_read                               |   in|    1|     ap_none|                p_read|        scalar|
|stream_in_dout                       |   in|   48|     ap_fifo|             stream_in|       pointer|
|stream_in_empty_n                    |   in|    1|     ap_fifo|             stream_in|       pointer|
|stream_in_read                       |  out|    1|     ap_fifo|             stream_in|       pointer|
|stream_in_num_data_valid             |   in|    5|     ap_fifo|             stream_in|       pointer|
|stream_in_fifo_cap                   |   in|    5|     ap_fifo|             stream_in|       pointer|
|stream_in_hresampled_din             |  out|   48|     ap_fifo|  stream_in_hresampled|       pointer|
|stream_in_hresampled_full_n          |   in|    1|     ap_fifo|  stream_in_hresampled|       pointer|
|stream_in_hresampled_write           |  out|    1|     ap_fifo|  stream_in_hresampled|       pointer|
|stream_in_hresampled_num_data_valid  |   in|   32|     ap_fifo|  stream_in_hresampled|       pointer|
|stream_in_hresampled_fifo_cap        |   in|   32|     ap_fifo|  stream_in_hresampled|       pointer|
+-------------------------------------+-----+-----+------------+----------------------+--------------+

