

================================================================
== Vitis HLS Report for 'v_hcresampler_core_Pipeline_VITIS_LOOP_769_2'
================================================================
* Date:           Wed Jan 21 12:52:55 2026

* Version:        2025.2 (Build 6295257 on Nov 14 2025)
* Project:        prj
* Solution:       sol (Vivado IP Flow Target)
* Product family: zynquplus
* Target device:  xczu2cg-sfvc784-1-e


================================================================
== Performance Estimates
================================================================
+ Timing: 
    * Summary: 
    +--------+---------+----------+------------+
    |  Clock |  Target | Estimated| Uncertainty|
    +--------+---------+----------+------------+
    |ap_clk  |  5.00 ns|  3.443 ns|     1.35 ns|
    +--------+---------+----------+------------+

+ Latency: 
    * Summary: 
    +---------+---------+-----------+----------+-----+-----+-------------------+
    |  Latency (cycles) |  Latency (absolute)  |  Interval |      Pipeline     |
    |   min   |   max   |    min    |    max   | min | max |        Type       |
    +---------+---------+-----------+----------+-----+-----+-------------------+
    |        4|    32771|  20.000 ns|  0.164 ms|    0|    0|  loop pipeline stp|
    +---------+---------+-----------+----------+-----+-----+-------------------+

    + Detail: 
        * Instance: 
        N/A

        * Loop: 
        +--------------------+---------+---------+----------+-----------+-----------+-----------+----------+
        |                    |  Latency (cycles) | Iteration|  Initiation Interval  |    Trip   |          |
        |      Loop Name     |   min   |   max   |  Latency |  achieved |   target  |   Count   | Pipelined|
        +--------------------+---------+---------+----------+-----------+-----------+-----------+----------+
        |- VITIS_LOOP_769_2  |        2|    32769|         3|          1|          1|  0 ~ 32767|       yes|
        +--------------------+---------+---------+----------+-----------+-----------+-----------+----------+



================================================================
== Utilization Estimates
================================================================
* Summary: 
+-----------------+---------+-----+-------+-------+-----+
|       Name      | BRAM_18K| DSP |   FF  |  LUT  | URAM|
+-----------------+---------+-----+-------+-------+-----+
|DSP              |        -|    -|      -|      -|    -|
|Expression       |        -|    -|      0|    250|    -|
|FIFO             |        -|    -|      -|      -|    -|
|Instance         |        -|    -|      -|      -|    -|
|Memory           |        -|    -|      -|      -|    -|
|Multiplexer      |        -|    -|      0|    266|    -|
|Register         |        -|    -|    109|      -|    -|
+-----------------+---------+-----+-------+-------+-----+
|Total            |        0|    0|    109|    516|    0|
+-----------------+---------+-----+-------+-------+-----+
|Available        |      300|  240|  94464|  47232|    0|
+-----------------+---------+-----+-------+-------+-----+
|Utilization (%)  |        0|    0|     ~0|      1|    0|
+-----------------+---------+-----+-------+-------+-----+

+ Detail: 
    * Instance: 
    N/A

    * DSP: 
    N/A

    * Memory: 
    N/A

    * FIFO: 
    N/A

    * Expression: 
    +---------------------------------------+----------+----+---+----+------------+------------+
    |             Variable Name             | Operation| DSP| FF| LUT| Bitwidth P0| Bitwidth P1|
    +---------------------------------------+----------+----+---+----+------------+------------+
    |add_ln908_1_fu_636_p2                  |         +|   0|  0|  18|           9|           9|
    |add_ln908_fu_630_p2                    |         +|   0|  0|  18|           9|           1|
    |add_ln910_1_fu_666_p2                  |         +|   0|  0|  18|           9|           9|
    |add_ln910_fu_660_p2                    |         +|   0|  0|  18|           9|           1|
    |x_2_fu_391_p2                          |         +|   0|  0|  22|          15|           1|
    |out_x_fu_397_p2                        |         -|   0|  0|  23|          16|          16|
    |ap_block_state2_pp0_stage0_iter1_grp1  |       and|   0|  0|   2|           1|           1|
    |ap_condition_574                       |       and|   0|  0|   2|           1|           1|
    |ap_predicate_op112_write_state3        |       and|   0|  0|   2|           1|           1|
    |ap_predicate_op121_write_state3        |       and|   0|  0|   2|           1|           1|
    |ap_predicate_op62_read_state2          |       and|   0|  0|   2|           1|           1|
    |icmp_ln769_fu_385_p2                   |      icmp|   0|  0|  23|          16|          16|
    |icmp_ln777_fu_403_p2                   |      icmp|   0|  0|  22|          15|          15|
    |icmp_ln833_fu_409_p2                   |      icmp|   0|  0|  22|          15|           1|
    |ap_block_pp0_stage0_01001_grp1         |        or|   0|  0|   2|           1|           1|
    |ap_block_state3_pp0_stage0_iter2_grp1  |        or|   0|  0|   2|           1|           1|
    |select_ln765_cast_cast_fu_315_p3       |    select|   0|  0|   2|           1|           2|
    |select_ln859_1_fu_587_p3               |    select|   0|  0|   8|           1|           8|
    |select_ln859_2_fu_594_p3               |    select|   0|  0|   8|           1|           8|
    |select_ln859_3_fu_601_p3               |    select|   0|  0|   8|           1|           8|
    |select_ln859_4_fu_608_p3               |    select|   0|  0|   8|           1|           8|
    |select_ln859_5_fu_615_p3               |    select|   0|  0|   8|           1|           8|
    |select_ln859_fu_580_p3                 |    select|   0|  0|   8|           1|           8|
    |ap_enable_pp0                          |       xor|   0|  0|   2|           1|           2|
    +---------------------------------------+----------+----+---+----+------------+------------+
    |Total                                  |          |   0|  0| 250|         128|         128|
    +---------------------------------------+----------+----+---+----+------------+------------+

    * Multiplexer: 
    +----------------------------------+----+-----------+-----+-----------+
    |               Name               | LUT| Input Size| Bits| Total Bits|
    +----------------------------------+----+-----------+-----+-----------+
    |ap_done_int                       |   9|          2|    1|          2|
    |ap_loop_exit_ready_pp0_iter2_reg  |   9|          2|    1|          2|
    |ap_sig_allocacmp_x_1              |   9|          2|   15|         30|
    |inpix_0_0_0_0_0_load745_i_out_o   |   9|          2|    8|         16|
    |inpix_0_1_0_0_0_load747_i_out_o   |   9|          2|    8|         16|
    |inpix_0_2_0_0_0_load749_i_out_o   |   9|          2|    8|         16|
    |inpix_0_3_0_0_0_load751_i_out_o   |   9|          2|    8|         16|
    |inpix_0_4_0_0_0_load753_i_out_o   |   9|          2|    8|         16|
    |inpix_0_5_0_0_0_load755_i_out_o   |   9|          2|    8|         16|
    |mpix_cb_1_fu_166                  |   9|          2|    8|         16|
    |mpix_cr_1_fu_170                  |   9|          2|    8|         16|
    |p_0_0_0_0_0509_1_3787_i_fu_146    |   9|          2|    8|         16|
    |p_0_0_0_0_0509_2770_i_out_o       |   9|          2|    8|         16|
    |p_0_0_0_0_0509_3778_i_out_o       |   9|          2|    8|         16|
    |p_0_0_0_0_0517757_i_fu_158        |   9|          2|    8|         16|
    |p_0_0_0_0_0_2774_i_out_o          |   9|          2|    8|         16|
    |p_0_0_0_0_0_3782_i_out_o          |   9|          2|    8|         16|
    |p_0_3_0_0_0759_i_fu_162           |   9|          2|    8|         16|
    |pixbuf_y_19_out_o                 |   9|          2|    8|         16|
    |pixbuf_y_1_fu_178                 |   9|          2|    8|         16|
    |pixbuf_y_20_out_o                 |   9|          2|    8|         16|
    |pixbuf_y_2_fu_182                 |   9|          2|    8|         16|
    |pixbuf_y_3_fu_186                 |   9|          2|    8|         16|
    |pixbuf_y_fu_174                   |   9|          2|    8|         16|
    |storemerge744791_i_fu_150         |   9|          2|    8|         16|
    |stream_in_blk_n                   |   9|          2|    1|          2|
    |stream_in_hresampled_blk_n        |   9|          2|    1|          2|
    |stream_in_hresampled_din          |  14|          3|   48|        144|
    |x_fu_154                          |   9|          2|   15|         30|
    +----------------------------------+----+-----------+-----+-----------+
    |Total                             | 266|         59|  258|        564|
    +----------------------------------+----+-----------+-----+-----------+

    * Register: 
    +-------------------------------------------+----+----+-----+-----------+
    |                    Name                   | FF | LUT| Bits| Const Bits|
    +-------------------------------------------+----+----+-----+-----------+
    |ap_CS_fsm                                  |   1|   0|    1|          0|
    |ap_block_pp0_stage0_subdone_grp0_done_reg  |   1|   0|    1|          0|
    |ap_done_reg                                |   1|   0|    1|          0|
    |ap_enable_reg_pp0_iter1                    |   1|   0|    1|          0|
    |ap_enable_reg_pp0_iter2                    |   1|   0|    1|          0|
    |ap_loop_exit_ready_pp0_iter1_reg           |   1|   0|    1|          0|
    |ap_loop_exit_ready_pp0_iter2_reg           |   1|   0|    1|          0|
    |icmp_ln769_reg_923                         |   1|   0|    1|          0|
    |icmp_ln769_reg_923_pp0_iter1_reg           |   1|   0|    1|          0|
    |icmp_ln777_reg_927                         |   1|   0|    1|          0|
    |icmp_ln833_reg_931                         |   1|   0|    1|          0|
    |icmp_ln833_reg_931_pp0_iter1_reg           |   1|   0|    1|          0|
    |mpix_cb_1_fu_166                           |   8|   0|    8|          0|
    |mpix_cr_1_fu_170                           |   8|   0|    8|          0|
    |p_0_0_0_0_0509_1_3787_i_fu_146             |   8|   0|    8|          0|
    |p_0_0_0_0_0517757_i_fu_158                 |   8|   0|    8|          0|
    |p_0_3_0_0_0759_i_fu_162                    |   8|   0|    8|          0|
    |pixbuf_y_1_fu_178                          |   8|   0|    8|          0|
    |pixbuf_y_2_fu_182                          |   8|   0|    8|          0|
    |pixbuf_y_3_fu_186                          |   8|   0|    8|          0|
    |pixbuf_y_fu_174                            |   8|   0|    8|          0|
    |storemerge744791_i_fu_150                  |   8|   0|    8|          0|
    |tmp_reg_941                                |   1|   0|    1|          0|
    |tmp_reg_941_pp0_iter1_reg                  |   1|   0|    1|          0|
    |x_fu_154                                   |  15|   0|   15|          0|
    +-------------------------------------------+----+----+-----+-----------+
    |Total                                      | 109|   0|  109|          0|
    +-------------------------------------------+----+----+-----+-----------+



================================================================
== Interface
================================================================
* Summary: 
+----------------------------------------+-----+-----+------------+----------------------------------------------+--------------+
|                RTL Ports               | Dir | Bits|  Protocol  |                 Source Object                |    C Type    |
+----------------------------------------+-----+-----+------------+----------------------------------------------+--------------+
|ap_clk                                  |   in|    1|  ap_ctrl_hs|  v_hcresampler_core_Pipeline_VITIS_LOOP_769_2|  return value|
|ap_rst                                  |   in|    1|  ap_ctrl_hs|  v_hcresampler_core_Pipeline_VITIS_LOOP_769_2|  return value|
|ap_start                                |   in|    1|  ap_ctrl_hs|  v_hcresampler_core_Pipeline_VITIS_LOOP_769_2|  return value|
|ap_done                                 |  out|    1|  ap_ctrl_hs|  v_hcresampler_core_Pipeline_VITIS_LOOP_769_2|  return value|
|ap_idle                                 |  out|    1|  ap_ctrl_hs|  v_hcresampler_core_Pipeline_VITIS_LOOP_769_2|  return value|
|ap_ready                                |  out|    1|  ap_ctrl_hs|  v_hcresampler_core_Pipeline_VITIS_LOOP_769_2|  return value|
|stream_in_dout                          |   in|   48|     ap_fifo|                                     stream_in|       pointer|
|stream_in_empty_n                       |   in|    1|     ap_fifo|                                     stream_in|       pointer|
|stream_in_read                          |  out|    1|     ap_fifo|                                     stream_in|       pointer|
|stream_in_num_data_valid                |   in|    5|     ap_fifo|                                     stream_in|       pointer|
|stream_in_fifo_cap                      |   in|    5|     ap_fifo|                                     stream_in|       pointer|
|stream_in_hresampled_din                |  out|   48|     ap_fifo|                          stream_in_hresampled|       pointer|
|stream_in_hresampled_full_n             |   in|    1|     ap_fifo|                          stream_in_hresampled|       pointer|
|stream_in_hresampled_write              |  out|    1|     ap_fifo|                          stream_in_hresampled|       pointer|
|stream_in_hresampled_num_data_valid     |   in|   32|     ap_fifo|                          stream_in_hresampled|       pointer|
|stream_in_hresampled_fifo_cap           |   in|   32|     ap_fifo|                          stream_in_hresampled|       pointer|
|pixbuf_y_18                             |   in|    8|     ap_none|                                   pixbuf_y_18|        scalar|
|pixbuf_y_17                             |   in|    8|     ap_none|                                   pixbuf_y_17|        scalar|
|pixbuf_y_16                             |   in|    8|     ap_none|                                   pixbuf_y_16|        scalar|
|pixbuf_y_15                             |   in|    8|     ap_none|                                   pixbuf_y_15|        scalar|
|mpix_cr                                 |   in|    8|     ap_none|                                       mpix_cr|        scalar|
|mpix_cb                                 |   in|    8|     ap_none|                                       mpix_cb|        scalar|
|storemerge_lcssa850_i                   |   in|    8|     ap_none|                         storemerge_lcssa850_i|        scalar|
|p_0_0_0_0_0509_1_3788_lcssa847_i        |   in|    8|     ap_none|              p_0_0_0_0_0509_1_3788_lcssa847_i|        scalar|
|p_0_3_0_0_0760_lcssa821_i               |   in|    8|     ap_none|                     p_0_3_0_0_0760_lcssa821_i|        scalar|
|p_0_0_0_0_0517758_lcssa818_i            |   in|    8|     ap_none|                  p_0_0_0_0_0517758_lcssa818_i|        scalar|
|loopWidth                               |   in|   16|     ap_none|                                     loopWidth|        scalar|
|p_read                                  |   in|    1|     ap_none|                                        p_read|        scalar|
|select_ln765                            |   in|    1|     ap_none|                                  select_ln765|        scalar|
|lshr_ln                                 |   in|   15|   ap_stable|                                       lshr_ln|        scalar|
|pixbuf_y_24_out                         |  out|    8|      ap_vld|                               pixbuf_y_24_out|       pointer|
|pixbuf_y_24_out_ap_vld                  |  out|    1|      ap_vld|                               pixbuf_y_24_out|       pointer|
|pixbuf_y_23_out                         |  out|    8|      ap_vld|                               pixbuf_y_23_out|       pointer|
|pixbuf_y_23_out_ap_vld                  |  out|    1|      ap_vld|                               pixbuf_y_23_out|       pointer|
|pixbuf_y_22_out                         |  out|    8|      ap_vld|                               pixbuf_y_22_out|       pointer|
|pixbuf_y_22_out_ap_vld                  |  out|    1|      ap_vld|                               pixbuf_y_22_out|       pointer|
|pixbuf_y_21_out                         |  out|    8|      ap_vld|                               pixbuf_y_21_out|       pointer|
|pixbuf_y_21_out_ap_vld                  |  out|    1|      ap_vld|                               pixbuf_y_21_out|       pointer|
|pixbuf_y_20_out_i                       |   in|    8|     ap_ovld|                               pixbuf_y_20_out|       pointer|
|pixbuf_y_20_out_o                       |  out|    8|     ap_ovld|                               pixbuf_y_20_out|       pointer|
|pixbuf_y_20_out_o_ap_vld                |  out|    1|     ap_ovld|                               pixbuf_y_20_out|       pointer|
|pixbuf_y_19_out_i                       |   in|    8|     ap_ovld|                               pixbuf_y_19_out|       pointer|
|pixbuf_y_19_out_o                       |  out|    8|     ap_ovld|                               pixbuf_y_19_out|       pointer|
|pixbuf_y_19_out_o_ap_vld                |  out|    1|     ap_ovld|                               pixbuf_y_19_out|       pointer|
|mpix_cr_8_out                           |  out|    8|      ap_vld|                                 mpix_cr_8_out|       pointer|
|mpix_cr_8_out_ap_vld                    |  out|    1|      ap_vld|                                 mpix_cr_8_out|       pointer|
|mpix_cb_8_out                           |  out|    8|      ap_vld|                                 mpix_cb_8_out|       pointer|
|mpix_cb_8_out_ap_vld                    |  out|    1|      ap_vld|                                 mpix_cb_8_out|       pointer|
|p_0_0_0_0_0_3782_i_out_i                |   in|    8|     ap_ovld|                        p_0_0_0_0_0_3782_i_out|       pointer|
|p_0_0_0_0_0_3782_i_out_o                |  out|    8|     ap_ovld|                        p_0_0_0_0_0_3782_i_out|       pointer|
|p_0_0_0_0_0_3782_i_out_o_ap_vld         |  out|    1|     ap_ovld|                        p_0_0_0_0_0_3782_i_out|       pointer|
|p_0_0_0_0_0509_3778_i_out_i             |   in|    8|     ap_ovld|                     p_0_0_0_0_0509_3778_i_out|       pointer|
|p_0_0_0_0_0509_3778_i_out_o             |  out|    8|     ap_ovld|                     p_0_0_0_0_0509_3778_i_out|       pointer|
|p_0_0_0_0_0509_3778_i_out_o_ap_vld      |  out|    1|     ap_ovld|                     p_0_0_0_0_0509_3778_i_out|       pointer|
|p_0_0_0_0_0_2774_i_out_i                |   in|    8|     ap_ovld|                        p_0_0_0_0_0_2774_i_out|       pointer|
|p_0_0_0_0_0_2774_i_out_o                |  out|    8|     ap_ovld|                        p_0_0_0_0_0_2774_i_out|       pointer|
|p_0_0_0_0_0_2774_i_out_o_ap_vld         |  out|    1|     ap_ovld|                        p_0_0_0_0_0_2774_i_out|       pointer|
|p_0_0_0_0_0509_2770_i_out_i             |   in|    8|     ap_ovld|                     p_0_0_0_0_0509_2770_i_out|       pointer|
|p_0_0_0_0_0509_2770_i_out_o             |  out|    8|     ap_ovld|                     p_0_0_0_0_0509_2770_i_out|       pointer|
|p_0_0_0_0_0509_2770_i_out_o_ap_vld      |  out|    1|     ap_ovld|                     p_0_0_0_0_0509_2770_i_out|       pointer|
|inpix_0_5_0_0_0_load755_i_out_i         |   in|    8|     ap_ovld|                 inpix_0_5_0_0_0_load755_i_out|       pointer|
|inpix_0_5_0_0_0_load755_i_out_o         |  out|    8|     ap_ovld|                 inpix_0_5_0_0_0_load755_i_out|       pointer|
|inpix_0_5_0_0_0_load755_i_out_o_ap_vld  |  out|    1|     ap_ovld|                 inpix_0_5_0_0_0_load755_i_out|       pointer|
|inpix_0_4_0_0_0_load753_i_out_i         |   in|    8|     ap_ovld|                 inpix_0_4_0_0_0_load753_i_out|       pointer|
|inpix_0_4_0_0_0_load753_i_out_o         |  out|    8|     ap_ovld|                 inpix_0_4_0_0_0_load753_i_out|       pointer|
|inpix_0_4_0_0_0_load753_i_out_o_ap_vld  |  out|    1|     ap_ovld|                 inpix_0_4_0_0_0_load753_i_out|       pointer|
|inpix_0_3_0_0_0_load751_i_out_i         |   in|    8|     ap_ovld|                 inpix_0_3_0_0_0_load751_i_out|       pointer|
|inpix_0_3_0_0_0_load751_i_out_o         |  out|    8|     ap_ovld|                 inpix_0_3_0_0_0_load751_i_out|       pointer|
|inpix_0_3_0_0_0_load751_i_out_o_ap_vld  |  out|    1|     ap_ovld|                 inpix_0_3_0_0_0_load751_i_out|       pointer|
|inpix_0_2_0_0_0_load749_i_out_i         |   in|    8|     ap_ovld|                 inpix_0_2_0_0_0_load749_i_out|       pointer|
|inpix_0_2_0_0_0_load749_i_out_o         |  out|    8|     ap_ovld|                 inpix_0_2_0_0_0_load749_i_out|       pointer|
|inpix_0_2_0_0_0_load749_i_out_o_ap_vld  |  out|    1|     ap_ovld|                 inpix_0_2_0_0_0_load749_i_out|       pointer|
|inpix_0_1_0_0_0_load747_i_out_i         |   in|    8|     ap_ovld|                 inpix_0_1_0_0_0_load747_i_out|       pointer|
|inpix_0_1_0_0_0_load747_i_out_o         |  out|    8|     ap_ovld|                 inpix_0_1_0_0_0_load747_i_out|       pointer|
|inpix_0_1_0_0_0_load747_i_out_o_ap_vld  |  out|    1|     ap_ovld|                 inpix_0_1_0_0_0_load747_i_out|       pointer|
|inpix_0_0_0_0_0_load745_i_out_i         |   in|    8|     ap_ovld|                 inpix_0_0_0_0_0_load745_i_out|       pointer|
|inpix_0_0_0_0_0_load745_i_out_o         |  out|    8|     ap_ovld|                 inpix_0_0_0_0_0_load745_i_out|       pointer|
|inpix_0_0_0_0_0_load745_i_out_o_ap_vld  |  out|    1|     ap_ovld|                 inpix_0_0_0_0_0_load745_i_out|       pointer|
+----------------------------------------+-----+-----+------------+----------------------------------------------+--------------+

