Copyright 1986-2022 Xilinx, Inc. All Rights Reserved. Copyright 2022-2025 Advanced Micro Devices, Inc. All Rights Reserved.
--------------------------------------------------------------------------------------------------------------------------------------------------------------
| Tool Version      : Vivado v.2025.2 (win64) Build 6299465 Fri Nov 14 19:35:11 GMT 2025
| Date              : Thu Jan 22 12:31:11 2026
| Host              : LAPTOP-N1KB207U running 64-bit major release  (build 9200)
| Command           : report_bus_skew -warn_on_violation -file key_test_bus_skew_routed.rpt -pb key_test_bus_skew_routed.pb -rpx key_test_bus_skew_routed.rpx
| Design            : key_test
| Device            : xczu2cg-sfvc784
| Speed File        : -1  PRODUCTION 1.30 05-15-2022
| Design State      : Routed
| Temperature Grade : E
--------------------------------------------------------------------------------------------------------------------------------------------------------------

Bus Skew Report

No bus skew constraints

