

================================================================
== Vitis HLS Report for 'AXIvideo2MultiPixStream_Pipeline_loop_width'
================================================================
* Date:           Wed Jan 21 13:02:22 2026

* Version:        2025.2 (Build 6295257 on Nov 14 2025)
* Project:        prj
* Solution:       sol (Vivado IP Flow Target)
* Product family: zynquplus
* Target device:  xczu2cg-sfvc784-1-e


================================================================
== Performance Estimates
================================================================
+ Timing: 
    * Summary: 
    +--------+---------+----------+------------+
    |  Clock |  Target | Estimated| Uncertainty|
    +--------+---------+----------+------------+
    |ap_clk  |  5.00 ns|  3.177 ns|     1.35 ns|
    +--------+---------+----------+------------+

+ Latency: 
    * Summary: 
    +---------+---------+----------+----------+-----+-----+-------------------+
    |  Latency (cycles) |  Latency (absolute) |  Interval |      Pipeline     |
    |   min   |   max   |    min   |    max   | min | max |        Type       |
    +---------+---------+----------+----------+-----+-----+-------------------+
    |       35|      963|  0.175 us|  4.815 us|    0|    0|  loop pipeline stp|
    +---------+---------+----------+----------+-----+-----+-------------------+

    + Detail: 
        * Instance: 
        N/A

        * Loop: 
        +--------------+---------+---------+----------+-----------+-----------+----------+----------+
        |              |  Latency (cycles) | Iteration|  Initiation Interval  |   Trip   |          |
        |   Loop Name  |   min   |   max   |  Latency |  achieved |   target  |   Count  | Pipelined|
        +--------------+---------+---------+----------+-----------+-----------+----------+----------+
        |- loop_width  |       33|      961|         3|          1|          1|  32 ~ 960|       yes|
        +--------------+---------+---------+----------+-----------+-----------+----------+----------+

============================================================
+ Verbose Summary: Synthesis Manager
============================================================
InlineROM: 1
ExposeGlobal: 0
============================================================
+ Verbose Summary: CDFG Model
============================================================
IsTopModel: 0
ResetActiveHigh: 1
IsCombinational: 0
IsDatapathOnly: 0
HasWiredReturn: 1
HasMFsm: 2
HasVarLatency: 1
IsPipeline: 0
IsRtlPipelined: 0
IsInstanceOverlapped: 0
IsDontTouch: 0
HasImplIP: 0
IsGatedGlobalClock: 0

+ Individual pipeline summary: 
  * Pipeline-0: initiation interval (II) = 1, depth = 3


============================================================
+ Verbose Summary: Schedule
============================================================
* Number of FSM states : 3
* Pipeline : 1
  Pipeline-0 : II = 1, D = 3, States = { 1 2 3 }
* Dataflow Pipeline: 0

* FSM state transitions: 
1 --> 2 
2 --> 3 
3 --> 

* FSM state operations: 

State 1 <SV = 0> <Delay = 1.91>
ST_1 : Operation 6 [1/1] (0.00ns)   --->   "%j = alloca i32 1" [C:/TFG_Vivado/vivado/axu2cga_trd.runs/bd_197a_csc_0_synth_1/prj/sol/.autopilot/db/v_csc.cpp:545->C:/TFG_Vivado/vivado/axu2cga_trd.runs/bd_197a_csc_0_synth_1/prj/sol/.autopilot/db/v_csc.cpp:446]   --->   Operation 6 'alloca' 'j' <Predicate = true> <Delay = 0.00>
ST_1 : Operation 7 [1/1] (0.00ns)   --->   "%p_0_0_0_0179415_i = alloca i32 1"   --->   Operation 7 'alloca' 'p_0_0_0_0179415_i' <Predicate = true> <Delay = 0.00>
ST_1 : Operation 8 [1/1] (0.00ns)   --->   "%p_4_0_0_0187424_i = alloca i32 1"   --->   Operation 8 'alloca' 'p_4_0_0_0187424_i' <Predicate = true> <Delay = 0.00>
ST_1 : Operation 9 [1/1] (0.00ns)   --->   "%specaxissidechannel_ln0 = specaxissidechannel void @_ssdm_op_SpecAXISSideChannel, i48 %s_axis_video_V_data_V, i6 %s_axis_video_V_keep_V, i6 %s_axis_video_V_strb_V, i1 %s_axis_video_V_user_V, i1 %s_axis_video_V_last_V, i1 %s_axis_video_V_id_V, i1 %s_axis_video_V_dest_V, void @empty_36"   --->   Operation 9 'specaxissidechannel' 'specaxissidechannel_ln0' <Predicate = true> <Delay = 0.00>
ST_1 : Operation 10 [1/1] (0.00ns)   --->   "%specinterface_ln0 = specinterface void @_ssdm_op_SpecInterface, i48 %s_axis_video_V_data_V, void @empty_8, i32 0, i32 0, void @empty_48, i32 0, i32 0, void @empty_49, void @empty_49, void @empty_49, i32 0, i32 0, i32 0, i32 0, void @empty_49, void @empty_49, i32 4294967295, i32 0, i32 0, i32 0"   --->   Operation 10 'specinterface' 'specinterface_ln0' <Predicate = true> <Delay = 0.00>
ST_1 : Operation 11 [1/1] (0.00ns)   --->   "%specinterface_ln0 = specinterface void @_ssdm_op_SpecInterface, i6 %s_axis_video_V_keep_V, void @empty_8, i32 0, i32 0, void @empty_48, i32 0, i32 0, void @empty_49, void @empty_49, void @empty_49, i32 0, i32 0, i32 0, i32 0, void @empty_49, void @empty_49, i32 4294967295, i32 0, i32 0, i32 0"   --->   Operation 11 'specinterface' 'specinterface_ln0' <Predicate = true> <Delay = 0.00>
ST_1 : Operation 12 [1/1] (0.00ns)   --->   "%specinterface_ln0 = specinterface void @_ssdm_op_SpecInterface, i6 %s_axis_video_V_strb_V, void @empty_8, i32 0, i32 0, void @empty_48, i32 0, i32 0, void @empty_49, void @empty_49, void @empty_49, i32 0, i32 0, i32 0, i32 0, void @empty_49, void @empty_49, i32 4294967295, i32 0, i32 0, i32 0"   --->   Operation 12 'specinterface' 'specinterface_ln0' <Predicate = true> <Delay = 0.00>
ST_1 : Operation 13 [1/1] (0.00ns)   --->   "%specinterface_ln0 = specinterface void @_ssdm_op_SpecInterface, i1 %s_axis_video_V_user_V, void @empty_8, i32 0, i32 0, void @empty_48, i32 0, i32 0, void @empty_49, void @empty_49, void @empty_49, i32 0, i32 0, i32 0, i32 0, void @empty_49, void @empty_49, i32 4294967295, i32 0, i32 0, i32 0"   --->   Operation 13 'specinterface' 'specinterface_ln0' <Predicate = true> <Delay = 0.00>
ST_1 : Operation 14 [1/1] (0.00ns)   --->   "%specinterface_ln0 = specinterface void @_ssdm_op_SpecInterface, i1 %s_axis_video_V_last_V, void @empty_8, i32 0, i32 0, void @empty_48, i32 0, i32 0, void @empty_49, void @empty_49, void @empty_49, i32 0, i32 0, i32 0, i32 0, void @empty_49, void @empty_49, i32 4294967295, i32 0, i32 0, i32 0"   --->   Operation 14 'specinterface' 'specinterface_ln0' <Predicate = true> <Delay = 0.00>
ST_1 : Operation 15 [1/1] (0.00ns)   --->   "%specinterface_ln0 = specinterface void @_ssdm_op_SpecInterface, i1 %s_axis_video_V_id_V, void @empty_8, i32 0, i32 0, void @empty_48, i32 0, i32 0, void @empty_49, void @empty_49, void @empty_49, i32 0, i32 0, i32 0, i32 0, void @empty_49, void @empty_49, i32 4294967295, i32 0, i32 0, i32 0"   --->   Operation 15 'specinterface' 'specinterface_ln0' <Predicate = true> <Delay = 0.00>
ST_1 : Operation 16 [1/1] (0.00ns)   --->   "%specinterface_ln0 = specinterface void @_ssdm_op_SpecInterface, i1 %s_axis_video_V_dest_V, void @empty_8, i32 0, i32 0, void @empty_48, i32 0, i32 0, void @empty_49, void @empty_49, void @empty_49, i32 0, i32 0, i32 0, i32 0, void @empty_49, void @empty_49, i32 4294967295, i32 0, i32 0, i32 0"   --->   Operation 16 'specinterface' 'specinterface_ln0' <Predicate = true> <Delay = 0.00>
ST_1 : Operation 17 [1/1] (0.00ns)   --->   "%specinterface_ln0 = specinterface void @_ssdm_op_SpecInterface, i48 %stream_in, void @empty_34, i32 0, i32 0, void @empty_49, i32 0, i32 0, void @empty_49, void @empty_49, void @empty_49, i32 0, i32 0, i32 0, i32 0, void @empty_49, void @empty_49, i32 4294967295, i32 0, i32 0, i32 0"   --->   Operation 17 'specinterface' 'specinterface_ln0' <Predicate = true> <Delay = 0.00>
ST_1 : Operation 18 [1/1] (0.00ns)   --->   "%trunc_ln12_read = read i10 @_ssdm_op_Read.ap_auto.i10, i10 %trunc_ln12"   --->   Operation 18 'read' 'trunc_ln12_read' <Predicate = true> <Delay = 0.00>
ST_1 : Operation 19 [1/1] (0.00ns)   --->   "%InVideoFormat_load_read = read i8 @_ssdm_op_Read.ap_auto.i8, i8 %InVideoFormat_load"   --->   Operation 19 'read' 'InVideoFormat_load_read' <Predicate = true> <Delay = 0.00>
ST_1 : Operation 20 [1/1] (0.00ns)   --->   "%sof_3_read = read i1 @_ssdm_op_Read.ap_auto.i1, i1 %sof_3"   --->   Operation 20 'read' 'sof_3_read' <Predicate = true> <Delay = 0.00>
ST_1 : Operation 21 [1/1] (0.00ns)   --->   "%p_0_0_0_0179416_lcssa432_i_read = read i48 @_ssdm_op_Read.ap_auto.i48, i48 %p_0_0_0_0179416_lcssa432_i"   --->   Operation 21 'read' 'p_0_0_0_0179416_lcssa432_i_read' <Predicate = true> <Delay = 0.00>
ST_1 : Operation 22 [1/1] (0.00ns)   --->   "%p_4_0_0_0187423_lcssa448_i_read = read i1 @_ssdm_op_Read.ap_auto.i1, i1 %p_4_0_0_0187423_lcssa448_i"   --->   Operation 22 'read' 'p_4_0_0_0187423_lcssa448_i_read' <Predicate = true> <Delay = 0.00>
ST_1 : Operation 23 [1/1] (0.90ns)   --->   "%icmp_ln574 = icmp_eq  i8 %InVideoFormat_load_read, i8 0" [C:/TFG_Vivado/vivado/axu2cga_trd.runs/bd_197a_csc_0_synth_1/prj/sol/.autopilot/db/v_csc.cpp:574->C:/TFG_Vivado/vivado/axu2cga_trd.runs/bd_197a_csc_0_synth_1/prj/sol/.autopilot/db/v_csc.cpp:446]   --->   Operation 23 'icmp' 'icmp_ln574' <Predicate = true> <Delay = 0.90> <CoreInst = "Cmp">   --->   Core 9 'Cmp' <Latency = 0> <II = 1> <Delay = 0.90> <FuncUnit> <Opcode : 'seteq' 'setne' 'setle' 'setge' 'setlt' 'setgt'> <InPorts = 2> <OutPorts = 1>
ST_1 : Operation 24 [1/1] (0.48ns)   --->   "%store_ln0 = store i1 %p_4_0_0_0187423_lcssa448_i_read, i1 %p_4_0_0_0187424_i"   --->   Operation 24 'store' 'store_ln0' <Predicate = true> <Delay = 0.48>
ST_1 : Operation 25 [1/1] (0.48ns)   --->   "%store_ln0 = store i48 %p_0_0_0_0179416_lcssa432_i_read, i48 %p_0_0_0_0179415_i"   --->   Operation 25 'store' 'store_ln0' <Predicate = true> <Delay = 0.48>
ST_1 : Operation 26 [1/1] (0.48ns)   --->   "%store_ln545 = store i10 0, i10 %j" [C:/TFG_Vivado/vivado/axu2cga_trd.runs/bd_197a_csc_0_synth_1/prj/sol/.autopilot/db/v_csc.cpp:545->C:/TFG_Vivado/vivado/axu2cga_trd.runs/bd_197a_csc_0_synth_1/prj/sol/.autopilot/db/v_csc.cpp:446]   --->   Operation 26 'store' 'store_ln545' <Predicate = true> <Delay = 0.48>
ST_1 : Operation 27 [1/1] (0.48ns)   --->   "%br_ln545 = br void %for.body16.i" [C:/TFG_Vivado/vivado/axu2cga_trd.runs/bd_197a_csc_0_synth_1/prj/sol/.autopilot/db/v_csc.cpp:545->C:/TFG_Vivado/vivado/axu2cga_trd.runs/bd_197a_csc_0_synth_1/prj/sol/.autopilot/db/v_csc.cpp:446]   --->   Operation 27 'br' 'br_ln545' <Predicate = true> <Delay = 0.48>
ST_1 : Operation 28 [1/1] (0.00ns)   --->   "%j_3 = load i10 %j" [C:/TFG_Vivado/vivado/axu2cga_trd.runs/bd_197a_csc_0_synth_1/prj/sol/.autopilot/db/v_csc.cpp:545->C:/TFG_Vivado/vivado/axu2cga_trd.runs/bd_197a_csc_0_synth_1/prj/sol/.autopilot/db/v_csc.cpp:446]   --->   Operation 28 'load' 'j_3' <Predicate = true> <Delay = 0.00>
ST_1 : Operation 29 [1/1] (0.93ns)   --->   "%icmp_ln545 = icmp_eq  i10 %j_3, i10 %trunc_ln12_read" [C:/TFG_Vivado/vivado/axu2cga_trd.runs/bd_197a_csc_0_synth_1/prj/sol/.autopilot/db/v_csc.cpp:545->C:/TFG_Vivado/vivado/axu2cga_trd.runs/bd_197a_csc_0_synth_1/prj/sol/.autopilot/db/v_csc.cpp:446]   --->   Operation 29 'icmp' 'icmp_ln545' <Predicate = true> <Delay = 0.93> <CoreInst = "Cmp">   --->   Core 9 'Cmp' <Latency = 0> <II = 1> <Delay = 0.93> <FuncUnit> <Opcode : 'seteq' 'setne' 'setle' 'setge' 'setlt' 'setgt'> <InPorts = 2> <OutPorts = 1>
ST_1 : Operation 30 [1/1] (0.93ns)   --->   "%j_4 = add i10 %j_3, i10 1" [C:/TFG_Vivado/vivado/axu2cga_trd.runs/bd_197a_csc_0_synth_1/prj/sol/.autopilot/db/v_csc.cpp:545->C:/TFG_Vivado/vivado/axu2cga_trd.runs/bd_197a_csc_0_synth_1/prj/sol/.autopilot/db/v_csc.cpp:446]   --->   Operation 30 'add' 'j_4' <Predicate = true> <Delay = 0.93> <CoreInst = "Adder">   --->   Core 1 'Adder' <Latency = 0> <II = 1> <Delay = 0.93> <FuncUnit> <Opcode : 'add' 'sub'> <InPorts = 2> <OutPorts = 1>
ST_1 : Operation 31 [1/1] (0.00ns)   --->   "%br_ln545 = br i1 %icmp_ln545, void %for.body16.split.i, void %while.cond65.i.preheader.exitStub" [C:/TFG_Vivado/vivado/axu2cga_trd.runs/bd_197a_csc_0_synth_1/prj/sol/.autopilot/db/v_csc.cpp:545->C:/TFG_Vivado/vivado/axu2cga_trd.runs/bd_197a_csc_0_synth_1/prj/sol/.autopilot/db/v_csc.cpp:446]   --->   Operation 31 'br' 'br_ln545' <Predicate = true> <Delay = 0.00>
ST_1 : Operation 32 [1/1] (0.48ns)   --->   "%store_ln545 = store i10 %j_4, i10 %j" [C:/TFG_Vivado/vivado/axu2cga_trd.runs/bd_197a_csc_0_synth_1/prj/sol/.autopilot/db/v_csc.cpp:545->C:/TFG_Vivado/vivado/axu2cga_trd.runs/bd_197a_csc_0_synth_1/prj/sol/.autopilot/db/v_csc.cpp:446]   --->   Operation 32 'store' 'store_ln545' <Predicate = (!icmp_ln545)> <Delay = 0.48>
ST_1 : Operation 33 [1/1] (0.00ns)   --->   "%br_ln545 = br void %for.body16.i" [C:/TFG_Vivado/vivado/axu2cga_trd.runs/bd_197a_csc_0_synth_1/prj/sol/.autopilot/db/v_csc.cpp:545->C:/TFG_Vivado/vivado/axu2cga_trd.runs/bd_197a_csc_0_synth_1/prj/sol/.autopilot/db/v_csc.cpp:446]   --->   Operation 33 'br' 'br_ln545' <Predicate = (!icmp_ln545)> <Delay = 0.00>

State 2 <SV = 1> <Delay = 0.82>
ST_2 : Operation 34 [1/1] (0.00ns)   --->   "%eol = phi i1 0, void %newFuncRoot, i1 %eol_2, void %if.end.i_ifconv"   --->   Operation 34 'phi' 'eol' <Predicate = true> <Delay = 0.00>
ST_2 : Operation 35 [1/1] (0.00ns)   --->   "%sof = phi i1 %sof_3_read, void %newFuncRoot, i1 0, void %if.end.i_ifconv"   --->   Operation 35 'phi' 'sof' <Predicate = true> <Delay = 0.00>
ST_2 : Operation 36 [1/1] (0.00ns)   --->   "%speclooptripcount_ln0 = speclooptripcount void @_ssdm_op_SpecLoopTripCount, i64 32, i64 960, i64 0"   --->   Operation 36 'speclooptripcount' 'speclooptripcount_ln0' <Predicate = true> <Delay = 0.00>
ST_2 : Operation 37 [1/1] (0.00ns)   --->   "%specpipeline_ln548 = specpipeline void @_ssdm_op_SpecPipeline, i32 1, i32 0, i32 0, i32 0, i32 4294967295, void @empty_49" [C:/TFG_Vivado/vivado/axu2cga_trd.runs/bd_197a_csc_0_synth_1/prj/sol/.autopilot/db/v_csc.cpp:548->C:/TFG_Vivado/vivado/axu2cga_trd.runs/bd_197a_csc_0_synth_1/prj/sol/.autopilot/db/v_csc.cpp:446]   --->   Operation 37 'specpipeline' 'specpipeline_ln548' <Predicate = (!icmp_ln545)> <Delay = 0.00>
ST_2 : Operation 38 [1/1] (0.00ns)   --->   "%specloopname_ln545 = specloopname void @_ssdm_op_SpecLoopName, void @empty_38" [C:/TFG_Vivado/vivado/axu2cga_trd.runs/bd_197a_csc_0_synth_1/prj/sol/.autopilot/db/v_csc.cpp:545->C:/TFG_Vivado/vivado/axu2cga_trd.runs/bd_197a_csc_0_synth_1/prj/sol/.autopilot/db/v_csc.cpp:446]   --->   Operation 38 'specloopname' 'specloopname_ln545' <Predicate = (!icmp_ln545)> <Delay = 0.00>
ST_2 : Operation 39 [1/1] (0.33ns)   --->   "%or_ln549 = or i1 %sof, i1 %eol" [C:/TFG_Vivado/vivado/axu2cga_trd.runs/bd_197a_csc_0_synth_1/prj/sol/.autopilot/db/v_csc.cpp:549->C:/TFG_Vivado/vivado/axu2cga_trd.runs/bd_197a_csc_0_synth_1/prj/sol/.autopilot/db/v_csc.cpp:446]   --->   Operation 39 'or' 'or_ln549' <Predicate = (!icmp_ln545)> <Delay = 0.33> <CoreInst = "LogicGate">   --->   Core 74 'LogicGate' <Latency = 0> <II = 1> <Delay = 0.33> <FuncUnit> <Opcode : 'and' 'or' 'xor'> <InPorts = 2> <OutPorts = 1>
ST_2 : Operation 40 [1/1] (0.00ns)   --->   "%br_ln549 = br i1 %or_ln549, void %if.else.i, void %if.end.i_ifconv" [C:/TFG_Vivado/vivado/axu2cga_trd.runs/bd_197a_csc_0_synth_1/prj/sol/.autopilot/db/v_csc.cpp:549->C:/TFG_Vivado/vivado/axu2cga_trd.runs/bd_197a_csc_0_synth_1/prj/sol/.autopilot/db/v_csc.cpp:446]   --->   Operation 40 'br' 'br_ln549' <Predicate = (!icmp_ln545)> <Delay = 0.00>
ST_2 : Operation 41 [1/1] ( I:0.13ns O:0.13ns )   --->   "%empty_143 = read i64 @_ssdm_op_Read.axis.volatile.i48P0A.i6P0A.i6P0A.i1P0A.i1P0A.i1P0A.i1P0A, i48 %s_axis_video_V_data_V, i6 %s_axis_video_V_keep_V, i6 %s_axis_video_V_strb_V, i1 %s_axis_video_V_user_V, i1 %s_axis_video_V_last_V, i1 %s_axis_video_V_id_V, i1 %s_axis_video_V_dest_V" [C:/TFG_Vivado/vivado/axu2cga_trd.runs/bd_197a_csc_0_synth_1/prj/sol/.autopilot/db/v_csc.cpp:556->C:/TFG_Vivado/vivado/axu2cga_trd.runs/bd_197a_csc_0_synth_1/prj/sol/.autopilot/db/v_csc.cpp:446]   --->   Operation 41 'read' 'empty_143' <Predicate = (!icmp_ln545 & !or_ln549)> <Delay = 0.13> <CoreInst = "regslice">   --->   Core 147 'regslice' <Latency = 0> <II = 1> <Delay = 0.95> <Adapter> <Opcode : 'read' 'write'>
ST_2 : Operation 42 [1/1] (0.00ns)   --->   "%p_s = extractvalue i64 %empty_143" [C:/TFG_Vivado/vivado/axu2cga_trd.runs/bd_197a_csc_0_synth_1/prj/sol/.autopilot/db/v_csc.cpp:556->C:/TFG_Vivado/vivado/axu2cga_trd.runs/bd_197a_csc_0_synth_1/prj/sol/.autopilot/db/v_csc.cpp:446]   --->   Operation 42 'extractvalue' 'p_s' <Predicate = (!icmp_ln545 & !or_ln549)> <Delay = 0.00>
ST_2 : Operation 43 [1/1] (0.00ns)   --->   "%eol_1 = extractvalue i64 %empty_143" [C:/TFG_Vivado/vivado/axu2cga_trd.runs/bd_197a_csc_0_synth_1/prj/sol/.autopilot/db/v_csc.cpp:556->C:/TFG_Vivado/vivado/axu2cga_trd.runs/bd_197a_csc_0_synth_1/prj/sol/.autopilot/db/v_csc.cpp:446]   --->   Operation 43 'extractvalue' 'eol_1' <Predicate = (!icmp_ln545 & !or_ln549)> <Delay = 0.00>
ST_2 : Operation 44 [1/1] (0.48ns)   --->   "%store_ln556 = store i1 %eol_1, i1 %p_4_0_0_0187424_i" [C:/TFG_Vivado/vivado/axu2cga_trd.runs/bd_197a_csc_0_synth_1/prj/sol/.autopilot/db/v_csc.cpp:556->C:/TFG_Vivado/vivado/axu2cga_trd.runs/bd_197a_csc_0_synth_1/prj/sol/.autopilot/db/v_csc.cpp:446]   --->   Operation 44 'store' 'store_ln556' <Predicate = (!icmp_ln545 & !or_ln549)> <Delay = 0.48>
ST_2 : Operation 45 [1/1] (0.48ns)   --->   "%store_ln556 = store i48 %p_s, i48 %p_0_0_0_0179415_i" [C:/TFG_Vivado/vivado/axu2cga_trd.runs/bd_197a_csc_0_synth_1/prj/sol/.autopilot/db/v_csc.cpp:556->C:/TFG_Vivado/vivado/axu2cga_trd.runs/bd_197a_csc_0_synth_1/prj/sol/.autopilot/db/v_csc.cpp:446]   --->   Operation 45 'store' 'store_ln556' <Predicate = (!icmp_ln545 & !or_ln549)> <Delay = 0.48>
ST_2 : Operation 46 [1/1] (0.00ns)   --->   "%br_ln0 = br void %if.end.i_ifconv"   --->   Operation 46 'br' 'br_ln0' <Predicate = (!icmp_ln545 & !or_ln549)> <Delay = 0.00>
ST_2 : Operation 64 [1/1] (0.00ns)   --->   "%p_0_0_0_0179415_i_load = load i48 %p_0_0_0_0179415_i"   --->   Operation 64 'load' 'p_0_0_0_0179415_i_load' <Predicate = (icmp_ln545)> <Delay = 0.00>
ST_2 : Operation 65 [1/1] (0.00ns)   --->   "%p_4_0_0_0187424_i_load = load i1 %p_4_0_0_0187424_i"   --->   Operation 65 'load' 'p_4_0_0_0187424_i_load' <Predicate = (icmp_ln545)> <Delay = 0.00>
ST_2 : Operation 66 [1/1] (0.00ns)   --->   "%write_ln0 = write void @_ssdm_op_Write.ap_auto.i1P0A, i1 %p_4_0_0_0187424_i_out, i1 %p_4_0_0_0187424_i_load"   --->   Operation 66 'write' 'write_ln0' <Predicate = (icmp_ln545)> <Delay = 0.00>
ST_2 : Operation 67 [1/1] (0.00ns)   --->   "%write_ln0 = write void @_ssdm_op_Write.ap_auto.i48P0A, i48 %p_0_0_0_0179415_i_out, i48 %p_0_0_0_0179415_i_load"   --->   Operation 67 'write' 'write_ln0' <Predicate = (icmp_ln545)> <Delay = 0.00>
ST_2 : Operation 68 [1/1] (0.48ns)   --->   "%ret_ln0 = ret"   --->   Operation 68 'ret' 'ret_ln0' <Predicate = (icmp_ln545)> <Delay = 0.48>

State 3 <SV = 2> <Delay = 3.17>
ST_3 : Operation 47 [1/1] (0.00ns)   --->   "%axi_data = load i48 %p_0_0_0_0179415_i" [c:/TFG_Vivado/vivado/axu2cga_trd.gen/sources_1/bd/design_1/ip/design_1_v_proc_ss_1_0/bd_0/ip/ip_0/src/hls/hls_axi_io.h:63->c:/TFG_Vivado/vivado/axu2cga_trd.gen/sources_1/bd/design_1/ip/design_1_v_proc_ss_1_0/bd_0/ip/ip_0/src/hls/hls_axi_io.h:85->C:/TFG_Vivado/vivado/axu2cga_trd.runs/bd_197a_csc_0_synth_1/prj/sol/.autopilot/db/v_csc.cpp:572->C:/TFG_Vivado/vivado/axu2cga_trd.runs/bd_197a_csc_0_synth_1/prj/sol/.autopilot/db/v_csc.cpp:446]   --->   Operation 47 'load' 'axi_data' <Predicate = (!icmp_ln545)> <Delay = 0.00>
ST_3 : Operation 48 [1/1] (0.00ns)   --->   "%eol_2 = load i1 %p_4_0_0_0187424_i"   --->   Operation 48 'load' 'eol_2' <Predicate = (!icmp_ln545)> <Delay = 0.00>
ST_3 : Operation 49 [1/1] (0.00ns)   --->   "%tmp_4 = partselect i8 @_ssdm_op_PartSelect.i8.i48.i32, i48 %axi_data, i32 16" [c:/TFG_Vivado/vivado/axu2cga_trd.gen/sources_1/bd/design_1/ip/design_1_v_proc_ss_1_0/bd_0/ip/ip_0/src/hls/hls_axi_io.h:63->c:/TFG_Vivado/vivado/axu2cga_trd.gen/sources_1/bd/design_1/ip/design_1_v_proc_ss_1_0/bd_0/ip/ip_0/src/hls/hls_axi_io.h:85->C:/TFG_Vivado/vivado/axu2cga_trd.runs/bd_197a_csc_0_synth_1/prj/sol/.autopilot/db/v_csc.cpp:571->C:/TFG_Vivado/vivado/axu2cga_trd.runs/bd_197a_csc_0_synth_1/prj/sol/.autopilot/db/v_csc.cpp:446]   --->   Operation 49 'partselect' 'tmp_4' <Predicate = (!icmp_ln545)> <Delay = 0.00>
ST_3 : Operation 50 [1/1] (0.00ns)   --->   "%trunc_ln63 = trunc i48 %axi_data" [c:/TFG_Vivado/vivado/axu2cga_trd.gen/sources_1/bd/design_1/ip/design_1_v_proc_ss_1_0/bd_0/ip/ip_0/src/hls/hls_axi_io.h:63->c:/TFG_Vivado/vivado/axu2cga_trd.gen/sources_1/bd/design_1/ip/design_1_v_proc_ss_1_0/bd_0/ip/ip_0/src/hls/hls_axi_io.h:85->C:/TFG_Vivado/vivado/axu2cga_trd.runs/bd_197a_csc_0_synth_1/prj/sol/.autopilot/db/v_csc.cpp:572->C:/TFG_Vivado/vivado/axu2cga_trd.runs/bd_197a_csc_0_synth_1/prj/sol/.autopilot/db/v_csc.cpp:446]   --->   Operation 50 'trunc' 'trunc_ln63' <Predicate = (!icmp_ln545)> <Delay = 0.00>
ST_3 : Operation 51 [1/1] (0.44ns)   --->   "%select_ln574 = select i1 %icmp_ln574, i8 %tmp_4, i8 %trunc_ln63" [C:/TFG_Vivado/vivado/axu2cga_trd.runs/bd_197a_csc_0_synth_1/prj/sol/.autopilot/db/v_csc.cpp:574->C:/TFG_Vivado/vivado/axu2cga_trd.runs/bd_197a_csc_0_synth_1/prj/sol/.autopilot/db/v_csc.cpp:446]   --->   Operation 51 'select' 'select_ln574' <Predicate = (!icmp_ln545)> <Delay = 0.44> <CoreInst = "Sel">   --->   Core 73 'Sel' <Latency = 0> <II = 1> <Delay = 0.44> <FuncUnit> <Opcode : 'select'> <InPorts = 3> <OutPorts = 1>
ST_3 : Operation 52 [1/1] (0.00ns)   --->   "%tmp_6 = partselect i8 @_ssdm_op_PartSelect.i8.i48.i32, i48 %axi_data, i32 8" [c:/TFG_Vivado/vivado/axu2cga_trd.gen/sources_1/bd/design_1/ip/design_1_v_proc_ss_1_0/bd_0/ip/ip_0/src/hls/hls_axi_io.h:63->c:/TFG_Vivado/vivado/axu2cga_trd.gen/sources_1/bd/design_1/ip/design_1_v_proc_ss_1_0/bd_0/ip/ip_0/src/hls/hls_axi_io.h:85->C:/TFG_Vivado/vivado/axu2cga_trd.runs/bd_197a_csc_0_synth_1/prj/sol/.autopilot/db/v_csc.cpp:572->C:/TFG_Vivado/vivado/axu2cga_trd.runs/bd_197a_csc_0_synth_1/prj/sol/.autopilot/db/v_csc.cpp:446]   --->   Operation 52 'partselect' 'tmp_6' <Predicate = (!icmp_ln545)> <Delay = 0.00>
ST_3 : Operation 53 [1/1] (0.44ns)   --->   "%select_ln574_1 = select i1 %icmp_ln574, i8 %trunc_ln63, i8 %tmp_6" [C:/TFG_Vivado/vivado/axu2cga_trd.runs/bd_197a_csc_0_synth_1/prj/sol/.autopilot/db/v_csc.cpp:574->C:/TFG_Vivado/vivado/axu2cga_trd.runs/bd_197a_csc_0_synth_1/prj/sol/.autopilot/db/v_csc.cpp:446]   --->   Operation 53 'select' 'select_ln574_1' <Predicate = (!icmp_ln545)> <Delay = 0.44> <CoreInst = "Sel">   --->   Core 73 'Sel' <Latency = 0> <II = 1> <Delay = 0.44> <FuncUnit> <Opcode : 'select'> <InPorts = 3> <OutPorts = 1>
ST_3 : Operation 54 [1/1] (0.44ns)   --->   "%select_ln574_2 = select i1 %icmp_ln574, i8 %tmp_6, i8 %tmp_4" [C:/TFG_Vivado/vivado/axu2cga_trd.runs/bd_197a_csc_0_synth_1/prj/sol/.autopilot/db/v_csc.cpp:574->C:/TFG_Vivado/vivado/axu2cga_trd.runs/bd_197a_csc_0_synth_1/prj/sol/.autopilot/db/v_csc.cpp:446]   --->   Operation 54 'select' 'select_ln574_2' <Predicate = (!icmp_ln545)> <Delay = 0.44> <CoreInst = "Sel">   --->   Core 73 'Sel' <Latency = 0> <II = 1> <Delay = 0.44> <FuncUnit> <Opcode : 'select'> <InPorts = 3> <OutPorts = 1>
ST_3 : Operation 55 [1/1] (0.00ns)   --->   "%tmp_7 = partselect i8 @_ssdm_op_PartSelect.i8.i48.i32, i48 %axi_data, i32 40" [c:/TFG_Vivado/vivado/axu2cga_trd.gen/sources_1/bd/design_1/ip/design_1_v_proc_ss_1_0/bd_0/ip/ip_0/src/hls/hls_axi_io.h:63->c:/TFG_Vivado/vivado/axu2cga_trd.gen/sources_1/bd/design_1/ip/design_1_v_proc_ss_1_0/bd_0/ip/ip_0/src/hls/hls_axi_io.h:85->C:/TFG_Vivado/vivado/axu2cga_trd.runs/bd_197a_csc_0_synth_1/prj/sol/.autopilot/db/v_csc.cpp:571->C:/TFG_Vivado/vivado/axu2cga_trd.runs/bd_197a_csc_0_synth_1/prj/sol/.autopilot/db/v_csc.cpp:446]   --->   Operation 55 'partselect' 'tmp_7' <Predicate = (!icmp_ln545)> <Delay = 0.00>
ST_3 : Operation 56 [1/1] (0.00ns)   --->   "%tmp_8 = partselect i8 @_ssdm_op_PartSelect.i8.i48.i32, i48 %axi_data, i32 24" [c:/TFG_Vivado/vivado/axu2cga_trd.gen/sources_1/bd/design_1/ip/design_1_v_proc_ss_1_0/bd_0/ip/ip_0/src/hls/hls_axi_io.h:63->c:/TFG_Vivado/vivado/axu2cga_trd.gen/sources_1/bd/design_1/ip/design_1_v_proc_ss_1_0/bd_0/ip/ip_0/src/hls/hls_axi_io.h:85->C:/TFG_Vivado/vivado/axu2cga_trd.runs/bd_197a_csc_0_synth_1/prj/sol/.autopilot/db/v_csc.cpp:572->C:/TFG_Vivado/vivado/axu2cga_trd.runs/bd_197a_csc_0_synth_1/prj/sol/.autopilot/db/v_csc.cpp:446]   --->   Operation 56 'partselect' 'tmp_8' <Predicate = (!icmp_ln545)> <Delay = 0.00>
ST_3 : Operation 57 [1/1] (0.48ns)   --->   "%tmp_9 = sparsemux i8 @_ssdm_op_SparseMux.ap_auto.2i8.i8.i8, i8 0, i8 %tmp_7, i8 1, i8 %tmp_8, i8 %tmp_4, i8 %InVideoFormat_load_read" [c:/TFG_Vivado/vivado/axu2cga_trd.gen/sources_1/bd/design_1/ip/design_1_v_proc_ss_1_0/bd_0/ip/ip_0/src/hls/hls_axi_io.h:63->c:/TFG_Vivado/vivado/axu2cga_trd.gen/sources_1/bd/design_1/ip/design_1_v_proc_ss_1_0/bd_0/ip/ip_0/src/hls/hls_axi_io.h:85->C:/TFG_Vivado/vivado/axu2cga_trd.runs/bd_197a_csc_0_synth_1/prj/sol/.autopilot/db/v_csc.cpp:571->C:/TFG_Vivado/vivado/axu2cga_trd.runs/bd_197a_csc_0_synth_1/prj/sol/.autopilot/db/v_csc.cpp:446]   --->   Operation 57 'sparsemux' 'tmp_9' <Predicate = (!icmp_ln545)> <Delay = 0.48> <CoreInst = "BinarySparseMux_HasDef">   --->   Core 150 'BinarySparseMux_HasDef' <Latency = 0> <II = 1> <Delay = 0.48> <FuncUnit> <Opcode : 'sparsemux'> <InPorts = 2> <OutPorts = 1>
ST_3 : Operation 58 [1/1] (0.00ns)   --->   "%tmp_s = partselect i8 @_ssdm_op_PartSelect.i8.i48.i32, i48 %axi_data, i32 32" [c:/TFG_Vivado/vivado/axu2cga_trd.gen/sources_1/bd/design_1/ip/design_1_v_proc_ss_1_0/bd_0/ip/ip_0/src/hls/hls_axi_io.h:63->c:/TFG_Vivado/vivado/axu2cga_trd.gen/sources_1/bd/design_1/ip/design_1_v_proc_ss_1_0/bd_0/ip/ip_0/src/hls/hls_axi_io.h:85->C:/TFG_Vivado/vivado/axu2cga_trd.runs/bd_197a_csc_0_synth_1/prj/sol/.autopilot/db/v_csc.cpp:572->C:/TFG_Vivado/vivado/axu2cga_trd.runs/bd_197a_csc_0_synth_1/prj/sol/.autopilot/db/v_csc.cpp:446]   --->   Operation 58 'partselect' 'tmp_s' <Predicate = (!icmp_ln545)> <Delay = 0.00>
ST_3 : Operation 59 [1/1] (0.90ns)   --->   "%icmp_ln574_1 = icmp_eq  i8 %InVideoFormat_load_read, i8 1" [C:/TFG_Vivado/vivado/axu2cga_trd.runs/bd_197a_csc_0_synth_1/prj/sol/.autopilot/db/v_csc.cpp:574->C:/TFG_Vivado/vivado/axu2cga_trd.runs/bd_197a_csc_0_synth_1/prj/sol/.autopilot/db/v_csc.cpp:446]   --->   Operation 59 'icmp' 'icmp_ln574_1' <Predicate = (!icmp_ln545)> <Delay = 0.90> <CoreInst = "Cmp">   --->   Core 9 'Cmp' <Latency = 0> <II = 1> <Delay = 0.90> <FuncUnit> <Opcode : 'seteq' 'setne' 'setle' 'setge' 'setlt' 'setgt'> <InPorts = 2> <OutPorts = 1>
ST_3 : Operation 60 [1/1] (0.44ns)   --->   "%empty = select i1 %icmp_ln574_1, i8 %tmp_s, i8 %tmp_8" [C:/TFG_Vivado/vivado/axu2cga_trd.runs/bd_197a_csc_0_synth_1/prj/sol/.autopilot/db/v_csc.cpp:574->C:/TFG_Vivado/vivado/axu2cga_trd.runs/bd_197a_csc_0_synth_1/prj/sol/.autopilot/db/v_csc.cpp:446]   --->   Operation 60 'select' 'empty' <Predicate = (!icmp_ln545)> <Delay = 0.44> <CoreInst = "Sel">   --->   Core 73 'Sel' <Latency = 0> <II = 1> <Delay = 0.44> <FuncUnit> <Opcode : 'select'> <InPorts = 3> <OutPorts = 1>
ST_3 : Operation 61 [1/1] (0.44ns)   --->   "%empty_142 = select i1 %icmp_ln574_1, i8 %tmp_7, i8 %tmp_s" [C:/TFG_Vivado/vivado/axu2cga_trd.runs/bd_197a_csc_0_synth_1/prj/sol/.autopilot/db/v_csc.cpp:574->C:/TFG_Vivado/vivado/axu2cga_trd.runs/bd_197a_csc_0_synth_1/prj/sol/.autopilot/db/v_csc.cpp:446]   --->   Operation 61 'select' 'empty_142' <Predicate = (!icmp_ln545)> <Delay = 0.44> <CoreInst = "Sel">   --->   Core 73 'Sel' <Latency = 0> <II = 1> <Delay = 0.44> <FuncUnit> <Opcode : 'select'> <InPorts = 3> <OutPorts = 1>
ST_3 : Operation 62 [1/1] (0.00ns)   --->   "%or_ln587_9 = bitconcatenate i48 @_ssdm_op_BitConcatenate.i48.i8.i8.i8.i8.i8.i8, i8 %empty_142, i8 %empty, i8 %tmp_9, i8 %select_ln574_2, i8 %select_ln574_1, i8 %select_ln574" [C:/TFG_Vivado/vivado/axu2cga_trd.runs/bd_197a_csc_0_synth_1/prj/sol/.autopilot/db/v_csc.cpp:587->C:/TFG_Vivado/vivado/axu2cga_trd.runs/bd_197a_csc_0_synth_1/prj/sol/.autopilot/db/v_csc.cpp:446]   --->   Operation 62 'bitconcatenate' 'or_ln587_9' <Predicate = (!icmp_ln545)> <Delay = 0.00>
ST_3 : Operation 63 [1/1] ( I:1.82ns O:1.82ns )   --->   "%write_ln587 = write void @_ssdm_op_Write.ap_fifo.volatile.i48P0A, i48 %stream_in, i48 %or_ln587_9" [C:/TFG_Vivado/vivado/axu2cga_trd.runs/bd_197a_csc_0_synth_1/prj/sol/.autopilot/db/v_csc.cpp:587->C:/TFG_Vivado/vivado/axu2cga_trd.runs/bd_197a_csc_0_synth_1/prj/sol/.autopilot/db/v_csc.cpp:446]   --->   Operation 63 'write' 'write_ln587' <Predicate = (!icmp_ln545)> <Delay = 1.82> <CoreInst = "FIFO_SRL">   --->   Core 80 'FIFO_SRL' <Latency = 0> <II = 1> <Delay = 2.25> <Storage> <Opcode : 'read' 'write' 'nbread' 'nbwrite'> <Ports = 0> <Width = 48> <Depth = 16> <FIFO>


============================================================
+ Verbose Summary: Binding
============================================================
STG Binding: 
---------------- STG Properties BEGIN ----------------
- Is combinational: 0
- Is one-state seq: 0
- Is datapath-only: 0
- Is pipelined: 0
- Is top level: 0
Port [ Return ] is wired: 1; IO mode=ap_ctrl_hs:ce=0
Port [ p_4_0_0_0187423_lcssa448_i]:  wired=1; compound=0; hidden=0; nouse=0; global=0; static=0; extern=0; dir=0; type=0; pingpong=0; private_global=0; IO mode=ap_none:ce=0
Port [ p_0_0_0_0179416_lcssa432_i]:  wired=1; compound=0; hidden=0; nouse=0; global=0; static=0; extern=0; dir=0; type=0; pingpong=0; private_global=0; IO mode=ap_none:ce=0
Port [ sof_3]:  wired=1; compound=0; hidden=0; nouse=0; global=0; static=0; extern=0; dir=0; type=0; pingpong=0; private_global=0; IO mode=ap_none:ce=0
Port [ InVideoFormat_load]:  wired=1; compound=0; hidden=0; nouse=0; global=0; static=0; extern=0; dir=0; type=0; pingpong=0; private_global=0; IO mode=ap_stable:ce=0
Port [ trunc_ln12]:  wired=1; compound=0; hidden=0; nouse=0; global=0; static=0; extern=0; dir=0; type=0; pingpong=0; private_global=0; IO mode=ap_none:ce=0
Port [ stream_in]:  wired=1; compound=1; hidden=0; nouse=0; global=0; static=0; extern=0; dir=1; type=3; pingpong=0; private_global=0; IO mode=ap_fifo:ce=0
Port [ s_axis_video_V_data_V]:  wired=1; compound=1; hidden=0; nouse=0; global=0; static=0; extern=0; dir=0; type=0; pingpong=0; private_global=0; IO mode=axis:ce=0
Port [ s_axis_video_V_keep_V]:  wired=1; compound=1; hidden=0; nouse=0; global=0; static=0; extern=0; dir=0; type=0; pingpong=0; private_global=0; IO mode=axis:ce=0
Port [ s_axis_video_V_strb_V]:  wired=1; compound=1; hidden=0; nouse=0; global=0; static=0; extern=0; dir=0; type=0; pingpong=0; private_global=0; IO mode=axis:ce=0
Port [ s_axis_video_V_user_V]:  wired=1; compound=1; hidden=0; nouse=0; global=0; static=0; extern=0; dir=0; type=0; pingpong=0; private_global=0; IO mode=axis:ce=0
Port [ s_axis_video_V_last_V]:  wired=1; compound=1; hidden=0; nouse=0; global=0; static=0; extern=0; dir=0; type=0; pingpong=0; private_global=0; IO mode=axis:ce=0
Port [ s_axis_video_V_id_V]:  wired=1; compound=1; hidden=0; nouse=0; global=0; static=0; extern=0; dir=0; type=0; pingpong=0; private_global=0; IO mode=axis:ce=0
Port [ s_axis_video_V_dest_V]:  wired=1; compound=1; hidden=0; nouse=0; global=0; static=0; extern=0; dir=0; type=0; pingpong=0; private_global=0; IO mode=axis:ce=0
Port [ p_4_0_0_0187424_i_out]:  wired=1; compound=0; hidden=0; nouse=0; global=0; static=0; extern=0; dir=1; type=0; pingpong=0; private_global=0; IO mode=ap_vld:ce=0
Port [ p_0_0_0_0179415_i_out]:  wired=1; compound=0; hidden=0; nouse=0; global=0; static=0; extern=0; dir=1; type=0; pingpong=0; private_global=0; IO mode=ap_vld:ce=0
---------------- STG Properties END ------------------

---------------- Datapath Model BEGIN ----------------

<LifeTime>
<method=bitvector/>
j                               (alloca             ) [ 0100]
p_0_0_0_0179415_i               (alloca             ) [ 0111]
p_4_0_0_0187424_i               (alloca             ) [ 0111]
specaxissidechannel_ln0         (specaxissidechannel) [ 0000]
specinterface_ln0               (specinterface      ) [ 0000]
specinterface_ln0               (specinterface      ) [ 0000]
specinterface_ln0               (specinterface      ) [ 0000]
specinterface_ln0               (specinterface      ) [ 0000]
specinterface_ln0               (specinterface      ) [ 0000]
specinterface_ln0               (specinterface      ) [ 0000]
specinterface_ln0               (specinterface      ) [ 0000]
specinterface_ln0               (specinterface      ) [ 0000]
trunc_ln12_read                 (read               ) [ 0000]
InVideoFormat_load_read         (read               ) [ 0111]
sof_3_read                      (read               ) [ 0110]
p_0_0_0_0179416_lcssa432_i_read (read               ) [ 0000]
p_4_0_0_0187423_lcssa448_i_read (read               ) [ 0000]
icmp_ln574                      (icmp               ) [ 0111]
store_ln0                       (store              ) [ 0000]
store_ln0                       (store              ) [ 0000]
store_ln545                     (store              ) [ 0000]
br_ln545                        (br                 ) [ 0110]
j_3                             (load               ) [ 0000]
icmp_ln545                      (icmp               ) [ 0111]
j_4                             (add                ) [ 0000]
br_ln545                        (br                 ) [ 0000]
store_ln545                     (store              ) [ 0000]
br_ln545                        (br                 ) [ 0110]
eol                             (phi                ) [ 0110]
sof                             (phi                ) [ 0110]
speclooptripcount_ln0           (speclooptripcount  ) [ 0000]
specpipeline_ln548              (specpipeline       ) [ 0000]
specloopname_ln545              (specloopname       ) [ 0000]
or_ln549                        (or                 ) [ 0110]
br_ln549                        (br                 ) [ 0000]
empty_143                       (read               ) [ 0000]
p_s                             (extractvalue       ) [ 0000]
eol_1                           (extractvalue       ) [ 0000]
store_ln556                     (store              ) [ 0000]
store_ln556                     (store              ) [ 0000]
br_ln0                          (br                 ) [ 0000]
axi_data                        (load               ) [ 0000]
eol_2                           (load               ) [ 0110]
tmp_4                           (partselect         ) [ 0000]
trunc_ln63                      (trunc              ) [ 0000]
select_ln574                    (select             ) [ 0000]
tmp_6                           (partselect         ) [ 0000]
select_ln574_1                  (select             ) [ 0000]
select_ln574_2                  (select             ) [ 0000]
tmp_7                           (partselect         ) [ 0000]
tmp_8                           (partselect         ) [ 0000]
tmp_9                           (sparsemux          ) [ 0000]
tmp_s                           (partselect         ) [ 0000]
icmp_ln574_1                    (icmp               ) [ 0000]
empty                           (select             ) [ 0000]
empty_142                       (select             ) [ 0000]
or_ln587_9                      (bitconcatenate     ) [ 0000]
write_ln587                     (write              ) [ 0000]
p_0_0_0_0179415_i_load          (load               ) [ 0000]
p_4_0_0_0187424_i_load          (load               ) [ 0000]
write_ln0                       (write              ) [ 0000]
write_ln0                       (write              ) [ 0000]
ret_ln0                         (ret                ) [ 0000]
</LifeTime>

<model>

<comp_list>
<comp id="0" class="1000" name="p_4_0_0_0187423_lcssa448_i">
<pin_list>
<pin id="1" dir="1" index="0" bw="1" slack="0"/>
</pin_list>
<bind>
<StgValue><ssdm name="p_4_0_0_0187423_lcssa448_i"/></StgValue>
</bind>
</comp>

<comp id="2" class="1000" name="p_0_0_0_0179416_lcssa432_i">
<pin_list>
<pin id="3" dir="1" index="0" bw="1" slack="0"/>
</pin_list>
<bind>
<StgValue><ssdm name="p_0_0_0_0179416_lcssa432_i"/></StgValue>
</bind>
</comp>

<comp id="4" class="1000" name="sof_3">
<pin_list>
<pin id="5" dir="1" index="0" bw="1" slack="0"/>
</pin_list>
<bind>
<StgValue><ssdm name="sof_3"/></StgValue>
</bind>
</comp>

<comp id="6" class="1000" name="InVideoFormat_load">
<pin_list>
<pin id="7" dir="1" index="0" bw="1" slack="0"/>
</pin_list>
<bind>
<StgValue><ssdm name="InVideoFormat_load"/></StgValue>
</bind>
</comp>

<comp id="8" class="1000" name="trunc_ln12">
<pin_list>
<pin id="9" dir="1" index="0" bw="1" slack="0"/>
</pin_list>
<bind>
<StgValue><ssdm name="trunc_ln12"/></StgValue>
</bind>
</comp>

<comp id="10" class="1000" name="stream_in">
<pin_list>
<pin id="11" dir="1" index="0" bw="1" slack="0"/>
</pin_list>
<bind>
<StgValue><ssdm name="stream_in"/></StgValue>
</bind>
</comp>

<comp id="12" class="1000" name="s_axis_video_V_data_V">
<pin_list>
<pin id="13" dir="1" index="0" bw="1" slack="0"/>
</pin_list>
<bind>
<StgValue><ssdm name="s_axis_video_V_data_V"/></StgValue>
</bind>
</comp>

<comp id="14" class="1000" name="s_axis_video_V_keep_V">
<pin_list>
<pin id="15" dir="1" index="0" bw="1" slack="0"/>
</pin_list>
<bind>
<StgValue><ssdm name="s_axis_video_V_keep_V"/></StgValue>
</bind>
</comp>

<comp id="16" class="1000" name="s_axis_video_V_strb_V">
<pin_list>
<pin id="17" dir="1" index="0" bw="1" slack="0"/>
</pin_list>
<bind>
<StgValue><ssdm name="s_axis_video_V_strb_V"/></StgValue>
</bind>
</comp>

<comp id="18" class="1000" name="s_axis_video_V_user_V">
<pin_list>
<pin id="19" dir="1" index="0" bw="1" slack="0"/>
</pin_list>
<bind>
<StgValue><ssdm name="s_axis_video_V_user_V"/></StgValue>
</bind>
</comp>

<comp id="20" class="1000" name="s_axis_video_V_last_V">
<pin_list>
<pin id="21" dir="1" index="0" bw="1" slack="0"/>
</pin_list>
<bind>
<StgValue><ssdm name="s_axis_video_V_last_V"/></StgValue>
</bind>
</comp>

<comp id="22" class="1000" name="s_axis_video_V_id_V">
<pin_list>
<pin id="23" dir="1" index="0" bw="1" slack="0"/>
</pin_list>
<bind>
<StgValue><ssdm name="s_axis_video_V_id_V"/></StgValue>
</bind>
</comp>

<comp id="24" class="1000" name="s_axis_video_V_dest_V">
<pin_list>
<pin id="25" dir="1" index="0" bw="1" slack="0"/>
</pin_list>
<bind>
<StgValue><ssdm name="s_axis_video_V_dest_V"/></StgValue>
</bind>
</comp>

<comp id="26" class="1000" name="p_4_0_0_0187424_i_out">
<pin_list>
<pin id="27" dir="1" index="0" bw="1" slack="0"/>
</pin_list>
<bind>
<StgValue><ssdm name="p_4_0_0_0187424_i_out"/></StgValue>
</bind>
</comp>

<comp id="28" class="1000" name="p_0_0_0_0179415_i_out">
<pin_list>
<pin id="29" dir="1" index="0" bw="1" slack="0"/>
</pin_list>
<bind>
<StgValue><ssdm name="p_0_0_0_0179415_i_out"/></StgValue>
</bind>
</comp>

<comp id="30" class="1001" name="const_30">
<pin_list>
<pin id="31" dir="1" index="0" bw="1" slack="0"/>
</pin_list>
<bind>
<StgValue><ssdm name=""/></StgValue>
</bind>
</comp>

<comp id="32" class="1001" name="const_32">
<pin_list>
<pin id="33" dir="1" index="0" bw="1" slack="2147483647"/>
</pin_list>
<bind>
<StgValue><ssdm name="_ssdm_op_SpecAXISSideChannel"/></StgValue>
</bind>
</comp>

<comp id="34" class="1001" name="const_34">
<pin_list>
<pin id="35" dir="1" index="0" bw="1" slack="2147483647"/>
</pin_list>
<bind>
<StgValue><ssdm name="empty_36"/></StgValue>
</bind>
</comp>

<comp id="36" class="1001" name="const_36">
<pin_list>
<pin id="37" dir="1" index="0" bw="1" slack="2147483647"/>
</pin_list>
<bind>
<StgValue><ssdm name="_ssdm_op_SpecInterface"/></StgValue>
</bind>
</comp>

<comp id="38" class="1001" name="const_38">
<pin_list>
<pin id="39" dir="1" index="0" bw="1" slack="2147483647"/>
</pin_list>
<bind>
<StgValue><ssdm name="empty_8"/></StgValue>
</bind>
</comp>

<comp id="40" class="1001" name="const_40">
<pin_list>
<pin id="41" dir="1" index="0" bw="1" slack="2147483647"/>
</pin_list>
<bind>
<StgValue><ssdm name=""/></StgValue>
</bind>
</comp>

<comp id="42" class="1001" name="const_42">
<pin_list>
<pin id="43" dir="1" index="0" bw="1" slack="2147483647"/>
</pin_list>
<bind>
<StgValue><ssdm name="empty_48"/></StgValue>
</bind>
</comp>

<comp id="44" class="1001" name="const_44">
<pin_list>
<pin id="45" dir="1" index="0" bw="1" slack="2147483647"/>
</pin_list>
<bind>
<StgValue><ssdm name="empty_49"/></StgValue>
</bind>
</comp>

<comp id="46" class="1001" name="const_46">
<pin_list>
<pin id="47" dir="1" index="0" bw="1" slack="2147483647"/>
</pin_list>
<bind>
<StgValue><ssdm name=""/></StgValue>
</bind>
</comp>

<comp id="48" class="1001" name="const_48">
<pin_list>
<pin id="49" dir="1" index="0" bw="1" slack="2147483647"/>
</pin_list>
<bind>
<StgValue><ssdm name="empty_34"/></StgValue>
</bind>
</comp>

<comp id="50" class="1001" name="const_50">
<pin_list>
<pin id="51" dir="1" index="0" bw="1" slack="0"/>
</pin_list>
<bind>
<StgValue><ssdm name="_ssdm_op_Read.ap_auto.i10"/></StgValue>
</bind>
</comp>

<comp id="52" class="1001" name="const_52">
<pin_list>
<pin id="53" dir="1" index="0" bw="1" slack="0"/>
</pin_list>
<bind>
<StgValue><ssdm name="_ssdm_op_Read.ap_auto.i8"/></StgValue>
</bind>
</comp>

<comp id="54" class="1001" name="const_54">
<pin_list>
<pin id="55" dir="1" index="0" bw="1" slack="0"/>
</pin_list>
<bind>
<StgValue><ssdm name="_ssdm_op_Read.ap_auto.i1"/></StgValue>
</bind>
</comp>

<comp id="56" class="1001" name="const_56">
<pin_list>
<pin id="57" dir="1" index="0" bw="1" slack="0"/>
</pin_list>
<bind>
<StgValue><ssdm name="_ssdm_op_Read.ap_auto.i48"/></StgValue>
</bind>
</comp>

<comp id="58" class="1001" name="const_58">
<pin_list>
<pin id="59" dir="1" index="0" bw="1" slack="0"/>
</pin_list>
<bind>
<StgValue><ssdm name=""/></StgValue>
</bind>
</comp>

<comp id="60" class="1001" name="const_60">
<pin_list>
<pin id="61" dir="1" index="0" bw="1" slack="0"/>
</pin_list>
<bind>
<StgValue><ssdm name=""/></StgValue>
</bind>
</comp>

<comp id="62" class="1001" name="const_62">
<pin_list>
<pin id="63" dir="1" index="0" bw="1" slack="0"/>
</pin_list>
<bind>
<StgValue><ssdm name=""/></StgValue>
</bind>
</comp>

<comp id="64" class="1001" name="const_64">
<pin_list>
<pin id="65" dir="1" index="0" bw="1" slack="1"/>
</pin_list>
<bind>
<StgValue><ssdm name=""/></StgValue>
</bind>
</comp>

<comp id="66" class="1001" name="const_66">
<pin_list>
<pin id="67" dir="1" index="0" bw="1" slack="2147483647"/>
</pin_list>
<bind>
<StgValue><ssdm name="_ssdm_op_SpecLoopTripCount"/></StgValue>
</bind>
</comp>

<comp id="68" class="1001" name="const_68">
<pin_list>
<pin id="69" dir="1" index="0" bw="1" slack="2147483647"/>
</pin_list>
<bind>
<StgValue><ssdm name=""/></StgValue>
</bind>
</comp>

<comp id="70" class="1001" name="const_70">
<pin_list>
<pin id="71" dir="1" index="0" bw="1" slack="2147483647"/>
</pin_list>
<bind>
<StgValue><ssdm name=""/></StgValue>
</bind>
</comp>

<comp id="72" class="1001" name="const_72">
<pin_list>
<pin id="73" dir="1" index="0" bw="1" slack="2147483647"/>
</pin_list>
<bind>
<StgValue><ssdm name=""/></StgValue>
</bind>
</comp>

<comp id="74" class="1001" name="const_74">
<pin_list>
<pin id="75" dir="1" index="0" bw="1" slack="2147483647"/>
</pin_list>
<bind>
<StgValue><ssdm name="_ssdm_op_SpecPipeline"/></StgValue>
</bind>
</comp>

<comp id="76" class="1001" name="const_76">
<pin_list>
<pin id="77" dir="1" index="0" bw="1" slack="2147483647"/>
</pin_list>
<bind>
<StgValue><ssdm name="_ssdm_op_SpecLoopName"/></StgValue>
</bind>
</comp>

<comp id="78" class="1001" name="const_78">
<pin_list>
<pin id="79" dir="1" index="0" bw="1" slack="2147483647"/>
</pin_list>
<bind>
<StgValue><ssdm name="empty_38"/></StgValue>
</bind>
</comp>

<comp id="80" class="1001" name="const_80">
<pin_list>
<pin id="81" dir="1" index="0" bw="1" slack="0"/>
</pin_list>
<bind>
<StgValue><ssdm name="_ssdm_op_Read.axis.volatile.i48P0A.i6P0A.i6P0A.i1P0A.i1P0A.i1P0A.i1P0A"/></StgValue>
</bind>
</comp>

<comp id="82" class="1001" name="const_82">
<pin_list>
<pin id="83" dir="1" index="0" bw="1" slack="0"/>
</pin_list>
<bind>
<StgValue><ssdm name="_ssdm_op_PartSelect.i8.i48.i32"/></StgValue>
</bind>
</comp>

<comp id="84" class="1001" name="const_84">
<pin_list>
<pin id="85" dir="1" index="0" bw="1" slack="0"/>
</pin_list>
<bind>
<StgValue><ssdm name=""/></StgValue>
</bind>
</comp>

<comp id="86" class="1001" name="const_86">
<pin_list>
<pin id="87" dir="1" index="0" bw="1" slack="0"/>
</pin_list>
<bind>
<StgValue><ssdm name=""/></StgValue>
</bind>
</comp>

<comp id="88" class="1001" name="const_88">
<pin_list>
<pin id="89" dir="1" index="0" bw="1" slack="0"/>
</pin_list>
<bind>
<StgValue><ssdm name=""/></StgValue>
</bind>
</comp>

<comp id="90" class="1001" name="const_90">
<pin_list>
<pin id="91" dir="1" index="0" bw="1" slack="0"/>
</pin_list>
<bind>
<StgValue><ssdm name=""/></StgValue>
</bind>
</comp>

<comp id="92" class="1001" name="const_92">
<pin_list>
<pin id="93" dir="1" index="0" bw="1" slack="0"/>
</pin_list>
<bind>
<StgValue><ssdm name="_ssdm_op_SparseMux.ap_auto.2i8.i8.i8"/></StgValue>
</bind>
</comp>

<comp id="94" class="1001" name="const_94">
<pin_list>
<pin id="95" dir="1" index="0" bw="1" slack="0"/>
</pin_list>
<bind>
<StgValue><ssdm name=""/></StgValue>
</bind>
</comp>

<comp id="96" class="1001" name="const_96">
<pin_list>
<pin id="97" dir="1" index="0" bw="1" slack="0"/>
</pin_list>
<bind>
<StgValue><ssdm name=""/></StgValue>
</bind>
</comp>

<comp id="98" class="1001" name="const_98">
<pin_list>
<pin id="99" dir="1" index="0" bw="1" slack="0"/>
</pin_list>
<bind>
<StgValue><ssdm name="_ssdm_op_BitConcatenate.i48.i8.i8.i8.i8.i8.i8"/></StgValue>
</bind>
</comp>

<comp id="100" class="1001" name="const_100">
<pin_list>
<pin id="101" dir="1" index="0" bw="1" slack="0"/>
</pin_list>
<bind>
<StgValue><ssdm name="_ssdm_op_Write.ap_fifo.volatile.i48P0A"/></StgValue>
</bind>
</comp>

<comp id="102" class="1001" name="const_102">
<pin_list>
<pin id="103" dir="1" index="0" bw="1" slack="0"/>
</pin_list>
<bind>
<StgValue><ssdm name="_ssdm_op_Write.ap_auto.i1P0A"/></StgValue>
</bind>
</comp>

<comp id="104" class="1001" name="const_104">
<pin_list>
<pin id="105" dir="1" index="0" bw="1" slack="0"/>
</pin_list>
<bind>
<StgValue><ssdm name="_ssdm_op_Write.ap_auto.i48P0A"/></StgValue>
</bind>
</comp>

<comp id="106" class="1004" name="j_fu_106">
<pin_list>
<pin id="107" dir="0" index="0" bw="1" slack="0"/>
<pin id="108" dir="1" index="1" bw="10" slack="0"/>
</pin_list>
<bind>
<opcode="alloca(26) " fcode="alloca"/>
<opset="j/1 "/>
</bind>
</comp>

<comp id="110" class="1004" name="p_0_0_0_0179415_i_fu_110">
<pin_list>
<pin id="111" dir="0" index="0" bw="1" slack="0"/>
<pin id="112" dir="1" index="1" bw="48" slack="0"/>
</pin_list>
<bind>
<opcode="alloca(26) " fcode="alloca"/>
<opset="p_0_0_0_0179415_i/1 "/>
</bind>
</comp>

<comp id="114" class="1004" name="p_4_0_0_0187424_i_fu_114">
<pin_list>
<pin id="115" dir="0" index="0" bw="1" slack="0"/>
<pin id="116" dir="1" index="1" bw="1" slack="0"/>
</pin_list>
<bind>
<opcode="alloca(26) " fcode="alloca"/>
<opset="p_4_0_0_0187424_i/1 "/>
</bind>
</comp>

<comp id="118" class="1004" name="trunc_ln12_read_read_fu_118">
<pin_list>
<pin id="119" dir="0" index="0" bw="10" slack="0"/>
<pin id="120" dir="0" index="1" bw="10" slack="0"/>
<pin id="121" dir="1" index="2" bw="10" slack="0"/>
</pin_list>
<bind>
<opcode="read(1150) " fcode="read"/>
<opset="trunc_ln12_read/1 "/>
</bind>
</comp>

<comp id="124" class="1004" name="InVideoFormat_load_read_read_fu_124">
<pin_list>
<pin id="125" dir="0" index="0" bw="8" slack="0"/>
<pin id="126" dir="0" index="1" bw="8" slack="0"/>
<pin id="127" dir="1" index="2" bw="8" slack="0"/>
</pin_list>
<bind>
<opcode="read(1150) " fcode="read"/>
<opset="InVideoFormat_load_read/1 "/>
</bind>
</comp>

<comp id="130" class="1004" name="sof_3_read_read_fu_130">
<pin_list>
<pin id="131" dir="0" index="0" bw="1" slack="0"/>
<pin id="132" dir="0" index="1" bw="1" slack="0"/>
<pin id="133" dir="1" index="2" bw="1" slack="1"/>
</pin_list>
<bind>
<opcode="read(1150) " fcode="read"/>
<opset="sof_3_read/1 "/>
</bind>
</comp>

<comp id="136" class="1004" name="p_0_0_0_0179416_lcssa432_i_read_read_fu_136">
<pin_list>
<pin id="137" dir="0" index="0" bw="48" slack="0"/>
<pin id="138" dir="0" index="1" bw="48" slack="0"/>
<pin id="139" dir="1" index="2" bw="48" slack="0"/>
</pin_list>
<bind>
<opcode="read(1150) " fcode="read"/>
<opset="p_0_0_0_0179416_lcssa432_i_read/1 "/>
</bind>
</comp>

<comp id="142" class="1004" name="p_4_0_0_0187423_lcssa448_i_read_read_fu_142">
<pin_list>
<pin id="143" dir="0" index="0" bw="1" slack="0"/>
<pin id="144" dir="0" index="1" bw="1" slack="0"/>
<pin id="145" dir="1" index="2" bw="1" slack="0"/>
</pin_list>
<bind>
<opcode="read(1150) " fcode="read"/>
<opset="p_4_0_0_0187423_lcssa448_i_read/1 "/>
</bind>
</comp>

<comp id="148" class="1004" name="empty_143_read_fu_148">
<pin_list>
<pin id="149" dir="0" index="0" bw="64" slack="0"/>
<pin id="150" dir="0" index="1" bw="48" slack="0"/>
<pin id="151" dir="0" index="2" bw="6" slack="0"/>
<pin id="152" dir="0" index="3" bw="6" slack="0"/>
<pin id="153" dir="0" index="4" bw="1" slack="0"/>
<pin id="154" dir="0" index="5" bw="1" slack="0"/>
<pin id="155" dir="0" index="6" bw="1" slack="0"/>
<pin id="156" dir="0" index="7" bw="1" slack="0"/>
<pin id="157" dir="1" index="8" bw="64" slack="0"/>
</pin_list>
<bind>
<opcode="read(1150) " fcode="read"/>
<opset="empty_143/2 "/>
</bind>
</comp>

<comp id="166" class="1004" name="write_ln587_write_fu_166">
<pin_list>
<pin id="167" dir="0" index="0" bw="0" slack="0"/>
<pin id="168" dir="0" index="1" bw="48" slack="0"/>
<pin id="169" dir="0" index="2" bw="48" slack="0"/>
<pin id="170" dir="1" index="3" bw="0" slack="2147483647"/>
</pin_list>
<bind>
<opcode="write(1151) " fcode="write"/>
<opset="write_ln587/3 "/>
</bind>
</comp>

<comp id="173" class="1004" name="write_ln0_write_fu_173">
<pin_list>
<pin id="174" dir="0" index="0" bw="0" slack="0"/>
<pin id="175" dir="0" index="1" bw="1" slack="0"/>
<pin id="176" dir="0" index="2" bw="1" slack="0"/>
<pin id="177" dir="1" index="3" bw="0" slack="2147483647"/>
</pin_list>
<bind>
<opcode="write(1151) " fcode="write"/>
<opset="write_ln0/2 "/>
</bind>
</comp>

<comp id="180" class="1004" name="write_ln0_write_fu_180">
<pin_list>
<pin id="181" dir="0" index="0" bw="0" slack="0"/>
<pin id="182" dir="0" index="1" bw="48" slack="0"/>
<pin id="183" dir="0" index="2" bw="48" slack="0"/>
<pin id="184" dir="1" index="3" bw="0" slack="2147483647"/>
</pin_list>
<bind>
<opcode="write(1151) " fcode="write"/>
<opset="write_ln0/2 "/>
</bind>
</comp>

<comp id="187" class="1005" name="eol_reg_187">
<pin_list>
<pin id="188" dir="0" index="0" bw="1" slack="1"/>
<pin id="189" dir="1" index="1" bw="1" slack="1"/>
</pin_list>
<bind>
<opset="eol (phireg) "/>
</bind>
</comp>

<comp id="191" class="1004" name="eol_phi_fu_191">
<pin_list>
<pin id="192" dir="0" index="0" bw="1" slack="1"/>
<pin id="193" dir="0" index="1" bw="0" slack="2147483647"/>
<pin id="194" dir="0" index="2" bw="1" slack="1"/>
<pin id="195" dir="0" index="3" bw="0" slack="2147483647"/>
<pin id="196" dir="1" index="4" bw="1" slack="0"/>
</pin_list>
<bind>
<opcode="phi(47) " fcode="phi"/>
<opset="eol/2 "/>
</bind>
</comp>

<comp id="198" class="1005" name="sof_reg_198">
<pin_list>
<pin id="199" dir="0" index="0" bw="1" slack="1"/>
<pin id="200" dir="1" index="1" bw="1" slack="1"/>
</pin_list>
<bind>
<opset="sof (phireg) "/>
</bind>
</comp>

<comp id="202" class="1004" name="sof_phi_fu_202">
<pin_list>
<pin id="203" dir="0" index="0" bw="1" slack="1"/>
<pin id="204" dir="0" index="1" bw="0" slack="2147483647"/>
<pin id="205" dir="0" index="2" bw="1" slack="1"/>
<pin id="206" dir="0" index="3" bw="0" slack="2147483647"/>
<pin id="207" dir="1" index="4" bw="1" slack="0"/>
</pin_list>
<bind>
<opcode="phi(47) " fcode="phi"/>
<opset="sof/2 "/>
</bind>
</comp>

<comp id="209" class="1004" name="icmp_ln574_fu_209">
<pin_list>
<pin id="210" dir="0" index="0" bw="8" slack="0"/>
<pin id="211" dir="0" index="1" bw="1" slack="0"/>
<pin id="212" dir="1" index="2" bw="1" slack="2"/>
</pin_list>
<bind>
<opcode="icmp(45) " fcode="icmp"/>
<opset="icmp_ln574/1 "/>
</bind>
</comp>

<comp id="215" class="1004" name="store_ln0_store_fu_215">
<pin_list>
<pin id="216" dir="0" index="0" bw="1" slack="0"/>
<pin id="217" dir="0" index="1" bw="1" slack="0"/>
<pin id="218" dir="1" index="2" bw="0" slack="2147483647"/>
</pin_list>
<bind>
<opcode="store(28) " fcode="store"/>
<opset="store_ln0/1 "/>
</bind>
</comp>

<comp id="220" class="1004" name="store_ln0_store_fu_220">
<pin_list>
<pin id="221" dir="0" index="0" bw="48" slack="0"/>
<pin id="222" dir="0" index="1" bw="48" slack="0"/>
<pin id="223" dir="1" index="2" bw="0" slack="2147483647"/>
</pin_list>
<bind>
<opcode="store(28) " fcode="store"/>
<opset="store_ln0/1 "/>
</bind>
</comp>

<comp id="225" class="1004" name="store_ln545_store_fu_225">
<pin_list>
<pin id="226" dir="0" index="0" bw="1" slack="0"/>
<pin id="227" dir="0" index="1" bw="10" slack="0"/>
<pin id="228" dir="1" index="2" bw="0" slack="2147483647"/>
</pin_list>
<bind>
<opcode="store(28) " fcode="store"/>
<opset="store_ln545/1 "/>
</bind>
</comp>

<comp id="230" class="1004" name="j_3_load_fu_230">
<pin_list>
<pin id="231" dir="0" index="0" bw="10" slack="0"/>
<pin id="232" dir="1" index="1" bw="10" slack="0"/>
</pin_list>
<bind>
<opcode="load(27) " fcode="load"/>
<opset="j_3/1 "/>
</bind>
</comp>

<comp id="233" class="1004" name="icmp_ln545_fu_233">
<pin_list>
<pin id="234" dir="0" index="0" bw="10" slack="0"/>
<pin id="235" dir="0" index="1" bw="10" slack="0"/>
<pin id="236" dir="1" index="2" bw="1" slack="1"/>
</pin_list>
<bind>
<opcode="icmp(45) " fcode="icmp"/>
<opset="icmp_ln545/1 "/>
</bind>
</comp>

<comp id="239" class="1004" name="j_4_fu_239">
<pin_list>
<pin id="240" dir="0" index="0" bw="10" slack="0"/>
<pin id="241" dir="0" index="1" bw="1" slack="0"/>
<pin id="242" dir="1" index="2" bw="10" slack="0"/>
</pin_list>
<bind>
<opcode="add(8) " fcode="add"/>
<opset="j_4/1 "/>
</bind>
</comp>

<comp id="245" class="1004" name="store_ln545_store_fu_245">
<pin_list>
<pin id="246" dir="0" index="0" bw="10" slack="0"/>
<pin id="247" dir="0" index="1" bw="10" slack="0"/>
<pin id="248" dir="1" index="2" bw="0" slack="2147483647"/>
</pin_list>
<bind>
<opcode="store(28) " fcode="store"/>
<opset="store_ln545/1 "/>
</bind>
</comp>

<comp id="250" class="1004" name="or_ln549_fu_250">
<pin_list>
<pin id="251" dir="0" index="0" bw="1" slack="0"/>
<pin id="252" dir="0" index="1" bw="1" slack="0"/>
<pin id="253" dir="1" index="2" bw="1" slack="2147483647"/>
</pin_list>
<bind>
<opcode="or(24) " fcode="or"/>
<opset="or_ln549/2 "/>
</bind>
</comp>

<comp id="256" class="1004" name="p_s_fu_256">
<pin_list>
<pin id="257" dir="0" index="0" bw="64" slack="0"/>
<pin id="258" dir="1" index="1" bw="48" slack="0"/>
</pin_list>
<bind>
<opcode="extractvalue(56) " fcode="extractvalue"/>
<opset="p_s/2 "/>
</bind>
</comp>

<comp id="260" class="1004" name="eol_1_fu_260">
<pin_list>
<pin id="261" dir="0" index="0" bw="64" slack="0"/>
<pin id="262" dir="1" index="1" bw="1" slack="0"/>
</pin_list>
<bind>
<opcode="extractvalue(56) " fcode="extractvalue"/>
<opset="eol_1/2 "/>
</bind>
</comp>

<comp id="264" class="1004" name="store_ln556_store_fu_264">
<pin_list>
<pin id="265" dir="0" index="0" bw="1" slack="0"/>
<pin id="266" dir="0" index="1" bw="1" slack="1"/>
<pin id="267" dir="1" index="2" bw="0" slack="2147483647"/>
</pin_list>
<bind>
<opcode="store(28) " fcode="store"/>
<opset="store_ln556/2 "/>
</bind>
</comp>

<comp id="269" class="1004" name="store_ln556_store_fu_269">
<pin_list>
<pin id="270" dir="0" index="0" bw="48" slack="0"/>
<pin id="271" dir="0" index="1" bw="48" slack="1"/>
<pin id="272" dir="1" index="2" bw="0" slack="2147483647"/>
</pin_list>
<bind>
<opcode="store(28) " fcode="store"/>
<opset="store_ln556/2 "/>
</bind>
</comp>

<comp id="274" class="1004" name="axi_data_load_fu_274">
<pin_list>
<pin id="275" dir="0" index="0" bw="48" slack="2"/>
<pin id="276" dir="1" index="1" bw="48" slack="0"/>
</pin_list>
<bind>
<opcode="load(27) " fcode="load"/>
<opset="axi_data/3 "/>
</bind>
</comp>

<comp id="277" class="1004" name="eol_2_load_fu_277">
<pin_list>
<pin id="278" dir="0" index="0" bw="1" slack="2"/>
<pin id="279" dir="1" index="1" bw="1" slack="1"/>
</pin_list>
<bind>
<opcode="load(27) " fcode="load"/>
<opset="eol_2/3 "/>
</bind>
</comp>

<comp id="280" class="1004" name="tmp_4_fu_280">
<pin_list>
<pin id="281" dir="0" index="0" bw="8" slack="0"/>
<pin id="282" dir="0" index="1" bw="48" slack="0"/>
<pin id="283" dir="0" index="2" bw="6" slack="0"/>
<pin id="284" dir="1" index="3" bw="8" slack="0"/>
</pin_list>
<bind>
<opcode="partselect(1002) " fcode="partselect"/>
<opset="tmp_4/3 "/>
</bind>
</comp>

<comp id="288" class="1004" name="trunc_ln63_fu_288">
<pin_list>
<pin id="289" dir="0" index="0" bw="48" slack="0"/>
<pin id="290" dir="1" index="1" bw="8" slack="0"/>
</pin_list>
<bind>
<opcode="trunc(33) " fcode="trunc"/>
<opset="trunc_ln63/3 "/>
</bind>
</comp>

<comp id="292" class="1004" name="select_ln574_fu_292">
<pin_list>
<pin id="293" dir="0" index="0" bw="1" slack="2"/>
<pin id="294" dir="0" index="1" bw="8" slack="0"/>
<pin id="295" dir="0" index="2" bw="8" slack="0"/>
<pin id="296" dir="1" index="3" bw="8" slack="0"/>
</pin_list>
<bind>
<opcode="select(49) " fcode="select"/>
<opset="select_ln574/3 "/>
</bind>
</comp>

<comp id="299" class="1004" name="tmp_6_fu_299">
<pin_list>
<pin id="300" dir="0" index="0" bw="8" slack="0"/>
<pin id="301" dir="0" index="1" bw="48" slack="0"/>
<pin id="302" dir="0" index="2" bw="5" slack="0"/>
<pin id="303" dir="1" index="3" bw="8" slack="0"/>
</pin_list>
<bind>
<opcode="partselect(1002) " fcode="partselect"/>
<opset="tmp_6/3 "/>
</bind>
</comp>

<comp id="307" class="1004" name="select_ln574_1_fu_307">
<pin_list>
<pin id="308" dir="0" index="0" bw="1" slack="2"/>
<pin id="309" dir="0" index="1" bw="8" slack="0"/>
<pin id="310" dir="0" index="2" bw="8" slack="0"/>
<pin id="311" dir="1" index="3" bw="8" slack="0"/>
</pin_list>
<bind>
<opcode="select(49) " fcode="select"/>
<opset="select_ln574_1/3 "/>
</bind>
</comp>

<comp id="314" class="1004" name="select_ln574_2_fu_314">
<pin_list>
<pin id="315" dir="0" index="0" bw="1" slack="2"/>
<pin id="316" dir="0" index="1" bw="8" slack="0"/>
<pin id="317" dir="0" index="2" bw="8" slack="0"/>
<pin id="318" dir="1" index="3" bw="8" slack="0"/>
</pin_list>
<bind>
<opcode="select(49) " fcode="select"/>
<opset="select_ln574_2/3 "/>
</bind>
</comp>

<comp id="321" class="1004" name="tmp_7_fu_321">
<pin_list>
<pin id="322" dir="0" index="0" bw="8" slack="0"/>
<pin id="323" dir="0" index="1" bw="48" slack="0"/>
<pin id="324" dir="0" index="2" bw="7" slack="0"/>
<pin id="325" dir="1" index="3" bw="8" slack="0"/>
</pin_list>
<bind>
<opcode="partselect(1002) " fcode="partselect"/>
<opset="tmp_7/3 "/>
</bind>
</comp>

<comp id="329" class="1004" name="tmp_8_fu_329">
<pin_list>
<pin id="330" dir="0" index="0" bw="8" slack="0"/>
<pin id="331" dir="0" index="1" bw="48" slack="0"/>
<pin id="332" dir="0" index="2" bw="6" slack="0"/>
<pin id="333" dir="1" index="3" bw="8" slack="0"/>
</pin_list>
<bind>
<opcode="partselect(1002) " fcode="partselect"/>
<opset="tmp_8/3 "/>
</bind>
</comp>

<comp id="337" class="1004" name="tmp_9_fu_337">
<pin_list>
<pin id="338" dir="0" index="0" bw="8" slack="0"/>
<pin id="339" dir="0" index="1" bw="8" slack="0"/>
<pin id="340" dir="0" index="2" bw="8" slack="0"/>
<pin id="341" dir="0" index="3" bw="8" slack="0"/>
<pin id="342" dir="0" index="4" bw="8" slack="0"/>
<pin id="343" dir="0" index="5" bw="8" slack="0"/>
<pin id="344" dir="0" index="6" bw="8" slack="2"/>
<pin id="345" dir="1" index="7" bw="8" slack="0"/>
</pin_list>
<bind>
<opcode="sparsemux(1197) " fcode="sparsemux"/>
<opset="tmp_9/3 "/>
</bind>
</comp>

<comp id="352" class="1004" name="tmp_s_fu_352">
<pin_list>
<pin id="353" dir="0" index="0" bw="8" slack="0"/>
<pin id="354" dir="0" index="1" bw="48" slack="0"/>
<pin id="355" dir="0" index="2" bw="7" slack="0"/>
<pin id="356" dir="1" index="3" bw="8" slack="0"/>
</pin_list>
<bind>
<opcode="partselect(1002) " fcode="partselect"/>
<opset="tmp_s/3 "/>
</bind>
</comp>

<comp id="360" class="1004" name="icmp_ln574_1_fu_360">
<pin_list>
<pin id="361" dir="0" index="0" bw="8" slack="2"/>
<pin id="362" dir="0" index="1" bw="1" slack="0"/>
<pin id="363" dir="1" index="2" bw="1" slack="0"/>
</pin_list>
<bind>
<opcode="icmp(45) " fcode="icmp"/>
<opset="icmp_ln574_1/3 "/>
</bind>
</comp>

<comp id="365" class="1004" name="empty_fu_365">
<pin_list>
<pin id="366" dir="0" index="0" bw="1" slack="0"/>
<pin id="367" dir="0" index="1" bw="8" slack="0"/>
<pin id="368" dir="0" index="2" bw="8" slack="0"/>
<pin id="369" dir="1" index="3" bw="8" slack="0"/>
</pin_list>
<bind>
<opcode="select(49) " fcode="select"/>
<opset="empty/3 "/>
</bind>
</comp>

<comp id="373" class="1004" name="empty_142_fu_373">
<pin_list>
<pin id="374" dir="0" index="0" bw="1" slack="0"/>
<pin id="375" dir="0" index="1" bw="8" slack="0"/>
<pin id="376" dir="0" index="2" bw="8" slack="0"/>
<pin id="377" dir="1" index="3" bw="8" slack="0"/>
</pin_list>
<bind>
<opcode="select(49) " fcode="select"/>
<opset="empty_142/3 "/>
</bind>
</comp>

<comp id="381" class="1004" name="or_ln587_9_fu_381">
<pin_list>
<pin id="382" dir="0" index="0" bw="48" slack="0"/>
<pin id="383" dir="0" index="1" bw="8" slack="0"/>
<pin id="384" dir="0" index="2" bw="8" slack="0"/>
<pin id="385" dir="0" index="3" bw="8" slack="0"/>
<pin id="386" dir="0" index="4" bw="8" slack="0"/>
<pin id="387" dir="0" index="5" bw="8" slack="0"/>
<pin id="388" dir="0" index="6" bw="8" slack="0"/>
<pin id="389" dir="1" index="7" bw="48" slack="0"/>
</pin_list>
<bind>
<opcode="bitconcatenate(1004) " fcode="bitconcatenate"/>
<opset="or_ln587_9/3 "/>
</bind>
</comp>

<comp id="398" class="1004" name="p_0_0_0_0179415_i_load_load_fu_398">
<pin_list>
<pin id="399" dir="0" index="0" bw="48" slack="1"/>
<pin id="400" dir="1" index="1" bw="48" slack="0"/>
</pin_list>
<bind>
<opcode="load(27) " fcode="load"/>
<opset="p_0_0_0_0179415_i_load/2 "/>
</bind>
</comp>

<comp id="402" class="1004" name="p_4_0_0_0187424_i_load_load_fu_402">
<pin_list>
<pin id="403" dir="0" index="0" bw="1" slack="1"/>
<pin id="404" dir="1" index="1" bw="1" slack="0"/>
</pin_list>
<bind>
<opcode="load(27) " fcode="load"/>
<opset="p_4_0_0_0187424_i_load/2 "/>
</bind>
</comp>

<comp id="406" class="1005" name="j_reg_406">
<pin_list>
<pin id="407" dir="0" index="0" bw="10" slack="0"/>
<pin id="408" dir="1" index="1" bw="10" slack="0"/>
</pin_list>
<bind>
<opset="j "/>
</bind>
</comp>

<comp id="413" class="1005" name="p_0_0_0_0179415_i_reg_413">
<pin_list>
<pin id="414" dir="0" index="0" bw="48" slack="0"/>
<pin id="415" dir="1" index="1" bw="48" slack="0"/>
</pin_list>
<bind>
<opset="p_0_0_0_0179415_i "/>
</bind>
</comp>

<comp id="421" class="1005" name="p_4_0_0_0187424_i_reg_421">
<pin_list>
<pin id="422" dir="0" index="0" bw="1" slack="0"/>
<pin id="423" dir="1" index="1" bw="1" slack="0"/>
</pin_list>
<bind>
<opset="p_4_0_0_0187424_i "/>
</bind>
</comp>

<comp id="429" class="1005" name="InVideoFormat_load_read_reg_429">
<pin_list>
<pin id="430" dir="0" index="0" bw="8" slack="2"/>
<pin id="431" dir="1" index="1" bw="8" slack="2"/>
</pin_list>
<bind>
<opset="InVideoFormat_load_read "/>
</bind>
</comp>

<comp id="435" class="1005" name="sof_3_read_reg_435">
<pin_list>
<pin id="436" dir="0" index="0" bw="1" slack="1"/>
<pin id="437" dir="1" index="1" bw="1" slack="1"/>
</pin_list>
<bind>
<opset="sof_3_read "/>
</bind>
</comp>

<comp id="440" class="1005" name="icmp_ln574_reg_440">
<pin_list>
<pin id="441" dir="0" index="0" bw="1" slack="2"/>
<pin id="442" dir="1" index="1" bw="1" slack="2"/>
</pin_list>
<bind>
<opset="icmp_ln574 "/>
</bind>
</comp>

<comp id="447" class="1005" name="icmp_ln545_reg_447">
<pin_list>
<pin id="448" dir="0" index="0" bw="1" slack="1"/>
<pin id="449" dir="1" index="1" bw="1" slack="2147483647"/>
</pin_list>
<bind>
<opset="icmp_ln545 "/>
</bind>
</comp>

<comp id="454" class="1005" name="eol_2_reg_454">
<pin_list>
<pin id="455" dir="0" index="0" bw="1" slack="1"/>
<pin id="456" dir="1" index="1" bw="1" slack="1"/>
</pin_list>
<bind>
<opset="eol_2 "/>
</bind>
</comp>

</comp_list>

<net_list>
<net id="109"><net_src comp="30" pin="0"/><net_sink comp="106" pin=0"/></net>

<net id="113"><net_src comp="30" pin="0"/><net_sink comp="110" pin=0"/></net>

<net id="117"><net_src comp="30" pin="0"/><net_sink comp="114" pin=0"/></net>

<net id="122"><net_src comp="50" pin="0"/><net_sink comp="118" pin=0"/></net>

<net id="123"><net_src comp="8" pin="0"/><net_sink comp="118" pin=1"/></net>

<net id="128"><net_src comp="52" pin="0"/><net_sink comp="124" pin=0"/></net>

<net id="129"><net_src comp="6" pin="0"/><net_sink comp="124" pin=1"/></net>

<net id="134"><net_src comp="54" pin="0"/><net_sink comp="130" pin=0"/></net>

<net id="135"><net_src comp="4" pin="0"/><net_sink comp="130" pin=1"/></net>

<net id="140"><net_src comp="56" pin="0"/><net_sink comp="136" pin=0"/></net>

<net id="141"><net_src comp="2" pin="0"/><net_sink comp="136" pin=1"/></net>

<net id="146"><net_src comp="54" pin="0"/><net_sink comp="142" pin=0"/></net>

<net id="147"><net_src comp="0" pin="0"/><net_sink comp="142" pin=1"/></net>

<net id="158"><net_src comp="80" pin="0"/><net_sink comp="148" pin=0"/></net>

<net id="159"><net_src comp="12" pin="0"/><net_sink comp="148" pin=1"/></net>

<net id="160"><net_src comp="14" pin="0"/><net_sink comp="148" pin=2"/></net>

<net id="161"><net_src comp="16" pin="0"/><net_sink comp="148" pin=3"/></net>

<net id="162"><net_src comp="18" pin="0"/><net_sink comp="148" pin=4"/></net>

<net id="163"><net_src comp="20" pin="0"/><net_sink comp="148" pin=5"/></net>

<net id="164"><net_src comp="22" pin="0"/><net_sink comp="148" pin=6"/></net>

<net id="165"><net_src comp="24" pin="0"/><net_sink comp="148" pin=7"/></net>

<net id="171"><net_src comp="100" pin="0"/><net_sink comp="166" pin=0"/></net>

<net id="172"><net_src comp="10" pin="0"/><net_sink comp="166" pin=1"/></net>

<net id="178"><net_src comp="102" pin="0"/><net_sink comp="173" pin=0"/></net>

<net id="179"><net_src comp="26" pin="0"/><net_sink comp="173" pin=1"/></net>

<net id="185"><net_src comp="104" pin="0"/><net_sink comp="180" pin=0"/></net>

<net id="186"><net_src comp="28" pin="0"/><net_sink comp="180" pin=1"/></net>

<net id="190"><net_src comp="64" pin="0"/><net_sink comp="187" pin=0"/></net>

<net id="197"><net_src comp="187" pin="1"/><net_sink comp="191" pin=0"/></net>

<net id="201"><net_src comp="64" pin="0"/><net_sink comp="198" pin=0"/></net>

<net id="208"><net_src comp="198" pin="1"/><net_sink comp="202" pin=2"/></net>

<net id="213"><net_src comp="124" pin="2"/><net_sink comp="209" pin=0"/></net>

<net id="214"><net_src comp="58" pin="0"/><net_sink comp="209" pin=1"/></net>

<net id="219"><net_src comp="142" pin="2"/><net_sink comp="215" pin=0"/></net>

<net id="224"><net_src comp="136" pin="2"/><net_sink comp="220" pin=0"/></net>

<net id="229"><net_src comp="60" pin="0"/><net_sink comp="225" pin=0"/></net>

<net id="237"><net_src comp="230" pin="1"/><net_sink comp="233" pin=0"/></net>

<net id="238"><net_src comp="118" pin="2"/><net_sink comp="233" pin=1"/></net>

<net id="243"><net_src comp="230" pin="1"/><net_sink comp="239" pin=0"/></net>

<net id="244"><net_src comp="62" pin="0"/><net_sink comp="239" pin=1"/></net>

<net id="249"><net_src comp="239" pin="2"/><net_sink comp="245" pin=0"/></net>

<net id="254"><net_src comp="202" pin="4"/><net_sink comp="250" pin=0"/></net>

<net id="255"><net_src comp="191" pin="4"/><net_sink comp="250" pin=1"/></net>

<net id="259"><net_src comp="148" pin="8"/><net_sink comp="256" pin=0"/></net>

<net id="263"><net_src comp="148" pin="8"/><net_sink comp="260" pin=0"/></net>

<net id="268"><net_src comp="260" pin="1"/><net_sink comp="264" pin=0"/></net>

<net id="273"><net_src comp="256" pin="1"/><net_sink comp="269" pin=0"/></net>

<net id="285"><net_src comp="82" pin="0"/><net_sink comp="280" pin=0"/></net>

<net id="286"><net_src comp="274" pin="1"/><net_sink comp="280" pin=1"/></net>

<net id="287"><net_src comp="84" pin="0"/><net_sink comp="280" pin=2"/></net>

<net id="291"><net_src comp="274" pin="1"/><net_sink comp="288" pin=0"/></net>

<net id="297"><net_src comp="280" pin="3"/><net_sink comp="292" pin=1"/></net>

<net id="298"><net_src comp="288" pin="1"/><net_sink comp="292" pin=2"/></net>

<net id="304"><net_src comp="82" pin="0"/><net_sink comp="299" pin=0"/></net>

<net id="305"><net_src comp="274" pin="1"/><net_sink comp="299" pin=1"/></net>

<net id="306"><net_src comp="86" pin="0"/><net_sink comp="299" pin=2"/></net>

<net id="312"><net_src comp="288" pin="1"/><net_sink comp="307" pin=1"/></net>

<net id="313"><net_src comp="299" pin="3"/><net_sink comp="307" pin=2"/></net>

<net id="319"><net_src comp="299" pin="3"/><net_sink comp="314" pin=1"/></net>

<net id="320"><net_src comp="280" pin="3"/><net_sink comp="314" pin=2"/></net>

<net id="326"><net_src comp="82" pin="0"/><net_sink comp="321" pin=0"/></net>

<net id="327"><net_src comp="274" pin="1"/><net_sink comp="321" pin=1"/></net>

<net id="328"><net_src comp="88" pin="0"/><net_sink comp="321" pin=2"/></net>

<net id="334"><net_src comp="82" pin="0"/><net_sink comp="329" pin=0"/></net>

<net id="335"><net_src comp="274" pin="1"/><net_sink comp="329" pin=1"/></net>

<net id="336"><net_src comp="90" pin="0"/><net_sink comp="329" pin=2"/></net>

<net id="346"><net_src comp="92" pin="0"/><net_sink comp="337" pin=0"/></net>

<net id="347"><net_src comp="58" pin="0"/><net_sink comp="337" pin=1"/></net>

<net id="348"><net_src comp="321" pin="3"/><net_sink comp="337" pin=2"/></net>

<net id="349"><net_src comp="94" pin="0"/><net_sink comp="337" pin=3"/></net>

<net id="350"><net_src comp="329" pin="3"/><net_sink comp="337" pin=4"/></net>

<net id="351"><net_src comp="280" pin="3"/><net_sink comp="337" pin=5"/></net>

<net id="357"><net_src comp="82" pin="0"/><net_sink comp="352" pin=0"/></net>

<net id="358"><net_src comp="274" pin="1"/><net_sink comp="352" pin=1"/></net>

<net id="359"><net_src comp="96" pin="0"/><net_sink comp="352" pin=2"/></net>

<net id="364"><net_src comp="94" pin="0"/><net_sink comp="360" pin=1"/></net>

<net id="370"><net_src comp="360" pin="2"/><net_sink comp="365" pin=0"/></net>

<net id="371"><net_src comp="352" pin="3"/><net_sink comp="365" pin=1"/></net>

<net id="372"><net_src comp="329" pin="3"/><net_sink comp="365" pin=2"/></net>

<net id="378"><net_src comp="360" pin="2"/><net_sink comp="373" pin=0"/></net>

<net id="379"><net_src comp="321" pin="3"/><net_sink comp="373" pin=1"/></net>

<net id="380"><net_src comp="352" pin="3"/><net_sink comp="373" pin=2"/></net>

<net id="390"><net_src comp="98" pin="0"/><net_sink comp="381" pin=0"/></net>

<net id="391"><net_src comp="373" pin="3"/><net_sink comp="381" pin=1"/></net>

<net id="392"><net_src comp="365" pin="3"/><net_sink comp="381" pin=2"/></net>

<net id="393"><net_src comp="337" pin="7"/><net_sink comp="381" pin=3"/></net>

<net id="394"><net_src comp="314" pin="3"/><net_sink comp="381" pin=4"/></net>

<net id="395"><net_src comp="307" pin="3"/><net_sink comp="381" pin=5"/></net>

<net id="396"><net_src comp="292" pin="3"/><net_sink comp="381" pin=6"/></net>

<net id="397"><net_src comp="381" pin="7"/><net_sink comp="166" pin=2"/></net>

<net id="401"><net_src comp="398" pin="1"/><net_sink comp="180" pin=2"/></net>

<net id="405"><net_src comp="402" pin="1"/><net_sink comp="173" pin=2"/></net>

<net id="409"><net_src comp="106" pin="1"/><net_sink comp="406" pin=0"/></net>

<net id="410"><net_src comp="406" pin="1"/><net_sink comp="225" pin=1"/></net>

<net id="411"><net_src comp="406" pin="1"/><net_sink comp="230" pin=0"/></net>

<net id="412"><net_src comp="406" pin="1"/><net_sink comp="245" pin=1"/></net>

<net id="416"><net_src comp="110" pin="1"/><net_sink comp="413" pin=0"/></net>

<net id="417"><net_src comp="413" pin="1"/><net_sink comp="220" pin=1"/></net>

<net id="418"><net_src comp="413" pin="1"/><net_sink comp="269" pin=1"/></net>

<net id="419"><net_src comp="413" pin="1"/><net_sink comp="274" pin=0"/></net>

<net id="420"><net_src comp="413" pin="1"/><net_sink comp="398" pin=0"/></net>

<net id="424"><net_src comp="114" pin="1"/><net_sink comp="421" pin=0"/></net>

<net id="425"><net_src comp="421" pin="1"/><net_sink comp="215" pin=1"/></net>

<net id="426"><net_src comp="421" pin="1"/><net_sink comp="264" pin=1"/></net>

<net id="427"><net_src comp="421" pin="1"/><net_sink comp="277" pin=0"/></net>

<net id="428"><net_src comp="421" pin="1"/><net_sink comp="402" pin=0"/></net>

<net id="432"><net_src comp="124" pin="2"/><net_sink comp="429" pin=0"/></net>

<net id="433"><net_src comp="429" pin="1"/><net_sink comp="337" pin=6"/></net>

<net id="434"><net_src comp="429" pin="1"/><net_sink comp="360" pin=0"/></net>

<net id="438"><net_src comp="130" pin="2"/><net_sink comp="435" pin=0"/></net>

<net id="439"><net_src comp="435" pin="1"/><net_sink comp="202" pin=0"/></net>

<net id="443"><net_src comp="209" pin="2"/><net_sink comp="440" pin=0"/></net>

<net id="444"><net_src comp="440" pin="1"/><net_sink comp="292" pin=0"/></net>

<net id="445"><net_src comp="440" pin="1"/><net_sink comp="307" pin=0"/></net>

<net id="446"><net_src comp="440" pin="1"/><net_sink comp="314" pin=0"/></net>

<net id="450"><net_src comp="233" pin="2"/><net_sink comp="447" pin=0"/></net>

<net id="457"><net_src comp="277" pin="1"/><net_sink comp="454" pin=0"/></net>

<net id="458"><net_src comp="454" pin="1"/><net_sink comp="191" pin=2"/></net>

</net_list>

</model> 
---------------- Datapath Model END ------------------

* FSMD analyzer results:
  - Output states:
	Port: stream_in | {3 }
	Port: p_4_0_0_0187424_i_out | {2 }
	Port: p_0_0_0_0179415_i_out | {2 }
 - Input state : 
	Port: AXIvideo2MultiPixStream_Pipeline_loop_width : p_4_0_0_0187423_lcssa448_i | {1 }
	Port: AXIvideo2MultiPixStream_Pipeline_loop_width : p_0_0_0_0179416_lcssa432_i | {1 }
	Port: AXIvideo2MultiPixStream_Pipeline_loop_width : sof_3 | {1 }
	Port: AXIvideo2MultiPixStream_Pipeline_loop_width : InVideoFormat_load | {1 }
	Port: AXIvideo2MultiPixStream_Pipeline_loop_width : trunc_ln12 | {1 }
	Port: AXIvideo2MultiPixStream_Pipeline_loop_width : s_axis_video_V_data_V | {2 }
	Port: AXIvideo2MultiPixStream_Pipeline_loop_width : s_axis_video_V_keep_V | {2 }
	Port: AXIvideo2MultiPixStream_Pipeline_loop_width : s_axis_video_V_strb_V | {2 }
	Port: AXIvideo2MultiPixStream_Pipeline_loop_width : s_axis_video_V_user_V | {2 }
	Port: AXIvideo2MultiPixStream_Pipeline_loop_width : s_axis_video_V_last_V | {2 }
	Port: AXIvideo2MultiPixStream_Pipeline_loop_width : s_axis_video_V_id_V | {2 }
	Port: AXIvideo2MultiPixStream_Pipeline_loop_width : s_axis_video_V_dest_V | {2 }
  - Chain level:
	State 1
		store_ln545 : 1
		j_3 : 1
		icmp_ln545 : 2
		j_4 : 2
		br_ln545 : 3
		store_ln545 : 3
	State 2
		or_ln549 : 1
		br_ln549 : 1
		store_ln556 : 1
		store_ln556 : 1
		write_ln0 : 1
		write_ln0 : 1
	State 3
		tmp_4 : 1
		trunc_ln63 : 1
		select_ln574 : 2
		tmp_6 : 1
		select_ln574_1 : 2
		select_ln574_2 : 2
		tmp_7 : 1
		tmp_8 : 1
		tmp_9 : 2
		tmp_s : 1
		empty : 2
		empty_142 : 2
		or_ln587_9 : 3
		write_ln587 : 4


============================================================
+ Verbose Summary: Datapath Resource usage 
============================================================

* Functional unit list:
|----------|---------------------------------------------|---------|---------|
| Operation|               Functional Unit               |    FF   |   LUT   |
|----------|---------------------------------------------|---------|---------|
|          |              icmp_ln574_fu_209              |    0    |    15   |
|   icmp   |              icmp_ln545_fu_233              |    0    |    17   |
|          |             icmp_ln574_1_fu_360             |    0    |    15   |
|----------|---------------------------------------------|---------|---------|
|          |             select_ln574_fu_292             |    0    |    8    |
|          |            select_ln574_1_fu_307            |    0    |    8    |
|  select  |            select_ln574_2_fu_314            |    0    |    8    |
|          |                 empty_fu_365                |    0    |    8    |
|          |               empty_142_fu_373              |    0    |    8    |
|----------|---------------------------------------------|---------|---------|
|    add   |                  j_4_fu_239                 |    0    |    17   |
|----------|---------------------------------------------|---------|---------|
| sparsemux|                 tmp_9_fu_337                |    0    |    9    |
|----------|---------------------------------------------|---------|---------|
|    or    |               or_ln549_fu_250               |    0    |    2    |
|----------|---------------------------------------------|---------|---------|
|          |         trunc_ln12_read_read_fu_118         |    0    |    0    |
|          |     InVideoFormat_load_read_read_fu_124     |    0    |    0    |
|   read   |            sof_3_read_read_fu_130           |    0    |    0    |
|          | p_0_0_0_0179416_lcssa432_i_read_read_fu_136 |    0    |    0    |
|          | p_4_0_0_0187423_lcssa448_i_read_read_fu_142 |    0    |    0    |
|          |            empty_143_read_fu_148            |    0    |    0    |
|----------|---------------------------------------------|---------|---------|
|          |           write_ln587_write_fu_166          |    0    |    0    |
|   write  |            write_ln0_write_fu_173           |    0    |    0    |
|          |            write_ln0_write_fu_180           |    0    |    0    |
|----------|---------------------------------------------|---------|---------|
|extractvalue|                  p_s_fu_256                 |    0    |    0    |
|          |                 eol_1_fu_260                |    0    |    0    |
|----------|---------------------------------------------|---------|---------|
|          |                 tmp_4_fu_280                |    0    |    0    |
|          |                 tmp_6_fu_299                |    0    |    0    |
|partselect|                 tmp_7_fu_321                |    0    |    0    |
|          |                 tmp_8_fu_329                |    0    |    0    |
|          |                 tmp_s_fu_352                |    0    |    0    |
|----------|---------------------------------------------|---------|---------|
|   trunc  |              trunc_ln63_fu_288              |    0    |    0    |
|----------|---------------------------------------------|---------|---------|
|bitconcatenate|              or_ln587_9_fu_381              |    0    |    0    |
|----------|---------------------------------------------|---------|---------|
|   Total  |                                             |    0    |   115   |
|----------|---------------------------------------------|---------|---------|

Memories:
N/A

* Register list:
+-------------------------------+--------+
|                               |   FF   |
+-------------------------------+--------+
|InVideoFormat_load_read_reg_429|    8   |
|         eol_2_reg_454         |    1   |
|          eol_reg_187          |    1   |
|       icmp_ln545_reg_447      |    1   |
|       icmp_ln574_reg_440      |    1   |
|           j_reg_406           |   10   |
|   p_0_0_0_0179415_i_reg_413   |   48   |
|   p_4_0_0_0187424_i_reg_421   |    1   |
|       sof_3_read_reg_435      |    1   |
|          sof_reg_198          |    1   |
+-------------------------------+--------+
|             Total             |   73   |
+-------------------------------+--------+

* Multiplexer (MUX) list: 
|--------|------|------|------|--------|
|  Comp  |  Pin | Size |  BW  | S x BW |
|--------|------|------|------|--------|
|  Total |      |      |      |    0   |
|--------|------|------|------|--------|



* Summary:
+-----------+--------+--------+
|           |   FF   |   LUT  |
+-----------+--------+--------+
|  Function |    0   |   115  |
|   Memory  |    -   |    -   |
|Multiplexer|    -   |    -   |
|  Register |   73   |    -   |
+-----------+--------+--------+
|   Total   |   73   |   115  |
+-----------+--------+--------+
