

================================================================
== Vitis HLS Report for 'MultiPixStream2AXIvideo_Pipeline_VITIS_LOOP_664_2'
================================================================
* Date:           Wed Jan 21 13:02:27 2026

* Version:        2025.2 (Build 6295257 on Nov 14 2025)
* Project:        prj
* Solution:       sol (Vivado IP Flow Target)
* Product family: zynquplus
* Target device:  xczu2cg-sfvc784-1-e


================================================================
== Performance Estimates
================================================================
+ Timing: 
    * Summary: 
    +--------+---------+----------+------------+
    |  Clock |  Target | Estimated| Uncertainty|
    +--------+---------+----------+------------+
    |ap_clk  |  5.00 ns|  2.270 ns|     1.35 ns|
    +--------+---------+----------+------------+

+ Latency: 
    * Summary: 
    +---------+---------+----------+----------+-----+-----+-------------------+
    |  Latency (cycles) |  Latency (absolute) |  Interval |      Pipeline     |
    |   min   |   max   |    min   |    max   | min | max |        Type       |
    +---------+---------+----------+----------+-----+-----+-------------------+
    |       36|      964|  0.180 us|  4.820 us|    0|    0|  loop pipeline stp|
    +---------+---------+----------+----------+-----+-----+-------------------+

    + Detail: 
        * Instance: 
        N/A

        * Loop: 
        +--------------------+---------+---------+----------+-----------+-----------+----------+----------+
        |                    |  Latency (cycles) | Iteration|  Initiation Interval  |   Trip   |          |
        |      Loop Name     |   min   |   max   |  Latency |  achieved |   target  |   Count  | Pipelined|
        +--------------------+---------+---------+----------+-----------+-----------+----------+----------+
        |- VITIS_LOOP_664_2  |       34|      962|         3|          1|          1|  32 ~ 960|       yes|
        +--------------------+---------+---------+----------+-----------+-----------+----------+----------+

============================================================
+ Verbose Summary: Synthesis Manager
============================================================
InlineROM: 1
ExposeGlobal: 0
============================================================
+ Verbose Summary: CDFG Model
============================================================
IsTopModel: 0
ResetActiveHigh: 1
IsCombinational: 0
IsDatapathOnly: 0
HasWiredReturn: 1
HasMFsm: 2
HasVarLatency: 1
IsPipeline: 0
IsRtlPipelined: 0
IsInstanceOverlapped: 0
IsDontTouch: 0
HasImplIP: 0
IsGatedGlobalClock: 0

+ Individual pipeline summary: 
  * Pipeline-0: initiation interval (II) = 1, depth = 3


============================================================
+ Verbose Summary: Schedule
============================================================
* Number of FSM states : 3
* Pipeline : 1
  Pipeline-0 : II = 1, D = 3, States = { 1 2 3 }
* Dataflow Pipeline: 0

* FSM state transitions: 
1 --> 2 
2 --> 3 
3 --> 

* FSM state operations: 

State 1 <SV = 0> <Delay = 1.97>
ST_1 : Operation 6 [1/1] (0.00ns)   --->   "%j = alloca i32 1" [C:/TFG_Vivado/vivado/axu2cga_trd.runs/bd_197a_csc_0_synth_1/prj/sol/.autopilot/db/v_csc.cpp:664->C:/TFG_Vivado/vivado/axu2cga_trd.runs/bd_197a_csc_0_synth_1/prj/sol/.autopilot/db/v_csc.cpp:500]   --->   Operation 6 'alloca' 'j' <Predicate = true> <Delay = 0.00>
ST_1 : Operation 7 [1/1] (0.00ns)   --->   "%specaxissidechannel_ln0 = specaxissidechannel void @_ssdm_op_SpecAXISSideChannel, i48 %m_axis_video_V_data_V, i6 %m_axis_video_V_keep_V, i6 %m_axis_video_V_strb_V, i1 %m_axis_video_V_user_V, i1 %m_axis_video_V_last_V, i1 %m_axis_video_V_id_V, i1 %m_axis_video_V_dest_V, void @empty_35"   --->   Operation 7 'specaxissidechannel' 'specaxissidechannel_ln0' <Predicate = true> <Delay = 0.00>
ST_1 : Operation 8 [1/1] (0.00ns)   --->   "%specinterface_ln0 = specinterface void @_ssdm_op_SpecInterface, i48 %m_axis_video_V_data_V, i6 %m_axis_video_V_keep_V, i6 %m_axis_video_V_strb_V, i1 %m_axis_video_V_user_V, i1 %m_axis_video_V_last_V, i1 %m_axis_video_V_id_V, i1 %m_axis_video_V_dest_V, void @empty_8, i32 0, i32 0, void @empty_48, i32 0, i32 0, void @empty_49, void @empty_49, void @empty_49, i32 0, i32 0, i32 0, i32 0, void @empty_49, void @empty_49, i32 4294967295, i32 0, i32 0, i32 0"   --->   Operation 8 'specinterface' 'specinterface_ln0' <Predicate = true> <Delay = 0.00>
ST_1 : Operation 9 [1/1] (0.00ns)   --->   "%specinterface_ln0 = specinterface void @_ssdm_op_SpecInterface, i48 %stream_out_hresampled, void @empty_34, i32 0, i32 0, void @empty_49, i32 0, i32 0, void @empty_49, void @empty_49, void @empty_49, i32 0, i32 0, i32 0, i32 0, void @empty_49, void @empty_49, i32 4294967295, i32 0, i32 0, i32 0"   --->   Operation 9 'specinterface' 'specinterface_ln0' <Predicate = true> <Delay = 0.00>
ST_1 : Operation 10 [1/1] (0.00ns)   --->   "%add_ln677_read = read i10 @_ssdm_op_Read.ap_auto.i10, i10 %add_ln677"   --->   Operation 10 'read' 'add_ln677_read' <Predicate = true> <Delay = 0.00>
ST_1 : Operation 11 [1/1] (0.00ns)   --->   "%trunc_ln9_read = read i10 @_ssdm_op_Read.ap_auto.i10, i10 %trunc_ln9"   --->   Operation 11 'read' 'trunc_ln9_read' <Predicate = true> <Delay = 0.00>
ST_1 : Operation 12 [1/1] (0.00ns)   --->   "%OutVideoFormat_load_read = read i8 @_ssdm_op_Read.ap_auto.i8, i8 %OutVideoFormat_load"   --->   Operation 12 'read' 'OutVideoFormat_load_read' <Predicate = true> <Delay = 0.00>
ST_1 : Operation 13 [1/1] (0.00ns)   --->   "%sof_read = read i1 @_ssdm_op_Read.ap_auto.i1, i1 %sof"   --->   Operation 13 'read' 'sof_read' <Predicate = true> <Delay = 0.00>
ST_1 : Operation 14 [1/1] (0.90ns)   --->   "%icmp_ln697 = icmp_eq  i8 %OutVideoFormat_load_read, i8 0" [C:/TFG_Vivado/vivado/axu2cga_trd.runs/bd_197a_csc_0_synth_1/prj/sol/.autopilot/db/v_csc.cpp:697->C:/TFG_Vivado/vivado/axu2cga_trd.runs/bd_197a_csc_0_synth_1/prj/sol/.autopilot/db/v_csc.cpp:500]   --->   Operation 14 'icmp' 'icmp_ln697' <Predicate = true> <Delay = 0.90> <CoreInst = "Cmp">   --->   Core 9 'Cmp' <Latency = 0> <II = 1> <Delay = 0.90> <FuncUnit> <Opcode : 'seteq' 'setne' 'setle' 'setge' 'setlt' 'setgt'> <InPorts = 2> <OutPorts = 1>
ST_1 : Operation 15 [1/1] (0.48ns)   --->   "%store_ln664 = store i10 0, i10 %j" [C:/TFG_Vivado/vivado/axu2cga_trd.runs/bd_197a_csc_0_synth_1/prj/sol/.autopilot/db/v_csc.cpp:664->C:/TFG_Vivado/vivado/axu2cga_trd.runs/bd_197a_csc_0_synth_1/prj/sol/.autopilot/db/v_csc.cpp:500]   --->   Operation 15 'store' 'store_ln664' <Predicate = true> <Delay = 0.48>
ST_1 : Operation 16 [1/1] (0.48ns)   --->   "%br_ln664 = br void %for.body34.i" [C:/TFG_Vivado/vivado/axu2cga_trd.runs/bd_197a_csc_0_synth_1/prj/sol/.autopilot/db/v_csc.cpp:664->C:/TFG_Vivado/vivado/axu2cga_trd.runs/bd_197a_csc_0_synth_1/prj/sol/.autopilot/db/v_csc.cpp:500]   --->   Operation 16 'br' 'br_ln664' <Predicate = true> <Delay = 0.48>
ST_1 : Operation 17 [1/1] (0.00ns)   --->   "%j_1 = load i10 %j" [C:/TFG_Vivado/vivado/axu2cga_trd.runs/bd_197a_csc_0_synth_1/prj/sol/.autopilot/db/v_csc.cpp:664->C:/TFG_Vivado/vivado/axu2cga_trd.runs/bd_197a_csc_0_synth_1/prj/sol/.autopilot/db/v_csc.cpp:500]   --->   Operation 17 'load' 'j_1' <Predicate = true> <Delay = 0.00>
ST_1 : Operation 18 [1/1] (0.93ns)   --->   "%icmp_ln664 = icmp_eq  i10 %j_1, i10 %trunc_ln9_read" [C:/TFG_Vivado/vivado/axu2cga_trd.runs/bd_197a_csc_0_synth_1/prj/sol/.autopilot/db/v_csc.cpp:664->C:/TFG_Vivado/vivado/axu2cga_trd.runs/bd_197a_csc_0_synth_1/prj/sol/.autopilot/db/v_csc.cpp:500]   --->   Operation 18 'icmp' 'icmp_ln664' <Predicate = true> <Delay = 0.93> <CoreInst = "Cmp">   --->   Core 9 'Cmp' <Latency = 0> <II = 1> <Delay = 0.93> <FuncUnit> <Opcode : 'seteq' 'setne' 'setle' 'setge' 'setlt' 'setgt'> <InPorts = 2> <OutPorts = 1>
ST_1 : Operation 19 [1/1] (0.93ns)   --->   "%j_2 = add i10 %j_1, i10 1" [C:/TFG_Vivado/vivado/axu2cga_trd.runs/bd_197a_csc_0_synth_1/prj/sol/.autopilot/db/v_csc.cpp:664->C:/TFG_Vivado/vivado/axu2cga_trd.runs/bd_197a_csc_0_synth_1/prj/sol/.autopilot/db/v_csc.cpp:500]   --->   Operation 19 'add' 'j_2' <Predicate = true> <Delay = 0.93> <CoreInst = "Adder">   --->   Core 1 'Adder' <Latency = 0> <II = 1> <Delay = 0.93> <FuncUnit> <Opcode : 'add' 'sub'> <InPorts = 2> <OutPorts = 1>
ST_1 : Operation 20 [1/1] (0.00ns)   --->   "%br_ln664 = br i1 %icmp_ln664, void %for.body34.split.i, void %for.inc100.i.exitStub" [C:/TFG_Vivado/vivado/axu2cga_trd.runs/bd_197a_csc_0_synth_1/prj/sol/.autopilot/db/v_csc.cpp:664->C:/TFG_Vivado/vivado/axu2cga_trd.runs/bd_197a_csc_0_synth_1/prj/sol/.autopilot/db/v_csc.cpp:500]   --->   Operation 20 'br' 'br_ln664' <Predicate = true> <Delay = 0.00>
ST_1 : Operation 21 [1/1] (0.93ns)   --->   "%icmp_ln677 = icmp_eq  i10 %j_1, i10 %add_ln677_read" [C:/TFG_Vivado/vivado/axu2cga_trd.runs/bd_197a_csc_0_synth_1/prj/sol/.autopilot/db/v_csc.cpp:677->C:/TFG_Vivado/vivado/axu2cga_trd.runs/bd_197a_csc_0_synth_1/prj/sol/.autopilot/db/v_csc.cpp:500]   --->   Operation 21 'icmp' 'icmp_ln677' <Predicate = (!icmp_ln664)> <Delay = 0.93> <CoreInst = "Cmp">   --->   Core 9 'Cmp' <Latency = 0> <II = 1> <Delay = 0.93> <FuncUnit> <Opcode : 'seteq' 'setne' 'setle' 'setge' 'setlt' 'setgt'> <InPorts = 2> <OutPorts = 1>
ST_1 : Operation 22 [1/1] (0.90ns)   --->   "%switch_ln697 = switch i8 %OutVideoFormat_load_read, void %sw.default.2.i, i8 0, void %sw.bb.2.i, i8 1, void %for.body53.1.i" [C:/TFG_Vivado/vivado/axu2cga_trd.runs/bd_197a_csc_0_synth_1/prj/sol/.autopilot/db/v_csc.cpp:697->C:/TFG_Vivado/vivado/axu2cga_trd.runs/bd_197a_csc_0_synth_1/prj/sol/.autopilot/db/v_csc.cpp:500]   --->   Operation 22 'switch' 'switch_ln697' <Predicate = (!icmp_ln664)> <Delay = 0.90>
ST_1 : Operation 23 [1/1] (0.54ns)   --->   "%br_ln701 = br void %for.body53.1.i" [C:/TFG_Vivado/vivado/axu2cga_trd.runs/bd_197a_csc_0_synth_1/prj/sol/.autopilot/db/v_csc.cpp:701->C:/TFG_Vivado/vivado/axu2cga_trd.runs/bd_197a_csc_0_synth_1/prj/sol/.autopilot/db/v_csc.cpp:500]   --->   Operation 23 'br' 'br_ln701' <Predicate = (!icmp_ln664 & OutVideoFormat_load_read == 0)> <Delay = 0.54>
ST_1 : Operation 24 [1/1] (0.54ns)   --->   "%br_ln707 = br void %for.body53.1.i" [C:/TFG_Vivado/vivado/axu2cga_trd.runs/bd_197a_csc_0_synth_1/prj/sol/.autopilot/db/v_csc.cpp:707->C:/TFG_Vivado/vivado/axu2cga_trd.runs/bd_197a_csc_0_synth_1/prj/sol/.autopilot/db/v_csc.cpp:500]   --->   Operation 24 'br' 'br_ln707' <Predicate = (!icmp_ln664 & OutVideoFormat_load_read != 0 & OutVideoFormat_load_read != 1)> <Delay = 0.54>
ST_1 : Operation 25 [1/1] (0.90ns)   --->   "%switch_ln697 = switch i8 %OutVideoFormat_load_read, void %sw.default.1.i, i8 0, void %sw.bb.1.i, i8 1, void %for.inc.1.i" [C:/TFG_Vivado/vivado/axu2cga_trd.runs/bd_197a_csc_0_synth_1/prj/sol/.autopilot/db/v_csc.cpp:697->C:/TFG_Vivado/vivado/axu2cga_trd.runs/bd_197a_csc_0_synth_1/prj/sol/.autopilot/db/v_csc.cpp:500]   --->   Operation 25 'switch' 'switch_ln697' <Predicate = (!icmp_ln664)> <Delay = 0.90>
ST_1 : Operation 26 [1/1] (0.48ns)   --->   "%br_ln701 = br void %for.inc.1.i" [C:/TFG_Vivado/vivado/axu2cga_trd.runs/bd_197a_csc_0_synth_1/prj/sol/.autopilot/db/v_csc.cpp:701->C:/TFG_Vivado/vivado/axu2cga_trd.runs/bd_197a_csc_0_synth_1/prj/sol/.autopilot/db/v_csc.cpp:500]   --->   Operation 26 'br' 'br_ln701' <Predicate = (!icmp_ln664 & OutVideoFormat_load_read == 0)> <Delay = 0.48>
ST_1 : Operation 27 [1/1] (0.48ns)   --->   "%br_ln707 = br void %for.inc.1.i" [C:/TFG_Vivado/vivado/axu2cga_trd.runs/bd_197a_csc_0_synth_1/prj/sol/.autopilot/db/v_csc.cpp:707->C:/TFG_Vivado/vivado/axu2cga_trd.runs/bd_197a_csc_0_synth_1/prj/sol/.autopilot/db/v_csc.cpp:500]   --->   Operation 27 'br' 'br_ln707' <Predicate = (!icmp_ln664 & OutVideoFormat_load_read != 0 & OutVideoFormat_load_read != 1)> <Delay = 0.48>
ST_1 : Operation 28 [1/1] (0.90ns)   --->   "%switch_ln697 = switch i8 %OutVideoFormat_load_read, void %sw.default.1.1.i, i8 0, void %sw.bb.1.1.i, i8 1, void %for.inc.1.1.i" [C:/TFG_Vivado/vivado/axu2cga_trd.runs/bd_197a_csc_0_synth_1/prj/sol/.autopilot/db/v_csc.cpp:697->C:/TFG_Vivado/vivado/axu2cga_trd.runs/bd_197a_csc_0_synth_1/prj/sol/.autopilot/db/v_csc.cpp:500]   --->   Operation 28 'switch' 'switch_ln697' <Predicate = (!icmp_ln664)> <Delay = 0.90>
ST_1 : Operation 29 [1/1] (0.48ns)   --->   "%br_ln701 = br void %for.inc.1.1.i" [C:/TFG_Vivado/vivado/axu2cga_trd.runs/bd_197a_csc_0_synth_1/prj/sol/.autopilot/db/v_csc.cpp:701->C:/TFG_Vivado/vivado/axu2cga_trd.runs/bd_197a_csc_0_synth_1/prj/sol/.autopilot/db/v_csc.cpp:500]   --->   Operation 29 'br' 'br_ln701' <Predicate = (!icmp_ln664 & OutVideoFormat_load_read == 0)> <Delay = 0.48>
ST_1 : Operation 30 [1/1] (0.48ns)   --->   "%br_ln707 = br void %for.inc.1.1.i" [C:/TFG_Vivado/vivado/axu2cga_trd.runs/bd_197a_csc_0_synth_1/prj/sol/.autopilot/db/v_csc.cpp:707->C:/TFG_Vivado/vivado/axu2cga_trd.runs/bd_197a_csc_0_synth_1/prj/sol/.autopilot/db/v_csc.cpp:500]   --->   Operation 30 'br' 'br_ln707' <Predicate = (!icmp_ln664 & OutVideoFormat_load_read != 0 & OutVideoFormat_load_read != 1)> <Delay = 0.48>
ST_1 : Operation 31 [1/1] (0.90ns)   --->   "%switch_ln697 = switch i8 %OutVideoFormat_load_read, void %sw.default.1.2.i, i8 0, void %sw.bb.1.2.i, i8 1, void %sw.bb82.1.2.i" [C:/TFG_Vivado/vivado/axu2cga_trd.runs/bd_197a_csc_0_synth_1/prj/sol/.autopilot/db/v_csc.cpp:697->C:/TFG_Vivado/vivado/axu2cga_trd.runs/bd_197a_csc_0_synth_1/prj/sol/.autopilot/db/v_csc.cpp:500]   --->   Operation 31 'switch' 'switch_ln697' <Predicate = (!icmp_ln664)> <Delay = 0.90>
ST_1 : Operation 32 [1/1] (0.54ns)   --->   "%br_ln704 = br void %for.inc.1.2.i" [C:/TFG_Vivado/vivado/axu2cga_trd.runs/bd_197a_csc_0_synth_1/prj/sol/.autopilot/db/v_csc.cpp:704->C:/TFG_Vivado/vivado/axu2cga_trd.runs/bd_197a_csc_0_synth_1/prj/sol/.autopilot/db/v_csc.cpp:500]   --->   Operation 32 'br' 'br_ln704' <Predicate = (!icmp_ln664 & OutVideoFormat_load_read == 1)> <Delay = 0.54>
ST_1 : Operation 33 [1/1] (0.54ns)   --->   "%br_ln701 = br void %for.inc.1.2.i" [C:/TFG_Vivado/vivado/axu2cga_trd.runs/bd_197a_csc_0_synth_1/prj/sol/.autopilot/db/v_csc.cpp:701->C:/TFG_Vivado/vivado/axu2cga_trd.runs/bd_197a_csc_0_synth_1/prj/sol/.autopilot/db/v_csc.cpp:500]   --->   Operation 33 'br' 'br_ln701' <Predicate = (!icmp_ln664 & OutVideoFormat_load_read == 0)> <Delay = 0.54>
ST_1 : Operation 34 [1/1] (0.54ns)   --->   "%br_ln707 = br void %for.inc.1.2.i" [C:/TFG_Vivado/vivado/axu2cga_trd.runs/bd_197a_csc_0_synth_1/prj/sol/.autopilot/db/v_csc.cpp:707->C:/TFG_Vivado/vivado/axu2cga_trd.runs/bd_197a_csc_0_synth_1/prj/sol/.autopilot/db/v_csc.cpp:500]   --->   Operation 34 'br' 'br_ln707' <Predicate = (!icmp_ln664 & OutVideoFormat_load_read != 0 & OutVideoFormat_load_read != 1)> <Delay = 0.54>
ST_1 : Operation 35 [1/1] (0.48ns)   --->   "%store_ln664 = store i10 %j_2, i10 %j" [C:/TFG_Vivado/vivado/axu2cga_trd.runs/bd_197a_csc_0_synth_1/prj/sol/.autopilot/db/v_csc.cpp:664->C:/TFG_Vivado/vivado/axu2cga_trd.runs/bd_197a_csc_0_synth_1/prj/sol/.autopilot/db/v_csc.cpp:500]   --->   Operation 35 'store' 'store_ln664' <Predicate = (!icmp_ln664)> <Delay = 0.48>
ST_1 : Operation 36 [1/1] (0.00ns)   --->   "%br_ln664 = br void %for.body34.i" [C:/TFG_Vivado/vivado/axu2cga_trd.runs/bd_197a_csc_0_synth_1/prj/sol/.autopilot/db/v_csc.cpp:664->C:/TFG_Vivado/vivado/axu2cga_trd.runs/bd_197a_csc_0_synth_1/prj/sol/.autopilot/db/v_csc.cpp:500]   --->   Operation 36 'br' 'br_ln664' <Predicate = (!icmp_ln664)> <Delay = 0.00>

State 2 <SV = 1> <Delay = 2.27>
ST_2 : Operation 37 [1/1] (0.00ns)   --->   "%specpipeline_ln667 = specpipeline void @_ssdm_op_SpecPipeline, i32 1, i32 0, i32 0, i32 0, i32 4294967295, void @empty_49" [C:/TFG_Vivado/vivado/axu2cga_trd.runs/bd_197a_csc_0_synth_1/prj/sol/.autopilot/db/v_csc.cpp:667->C:/TFG_Vivado/vivado/axu2cga_trd.runs/bd_197a_csc_0_synth_1/prj/sol/.autopilot/db/v_csc.cpp:500]   --->   Operation 37 'specpipeline' 'specpipeline_ln667' <Predicate = (!icmp_ln664)> <Delay = 0.00>
ST_2 : Operation 38 [1/1] (0.00ns)   --->   "%specloopname_ln664 = specloopname void @_ssdm_op_SpecLoopName, void @empty_46" [C:/TFG_Vivado/vivado/axu2cga_trd.runs/bd_197a_csc_0_synth_1/prj/sol/.autopilot/db/v_csc.cpp:664->C:/TFG_Vivado/vivado/axu2cga_trd.runs/bd_197a_csc_0_synth_1/prj/sol/.autopilot/db/v_csc.cpp:500]   --->   Operation 38 'specloopname' 'specloopname_ln664' <Predicate = (!icmp_ln664)> <Delay = 0.00>
ST_2 : Operation 39 [1/1] ( I:1.82ns O:1.82ns )   --->   "%stream_out_hresampled_read = read i48 @_ssdm_op_Read.ap_fifo.volatile.i48P0A, i48 %stream_out_hresampled" [C:/TFG_Vivado/vivado/axu2cga_trd.runs/bd_197a_csc_0_synth_1/prj/sol/.autopilot/db/v_csc.cpp:685->C:/TFG_Vivado/vivado/axu2cga_trd.runs/bd_197a_csc_0_synth_1/prj/sol/.autopilot/db/v_csc.cpp:500]   --->   Operation 39 'read' 'stream_out_hresampled_read' <Predicate = (!icmp_ln664)> <Delay = 1.82> <CoreInst = "FIFO_SRL">   --->   Core 80 'FIFO_SRL' <Latency = 0> <II = 1> <Delay = 2.25> <Storage> <Opcode : 'read' 'write' 'nbread' 'nbwrite'> <Ports = 0> <Width = 48> <Depth = 16> <FIFO>
ST_2 : Operation 40 [1/1] (0.00ns)   --->   "%pix_444 = trunc i48 %stream_out_hresampled_read" [C:/TFG_Vivado/vivado/axu2cga_trd.runs/bd_197a_csc_0_synth_1/prj/sol/.autopilot/db/v_csc.cpp:685->C:/TFG_Vivado/vivado/axu2cga_trd.runs/bd_197a_csc_0_synth_1/prj/sol/.autopilot/db/v_csc.cpp:500]   --->   Operation 40 'trunc' 'pix_444' <Predicate = (!icmp_ln664)> <Delay = 0.00>
ST_2 : Operation 41 [1/1] (0.00ns)   --->   "%pix_rgb_4 = partselect i8 @_ssdm_op_PartSelect.i8.i48.i32.i32, i48 %stream_out_hresampled_read, i32 8, i32 15" [C:/TFG_Vivado/vivado/axu2cga_trd.runs/bd_197a_csc_0_synth_1/prj/sol/.autopilot/db/v_csc.cpp:685->C:/TFG_Vivado/vivado/axu2cga_trd.runs/bd_197a_csc_0_synth_1/prj/sol/.autopilot/db/v_csc.cpp:500]   --->   Operation 41 'partselect' 'pix_rgb_4' <Predicate = (!icmp_ln664)> <Delay = 0.00>
ST_2 : Operation 42 [1/1] (0.00ns)   --->   "%pix_422 = partselect i8 @_ssdm_op_PartSelect.i8.i48.i32.i32, i48 %stream_out_hresampled_read, i32 16, i32 23" [C:/TFG_Vivado/vivado/axu2cga_trd.runs/bd_197a_csc_0_synth_1/prj/sol/.autopilot/db/v_csc.cpp:685->C:/TFG_Vivado/vivado/axu2cga_trd.runs/bd_197a_csc_0_synth_1/prj/sol/.autopilot/db/v_csc.cpp:500]   --->   Operation 42 'partselect' 'pix_422' <Predicate = (!icmp_ln664)> <Delay = 0.00>
ST_2 : Operation 43 [1/1] (0.00ns)   --->   "%pix_rgb = partselect i8 @_ssdm_op_PartSelect.i8.i48.i32.i32, i48 %stream_out_hresampled_read, i32 24, i32 31" [C:/TFG_Vivado/vivado/axu2cga_trd.runs/bd_197a_csc_0_synth_1/prj/sol/.autopilot/db/v_csc.cpp:685->C:/TFG_Vivado/vivado/axu2cga_trd.runs/bd_197a_csc_0_synth_1/prj/sol/.autopilot/db/v_csc.cpp:500]   --->   Operation 43 'partselect' 'pix_rgb' <Predicate = (!icmp_ln664)> <Delay = 0.00>
ST_2 : Operation 44 [1/1] (0.00ns)   --->   "%pix_444_2 = partselect i8 @_ssdm_op_PartSelect.i8.i48.i32.i32, i48 %stream_out_hresampled_read, i32 32, i32 39" [C:/TFG_Vivado/vivado/axu2cga_trd.runs/bd_197a_csc_0_synth_1/prj/sol/.autopilot/db/v_csc.cpp:685->C:/TFG_Vivado/vivado/axu2cga_trd.runs/bd_197a_csc_0_synth_1/prj/sol/.autopilot/db/v_csc.cpp:500]   --->   Operation 44 'partselect' 'pix_444_2' <Predicate = (!icmp_ln664)> <Delay = 0.00>
ST_2 : Operation 45 [1/1] (0.00ns)   --->   "%pix_444_3 = partselect i8 @_ssdm_op_PartSelect.i8.i48.i32.i32, i48 %stream_out_hresampled_read, i32 40, i32 47" [C:/TFG_Vivado/vivado/axu2cga_trd.runs/bd_197a_csc_0_synth_1/prj/sol/.autopilot/db/v_csc.cpp:685->C:/TFG_Vivado/vivado/axu2cga_trd.runs/bd_197a_csc_0_synth_1/prj/sol/.autopilot/db/v_csc.cpp:500]   --->   Operation 45 'partselect' 'pix_444_3' <Predicate = (!icmp_ln664)> <Delay = 0.00>
ST_2 : Operation 46 [1/1] (0.44ns)   --->   "%select_ln697 = select i1 %icmp_ln697, i8 %pix_rgb_4, i8 %pix_444" [C:/TFG_Vivado/vivado/axu2cga_trd.runs/bd_197a_csc_0_synth_1/prj/sol/.autopilot/db/v_csc.cpp:697->C:/TFG_Vivado/vivado/axu2cga_trd.runs/bd_197a_csc_0_synth_1/prj/sol/.autopilot/db/v_csc.cpp:500]   --->   Operation 46 'select' 'select_ln697' <Predicate = (!icmp_ln664)> <Delay = 0.44> <CoreInst = "Sel">   --->   Core 73 'Sel' <Latency = 0> <II = 1> <Delay = 0.44> <FuncUnit> <Opcode : 'select'> <InPorts = 3> <OutPorts = 1>
ST_2 : Operation 47 [1/1] (0.44ns)   --->   "%select_ln697_1 = select i1 %icmp_ln697, i8 %pix_422, i8 %pix_rgb_4" [C:/TFG_Vivado/vivado/axu2cga_trd.runs/bd_197a_csc_0_synth_1/prj/sol/.autopilot/db/v_csc.cpp:697->C:/TFG_Vivado/vivado/axu2cga_trd.runs/bd_197a_csc_0_synth_1/prj/sol/.autopilot/db/v_csc.cpp:500]   --->   Operation 47 'select' 'select_ln697_1' <Predicate = (!icmp_ln664)> <Delay = 0.44> <CoreInst = "Sel">   --->   Core 73 'Sel' <Latency = 0> <II = 1> <Delay = 0.44> <FuncUnit> <Opcode : 'select'> <InPorts = 3> <OutPorts = 1>
ST_2 : Operation 48 [1/1] (0.00ns)   --->   "%empty_141 = phi i8 %pix_444, void %sw.bb.2.i, i8 %pix_rgb, void %sw.default.2.i, i8 %pix_422, void %for.body34.split.i"   --->   Operation 48 'phi' 'empty_141' <Predicate = (!icmp_ln664)> <Delay = 0.00>
ST_2 : Operation 49 [1/1] (0.00ns)   --->   "%empty_140 = phi i8 %pix_444_2, void %sw.bb.1.i, i8 %pix_444_2, void %sw.default.1.i, i8 %pix_rgb, void %for.body53.1.i"   --->   Operation 49 'phi' 'empty_140' <Predicate = (!icmp_ln664)> <Delay = 0.00>
ST_2 : Operation 50 [1/1] (0.00ns)   --->   "%empty_139 = phi i8 %pix_444_3, void %sw.bb.1.1.i, i8 %pix_444_3, void %sw.default.1.1.i, i8 %pix_444_2, void %for.inc.1.i"   --->   Operation 50 'phi' 'empty_139' <Predicate = (!icmp_ln664)> <Delay = 0.00>
ST_2 : Operation 51 [1/1] (0.00ns)   --->   "%tmp_3 = bitconcatenate i48 @_ssdm_op_BitConcatenate.i48.i8.i8.i8.i8.i8.i8, i8 %pix_444_3, i8 %empty_139, i8 %empty_140, i8 %empty_141, i8 %select_ln697_1, i8 %select_ln697" [C:/TFG_Vivado/vivado/axu2cga_trd.runs/bd_197a_csc_0_synth_1/prj/sol/.autopilot/db/v_csc.cpp:703->C:/TFG_Vivado/vivado/axu2cga_trd.runs/bd_197a_csc_0_synth_1/prj/sol/.autopilot/db/v_csc.cpp:500]   --->   Operation 51 'bitconcatenate' 'tmp_3' <Predicate = (!icmp_ln664 & OutVideoFormat_load_read == 1)> <Delay = 0.00>
ST_2 : Operation 52 [1/1] (0.00ns)   --->   "%tmp_2 = bitconcatenate i48 @_ssdm_op_BitConcatenate.i48.i8.i8.i8.i8.i8.i8, i8 %pix_rgb, i8 %empty_139, i8 %empty_140, i8 %empty_141, i8 %select_ln697_1, i8 %select_ln697" [C:/TFG_Vivado/vivado/axu2cga_trd.runs/bd_197a_csc_0_synth_1/prj/sol/.autopilot/db/v_csc.cpp:700->C:/TFG_Vivado/vivado/axu2cga_trd.runs/bd_197a_csc_0_synth_1/prj/sol/.autopilot/db/v_csc.cpp:500]   --->   Operation 52 'bitconcatenate' 'tmp_2' <Predicate = (!icmp_ln664 & OutVideoFormat_load_read == 0)> <Delay = 0.00>
ST_2 : Operation 53 [1/1] (0.00ns)   --->   "%tmp_1 = bitconcatenate i48 @_ssdm_op_BitConcatenate.i48.i8.i8.i8.i8.i8.i8, i8 %pix_422, i8 %empty_139, i8 %empty_140, i8 %empty_141, i8 %select_ln697_1, i8 %select_ln697" [C:/TFG_Vivado/vivado/axu2cga_trd.runs/bd_197a_csc_0_synth_1/prj/sol/.autopilot/db/v_csc.cpp:706->C:/TFG_Vivado/vivado/axu2cga_trd.runs/bd_197a_csc_0_synth_1/prj/sol/.autopilot/db/v_csc.cpp:500]   --->   Operation 53 'bitconcatenate' 'tmp_1' <Predicate = (!icmp_ln664 & OutVideoFormat_load_read != 0 & OutVideoFormat_load_read != 1)> <Delay = 0.00>
ST_2 : Operation 54 [1/1] (0.00ns)   --->   "%empty = phi i48 %tmp_2, void %sw.bb.1.2.i, i48 %tmp_3, void %sw.bb82.1.2.i, i48 %tmp_1, void %sw.default.1.2.i" [C:/TFG_Vivado/vivado/axu2cga_trd.runs/bd_197a_csc_0_synth_1/prj/sol/.autopilot/db/v_csc.cpp:700->C:/TFG_Vivado/vivado/axu2cga_trd.runs/bd_197a_csc_0_synth_1/prj/sol/.autopilot/db/v_csc.cpp:500]   --->   Operation 54 'phi' 'empty' <Predicate = (!icmp_ln664)> <Delay = 0.00>

State 3 <SV = 2> <Delay = 0.72>
ST_3 : Operation 55 [1/1] (0.00ns)   --->   "%sof_1 = phi i1 %sof_read, void %newFuncRoot, i1 0, void %for.inc.1.2.i"   --->   Operation 55 'phi' 'sof_1' <Predicate = true> <Delay = 0.00>
ST_3 : Operation 56 [1/1] (0.00ns)   --->   "%speclooptripcount_ln0 = speclooptripcount void @_ssdm_op_SpecLoopTripCount, i64 32, i64 960, i64 0"   --->   Operation 56 'speclooptripcount' 'speclooptripcount_ln0' <Predicate = true> <Delay = 0.00>
ST_3 : Operation 57 [1/1] ( I:0.72ns O:0.72ns )   --->   "%write_ln712 = write void @_ssdm_op_Write.axis.volatile.i48P0A.i6P0A.i6P0A.i1P0A.i1P0A.i1P0A.i1P0A, i48 %m_axis_video_V_data_V, i6 %m_axis_video_V_keep_V, i6 %m_axis_video_V_strb_V, i1 %m_axis_video_V_user_V, i1 %m_axis_video_V_last_V, i1 %m_axis_video_V_id_V, i1 %m_axis_video_V_dest_V, i48 %empty, i6 63, i6 63, i1 %sof_1, i1 %icmp_ln677, i1 0, i1 0" [C:/TFG_Vivado/vivado/axu2cga_trd.runs/bd_197a_csc_0_synth_1/prj/sol/.autopilot/db/v_csc.cpp:712->C:/TFG_Vivado/vivado/axu2cga_trd.runs/bd_197a_csc_0_synth_1/prj/sol/.autopilot/db/v_csc.cpp:500]   --->   Operation 57 'write' 'write_ln712' <Predicate = (!icmp_ln664)> <Delay = 0.72> <CoreInst = "regslice">   --->   Core 147 'regslice' <Latency = 0> <II = 1> <Delay = 0.95> <Adapter> <Opcode : 'read' 'write'>
ST_3 : Operation 58 [1/1] (0.48ns)   --->   "%ret_ln0 = ret"   --->   Operation 58 'ret' 'ret_ln0' <Predicate = (icmp_ln664)> <Delay = 0.48>


============================================================
+ Verbose Summary: Binding
============================================================
STG Binding: 
---------------- STG Properties BEGIN ----------------
- Is combinational: 0
- Is one-state seq: 0
- Is datapath-only: 0
- Is pipelined: 0
- Is top level: 0
Port [ Return ] is wired: 1; IO mode=ap_ctrl_hs:ce=0
Port [ sof]:  wired=1; compound=0; hidden=0; nouse=0; global=0; static=0; extern=0; dir=0; type=0; pingpong=0; private_global=0; IO mode=ap_none:ce=0
Port [ OutVideoFormat_load]:  wired=1; compound=0; hidden=0; nouse=0; global=0; static=0; extern=0; dir=0; type=0; pingpong=0; private_global=0; IO mode=ap_stable:ce=0
Port [ trunc_ln9]:  wired=1; compound=0; hidden=0; nouse=0; global=0; static=0; extern=0; dir=0; type=0; pingpong=0; private_global=0; IO mode=ap_none:ce=0
Port [ m_axis_video_V_data_V]:  wired=1; compound=1; hidden=0; nouse=0; global=0; static=0; extern=0; dir=1; type=0; pingpong=0; private_global=0; IO mode=axis:ce=0
Port [ m_axis_video_V_keep_V]:  wired=1; compound=1; hidden=0; nouse=0; global=0; static=0; extern=0; dir=1; type=0; pingpong=0; private_global=0; IO mode=axis:ce=0
Port [ m_axis_video_V_strb_V]:  wired=1; compound=1; hidden=0; nouse=0; global=0; static=0; extern=0; dir=1; type=0; pingpong=0; private_global=0; IO mode=axis:ce=0
Port [ m_axis_video_V_user_V]:  wired=1; compound=1; hidden=0; nouse=0; global=0; static=0; extern=0; dir=1; type=0; pingpong=0; private_global=0; IO mode=axis:ce=0
Port [ m_axis_video_V_last_V]:  wired=1; compound=1; hidden=0; nouse=0; global=0; static=0; extern=0; dir=1; type=0; pingpong=0; private_global=0; IO mode=axis:ce=0
Port [ m_axis_video_V_id_V]:  wired=1; compound=1; hidden=0; nouse=0; global=0; static=0; extern=0; dir=1; type=0; pingpong=0; private_global=0; IO mode=axis:ce=0
Port [ m_axis_video_V_dest_V]:  wired=1; compound=1; hidden=0; nouse=0; global=0; static=0; extern=0; dir=1; type=0; pingpong=0; private_global=0; IO mode=axis:ce=0
Port [ add_ln677]:  wired=1; compound=0; hidden=0; nouse=0; global=0; static=0; extern=0; dir=0; type=0; pingpong=0; private_global=0; IO mode=ap_none:ce=0
Port [ stream_out_hresampled]:  wired=1; compound=1; hidden=0; nouse=0; global=0; static=0; extern=0; dir=0; type=3; pingpong=0; private_global=0; IO mode=ap_fifo:ce=0
---------------- STG Properties END ------------------

---------------- Datapath Model BEGIN ----------------

<LifeTime>
<method=bitvector/>
j                          (alloca             ) [ 0100]
specaxissidechannel_ln0    (specaxissidechannel) [ 0000]
specinterface_ln0          (specinterface      ) [ 0000]
specinterface_ln0          (specinterface      ) [ 0000]
add_ln677_read             (read               ) [ 0000]
trunc_ln9_read             (read               ) [ 0000]
OutVideoFormat_load_read   (read               ) [ 0111]
sof_read                   (read               ) [ 0111]
icmp_ln697                 (icmp               ) [ 0110]
store_ln664                (store              ) [ 0000]
br_ln664                   (br                 ) [ 0111]
j_1                        (load               ) [ 0000]
icmp_ln664                 (icmp               ) [ 0111]
j_2                        (add                ) [ 0000]
br_ln664                   (br                 ) [ 0000]
icmp_ln677                 (icmp               ) [ 0111]
switch_ln697               (switch             ) [ 0110]
br_ln701                   (br                 ) [ 0110]
br_ln707                   (br                 ) [ 0110]
switch_ln697               (switch             ) [ 0110]
br_ln701                   (br                 ) [ 0110]
br_ln707                   (br                 ) [ 0110]
switch_ln697               (switch             ) [ 0110]
br_ln701                   (br                 ) [ 0110]
br_ln707                   (br                 ) [ 0110]
switch_ln697               (switch             ) [ 0000]
br_ln704                   (br                 ) [ 0110]
br_ln701                   (br                 ) [ 0110]
br_ln707                   (br                 ) [ 0110]
store_ln664                (store              ) [ 0000]
br_ln664                   (br                 ) [ 0111]
specpipeline_ln667         (specpipeline       ) [ 0000]
specloopname_ln664         (specloopname       ) [ 0000]
stream_out_hresampled_read (read               ) [ 0000]
pix_444                    (trunc              ) [ 0000]
pix_rgb_4                  (partselect         ) [ 0000]
pix_422                    (partselect         ) [ 0000]
pix_rgb                    (partselect         ) [ 0000]
pix_444_2                  (partselect         ) [ 0000]
pix_444_3                  (partselect         ) [ 0000]
select_ln697               (select             ) [ 0000]
select_ln697_1             (select             ) [ 0000]
empty_141                  (phi                ) [ 0110]
empty_140                  (phi                ) [ 0110]
empty_139                  (phi                ) [ 0110]
tmp_3                      (bitconcatenate     ) [ 0000]
tmp_2                      (bitconcatenate     ) [ 0000]
tmp_1                      (bitconcatenate     ) [ 0000]
empty                      (phi                ) [ 0111]
sof_1                      (phi                ) [ 0111]
speclooptripcount_ln0      (speclooptripcount  ) [ 0000]
write_ln712                (write              ) [ 0000]
ret_ln0                    (ret                ) [ 0000]
</LifeTime>

<model>

<comp_list>
<comp id="0" class="1000" name="sof">
<pin_list>
<pin id="1" dir="1" index="0" bw="1" slack="0"/>
</pin_list>
<bind>
<StgValue><ssdm name="sof"/></StgValue>
</bind>
</comp>

<comp id="2" class="1000" name="OutVideoFormat_load">
<pin_list>
<pin id="3" dir="1" index="0" bw="1" slack="0"/>
</pin_list>
<bind>
<StgValue><ssdm name="OutVideoFormat_load"/></StgValue>
</bind>
</comp>

<comp id="4" class="1000" name="trunc_ln9">
<pin_list>
<pin id="5" dir="1" index="0" bw="1" slack="0"/>
</pin_list>
<bind>
<StgValue><ssdm name="trunc_ln9"/></StgValue>
</bind>
</comp>

<comp id="6" class="1000" name="m_axis_video_V_data_V">
<pin_list>
<pin id="7" dir="1" index="0" bw="1" slack="0"/>
</pin_list>
<bind>
<StgValue><ssdm name="m_axis_video_V_data_V"/></StgValue>
</bind>
</comp>

<comp id="8" class="1000" name="m_axis_video_V_keep_V">
<pin_list>
<pin id="9" dir="1" index="0" bw="1" slack="0"/>
</pin_list>
<bind>
<StgValue><ssdm name="m_axis_video_V_keep_V"/></StgValue>
</bind>
</comp>

<comp id="10" class="1000" name="m_axis_video_V_strb_V">
<pin_list>
<pin id="11" dir="1" index="0" bw="1" slack="0"/>
</pin_list>
<bind>
<StgValue><ssdm name="m_axis_video_V_strb_V"/></StgValue>
</bind>
</comp>

<comp id="12" class="1000" name="m_axis_video_V_user_V">
<pin_list>
<pin id="13" dir="1" index="0" bw="1" slack="0"/>
</pin_list>
<bind>
<StgValue><ssdm name="m_axis_video_V_user_V"/></StgValue>
</bind>
</comp>

<comp id="14" class="1000" name="m_axis_video_V_last_V">
<pin_list>
<pin id="15" dir="1" index="0" bw="1" slack="0"/>
</pin_list>
<bind>
<StgValue><ssdm name="m_axis_video_V_last_V"/></StgValue>
</bind>
</comp>

<comp id="16" class="1000" name="m_axis_video_V_id_V">
<pin_list>
<pin id="17" dir="1" index="0" bw="1" slack="0"/>
</pin_list>
<bind>
<StgValue><ssdm name="m_axis_video_V_id_V"/></StgValue>
</bind>
</comp>

<comp id="18" class="1000" name="m_axis_video_V_dest_V">
<pin_list>
<pin id="19" dir="1" index="0" bw="1" slack="0"/>
</pin_list>
<bind>
<StgValue><ssdm name="m_axis_video_V_dest_V"/></StgValue>
</bind>
</comp>

<comp id="20" class="1000" name="add_ln677">
<pin_list>
<pin id="21" dir="1" index="0" bw="1" slack="0"/>
</pin_list>
<bind>
<StgValue><ssdm name="add_ln677"/></StgValue>
</bind>
</comp>

<comp id="22" class="1000" name="stream_out_hresampled">
<pin_list>
<pin id="23" dir="1" index="0" bw="1" slack="0"/>
</pin_list>
<bind>
<StgValue><ssdm name="stream_out_hresampled"/></StgValue>
</bind>
</comp>

<comp id="24" class="1001" name="const_24">
<pin_list>
<pin id="25" dir="1" index="0" bw="1" slack="0"/>
</pin_list>
<bind>
<StgValue><ssdm name=""/></StgValue>
</bind>
</comp>

<comp id="26" class="1001" name="const_26">
<pin_list>
<pin id="27" dir="1" index="0" bw="1" slack="2147483647"/>
</pin_list>
<bind>
<StgValue><ssdm name="_ssdm_op_SpecAXISSideChannel"/></StgValue>
</bind>
</comp>

<comp id="28" class="1001" name="const_28">
<pin_list>
<pin id="29" dir="1" index="0" bw="1" slack="2147483647"/>
</pin_list>
<bind>
<StgValue><ssdm name="empty_35"/></StgValue>
</bind>
</comp>

<comp id="30" class="1001" name="const_30">
<pin_list>
<pin id="31" dir="1" index="0" bw="1" slack="2147483647"/>
</pin_list>
<bind>
<StgValue><ssdm name="_ssdm_op_SpecInterface"/></StgValue>
</bind>
</comp>

<comp id="32" class="1001" name="const_32">
<pin_list>
<pin id="33" dir="1" index="0" bw="1" slack="2147483647"/>
</pin_list>
<bind>
<StgValue><ssdm name="empty_8"/></StgValue>
</bind>
</comp>

<comp id="34" class="1001" name="const_34">
<pin_list>
<pin id="35" dir="1" index="0" bw="1" slack="2147483647"/>
</pin_list>
<bind>
<StgValue><ssdm name=""/></StgValue>
</bind>
</comp>

<comp id="36" class="1001" name="const_36">
<pin_list>
<pin id="37" dir="1" index="0" bw="1" slack="2147483647"/>
</pin_list>
<bind>
<StgValue><ssdm name="empty_48"/></StgValue>
</bind>
</comp>

<comp id="38" class="1001" name="const_38">
<pin_list>
<pin id="39" dir="1" index="0" bw="1" slack="2147483647"/>
</pin_list>
<bind>
<StgValue><ssdm name="empty_49"/></StgValue>
</bind>
</comp>

<comp id="40" class="1001" name="const_40">
<pin_list>
<pin id="41" dir="1" index="0" bw="1" slack="2147483647"/>
</pin_list>
<bind>
<StgValue><ssdm name=""/></StgValue>
</bind>
</comp>

<comp id="42" class="1001" name="const_42">
<pin_list>
<pin id="43" dir="1" index="0" bw="1" slack="2147483647"/>
</pin_list>
<bind>
<StgValue><ssdm name="empty_34"/></StgValue>
</bind>
</comp>

<comp id="44" class="1001" name="const_44">
<pin_list>
<pin id="45" dir="1" index="0" bw="1" slack="0"/>
</pin_list>
<bind>
<StgValue><ssdm name="_ssdm_op_Read.ap_auto.i10"/></StgValue>
</bind>
</comp>

<comp id="46" class="1001" name="const_46">
<pin_list>
<pin id="47" dir="1" index="0" bw="1" slack="0"/>
</pin_list>
<bind>
<StgValue><ssdm name="_ssdm_op_Read.ap_auto.i8"/></StgValue>
</bind>
</comp>

<comp id="48" class="1001" name="const_48">
<pin_list>
<pin id="49" dir="1" index="0" bw="1" slack="0"/>
</pin_list>
<bind>
<StgValue><ssdm name="_ssdm_op_Read.ap_auto.i1"/></StgValue>
</bind>
</comp>

<comp id="50" class="1001" name="const_50">
<pin_list>
<pin id="51" dir="1" index="0" bw="1" slack="0"/>
</pin_list>
<bind>
<StgValue><ssdm name=""/></StgValue>
</bind>
</comp>

<comp id="52" class="1001" name="const_52">
<pin_list>
<pin id="53" dir="1" index="0" bw="1" slack="0"/>
</pin_list>
<bind>
<StgValue><ssdm name=""/></StgValue>
</bind>
</comp>

<comp id="54" class="1001" name="const_54">
<pin_list>
<pin id="55" dir="1" index="0" bw="1" slack="0"/>
</pin_list>
<bind>
<StgValue><ssdm name=""/></StgValue>
</bind>
</comp>

<comp id="56" class="1001" name="const_56">
<pin_list>
<pin id="57" dir="1" index="0" bw="1" slack="0"/>
</pin_list>
<bind>
<StgValue><ssdm name=""/></StgValue>
</bind>
</comp>

<comp id="58" class="1001" name="const_58">
<pin_list>
<pin id="59" dir="1" index="0" bw="1" slack="2147483647"/>
</pin_list>
<bind>
<StgValue><ssdm name="_ssdm_op_SpecPipeline"/></StgValue>
</bind>
</comp>

<comp id="60" class="1001" name="const_60">
<pin_list>
<pin id="61" dir="1" index="0" bw="1" slack="2147483647"/>
</pin_list>
<bind>
<StgValue><ssdm name="_ssdm_op_SpecLoopName"/></StgValue>
</bind>
</comp>

<comp id="62" class="1001" name="const_62">
<pin_list>
<pin id="63" dir="1" index="0" bw="1" slack="2147483647"/>
</pin_list>
<bind>
<StgValue><ssdm name="empty_46"/></StgValue>
</bind>
</comp>

<comp id="64" class="1001" name="const_64">
<pin_list>
<pin id="65" dir="1" index="0" bw="1" slack="0"/>
</pin_list>
<bind>
<StgValue><ssdm name="_ssdm_op_Read.ap_fifo.volatile.i48P0A"/></StgValue>
</bind>
</comp>

<comp id="66" class="1001" name="const_66">
<pin_list>
<pin id="67" dir="1" index="0" bw="1" slack="0"/>
</pin_list>
<bind>
<StgValue><ssdm name="_ssdm_op_PartSelect.i8.i48.i32.i32"/></StgValue>
</bind>
</comp>

<comp id="68" class="1001" name="const_68">
<pin_list>
<pin id="69" dir="1" index="0" bw="1" slack="0"/>
</pin_list>
<bind>
<StgValue><ssdm name=""/></StgValue>
</bind>
</comp>

<comp id="70" class="1001" name="const_70">
<pin_list>
<pin id="71" dir="1" index="0" bw="1" slack="0"/>
</pin_list>
<bind>
<StgValue><ssdm name=""/></StgValue>
</bind>
</comp>

<comp id="72" class="1001" name="const_72">
<pin_list>
<pin id="73" dir="1" index="0" bw="1" slack="0"/>
</pin_list>
<bind>
<StgValue><ssdm name=""/></StgValue>
</bind>
</comp>

<comp id="74" class="1001" name="const_74">
<pin_list>
<pin id="75" dir="1" index="0" bw="1" slack="0"/>
</pin_list>
<bind>
<StgValue><ssdm name=""/></StgValue>
</bind>
</comp>

<comp id="76" class="1001" name="const_76">
<pin_list>
<pin id="77" dir="1" index="0" bw="1" slack="0"/>
</pin_list>
<bind>
<StgValue><ssdm name=""/></StgValue>
</bind>
</comp>

<comp id="78" class="1001" name="const_78">
<pin_list>
<pin id="79" dir="1" index="0" bw="1" slack="0"/>
</pin_list>
<bind>
<StgValue><ssdm name=""/></StgValue>
</bind>
</comp>

<comp id="80" class="1001" name="const_80">
<pin_list>
<pin id="81" dir="1" index="0" bw="1" slack="0"/>
</pin_list>
<bind>
<StgValue><ssdm name=""/></StgValue>
</bind>
</comp>

<comp id="82" class="1001" name="const_82">
<pin_list>
<pin id="83" dir="1" index="0" bw="1" slack="0"/>
</pin_list>
<bind>
<StgValue><ssdm name=""/></StgValue>
</bind>
</comp>

<comp id="84" class="1001" name="const_84">
<pin_list>
<pin id="85" dir="1" index="0" bw="1" slack="0"/>
</pin_list>
<bind>
<StgValue><ssdm name=""/></StgValue>
</bind>
</comp>

<comp id="86" class="1001" name="const_86">
<pin_list>
<pin id="87" dir="1" index="0" bw="1" slack="0"/>
</pin_list>
<bind>
<StgValue><ssdm name=""/></StgValue>
</bind>
</comp>

<comp id="88" class="1001" name="const_88">
<pin_list>
<pin id="89" dir="1" index="0" bw="1" slack="0"/>
</pin_list>
<bind>
<StgValue><ssdm name="_ssdm_op_BitConcatenate.i48.i8.i8.i8.i8.i8.i8"/></StgValue>
</bind>
</comp>

<comp id="90" class="1001" name="const_90">
<pin_list>
<pin id="91" dir="1" index="0" bw="1" slack="0"/>
</pin_list>
<bind>
<StgValue><ssdm name=""/></StgValue>
</bind>
</comp>

<comp id="92" class="1001" name="const_92">
<pin_list>
<pin id="93" dir="1" index="0" bw="1" slack="2147483647"/>
</pin_list>
<bind>
<StgValue><ssdm name="_ssdm_op_SpecLoopTripCount"/></StgValue>
</bind>
</comp>

<comp id="94" class="1001" name="const_94">
<pin_list>
<pin id="95" dir="1" index="0" bw="1" slack="2147483647"/>
</pin_list>
<bind>
<StgValue><ssdm name=""/></StgValue>
</bind>
</comp>

<comp id="96" class="1001" name="const_96">
<pin_list>
<pin id="97" dir="1" index="0" bw="1" slack="2147483647"/>
</pin_list>
<bind>
<StgValue><ssdm name=""/></StgValue>
</bind>
</comp>

<comp id="98" class="1001" name="const_98">
<pin_list>
<pin id="99" dir="1" index="0" bw="1" slack="2147483647"/>
</pin_list>
<bind>
<StgValue><ssdm name=""/></StgValue>
</bind>
</comp>

<comp id="100" class="1001" name="const_100">
<pin_list>
<pin id="101" dir="1" index="0" bw="1" slack="0"/>
</pin_list>
<bind>
<StgValue><ssdm name="_ssdm_op_Write.axis.volatile.i48P0A.i6P0A.i6P0A.i1P0A.i1P0A.i1P0A.i1P0A"/></StgValue>
</bind>
</comp>

<comp id="102" class="1001" name="const_102">
<pin_list>
<pin id="103" dir="1" index="0" bw="1" slack="0"/>
</pin_list>
<bind>
<StgValue><ssdm name=""/></StgValue>
</bind>
</comp>

<comp id="104" class="1004" name="j_fu_104">
<pin_list>
<pin id="105" dir="0" index="0" bw="1" slack="0"/>
<pin id="106" dir="1" index="1" bw="10" slack="0"/>
</pin_list>
<bind>
<opcode="alloca(26) " fcode="alloca"/>
<opset="j/1 "/>
</bind>
</comp>

<comp id="108" class="1004" name="add_ln677_read_read_fu_108">
<pin_list>
<pin id="109" dir="0" index="0" bw="10" slack="0"/>
<pin id="110" dir="0" index="1" bw="10" slack="0"/>
<pin id="111" dir="1" index="2" bw="10" slack="0"/>
</pin_list>
<bind>
<opcode="read(1150) " fcode="read"/>
<opset="add_ln677_read/1 "/>
</bind>
</comp>

<comp id="114" class="1004" name="trunc_ln9_read_read_fu_114">
<pin_list>
<pin id="115" dir="0" index="0" bw="10" slack="0"/>
<pin id="116" dir="0" index="1" bw="10" slack="0"/>
<pin id="117" dir="1" index="2" bw="10" slack="0"/>
</pin_list>
<bind>
<opcode="read(1150) " fcode="read"/>
<opset="trunc_ln9_read/1 "/>
</bind>
</comp>

<comp id="120" class="1004" name="OutVideoFormat_load_read_read_fu_120">
<pin_list>
<pin id="121" dir="0" index="0" bw="8" slack="0"/>
<pin id="122" dir="0" index="1" bw="8" slack="0"/>
<pin id="123" dir="1" index="2" bw="8" slack="0"/>
</pin_list>
<bind>
<opcode="read(1150) " fcode="read"/>
<opset="OutVideoFormat_load_read/1 "/>
</bind>
</comp>

<comp id="126" class="1004" name="sof_read_read_fu_126">
<pin_list>
<pin id="127" dir="0" index="0" bw="1" slack="0"/>
<pin id="128" dir="0" index="1" bw="1" slack="0"/>
<pin id="129" dir="1" index="2" bw="1" slack="2"/>
</pin_list>
<bind>
<opcode="read(1150) " fcode="read"/>
<opset="sof_read/1 "/>
</bind>
</comp>

<comp id="132" class="1004" name="stream_out_hresampled_read_read_fu_132">
<pin_list>
<pin id="133" dir="0" index="0" bw="48" slack="0"/>
<pin id="134" dir="0" index="1" bw="48" slack="0"/>
<pin id="135" dir="1" index="2" bw="48" slack="0"/>
</pin_list>
<bind>
<opcode="read(1150) " fcode="read"/>
<opset="stream_out_hresampled_read/2 "/>
</bind>
</comp>

<comp id="138" class="1004" name="write_ln712_write_fu_138">
<pin_list>
<pin id="139" dir="0" index="0" bw="0" slack="0"/>
<pin id="140" dir="0" index="1" bw="48" slack="0"/>
<pin id="141" dir="0" index="2" bw="6" slack="0"/>
<pin id="142" dir="0" index="3" bw="6" slack="0"/>
<pin id="143" dir="0" index="4" bw="1" slack="0"/>
<pin id="144" dir="0" index="5" bw="1" slack="0"/>
<pin id="145" dir="0" index="6" bw="1" slack="0"/>
<pin id="146" dir="0" index="7" bw="1" slack="0"/>
<pin id="147" dir="0" index="8" bw="48" slack="1"/>
<pin id="148" dir="0" index="9" bw="1" slack="0"/>
<pin id="149" dir="0" index="10" bw="1" slack="0"/>
<pin id="150" dir="0" index="11" bw="1" slack="0"/>
<pin id="151" dir="0" index="12" bw="1" slack="2"/>
<pin id="152" dir="0" index="13" bw="1" slack="0"/>
<pin id="153" dir="0" index="14" bw="1" slack="0"/>
<pin id="154" dir="1" index="15" bw="0" slack="2147483647"/>
</pin_list>
<bind>
<opcode="write(1151) " fcode="write"/>
<opset="write_ln712/3 "/>
</bind>
</comp>

<comp id="167" class="1005" name="empty_141_reg_167">
<pin_list>
<pin id="168" dir="0" index="0" bw="8" slack="2147483647"/>
<pin id="169" dir="1" index="1" bw="8" slack="2147483647"/>
</pin_list>
<bind>
<opset="empty_141 (phireg) "/>
</bind>
</comp>

<comp id="170" class="1004" name="empty_141_phi_fu_170">
<pin_list>
<pin id="171" dir="0" index="0" bw="8" slack="0"/>
<pin id="172" dir="0" index="1" bw="0" slack="2147483647"/>
<pin id="173" dir="0" index="2" bw="8" slack="0"/>
<pin id="174" dir="0" index="3" bw="0" slack="2147483647"/>
<pin id="175" dir="0" index="4" bw="8" slack="0"/>
<pin id="176" dir="0" index="5" bw="0" slack="2147483647"/>
<pin id="177" dir="1" index="6" bw="8" slack="0"/>
</pin_list>
<bind>
<opcode="phi(47) " fcode="phi"/>
<opset="empty_141/2 "/>
</bind>
</comp>

<comp id="178" class="1005" name="empty_140_reg_178">
<pin_list>
<pin id="179" dir="0" index="0" bw="8" slack="2147483647"/>
<pin id="180" dir="1" index="1" bw="8" slack="2147483647"/>
</pin_list>
<bind>
<opset="empty_140 (phireg) "/>
</bind>
</comp>

<comp id="181" class="1004" name="empty_140_phi_fu_181">
<pin_list>
<pin id="182" dir="0" index="0" bw="8" slack="0"/>
<pin id="183" dir="0" index="1" bw="0" slack="2147483647"/>
<pin id="184" dir="0" index="2" bw="8" slack="0"/>
<pin id="185" dir="0" index="3" bw="0" slack="2147483647"/>
<pin id="186" dir="0" index="4" bw="8" slack="0"/>
<pin id="187" dir="0" index="5" bw="0" slack="2147483647"/>
<pin id="188" dir="1" index="6" bw="8" slack="0"/>
</pin_list>
<bind>
<opcode="phi(47) " fcode="phi"/>
<opset="empty_140/2 "/>
</bind>
</comp>

<comp id="189" class="1005" name="empty_139_reg_189">
<pin_list>
<pin id="190" dir="0" index="0" bw="8" slack="2147483647"/>
<pin id="191" dir="1" index="1" bw="8" slack="2147483647"/>
</pin_list>
<bind>
<opset="empty_139 (phireg) "/>
</bind>
</comp>

<comp id="192" class="1004" name="empty_139_phi_fu_192">
<pin_list>
<pin id="193" dir="0" index="0" bw="8" slack="0"/>
<pin id="194" dir="0" index="1" bw="0" slack="2147483647"/>
<pin id="195" dir="0" index="2" bw="8" slack="0"/>
<pin id="196" dir="0" index="3" bw="0" slack="2147483647"/>
<pin id="197" dir="0" index="4" bw="8" slack="0"/>
<pin id="198" dir="0" index="5" bw="0" slack="2147483647"/>
<pin id="199" dir="1" index="6" bw="8" slack="0"/>
</pin_list>
<bind>
<opcode="phi(47) " fcode="phi"/>
<opset="empty_139/2 "/>
</bind>
</comp>

<comp id="200" class="1005" name="empty_reg_200">
<pin_list>
<pin id="201" dir="0" index="0" bw="48" slack="1"/>
<pin id="202" dir="1" index="1" bw="48" slack="1"/>
</pin_list>
<bind>
<opset="empty (phireg) "/>
</bind>
</comp>

<comp id="204" class="1004" name="empty_phi_fu_204">
<pin_list>
<pin id="205" dir="0" index="0" bw="48" slack="0"/>
<pin id="206" dir="0" index="1" bw="0" slack="2147483647"/>
<pin id="207" dir="0" index="2" bw="48" slack="0"/>
<pin id="208" dir="0" index="3" bw="0" slack="2147483647"/>
<pin id="209" dir="0" index="4" bw="48" slack="0"/>
<pin id="210" dir="0" index="5" bw="0" slack="2147483647"/>
<pin id="211" dir="1" index="6" bw="48" slack="1"/>
</pin_list>
<bind>
<opcode="phi(47) " fcode="phi"/>
<opset="empty/2 "/>
</bind>
</comp>

<comp id="213" class="1005" name="sof_1_reg_213">
<pin_list>
<pin id="214" dir="0" index="0" bw="1" slack="2"/>
<pin id="215" dir="1" index="1" bw="1" slack="2"/>
</pin_list>
<bind>
<opset="sof_1 (phireg) "/>
</bind>
</comp>

<comp id="217" class="1004" name="sof_1_phi_fu_217">
<pin_list>
<pin id="218" dir="0" index="0" bw="1" slack="2"/>
<pin id="219" dir="0" index="1" bw="0" slack="2147483647"/>
<pin id="220" dir="0" index="2" bw="1" slack="2"/>
<pin id="221" dir="0" index="3" bw="0" slack="2147483647"/>
<pin id="222" dir="1" index="4" bw="1" slack="0"/>
</pin_list>
<bind>
<opcode="phi(47) " fcode="phi"/>
<opset="sof_1/3 "/>
</bind>
</comp>

<comp id="225" class="1004" name="icmp_ln697_fu_225">
<pin_list>
<pin id="226" dir="0" index="0" bw="8" slack="0"/>
<pin id="227" dir="0" index="1" bw="1" slack="0"/>
<pin id="228" dir="1" index="2" bw="1" slack="1"/>
</pin_list>
<bind>
<opcode="icmp(45) " fcode="icmp"/>
<opset="icmp_ln697/1 "/>
</bind>
</comp>

<comp id="231" class="1004" name="store_ln664_store_fu_231">
<pin_list>
<pin id="232" dir="0" index="0" bw="1" slack="0"/>
<pin id="233" dir="0" index="1" bw="10" slack="0"/>
<pin id="234" dir="1" index="2" bw="0" slack="2147483647"/>
</pin_list>
<bind>
<opcode="store(28) " fcode="store"/>
<opset="store_ln664/1 "/>
</bind>
</comp>

<comp id="236" class="1004" name="j_1_load_fu_236">
<pin_list>
<pin id="237" dir="0" index="0" bw="10" slack="0"/>
<pin id="238" dir="1" index="1" bw="10" slack="0"/>
</pin_list>
<bind>
<opcode="load(27) " fcode="load"/>
<opset="j_1/1 "/>
</bind>
</comp>

<comp id="239" class="1004" name="icmp_ln664_fu_239">
<pin_list>
<pin id="240" dir="0" index="0" bw="10" slack="0"/>
<pin id="241" dir="0" index="1" bw="10" slack="0"/>
<pin id="242" dir="1" index="2" bw="1" slack="1"/>
</pin_list>
<bind>
<opcode="icmp(45) " fcode="icmp"/>
<opset="icmp_ln664/1 "/>
</bind>
</comp>

<comp id="245" class="1004" name="j_2_fu_245">
<pin_list>
<pin id="246" dir="0" index="0" bw="10" slack="0"/>
<pin id="247" dir="0" index="1" bw="1" slack="0"/>
<pin id="248" dir="1" index="2" bw="10" slack="0"/>
</pin_list>
<bind>
<opcode="add(8) " fcode="add"/>
<opset="j_2/1 "/>
</bind>
</comp>

<comp id="251" class="1004" name="icmp_ln677_fu_251">
<pin_list>
<pin id="252" dir="0" index="0" bw="10" slack="0"/>
<pin id="253" dir="0" index="1" bw="10" slack="0"/>
<pin id="254" dir="1" index="2" bw="1" slack="2"/>
</pin_list>
<bind>
<opcode="icmp(45) " fcode="icmp"/>
<opset="icmp_ln677/1 "/>
</bind>
</comp>

<comp id="257" class="1004" name="switch_ln697_fu_257">
<pin_list>
<pin id="258" dir="0" index="0" bw="8" slack="0"/>
<pin id="259" dir="0" index="1" bw="1" slack="0"/>
<pin id="260" dir="0" index="2" bw="1" slack="0"/>
<pin id="261" dir="1" index="3" bw="0" slack="2147483647"/>
</pin_list>
<bind>
<opcode="switch(3) " fcode="switch"/>
<opset="switch_ln697/1 "/>
</bind>
</comp>

<comp id="265" class="1004" name="switch_ln697_fu_265">
<pin_list>
<pin id="266" dir="0" index="0" bw="8" slack="0"/>
<pin id="267" dir="0" index="1" bw="1" slack="0"/>
<pin id="268" dir="0" index="2" bw="1" slack="0"/>
<pin id="269" dir="1" index="3" bw="0" slack="2147483647"/>
</pin_list>
<bind>
<opcode="switch(3) " fcode="switch"/>
<opset="switch_ln697/1 "/>
</bind>
</comp>

<comp id="273" class="1004" name="switch_ln697_fu_273">
<pin_list>
<pin id="274" dir="0" index="0" bw="8" slack="0"/>
<pin id="275" dir="0" index="1" bw="1" slack="0"/>
<pin id="276" dir="0" index="2" bw="1" slack="0"/>
<pin id="277" dir="1" index="3" bw="0" slack="2147483647"/>
</pin_list>
<bind>
<opcode="switch(3) " fcode="switch"/>
<opset="switch_ln697/1 "/>
</bind>
</comp>

<comp id="281" class="1004" name="switch_ln697_fu_281">
<pin_list>
<pin id="282" dir="0" index="0" bw="8" slack="0"/>
<pin id="283" dir="0" index="1" bw="1" slack="0"/>
<pin id="284" dir="0" index="2" bw="1" slack="0"/>
<pin id="285" dir="1" index="3" bw="0" slack="2147483647"/>
</pin_list>
<bind>
<opcode="switch(3) " fcode="switch"/>
<opset="switch_ln697/1 "/>
</bind>
</comp>

<comp id="289" class="1004" name="store_ln664_store_fu_289">
<pin_list>
<pin id="290" dir="0" index="0" bw="10" slack="0"/>
<pin id="291" dir="0" index="1" bw="10" slack="0"/>
<pin id="292" dir="1" index="2" bw="0" slack="2147483647"/>
</pin_list>
<bind>
<opcode="store(28) " fcode="store"/>
<opset="store_ln664/1 "/>
</bind>
</comp>

<comp id="294" class="1004" name="pix_444_fu_294">
<pin_list>
<pin id="295" dir="0" index="0" bw="48" slack="0"/>
<pin id="296" dir="1" index="1" bw="8" slack="0"/>
</pin_list>
<bind>
<opcode="trunc(33) " fcode="trunc"/>
<opset="pix_444/2 "/>
</bind>
</comp>

<comp id="299" class="1004" name="pix_rgb_4_fu_299">
<pin_list>
<pin id="300" dir="0" index="0" bw="8" slack="0"/>
<pin id="301" dir="0" index="1" bw="48" slack="0"/>
<pin id="302" dir="0" index="2" bw="5" slack="0"/>
<pin id="303" dir="0" index="3" bw="5" slack="0"/>
<pin id="304" dir="1" index="4" bw="8" slack="0"/>
</pin_list>
<bind>
<opcode="partselect(1002) " fcode="partselect"/>
<opset="pix_rgb_4/2 "/>
</bind>
</comp>

<comp id="309" class="1004" name="pix_422_fu_309">
<pin_list>
<pin id="310" dir="0" index="0" bw="8" slack="0"/>
<pin id="311" dir="0" index="1" bw="48" slack="0"/>
<pin id="312" dir="0" index="2" bw="6" slack="0"/>
<pin id="313" dir="0" index="3" bw="6" slack="0"/>
<pin id="314" dir="1" index="4" bw="8" slack="0"/>
</pin_list>
<bind>
<opcode="partselect(1002) " fcode="partselect"/>
<opset="pix_422/2 "/>
</bind>
</comp>

<comp id="320" class="1004" name="pix_rgb_fu_320">
<pin_list>
<pin id="321" dir="0" index="0" bw="8" slack="0"/>
<pin id="322" dir="0" index="1" bw="48" slack="0"/>
<pin id="323" dir="0" index="2" bw="6" slack="0"/>
<pin id="324" dir="0" index="3" bw="6" slack="0"/>
<pin id="325" dir="1" index="4" bw="8" slack="0"/>
</pin_list>
<bind>
<opcode="partselect(1002) " fcode="partselect"/>
<opset="pix_rgb/2 "/>
</bind>
</comp>

<comp id="332" class="1004" name="pix_444_2_fu_332">
<pin_list>
<pin id="333" dir="0" index="0" bw="8" slack="0"/>
<pin id="334" dir="0" index="1" bw="48" slack="0"/>
<pin id="335" dir="0" index="2" bw="7" slack="0"/>
<pin id="336" dir="0" index="3" bw="7" slack="0"/>
<pin id="337" dir="1" index="4" bw="8" slack="0"/>
</pin_list>
<bind>
<opcode="partselect(1002) " fcode="partselect"/>
<opset="pix_444_2/2 "/>
</bind>
</comp>

<comp id="345" class="1004" name="pix_444_3_fu_345">
<pin_list>
<pin id="346" dir="0" index="0" bw="8" slack="0"/>
<pin id="347" dir="0" index="1" bw="48" slack="0"/>
<pin id="348" dir="0" index="2" bw="7" slack="0"/>
<pin id="349" dir="0" index="3" bw="7" slack="0"/>
<pin id="350" dir="1" index="4" bw="8" slack="0"/>
</pin_list>
<bind>
<opcode="partselect(1002) " fcode="partselect"/>
<opset="pix_444_3/2 "/>
</bind>
</comp>

<comp id="357" class="1004" name="select_ln697_fu_357">
<pin_list>
<pin id="358" dir="0" index="0" bw="1" slack="1"/>
<pin id="359" dir="0" index="1" bw="8" slack="0"/>
<pin id="360" dir="0" index="2" bw="8" slack="0"/>
<pin id="361" dir="1" index="3" bw="8" slack="0"/>
</pin_list>
<bind>
<opcode="select(49) " fcode="select"/>
<opset="select_ln697/2 "/>
</bind>
</comp>

<comp id="364" class="1004" name="select_ln697_1_fu_364">
<pin_list>
<pin id="365" dir="0" index="0" bw="1" slack="1"/>
<pin id="366" dir="0" index="1" bw="8" slack="0"/>
<pin id="367" dir="0" index="2" bw="8" slack="0"/>
<pin id="368" dir="1" index="3" bw="8" slack="0"/>
</pin_list>
<bind>
<opcode="select(49) " fcode="select"/>
<opset="select_ln697_1/2 "/>
</bind>
</comp>

<comp id="371" class="1004" name="tmp_3_fu_371">
<pin_list>
<pin id="372" dir="0" index="0" bw="48" slack="0"/>
<pin id="373" dir="0" index="1" bw="8" slack="0"/>
<pin id="374" dir="0" index="2" bw="8" slack="0"/>
<pin id="375" dir="0" index="3" bw="8" slack="0"/>
<pin id="376" dir="0" index="4" bw="8" slack="0"/>
<pin id="377" dir="0" index="5" bw="8" slack="0"/>
<pin id="378" dir="0" index="6" bw="8" slack="0"/>
<pin id="379" dir="1" index="7" bw="48" slack="0"/>
</pin_list>
<bind>
<opcode="bitconcatenate(1004) " fcode="bitconcatenate"/>
<opset="tmp_3/2 "/>
</bind>
</comp>

<comp id="388" class="1004" name="tmp_2_fu_388">
<pin_list>
<pin id="389" dir="0" index="0" bw="48" slack="0"/>
<pin id="390" dir="0" index="1" bw="8" slack="0"/>
<pin id="391" dir="0" index="2" bw="8" slack="0"/>
<pin id="392" dir="0" index="3" bw="8" slack="0"/>
<pin id="393" dir="0" index="4" bw="8" slack="0"/>
<pin id="394" dir="0" index="5" bw="8" slack="0"/>
<pin id="395" dir="0" index="6" bw="8" slack="0"/>
<pin id="396" dir="1" index="7" bw="48" slack="0"/>
</pin_list>
<bind>
<opcode="bitconcatenate(1004) " fcode="bitconcatenate"/>
<opset="tmp_2/2 "/>
</bind>
</comp>

<comp id="405" class="1004" name="tmp_1_fu_405">
<pin_list>
<pin id="406" dir="0" index="0" bw="48" slack="0"/>
<pin id="407" dir="0" index="1" bw="8" slack="0"/>
<pin id="408" dir="0" index="2" bw="8" slack="0"/>
<pin id="409" dir="0" index="3" bw="8" slack="0"/>
<pin id="410" dir="0" index="4" bw="8" slack="0"/>
<pin id="411" dir="0" index="5" bw="8" slack="0"/>
<pin id="412" dir="0" index="6" bw="8" slack="0"/>
<pin id="413" dir="1" index="7" bw="48" slack="0"/>
</pin_list>
<bind>
<opcode="bitconcatenate(1004) " fcode="bitconcatenate"/>
<opset="tmp_1/2 "/>
</bind>
</comp>

<comp id="422" class="1005" name="j_reg_422">
<pin_list>
<pin id="423" dir="0" index="0" bw="10" slack="0"/>
<pin id="424" dir="1" index="1" bw="10" slack="0"/>
</pin_list>
<bind>
<opset="j "/>
</bind>
</comp>

<comp id="429" class="1005" name="OutVideoFormat_load_read_reg_429">
<pin_list>
<pin id="430" dir="0" index="0" bw="8" slack="1"/>
<pin id="431" dir="1" index="1" bw="8" slack="2147483647"/>
</pin_list>
<bind>
<opset="OutVideoFormat_load_read "/>
</bind>
</comp>

<comp id="433" class="1005" name="sof_read_reg_433">
<pin_list>
<pin id="434" dir="0" index="0" bw="1" slack="2"/>
<pin id="435" dir="1" index="1" bw="1" slack="2"/>
</pin_list>
<bind>
<opset="sof_read "/>
</bind>
</comp>

<comp id="438" class="1005" name="icmp_ln697_reg_438">
<pin_list>
<pin id="439" dir="0" index="0" bw="1" slack="1"/>
<pin id="440" dir="1" index="1" bw="1" slack="1"/>
</pin_list>
<bind>
<opset="icmp_ln697 "/>
</bind>
</comp>

<comp id="444" class="1005" name="icmp_ln664_reg_444">
<pin_list>
<pin id="445" dir="0" index="0" bw="1" slack="1"/>
<pin id="446" dir="1" index="1" bw="1" slack="2147483647"/>
</pin_list>
<bind>
<opset="icmp_ln664 "/>
</bind>
</comp>

<comp id="448" class="1005" name="icmp_ln677_reg_448">
<pin_list>
<pin id="449" dir="0" index="0" bw="1" slack="2"/>
<pin id="450" dir="1" index="1" bw="1" slack="2"/>
</pin_list>
<bind>
<opset="icmp_ln677 "/>
</bind>
</comp>

</comp_list>

<net_list>
<net id="107"><net_src comp="24" pin="0"/><net_sink comp="104" pin=0"/></net>

<net id="112"><net_src comp="44" pin="0"/><net_sink comp="108" pin=0"/></net>

<net id="113"><net_src comp="20" pin="0"/><net_sink comp="108" pin=1"/></net>

<net id="118"><net_src comp="44" pin="0"/><net_sink comp="114" pin=0"/></net>

<net id="119"><net_src comp="4" pin="0"/><net_sink comp="114" pin=1"/></net>

<net id="124"><net_src comp="46" pin="0"/><net_sink comp="120" pin=0"/></net>

<net id="125"><net_src comp="2" pin="0"/><net_sink comp="120" pin=1"/></net>

<net id="130"><net_src comp="48" pin="0"/><net_sink comp="126" pin=0"/></net>

<net id="131"><net_src comp="0" pin="0"/><net_sink comp="126" pin=1"/></net>

<net id="136"><net_src comp="64" pin="0"/><net_sink comp="132" pin=0"/></net>

<net id="137"><net_src comp="22" pin="0"/><net_sink comp="132" pin=1"/></net>

<net id="155"><net_src comp="100" pin="0"/><net_sink comp="138" pin=0"/></net>

<net id="156"><net_src comp="6" pin="0"/><net_sink comp="138" pin=1"/></net>

<net id="157"><net_src comp="8" pin="0"/><net_sink comp="138" pin=2"/></net>

<net id="158"><net_src comp="10" pin="0"/><net_sink comp="138" pin=3"/></net>

<net id="159"><net_src comp="12" pin="0"/><net_sink comp="138" pin=4"/></net>

<net id="160"><net_src comp="14" pin="0"/><net_sink comp="138" pin=5"/></net>

<net id="161"><net_src comp="16" pin="0"/><net_sink comp="138" pin=6"/></net>

<net id="162"><net_src comp="18" pin="0"/><net_sink comp="138" pin=7"/></net>

<net id="163"><net_src comp="102" pin="0"/><net_sink comp="138" pin=9"/></net>

<net id="164"><net_src comp="102" pin="0"/><net_sink comp="138" pin=10"/></net>

<net id="165"><net_src comp="90" pin="0"/><net_sink comp="138" pin=13"/></net>

<net id="166"><net_src comp="90" pin="0"/><net_sink comp="138" pin=14"/></net>

<net id="203"><net_src comp="200" pin="1"/><net_sink comp="138" pin=8"/></net>

<net id="212"><net_src comp="204" pin="6"/><net_sink comp="200" pin=0"/></net>

<net id="216"><net_src comp="90" pin="0"/><net_sink comp="213" pin=0"/></net>

<net id="223"><net_src comp="213" pin="1"/><net_sink comp="217" pin=2"/></net>

<net id="224"><net_src comp="217" pin="4"/><net_sink comp="138" pin=11"/></net>

<net id="229"><net_src comp="120" pin="2"/><net_sink comp="225" pin=0"/></net>

<net id="230"><net_src comp="50" pin="0"/><net_sink comp="225" pin=1"/></net>

<net id="235"><net_src comp="52" pin="0"/><net_sink comp="231" pin=0"/></net>

<net id="243"><net_src comp="236" pin="1"/><net_sink comp="239" pin=0"/></net>

<net id="244"><net_src comp="114" pin="2"/><net_sink comp="239" pin=1"/></net>

<net id="249"><net_src comp="236" pin="1"/><net_sink comp="245" pin=0"/></net>

<net id="250"><net_src comp="54" pin="0"/><net_sink comp="245" pin=1"/></net>

<net id="255"><net_src comp="236" pin="1"/><net_sink comp="251" pin=0"/></net>

<net id="256"><net_src comp="108" pin="2"/><net_sink comp="251" pin=1"/></net>

<net id="262"><net_src comp="120" pin="2"/><net_sink comp="257" pin=0"/></net>

<net id="263"><net_src comp="50" pin="0"/><net_sink comp="257" pin=1"/></net>

<net id="264"><net_src comp="56" pin="0"/><net_sink comp="257" pin=2"/></net>

<net id="270"><net_src comp="120" pin="2"/><net_sink comp="265" pin=0"/></net>

<net id="271"><net_src comp="50" pin="0"/><net_sink comp="265" pin=1"/></net>

<net id="272"><net_src comp="56" pin="0"/><net_sink comp="265" pin=2"/></net>

<net id="278"><net_src comp="120" pin="2"/><net_sink comp="273" pin=0"/></net>

<net id="279"><net_src comp="50" pin="0"/><net_sink comp="273" pin=1"/></net>

<net id="280"><net_src comp="56" pin="0"/><net_sink comp="273" pin=2"/></net>

<net id="286"><net_src comp="120" pin="2"/><net_sink comp="281" pin=0"/></net>

<net id="287"><net_src comp="50" pin="0"/><net_sink comp="281" pin=1"/></net>

<net id="288"><net_src comp="56" pin="0"/><net_sink comp="281" pin=2"/></net>

<net id="293"><net_src comp="245" pin="2"/><net_sink comp="289" pin=0"/></net>

<net id="297"><net_src comp="132" pin="2"/><net_sink comp="294" pin=0"/></net>

<net id="298"><net_src comp="294" pin="1"/><net_sink comp="170" pin=0"/></net>

<net id="305"><net_src comp="66" pin="0"/><net_sink comp="299" pin=0"/></net>

<net id="306"><net_src comp="132" pin="2"/><net_sink comp="299" pin=1"/></net>

<net id="307"><net_src comp="68" pin="0"/><net_sink comp="299" pin=2"/></net>

<net id="308"><net_src comp="70" pin="0"/><net_sink comp="299" pin=3"/></net>

<net id="315"><net_src comp="66" pin="0"/><net_sink comp="309" pin=0"/></net>

<net id="316"><net_src comp="132" pin="2"/><net_sink comp="309" pin=1"/></net>

<net id="317"><net_src comp="72" pin="0"/><net_sink comp="309" pin=2"/></net>

<net id="318"><net_src comp="74" pin="0"/><net_sink comp="309" pin=3"/></net>

<net id="319"><net_src comp="309" pin="4"/><net_sink comp="170" pin=4"/></net>

<net id="326"><net_src comp="66" pin="0"/><net_sink comp="320" pin=0"/></net>

<net id="327"><net_src comp="132" pin="2"/><net_sink comp="320" pin=1"/></net>

<net id="328"><net_src comp="76" pin="0"/><net_sink comp="320" pin=2"/></net>

<net id="329"><net_src comp="78" pin="0"/><net_sink comp="320" pin=3"/></net>

<net id="330"><net_src comp="320" pin="4"/><net_sink comp="170" pin=2"/></net>

<net id="331"><net_src comp="320" pin="4"/><net_sink comp="181" pin=4"/></net>

<net id="338"><net_src comp="66" pin="0"/><net_sink comp="332" pin=0"/></net>

<net id="339"><net_src comp="132" pin="2"/><net_sink comp="332" pin=1"/></net>

<net id="340"><net_src comp="80" pin="0"/><net_sink comp="332" pin=2"/></net>

<net id="341"><net_src comp="82" pin="0"/><net_sink comp="332" pin=3"/></net>

<net id="342"><net_src comp="332" pin="4"/><net_sink comp="181" pin=0"/></net>

<net id="343"><net_src comp="332" pin="4"/><net_sink comp="181" pin=2"/></net>

<net id="344"><net_src comp="332" pin="4"/><net_sink comp="192" pin=4"/></net>

<net id="351"><net_src comp="66" pin="0"/><net_sink comp="345" pin=0"/></net>

<net id="352"><net_src comp="132" pin="2"/><net_sink comp="345" pin=1"/></net>

<net id="353"><net_src comp="84" pin="0"/><net_sink comp="345" pin=2"/></net>

<net id="354"><net_src comp="86" pin="0"/><net_sink comp="345" pin=3"/></net>

<net id="355"><net_src comp="345" pin="4"/><net_sink comp="192" pin=0"/></net>

<net id="356"><net_src comp="345" pin="4"/><net_sink comp="192" pin=2"/></net>

<net id="362"><net_src comp="299" pin="4"/><net_sink comp="357" pin=1"/></net>

<net id="363"><net_src comp="294" pin="1"/><net_sink comp="357" pin=2"/></net>

<net id="369"><net_src comp="309" pin="4"/><net_sink comp="364" pin=1"/></net>

<net id="370"><net_src comp="299" pin="4"/><net_sink comp="364" pin=2"/></net>

<net id="380"><net_src comp="88" pin="0"/><net_sink comp="371" pin=0"/></net>

<net id="381"><net_src comp="345" pin="4"/><net_sink comp="371" pin=1"/></net>

<net id="382"><net_src comp="192" pin="6"/><net_sink comp="371" pin=2"/></net>

<net id="383"><net_src comp="181" pin="6"/><net_sink comp="371" pin=3"/></net>

<net id="384"><net_src comp="170" pin="6"/><net_sink comp="371" pin=4"/></net>

<net id="385"><net_src comp="364" pin="3"/><net_sink comp="371" pin=5"/></net>

<net id="386"><net_src comp="357" pin="3"/><net_sink comp="371" pin=6"/></net>

<net id="387"><net_src comp="371" pin="7"/><net_sink comp="204" pin=2"/></net>

<net id="397"><net_src comp="88" pin="0"/><net_sink comp="388" pin=0"/></net>

<net id="398"><net_src comp="320" pin="4"/><net_sink comp="388" pin=1"/></net>

<net id="399"><net_src comp="192" pin="6"/><net_sink comp="388" pin=2"/></net>

<net id="400"><net_src comp="181" pin="6"/><net_sink comp="388" pin=3"/></net>

<net id="401"><net_src comp="170" pin="6"/><net_sink comp="388" pin=4"/></net>

<net id="402"><net_src comp="364" pin="3"/><net_sink comp="388" pin=5"/></net>

<net id="403"><net_src comp="357" pin="3"/><net_sink comp="388" pin=6"/></net>

<net id="404"><net_src comp="388" pin="7"/><net_sink comp="204" pin=0"/></net>

<net id="414"><net_src comp="88" pin="0"/><net_sink comp="405" pin=0"/></net>

<net id="415"><net_src comp="309" pin="4"/><net_sink comp="405" pin=1"/></net>

<net id="416"><net_src comp="192" pin="6"/><net_sink comp="405" pin=2"/></net>

<net id="417"><net_src comp="181" pin="6"/><net_sink comp="405" pin=3"/></net>

<net id="418"><net_src comp="170" pin="6"/><net_sink comp="405" pin=4"/></net>

<net id="419"><net_src comp="364" pin="3"/><net_sink comp="405" pin=5"/></net>

<net id="420"><net_src comp="357" pin="3"/><net_sink comp="405" pin=6"/></net>

<net id="421"><net_src comp="405" pin="7"/><net_sink comp="204" pin=4"/></net>

<net id="425"><net_src comp="104" pin="1"/><net_sink comp="422" pin=0"/></net>

<net id="426"><net_src comp="422" pin="1"/><net_sink comp="231" pin=1"/></net>

<net id="427"><net_src comp="422" pin="1"/><net_sink comp="236" pin=0"/></net>

<net id="428"><net_src comp="422" pin="1"/><net_sink comp="289" pin=1"/></net>

<net id="432"><net_src comp="120" pin="2"/><net_sink comp="429" pin=0"/></net>

<net id="436"><net_src comp="126" pin="2"/><net_sink comp="433" pin=0"/></net>

<net id="437"><net_src comp="433" pin="1"/><net_sink comp="217" pin=0"/></net>

<net id="441"><net_src comp="225" pin="2"/><net_sink comp="438" pin=0"/></net>

<net id="442"><net_src comp="438" pin="1"/><net_sink comp="357" pin=0"/></net>

<net id="443"><net_src comp="438" pin="1"/><net_sink comp="364" pin=0"/></net>

<net id="447"><net_src comp="239" pin="2"/><net_sink comp="444" pin=0"/></net>

<net id="451"><net_src comp="251" pin="2"/><net_sink comp="448" pin=0"/></net>

<net id="452"><net_src comp="448" pin="1"/><net_sink comp="138" pin=12"/></net>

</net_list>

</model> 
---------------- Datapath Model END ------------------

* FSMD analyzer results:
  - Output states:
	Port: m_axis_video_V_data_V | {3 }
	Port: m_axis_video_V_keep_V | {3 }
	Port: m_axis_video_V_strb_V | {3 }
	Port: m_axis_video_V_user_V | {3 }
	Port: m_axis_video_V_last_V | {3 }
	Port: m_axis_video_V_id_V | {3 }
	Port: m_axis_video_V_dest_V | {3 }
 - Input state : 
	Port: MultiPixStream2AXIvideo_Pipeline_VITIS_LOOP_664_2 : sof | {1 }
	Port: MultiPixStream2AXIvideo_Pipeline_VITIS_LOOP_664_2 : OutVideoFormat_load | {1 }
	Port: MultiPixStream2AXIvideo_Pipeline_VITIS_LOOP_664_2 : trunc_ln9 | {1 }
	Port: MultiPixStream2AXIvideo_Pipeline_VITIS_LOOP_664_2 : add_ln677 | {1 }
	Port: MultiPixStream2AXIvideo_Pipeline_VITIS_LOOP_664_2 : stream_out_hresampled | {2 }
  - Chain level:
	State 1
		store_ln664 : 1
		j_1 : 1
		icmp_ln664 : 2
		j_2 : 2
		br_ln664 : 3
		icmp_ln677 : 2
		store_ln664 : 3
	State 2
		select_ln697 : 1
		select_ln697_1 : 1
		empty_141 : 1
		empty_140 : 1
		empty_139 : 1
		tmp_3 : 2
		tmp_2 : 2
		tmp_1 : 2
		empty : 3
	State 3
		write_ln712 : 1


============================================================
+ Verbose Summary: Datapath Resource usage 
============================================================

* Functional unit list:
|----------|----------------------------------------|---------|---------|
| Operation|             Functional Unit            |    FF   |   LUT   |
|----------|----------------------------------------|---------|---------|
|          |            icmp_ln697_fu_225           |    0    |    15   |
|   icmp   |            icmp_ln664_fu_239           |    0    |    17   |
|          |            icmp_ln677_fu_251           |    0    |    17   |
|----------|----------------------------------------|---------|---------|
|    add   |               j_2_fu_245               |    0    |    17   |
|----------|----------------------------------------|---------|---------|
|  select  |           select_ln697_fu_357          |    0    |    8    |
|          |          select_ln697_1_fu_364         |    0    |    8    |
|----------|----------------------------------------|---------|---------|
|          |       add_ln677_read_read_fu_108       |    0    |    0    |
|          |       trunc_ln9_read_read_fu_114       |    0    |    0    |
|   read   |  OutVideoFormat_load_read_read_fu_120  |    0    |    0    |
|          |          sof_read_read_fu_126          |    0    |    0    |
|          | stream_out_hresampled_read_read_fu_132 |    0    |    0    |
|----------|----------------------------------------|---------|---------|
|   write  |        write_ln712_write_fu_138        |    0    |    0    |
|----------|----------------------------------------|---------|---------|
|          |           switch_ln697_fu_257          |    0    |    0    |
|  switch  |           switch_ln697_fu_265          |    0    |    0    |
|          |           switch_ln697_fu_273          |    0    |    0    |
|          |           switch_ln697_fu_281          |    0    |    0    |
|----------|----------------------------------------|---------|---------|
|   trunc  |             pix_444_fu_294             |    0    |    0    |
|----------|----------------------------------------|---------|---------|
|          |            pix_rgb_4_fu_299            |    0    |    0    |
|          |             pix_422_fu_309             |    0    |    0    |
|partselect|             pix_rgb_fu_320             |    0    |    0    |
|          |            pix_444_2_fu_332            |    0    |    0    |
|          |            pix_444_3_fu_345            |    0    |    0    |
|----------|----------------------------------------|---------|---------|
|          |              tmp_3_fu_371              |    0    |    0    |
|bitconcatenate|              tmp_2_fu_388              |    0    |    0    |
|          |              tmp_1_fu_405              |    0    |    0    |
|----------|----------------------------------------|---------|---------|
|   Total  |                                        |    0    |    82   |
|----------|----------------------------------------|---------|---------|

Memories:
N/A

* Register list:
+--------------------------------+--------+
|                                |   FF   |
+--------------------------------+--------+
|OutVideoFormat_load_read_reg_429|    8   |
|        empty_139_reg_189       |    8   |
|        empty_140_reg_178       |    8   |
|        empty_141_reg_167       |    8   |
|          empty_reg_200         |   48   |
|       icmp_ln664_reg_444       |    1   |
|       icmp_ln677_reg_448       |    1   |
|       icmp_ln697_reg_438       |    1   |
|            j_reg_422           |   10   |
|          sof_1_reg_213         |    1   |
|        sof_read_reg_433        |    1   |
+--------------------------------+--------+
|              Total             |   95   |
+--------------------------------+--------+

* Multiplexer (MUX) list: 
|--------|------|------|------|--------|
|  Comp  |  Pin | Size |  BW  | S x BW |
|--------|------|------|------|--------|
|  Total |      |      |      |    0   |
|--------|------|------|------|--------|



* Summary:
+-----------+--------+--------+
|           |   FF   |   LUT  |
+-----------+--------+--------+
|  Function |    0   |   82   |
|   Memory  |    -   |    -   |
|Multiplexer|    -   |    -   |
|  Register |   95   |    -   |
+-----------+--------+--------+
|   Total   |   95   |   82   |
+-----------+--------+--------+
