

================================================================
== Vitis HLS Report for 'v_hcresampler_core_Pipeline_VITIS_LOOP_769_2'
================================================================
* Date:           Wed Jan 21 13:02:23 2026

* Version:        2025.2 (Build 6295257 on Nov 14 2025)
* Project:        prj
* Solution:       sol (Vivado IP Flow Target)
* Product family: zynquplus
* Target device:  xczu2cg-sfvc784-1-e


================================================================
== Performance Estimates
================================================================
+ Timing: 
    * Summary: 
    +--------+---------+----------+------------+
    |  Clock |  Target | Estimated| Uncertainty|
    +--------+---------+----------+------------+
    |ap_clk  |  5.00 ns|  3.443 ns|     1.35 ns|
    +--------+---------+----------+------------+

+ Latency: 
    * Summary: 
    +---------+---------+-----------+----------+-----+-----+-------------------+
    |  Latency (cycles) |  Latency (absolute)  |  Interval |      Pipeline     |
    |   min   |   max   |    min    |    max   | min | max |        Type       |
    +---------+---------+-----------+----------+-----+-----+-------------------+
    |        4|    32771|  20.000 ns|  0.164 ms|    0|    0|  loop pipeline stp|
    +---------+---------+-----------+----------+-----+-----+-------------------+

    + Detail: 
        * Instance: 
        N/A

        * Loop: 
        +--------------------+---------+---------+----------+-----------+-----------+-----------+----------+
        |                    |  Latency (cycles) | Iteration|  Initiation Interval  |    Trip   |          |
        |      Loop Name     |   min   |   max   |  Latency |  achieved |   target  |   Count   | Pipelined|
        +--------------------+---------+---------+----------+-----------+-----------+-----------+----------+
        |- VITIS_LOOP_769_2  |        2|    32769|         3|          1|          1|  0 ~ 32767|       yes|
        +--------------------+---------+---------+----------+-----------+-----------+-----------+----------+

============================================================
+ Verbose Summary: Synthesis Manager
============================================================
InlineROM: 1
ExposeGlobal: 0
============================================================
+ Verbose Summary: CDFG Model
============================================================
IsTopModel: 0
ResetActiveHigh: 1
IsCombinational: 0
IsDatapathOnly: 0
HasWiredReturn: 1
HasMFsm: 2
HasVarLatency: 1
IsPipeline: 0
IsRtlPipelined: 0
IsInstanceOverlapped: 0
IsDontTouch: 0
HasImplIP: 0
IsGatedGlobalClock: 0

+ Individual pipeline summary: 
  * Pipeline-0: initiation interval (II) = 1, depth = 3


============================================================
+ Verbose Summary: Schedule
============================================================
* Number of FSM states : 3
* Pipeline : 1
  Pipeline-0 : II = 1, D = 3, States = { 1 2 3 }
* Dataflow Pipeline: 0

* FSM state transitions: 
1 --> 2 
2 --> 3 
3 --> 

* FSM state operations: 

State 1 <SV = 0> <Delay = 1.99>
ST_1 : Operation 6 [1/1] (0.00ns)   --->   "%p_0_0_0_0_0509_1_3787_i = alloca i32 1"   --->   Operation 6 'alloca' 'p_0_0_0_0_0509_1_3787_i' <Predicate = true> <Delay = 0.00>
ST_1 : Operation 7 [1/1] (0.00ns)   --->   "%storemerge744791_i = alloca i32 1"   --->   Operation 7 'alloca' 'storemerge744791_i' <Predicate = true> <Delay = 0.00>
ST_1 : Operation 8 [1/1] (0.00ns)   --->   "%x = alloca i32 1" [C:/TFG_Vivado/vivado/axu2cga_trd.runs/bd_197a_csc_0_synth_1/prj/sol/.autopilot/db/v_csc.cpp:725->C:/TFG_Vivado/vivado/axu2cga_trd.runs/bd_197a_csc_0_synth_1/prj/sol/.autopilot/db/v_csc.cpp:460]   --->   Operation 8 'alloca' 'x' <Predicate = true> <Delay = 0.00>
ST_1 : Operation 9 [1/1] (0.00ns)   --->   "%p_0_0_0_0_0517757_i = alloca i32 1"   --->   Operation 9 'alloca' 'p_0_0_0_0_0517757_i' <Predicate = true> <Delay = 0.00>
ST_1 : Operation 10 [1/1] (0.00ns)   --->   "%p_0_3_0_0_0759_i = alloca i32 1"   --->   Operation 10 'alloca' 'p_0_3_0_0_0759_i' <Predicate = true> <Delay = 0.00>
ST_1 : Operation 11 [1/1] (0.00ns)   --->   "%mpix_cb_1 = alloca i32 1" [C:/TFG_Vivado/vivado/axu2cga_trd.runs/bd_197a_csc_0_synth_1/prj/sol/.autopilot/db/v_csc.cpp:738->C:/TFG_Vivado/vivado/axu2cga_trd.runs/bd_197a_csc_0_synth_1/prj/sol/.autopilot/db/v_csc.cpp:460]   --->   Operation 11 'alloca' 'mpix_cb_1' <Predicate = true> <Delay = 0.00>
ST_1 : Operation 12 [1/1] (0.00ns)   --->   "%mpix_cr_1 = alloca i32 1" [C:/TFG_Vivado/vivado/axu2cga_trd.runs/bd_197a_csc_0_synth_1/prj/sol/.autopilot/db/v_csc.cpp:738->C:/TFG_Vivado/vivado/axu2cga_trd.runs/bd_197a_csc_0_synth_1/prj/sol/.autopilot/db/v_csc.cpp:460]   --->   Operation 12 'alloca' 'mpix_cr_1' <Predicate = true> <Delay = 0.00>
ST_1 : Operation 13 [1/1] (0.00ns)   --->   "%pixbuf_y = alloca i32 1" [C:/TFG_Vivado/vivado/axu2cga_trd.runs/bd_197a_csc_0_synth_1/prj/sol/.autopilot/db/v_csc.cpp:745->C:/TFG_Vivado/vivado/axu2cga_trd.runs/bd_197a_csc_0_synth_1/prj/sol/.autopilot/db/v_csc.cpp:460]   --->   Operation 13 'alloca' 'pixbuf_y' <Predicate = true> <Delay = 0.00>
ST_1 : Operation 14 [1/1] (0.00ns)   --->   "%pixbuf_y_1 = alloca i32 1" [C:/TFG_Vivado/vivado/axu2cga_trd.runs/bd_197a_csc_0_synth_1/prj/sol/.autopilot/db/v_csc.cpp:745->C:/TFG_Vivado/vivado/axu2cga_trd.runs/bd_197a_csc_0_synth_1/prj/sol/.autopilot/db/v_csc.cpp:460]   --->   Operation 14 'alloca' 'pixbuf_y_1' <Predicate = true> <Delay = 0.00>
ST_1 : Operation 15 [1/1] (0.00ns)   --->   "%pixbuf_y_2 = alloca i32 1" [C:/TFG_Vivado/vivado/axu2cga_trd.runs/bd_197a_csc_0_synth_1/prj/sol/.autopilot/db/v_csc.cpp:745->C:/TFG_Vivado/vivado/axu2cga_trd.runs/bd_197a_csc_0_synth_1/prj/sol/.autopilot/db/v_csc.cpp:460]   --->   Operation 15 'alloca' 'pixbuf_y_2' <Predicate = true> <Delay = 0.00>
ST_1 : Operation 16 [1/1] (0.00ns)   --->   "%pixbuf_y_3 = alloca i32 1" [C:/TFG_Vivado/vivado/axu2cga_trd.runs/bd_197a_csc_0_synth_1/prj/sol/.autopilot/db/v_csc.cpp:745->C:/TFG_Vivado/vivado/axu2cga_trd.runs/bd_197a_csc_0_synth_1/prj/sol/.autopilot/db/v_csc.cpp:460]   --->   Operation 16 'alloca' 'pixbuf_y_3' <Predicate = true> <Delay = 0.00>
ST_1 : Operation 17 [1/1] (0.00ns)   --->   "%lshr_ln_read = read i15 @_ssdm_op_Read.ap_auto.i15, i15 %lshr_ln"   --->   Operation 17 'read' 'lshr_ln_read' <Predicate = true> <Delay = 0.00>
ST_1 : Operation 18 [1/1] (0.00ns)   --->   "%select_ln765_read = read i1 @_ssdm_op_Read.ap_auto.i1, i1 %select_ln765"   --->   Operation 18 'read' 'select_ln765_read' <Predicate = true> <Delay = 0.00>
ST_1 : Operation 19 [1/1] (0.00ns)   --->   "%p_read_1 = read i1 @_ssdm_op_Read.ap_auto.i1, i1 %p_read"   --->   Operation 19 'read' 'p_read_1' <Predicate = true> <Delay = 0.00>
ST_1 : Operation 20 [1/1] (0.00ns)   --->   "%loopWidth_read = read i16 @_ssdm_op_Read.ap_auto.i16, i16 %loopWidth"   --->   Operation 20 'read' 'loopWidth_read' <Predicate = true> <Delay = 0.00>
ST_1 : Operation 21 [1/1] (0.00ns)   --->   "%p_0_0_0_0_0517758_lcssa818_i_read = read i8 @_ssdm_op_Read.ap_auto.i8, i8 %p_0_0_0_0_0517758_lcssa818_i"   --->   Operation 21 'read' 'p_0_0_0_0_0517758_lcssa818_i_read' <Predicate = true> <Delay = 0.00>
ST_1 : Operation 22 [1/1] (0.00ns)   --->   "%p_0_3_0_0_0760_lcssa821_i_read = read i8 @_ssdm_op_Read.ap_auto.i8, i8 %p_0_3_0_0_0760_lcssa821_i"   --->   Operation 22 'read' 'p_0_3_0_0_0760_lcssa821_i_read' <Predicate = true> <Delay = 0.00>
ST_1 : Operation 23 [1/1] (0.00ns)   --->   "%p_0_0_0_0_0509_1_3788_lcssa847_i_read = read i8 @_ssdm_op_Read.ap_auto.i8, i8 %p_0_0_0_0_0509_1_3788_lcssa847_i"   --->   Operation 23 'read' 'p_0_0_0_0_0509_1_3788_lcssa847_i_read' <Predicate = true> <Delay = 0.00>
ST_1 : Operation 24 [1/1] (0.00ns)   --->   "%storemerge_lcssa850_i_read = read i8 @_ssdm_op_Read.ap_auto.i8, i8 %storemerge_lcssa850_i"   --->   Operation 24 'read' 'storemerge_lcssa850_i_read' <Predicate = true> <Delay = 0.00>
ST_1 : Operation 25 [1/1] (0.00ns)   --->   "%mpix_cb_read = read i8 @_ssdm_op_Read.ap_auto.i8, i8 %mpix_cb"   --->   Operation 25 'read' 'mpix_cb_read' <Predicate = true> <Delay = 0.00>
ST_1 : Operation 26 [1/1] (0.00ns)   --->   "%mpix_cr_read = read i8 @_ssdm_op_Read.ap_auto.i8, i8 %mpix_cr"   --->   Operation 26 'read' 'mpix_cr_read' <Predicate = true> <Delay = 0.00>
ST_1 : Operation 27 [1/1] (0.00ns)   --->   "%pixbuf_y_15_read = read i8 @_ssdm_op_Read.ap_auto.i8, i8 %pixbuf_y_15"   --->   Operation 27 'read' 'pixbuf_y_15_read' <Predicate = true> <Delay = 0.00>
ST_1 : Operation 28 [1/1] (0.00ns)   --->   "%pixbuf_y_16_read = read i8 @_ssdm_op_Read.ap_auto.i8, i8 %pixbuf_y_16"   --->   Operation 28 'read' 'pixbuf_y_16_read' <Predicate = true> <Delay = 0.00>
ST_1 : Operation 29 [1/1] (0.00ns)   --->   "%pixbuf_y_17_read = read i8 @_ssdm_op_Read.ap_auto.i8, i8 %pixbuf_y_17"   --->   Operation 29 'read' 'pixbuf_y_17_read' <Predicate = true> <Delay = 0.00>
ST_1 : Operation 30 [1/1] (0.00ns)   --->   "%pixbuf_y_18_read = read i8 @_ssdm_op_Read.ap_auto.i8, i8 %pixbuf_y_18"   --->   Operation 30 'read' 'pixbuf_y_18_read' <Predicate = true> <Delay = 0.00>
ST_1 : Operation 31 [1/1] (0.27ns)   --->   "%select_ln765_cast_cast = select i1 %select_ln765_read, i16 3, i16 0"   --->   Operation 31 'select' 'select_ln765_cast_cast' <Predicate = true> <Delay = 0.27> <CoreInst = "Sel">   --->   Core 73 'Sel' <Latency = 0> <II = 1> <Delay = 0.27> <FuncUnit> <Opcode : 'select'> <InPorts = 3> <OutPorts = 1>
ST_1 : Operation 32 [1/1] (0.00ns)   --->   "%specinterface_ln0 = specinterface void @_ssdm_op_SpecInterface, i48 %stream_in, void @empty_34, i32 0, i32 0, void @empty_49, i32 0, i32 0, void @empty_49, void @empty_49, void @empty_49, i32 0, i32 0, i32 0, i32 0, void @empty_49, void @empty_49, i32 4294967295, i32 0, i32 0, i32 0"   --->   Operation 32 'specinterface' 'specinterface_ln0' <Predicate = true> <Delay = 0.00>
ST_1 : Operation 33 [1/1] (0.00ns)   --->   "%specinterface_ln0 = specinterface void @_ssdm_op_SpecInterface, i48 %stream_in_hresampled, void @empty_34, i32 0, i32 0, void @empty_49, i32 0, i32 0, void @empty_49, void @empty_49, void @empty_49, i32 0, i32 0, i32 0, i32 0, void @empty_49, void @empty_49, i32 4294967295, i32 0, i32 0, i32 0"   --->   Operation 33 'specinterface' 'specinterface_ln0' <Predicate = true> <Delay = 0.00>
ST_1 : Operation 34 [1/1] (0.48ns)   --->   "%store_ln745 = store i8 %pixbuf_y_18_read, i8 %pixbuf_y_3" [C:/TFG_Vivado/vivado/axu2cga_trd.runs/bd_197a_csc_0_synth_1/prj/sol/.autopilot/db/v_csc.cpp:745->C:/TFG_Vivado/vivado/axu2cga_trd.runs/bd_197a_csc_0_synth_1/prj/sol/.autopilot/db/v_csc.cpp:460]   --->   Operation 34 'store' 'store_ln745' <Predicate = true> <Delay = 0.48>
ST_1 : Operation 35 [1/1] (0.48ns)   --->   "%store_ln745 = store i8 %pixbuf_y_17_read, i8 %pixbuf_y_2" [C:/TFG_Vivado/vivado/axu2cga_trd.runs/bd_197a_csc_0_synth_1/prj/sol/.autopilot/db/v_csc.cpp:745->C:/TFG_Vivado/vivado/axu2cga_trd.runs/bd_197a_csc_0_synth_1/prj/sol/.autopilot/db/v_csc.cpp:460]   --->   Operation 35 'store' 'store_ln745' <Predicate = true> <Delay = 0.48>
ST_1 : Operation 36 [1/1] (0.48ns)   --->   "%store_ln745 = store i8 %pixbuf_y_16_read, i8 %pixbuf_y_1" [C:/TFG_Vivado/vivado/axu2cga_trd.runs/bd_197a_csc_0_synth_1/prj/sol/.autopilot/db/v_csc.cpp:745->C:/TFG_Vivado/vivado/axu2cga_trd.runs/bd_197a_csc_0_synth_1/prj/sol/.autopilot/db/v_csc.cpp:460]   --->   Operation 36 'store' 'store_ln745' <Predicate = true> <Delay = 0.48>
ST_1 : Operation 37 [1/1] (0.48ns)   --->   "%store_ln745 = store i8 %pixbuf_y_15_read, i8 %pixbuf_y" [C:/TFG_Vivado/vivado/axu2cga_trd.runs/bd_197a_csc_0_synth_1/prj/sol/.autopilot/db/v_csc.cpp:745->C:/TFG_Vivado/vivado/axu2cga_trd.runs/bd_197a_csc_0_synth_1/prj/sol/.autopilot/db/v_csc.cpp:460]   --->   Operation 37 'store' 'store_ln745' <Predicate = true> <Delay = 0.48>
ST_1 : Operation 38 [1/1] (0.48ns)   --->   "%store_ln738 = store i8 %mpix_cr_read, i8 %mpix_cr_1" [C:/TFG_Vivado/vivado/axu2cga_trd.runs/bd_197a_csc_0_synth_1/prj/sol/.autopilot/db/v_csc.cpp:738->C:/TFG_Vivado/vivado/axu2cga_trd.runs/bd_197a_csc_0_synth_1/prj/sol/.autopilot/db/v_csc.cpp:460]   --->   Operation 38 'store' 'store_ln738' <Predicate = true> <Delay = 0.48>
ST_1 : Operation 39 [1/1] (0.48ns)   --->   "%store_ln738 = store i8 %mpix_cb_read, i8 %mpix_cb_1" [C:/TFG_Vivado/vivado/axu2cga_trd.runs/bd_197a_csc_0_synth_1/prj/sol/.autopilot/db/v_csc.cpp:738->C:/TFG_Vivado/vivado/axu2cga_trd.runs/bd_197a_csc_0_synth_1/prj/sol/.autopilot/db/v_csc.cpp:460]   --->   Operation 39 'store' 'store_ln738' <Predicate = true> <Delay = 0.48>
ST_1 : Operation 40 [1/1] (0.48ns)   --->   "%store_ln0 = store i8 %p_0_3_0_0_0760_lcssa821_i_read, i8 %p_0_3_0_0_0759_i"   --->   Operation 40 'store' 'store_ln0' <Predicate = true> <Delay = 0.48>
ST_1 : Operation 41 [1/1] (0.48ns)   --->   "%store_ln0 = store i8 %p_0_0_0_0_0517758_lcssa818_i_read, i8 %p_0_0_0_0_0517757_i"   --->   Operation 41 'store' 'store_ln0' <Predicate = true> <Delay = 0.48>
ST_1 : Operation 42 [1/1] (0.48ns)   --->   "%store_ln725 = store i15 0, i15 %x" [C:/TFG_Vivado/vivado/axu2cga_trd.runs/bd_197a_csc_0_synth_1/prj/sol/.autopilot/db/v_csc.cpp:725->C:/TFG_Vivado/vivado/axu2cga_trd.runs/bd_197a_csc_0_synth_1/prj/sol/.autopilot/db/v_csc.cpp:460]   --->   Operation 42 'store' 'store_ln725' <Predicate = true> <Delay = 0.48>
ST_1 : Operation 43 [1/1] (0.48ns)   --->   "%store_ln0 = store i8 %storemerge_lcssa850_i_read, i8 %storemerge744791_i"   --->   Operation 43 'store' 'store_ln0' <Predicate = true> <Delay = 0.48>
ST_1 : Operation 44 [1/1] (0.48ns)   --->   "%store_ln0 = store i8 %p_0_0_0_0_0509_1_3788_lcssa847_i_read, i8 %p_0_0_0_0_0509_1_3787_i"   --->   Operation 44 'store' 'store_ln0' <Predicate = true> <Delay = 0.48>
ST_1 : Operation 45 [1/1] (0.00ns)   --->   "%br_ln769 = br void %for.body37.i" [C:/TFG_Vivado/vivado/axu2cga_trd.runs/bd_197a_csc_0_synth_1/prj/sol/.autopilot/db/v_csc.cpp:769->C:/TFG_Vivado/vivado/axu2cga_trd.runs/bd_197a_csc_0_synth_1/prj/sol/.autopilot/db/v_csc.cpp:460]   --->   Operation 45 'br' 'br_ln769' <Predicate = true> <Delay = 0.00>
ST_1 : Operation 46 [1/1] (0.00ns)   --->   "%x_1 = load i15 %x" [C:/TFG_Vivado/vivado/axu2cga_trd.runs/bd_197a_csc_0_synth_1/prj/sol/.autopilot/db/v_csc.cpp:769->C:/TFG_Vivado/vivado/axu2cga_trd.runs/bd_197a_csc_0_synth_1/prj/sol/.autopilot/db/v_csc.cpp:460]   --->   Operation 46 'load' 'x_1' <Predicate = true> <Delay = 0.00>
ST_1 : Operation 47 [1/1] (0.00ns)   --->   "%zext_ln769 = zext i15 %x_1" [C:/TFG_Vivado/vivado/axu2cga_trd.runs/bd_197a_csc_0_synth_1/prj/sol/.autopilot/db/v_csc.cpp:769->C:/TFG_Vivado/vivado/axu2cga_trd.runs/bd_197a_csc_0_synth_1/prj/sol/.autopilot/db/v_csc.cpp:460]   --->   Operation 47 'zext' 'zext_ln769' <Predicate = true> <Delay = 0.00>
ST_1 : Operation 48 [1/1] (1.01ns)   --->   "%icmp_ln769 = icmp_slt  i16 %zext_ln769, i16 %loopWidth_read" [C:/TFG_Vivado/vivado/axu2cga_trd.runs/bd_197a_csc_0_synth_1/prj/sol/.autopilot/db/v_csc.cpp:769->C:/TFG_Vivado/vivado/axu2cga_trd.runs/bd_197a_csc_0_synth_1/prj/sol/.autopilot/db/v_csc.cpp:460]   --->   Operation 48 'icmp' 'icmp_ln769' <Predicate = true> <Delay = 1.01> <CoreInst = "Cmp">   --->   Core 9 'Cmp' <Latency = 0> <II = 1> <Delay = 1.01> <FuncUnit> <Opcode : 'seteq' 'setne' 'setle' 'setge' 'setlt' 'setgt'> <InPorts = 2> <OutPorts = 1>
ST_1 : Operation 49 [1/1] (1.00ns)   --->   "%x_2 = add i15 %x_1, i15 1" [C:/TFG_Vivado/vivado/axu2cga_trd.runs/bd_197a_csc_0_synth_1/prj/sol/.autopilot/db/v_csc.cpp:769->C:/TFG_Vivado/vivado/axu2cga_trd.runs/bd_197a_csc_0_synth_1/prj/sol/.autopilot/db/v_csc.cpp:460]   --->   Operation 49 'add' 'x_2' <Predicate = true> <Delay = 1.00> <CoreInst = "Adder">   --->   Core 1 'Adder' <Latency = 0> <II = 1> <Delay = 1.00> <FuncUnit> <Opcode : 'add' 'sub'> <InPorts = 2> <OutPorts = 1>
ST_1 : Operation 50 [1/1] (0.00ns)   --->   "%br_ln769 = br i1 %icmp_ln769, void %for.inc483.i.exitStub, void %for.body37.split.i" [C:/TFG_Vivado/vivado/axu2cga_trd.runs/bd_197a_csc_0_synth_1/prj/sol/.autopilot/db/v_csc.cpp:769->C:/TFG_Vivado/vivado/axu2cga_trd.runs/bd_197a_csc_0_synth_1/prj/sol/.autopilot/db/v_csc.cpp:460]   --->   Operation 50 'br' 'br_ln769' <Predicate = true> <Delay = 0.00>
ST_1 : Operation 51 [1/1] (0.00ns)   --->   "%specpipeline_ln772 = specpipeline void @_ssdm_op_SpecPipeline, i32 1, i32 0, i32 0, i32 0, i32 4294967295, void @empty_49" [C:/TFG_Vivado/vivado/axu2cga_trd.runs/bd_197a_csc_0_synth_1/prj/sol/.autopilot/db/v_csc.cpp:772->C:/TFG_Vivado/vivado/axu2cga_trd.runs/bd_197a_csc_0_synth_1/prj/sol/.autopilot/db/v_csc.cpp:460]   --->   Operation 51 'specpipeline' 'specpipeline_ln772' <Predicate = (icmp_ln769)> <Delay = 0.00>
ST_1 : Operation 52 [1/1] (0.00ns)   --->   "%specloopname_ln769 = specloopname void @_ssdm_op_SpecLoopName, void @empty_42" [C:/TFG_Vivado/vivado/axu2cga_trd.runs/bd_197a_csc_0_synth_1/prj/sol/.autopilot/db/v_csc.cpp:769->C:/TFG_Vivado/vivado/axu2cga_trd.runs/bd_197a_csc_0_synth_1/prj/sol/.autopilot/db/v_csc.cpp:460]   --->   Operation 52 'specloopname' 'specloopname_ln769' <Predicate = (icmp_ln769)> <Delay = 0.00>
ST_1 : Operation 53 [1/1] (1.00ns)   --->   "%out_x = sub i16 %zext_ln769, i16 %select_ln765_cast_cast" [C:/TFG_Vivado/vivado/axu2cga_trd.runs/bd_197a_csc_0_synth_1/prj/sol/.autopilot/db/v_csc.cpp:775->C:/TFG_Vivado/vivado/axu2cga_trd.runs/bd_197a_csc_0_synth_1/prj/sol/.autopilot/db/v_csc.cpp:460]   --->   Operation 53 'sub' 'out_x' <Predicate = (icmp_ln769)> <Delay = 1.00> <CoreInst = "Adder">   --->   Core 1 'Adder' <Latency = 0> <II = 1> <Delay = 1.00> <FuncUnit> <Opcode : 'add' 'sub'> <InPorts = 2> <OutPorts = 1>
ST_1 : Operation 54 [1/1] (1.00ns)   --->   "%icmp_ln777 = icmp_ugt  i15 %lshr_ln_read, i15 %x_1" [C:/TFG_Vivado/vivado/axu2cga_trd.runs/bd_197a_csc_0_synth_1/prj/sol/.autopilot/db/v_csc.cpp:777->C:/TFG_Vivado/vivado/axu2cga_trd.runs/bd_197a_csc_0_synth_1/prj/sol/.autopilot/db/v_csc.cpp:460]   --->   Operation 54 'icmp' 'icmp_ln777' <Predicate = (icmp_ln769)> <Delay = 1.00> <CoreInst = "Cmp">   --->   Core 9 'Cmp' <Latency = 0> <II = 1> <Delay = 1.00> <FuncUnit> <Opcode : 'seteq' 'setne' 'setle' 'setge' 'setlt' 'setgt'> <InPorts = 2> <OutPorts = 1>
ST_1 : Operation 55 [1/1] (0.00ns)   --->   "%br_ln777 = br i1 %icmp_ln777, void %VITIS_LOOP_805_4.i, void %VITIS_LOOP_781_3.i" [C:/TFG_Vivado/vivado/axu2cga_trd.runs/bd_197a_csc_0_synth_1/prj/sol/.autopilot/db/v_csc.cpp:777->C:/TFG_Vivado/vivado/axu2cga_trd.runs/bd_197a_csc_0_synth_1/prj/sol/.autopilot/db/v_csc.cpp:460]   --->   Operation 55 'br' 'br_ln777' <Predicate = (icmp_ln769)> <Delay = 0.00>
ST_1 : Operation 56 [1/1] (1.00ns)   --->   "%icmp_ln833 = icmp_eq  i15 %x_1, i15 0" [C:/TFG_Vivado/vivado/axu2cga_trd.runs/bd_197a_csc_0_synth_1/prj/sol/.autopilot/db/v_csc.cpp:833->C:/TFG_Vivado/vivado/axu2cga_trd.runs/bd_197a_csc_0_synth_1/prj/sol/.autopilot/db/v_csc.cpp:460]   --->   Operation 56 'icmp' 'icmp_ln833' <Predicate = (icmp_ln769)> <Delay = 1.00> <CoreInst = "Cmp">   --->   Core 9 'Cmp' <Latency = 0> <II = 1> <Delay = 1.00> <FuncUnit> <Opcode : 'seteq' 'setne' 'setle' 'setge' 'setlt' 'setgt'> <InPorts = 2> <OutPorts = 1>
ST_1 : Operation 57 [1/1] (0.00ns)   --->   "%tmp = bitselect i1 @_ssdm_op_BitSelect.i1.i16.i32, i16 %out_x, i32 15" [C:/TFG_Vivado/vivado/axu2cga_trd.runs/bd_197a_csc_0_synth_1/prj/sol/.autopilot/db/v_csc.cpp:922->C:/TFG_Vivado/vivado/axu2cga_trd.runs/bd_197a_csc_0_synth_1/prj/sol/.autopilot/db/v_csc.cpp:460]   --->   Operation 57 'bitselect' 'tmp' <Predicate = (icmp_ln769)> <Delay = 0.00>
ST_1 : Operation 58 [1/1] (0.00ns)   --->   "%br_ln922 = br i1 %tmp, void %if.then475.i, void %for.inc480.i" [C:/TFG_Vivado/vivado/axu2cga_trd.runs/bd_197a_csc_0_synth_1/prj/sol/.autopilot/db/v_csc.cpp:922->C:/TFG_Vivado/vivado/axu2cga_trd.runs/bd_197a_csc_0_synth_1/prj/sol/.autopilot/db/v_csc.cpp:460]   --->   Operation 58 'br' 'br_ln922' <Predicate = (icmp_ln769)> <Delay = 0.00>
ST_1 : Operation 59 [1/1] (0.00ns)   --->   "%br_ln924 = br i1 %p_read_1, void %if.else477.i, void %if.then476.i" [C:/TFG_Vivado/vivado/axu2cga_trd.runs/bd_197a_csc_0_synth_1/prj/sol/.autopilot/db/v_csc.cpp:924->C:/TFG_Vivado/vivado/axu2cga_trd.runs/bd_197a_csc_0_synth_1/prj/sol/.autopilot/db/v_csc.cpp:460]   --->   Operation 59 'br' 'br_ln924' <Predicate = (icmp_ln769 & !tmp)> <Delay = 0.00>
ST_1 : Operation 60 [1/1] (0.00ns)   --->   "%br_ln928 = br void %for.inc480.i" [C:/TFG_Vivado/vivado/axu2cga_trd.runs/bd_197a_csc_0_synth_1/prj/sol/.autopilot/db/v_csc.cpp:928->C:/TFG_Vivado/vivado/axu2cga_trd.runs/bd_197a_csc_0_synth_1/prj/sol/.autopilot/db/v_csc.cpp:460]   --->   Operation 60 'br' 'br_ln928' <Predicate = (icmp_ln769 & !tmp)> <Delay = 0.00>
ST_1 : Operation 61 [1/1] (0.48ns)   --->   "%store_ln725 = store i15 %x_2, i15 %x" [C:/TFG_Vivado/vivado/axu2cga_trd.runs/bd_197a_csc_0_synth_1/prj/sol/.autopilot/db/v_csc.cpp:725->C:/TFG_Vivado/vivado/axu2cga_trd.runs/bd_197a_csc_0_synth_1/prj/sol/.autopilot/db/v_csc.cpp:460]   --->   Operation 61 'store' 'store_ln725' <Predicate = (icmp_ln769)> <Delay = 0.48>

State 2 <SV = 1> <Delay = 2.31>
ST_2 : Operation 62 [1/1] ( I:1.82ns O:1.82ns )   --->   "%stream_in_read = read i48 @_ssdm_op_Read.ap_fifo.volatile.i48P0A, i48 %stream_in" [C:/TFG_Vivado/vivado/axu2cga_trd.runs/bd_197a_csc_0_synth_1/prj/sol/.autopilot/db/v_csc.cpp:779->C:/TFG_Vivado/vivado/axu2cga_trd.runs/bd_197a_csc_0_synth_1/prj/sol/.autopilot/db/v_csc.cpp:460]   --->   Operation 62 'read' 'stream_in_read' <Predicate = (icmp_ln769 & icmp_ln777)> <Delay = 1.82> <CoreInst = "FIFO_SRL">   --->   Core 80 'FIFO_SRL' <Latency = 0> <II = 1> <Delay = 2.25> <Storage> <Opcode : 'read' 'write' 'nbread' 'nbwrite'> <Ports = 0> <Width = 48> <Depth = 16> <FIFO>
ST_2 : Operation 63 [1/1] (0.00ns)   --->   "%trunc_ln779 = trunc i48 %stream_in_read" [C:/TFG_Vivado/vivado/axu2cga_trd.runs/bd_197a_csc_0_synth_1/prj/sol/.autopilot/db/v_csc.cpp:779->C:/TFG_Vivado/vivado/axu2cga_trd.runs/bd_197a_csc_0_synth_1/prj/sol/.autopilot/db/v_csc.cpp:460]   --->   Operation 63 'trunc' 'trunc_ln779' <Predicate = (icmp_ln769 & icmp_ln777)> <Delay = 0.00>
ST_2 : Operation 64 [1/1] (0.00ns)   --->   "%mpix_cb_2 = partselect i8 @_ssdm_op_PartSelect.i8.i48.i32.i32, i48 %stream_in_read, i32 8, i32 15" [C:/TFG_Vivado/vivado/axu2cga_trd.runs/bd_197a_csc_0_synth_1/prj/sol/.autopilot/db/v_csc.cpp:779->C:/TFG_Vivado/vivado/axu2cga_trd.runs/bd_197a_csc_0_synth_1/prj/sol/.autopilot/db/v_csc.cpp:460]   --->   Operation 64 'partselect' 'mpix_cb_2' <Predicate = (icmp_ln769 & icmp_ln777)> <Delay = 0.00>
ST_2 : Operation 65 [1/1] (0.00ns)   --->   "%trunc_ln779_7 = partselect i8 @_ssdm_op_PartSelect.i8.i48.i32.i32, i48 %stream_in_read, i32 16, i32 23" [C:/TFG_Vivado/vivado/axu2cga_trd.runs/bd_197a_csc_0_synth_1/prj/sol/.autopilot/db/v_csc.cpp:779->C:/TFG_Vivado/vivado/axu2cga_trd.runs/bd_197a_csc_0_synth_1/prj/sol/.autopilot/db/v_csc.cpp:460]   --->   Operation 65 'partselect' 'trunc_ln779_7' <Predicate = (icmp_ln769 & icmp_ln777)> <Delay = 0.00>
ST_2 : Operation 66 [1/1] (0.00ns)   --->   "%trunc_ln779_8 = partselect i8 @_ssdm_op_PartSelect.i8.i48.i32.i32, i48 %stream_in_read, i32 24, i32 31" [C:/TFG_Vivado/vivado/axu2cga_trd.runs/bd_197a_csc_0_synth_1/prj/sol/.autopilot/db/v_csc.cpp:779->C:/TFG_Vivado/vivado/axu2cga_trd.runs/bd_197a_csc_0_synth_1/prj/sol/.autopilot/db/v_csc.cpp:460]   --->   Operation 66 'partselect' 'trunc_ln779_8' <Predicate = (icmp_ln769 & icmp_ln777)> <Delay = 0.00>
ST_2 : Operation 67 [1/1] (0.00ns)   --->   "%mpix_cr_2 = partselect i8 @_ssdm_op_PartSelect.i8.i48.i32.i32, i48 %stream_in_read, i32 32, i32 39" [C:/TFG_Vivado/vivado/axu2cga_trd.runs/bd_197a_csc_0_synth_1/prj/sol/.autopilot/db/v_csc.cpp:779->C:/TFG_Vivado/vivado/axu2cga_trd.runs/bd_197a_csc_0_synth_1/prj/sol/.autopilot/db/v_csc.cpp:460]   --->   Operation 67 'partselect' 'mpix_cr_2' <Predicate = (icmp_ln769 & icmp_ln777)> <Delay = 0.00>
ST_2 : Operation 68 [1/1] (0.00ns)   --->   "%trunc_ln779_s = partselect i8 @_ssdm_op_PartSelect.i8.i48.i32.i32, i48 %stream_in_read, i32 40, i32 47" [C:/TFG_Vivado/vivado/axu2cga_trd.runs/bd_197a_csc_0_synth_1/prj/sol/.autopilot/db/v_csc.cpp:779->C:/TFG_Vivado/vivado/axu2cga_trd.runs/bd_197a_csc_0_synth_1/prj/sol/.autopilot/db/v_csc.cpp:460]   --->   Operation 68 'partselect' 'trunc_ln779_s' <Predicate = (icmp_ln769 & icmp_ln777)> <Delay = 0.00>
ST_2 : Operation 69 [1/1] (0.48ns)   --->   "%store_ln738 = store i8 %mpix_cr_2, i8 %mpix_cr_1" [C:/TFG_Vivado/vivado/axu2cga_trd.runs/bd_197a_csc_0_synth_1/prj/sol/.autopilot/db/v_csc.cpp:738->C:/TFG_Vivado/vivado/axu2cga_trd.runs/bd_197a_csc_0_synth_1/prj/sol/.autopilot/db/v_csc.cpp:460]   --->   Operation 69 'store' 'store_ln738' <Predicate = (icmp_ln769 & icmp_ln777)> <Delay = 0.48>
ST_2 : Operation 70 [1/1] (0.48ns)   --->   "%store_ln738 = store i8 %mpix_cb_2, i8 %mpix_cb_1" [C:/TFG_Vivado/vivado/axu2cga_trd.runs/bd_197a_csc_0_synth_1/prj/sol/.autopilot/db/v_csc.cpp:738->C:/TFG_Vivado/vivado/axu2cga_trd.runs/bd_197a_csc_0_synth_1/prj/sol/.autopilot/db/v_csc.cpp:460]   --->   Operation 70 'store' 'store_ln738' <Predicate = (icmp_ln769 & icmp_ln777)> <Delay = 0.48>
ST_2 : Operation 71 [1/1] (0.48ns)   --->   "%store_ln779 = store i8 %trunc_ln779_8, i8 %p_0_3_0_0_0759_i" [C:/TFG_Vivado/vivado/axu2cga_trd.runs/bd_197a_csc_0_synth_1/prj/sol/.autopilot/db/v_csc.cpp:779->C:/TFG_Vivado/vivado/axu2cga_trd.runs/bd_197a_csc_0_synth_1/prj/sol/.autopilot/db/v_csc.cpp:460]   --->   Operation 71 'store' 'store_ln779' <Predicate = (icmp_ln769 & icmp_ln777)> <Delay = 0.48>
ST_2 : Operation 72 [1/1] (0.48ns)   --->   "%store_ln779 = store i8 %trunc_ln779, i8 %p_0_0_0_0_0517757_i" [C:/TFG_Vivado/vivado/axu2cga_trd.runs/bd_197a_csc_0_synth_1/prj/sol/.autopilot/db/v_csc.cpp:779->C:/TFG_Vivado/vivado/axu2cga_trd.runs/bd_197a_csc_0_synth_1/prj/sol/.autopilot/db/v_csc.cpp:460]   --->   Operation 72 'store' 'store_ln779' <Predicate = (icmp_ln769 & icmp_ln777)> <Delay = 0.48>
ST_2 : Operation 73 [1/1] (0.00ns)   --->   "%store_ln779 = store i8 %trunc_ln779_s, i8 %inpix_0_5_0_0_0_load755_i_out" [C:/TFG_Vivado/vivado/axu2cga_trd.runs/bd_197a_csc_0_synth_1/prj/sol/.autopilot/db/v_csc.cpp:779->C:/TFG_Vivado/vivado/axu2cga_trd.runs/bd_197a_csc_0_synth_1/prj/sol/.autopilot/db/v_csc.cpp:460]   --->   Operation 73 'store' 'store_ln779' <Predicate = (icmp_ln769 & icmp_ln777)> <Delay = 0.00>
ST_2 : Operation 74 [1/1] (0.00ns)   --->   "%store_ln779 = store i8 %mpix_cr_2, i8 %inpix_0_4_0_0_0_load753_i_out" [C:/TFG_Vivado/vivado/axu2cga_trd.runs/bd_197a_csc_0_synth_1/prj/sol/.autopilot/db/v_csc.cpp:779->C:/TFG_Vivado/vivado/axu2cga_trd.runs/bd_197a_csc_0_synth_1/prj/sol/.autopilot/db/v_csc.cpp:460]   --->   Operation 74 'store' 'store_ln779' <Predicate = (icmp_ln769 & icmp_ln777)> <Delay = 0.00>
ST_2 : Operation 75 [1/1] (0.00ns)   --->   "%store_ln779 = store i8 %trunc_ln779_8, i8 %inpix_0_3_0_0_0_load751_i_out" [C:/TFG_Vivado/vivado/axu2cga_trd.runs/bd_197a_csc_0_synth_1/prj/sol/.autopilot/db/v_csc.cpp:779->C:/TFG_Vivado/vivado/axu2cga_trd.runs/bd_197a_csc_0_synth_1/prj/sol/.autopilot/db/v_csc.cpp:460]   --->   Operation 75 'store' 'store_ln779' <Predicate = (icmp_ln769 & icmp_ln777)> <Delay = 0.00>
ST_2 : Operation 76 [1/1] (0.00ns)   --->   "%store_ln779 = store i8 %trunc_ln779_7, i8 %inpix_0_2_0_0_0_load749_i_out" [C:/TFG_Vivado/vivado/axu2cga_trd.runs/bd_197a_csc_0_synth_1/prj/sol/.autopilot/db/v_csc.cpp:779->C:/TFG_Vivado/vivado/axu2cga_trd.runs/bd_197a_csc_0_synth_1/prj/sol/.autopilot/db/v_csc.cpp:460]   --->   Operation 76 'store' 'store_ln779' <Predicate = (icmp_ln769 & icmp_ln777)> <Delay = 0.00>
ST_2 : Operation 77 [1/1] (0.00ns)   --->   "%store_ln779 = store i8 %mpix_cb_2, i8 %inpix_0_1_0_0_0_load747_i_out" [C:/TFG_Vivado/vivado/axu2cga_trd.runs/bd_197a_csc_0_synth_1/prj/sol/.autopilot/db/v_csc.cpp:779->C:/TFG_Vivado/vivado/axu2cga_trd.runs/bd_197a_csc_0_synth_1/prj/sol/.autopilot/db/v_csc.cpp:460]   --->   Operation 77 'store' 'store_ln779' <Predicate = (icmp_ln769 & icmp_ln777)> <Delay = 0.00>
ST_2 : Operation 78 [1/1] (0.00ns)   --->   "%store_ln779 = store i8 %trunc_ln779, i8 %inpix_0_0_0_0_0_load745_i_out" [C:/TFG_Vivado/vivado/axu2cga_trd.runs/bd_197a_csc_0_synth_1/prj/sol/.autopilot/db/v_csc.cpp:779->C:/TFG_Vivado/vivado/axu2cga_trd.runs/bd_197a_csc_0_synth_1/prj/sol/.autopilot/db/v_csc.cpp:460]   --->   Operation 78 'store' 'store_ln779' <Predicate = (icmp_ln769 & icmp_ln777)> <Delay = 0.00>
ST_2 : Operation 79 [1/1] (0.00ns)   --->   "%br_ln801 = br void %VITIS_LOOP_805_4.i" [C:/TFG_Vivado/vivado/axu2cga_trd.runs/bd_197a_csc_0_synth_1/prj/sol/.autopilot/db/v_csc.cpp:801->C:/TFG_Vivado/vivado/axu2cga_trd.runs/bd_197a_csc_0_synth_1/prj/sol/.autopilot/db/v_csc.cpp:460]   --->   Operation 79 'br' 'br_ln801' <Predicate = (icmp_ln769 & icmp_ln777)> <Delay = 0.00>

State 3 <SV = 2> <Delay = 3.44>
ST_3 : Operation 80 [1/1] (0.00ns)   --->   "%pixbuf_y_4 = load i8 %pixbuf_y"   --->   Operation 80 'load' 'pixbuf_y_4' <Predicate = true> <Delay = 0.00>
ST_3 : Operation 81 [1/1] (0.00ns)   --->   "%pixbuf_y_5 = load i8 %pixbuf_y_1"   --->   Operation 81 'load' 'pixbuf_y_5' <Predicate = true> <Delay = 0.00>
ST_3 : Operation 82 [1/1] (0.00ns)   --->   "%pixbuf_y_6 = load i8 %pixbuf_y_2"   --->   Operation 82 'load' 'pixbuf_y_6' <Predicate = true> <Delay = 0.00>
ST_3 : Operation 83 [1/1] (0.00ns)   --->   "%pixbuf_y_7 = load i8 %pixbuf_y_3"   --->   Operation 83 'load' 'pixbuf_y_7' <Predicate = true> <Delay = 0.00>
ST_3 : Operation 84 [1/1] (0.00ns)   --->   "%speclooptripcount_ln0 = speclooptripcount void @_ssdm_op_SpecLoopTripCount, i64 0, i64 32767, i64 16385"   --->   Operation 84 'speclooptripcount' 'speclooptripcount_ln0' <Predicate = true> <Delay = 0.00>
ST_3 : Operation 85 [1/1] (0.00ns)   --->   "%p_0_0_0_0_0509_2770_i_out_load = load i8 %p_0_0_0_0_0509_2770_i_out" [C:/TFG_Vivado/vivado/axu2cga_trd.runs/bd_197a_csc_0_synth_1/prj/sol/.autopilot/db/v_csc.cpp:859->C:/TFG_Vivado/vivado/axu2cga_trd.runs/bd_197a_csc_0_synth_1/prj/sol/.autopilot/db/v_csc.cpp:460]   --->   Operation 85 'load' 'p_0_0_0_0_0509_2770_i_out_load' <Predicate = (icmp_ln769 & !icmp_ln833)> <Delay = 0.00>
ST_3 : Operation 86 [1/1] (0.00ns)   --->   "%p_0_0_0_0_0_2774_i_out_load = load i8 %p_0_0_0_0_0_2774_i_out" [C:/TFG_Vivado/vivado/axu2cga_trd.runs/bd_197a_csc_0_synth_1/prj/sol/.autopilot/db/v_csc.cpp:859->C:/TFG_Vivado/vivado/axu2cga_trd.runs/bd_197a_csc_0_synth_1/prj/sol/.autopilot/db/v_csc.cpp:460]   --->   Operation 86 'load' 'p_0_0_0_0_0_2774_i_out_load' <Predicate = (icmp_ln769 & !icmp_ln833)> <Delay = 0.00>
ST_3 : Operation 87 [1/1] (0.00ns)   --->   "%p_0_0_0_0_0509_3778_i_out_load = load i8 %p_0_0_0_0_0509_3778_i_out" [C:/TFG_Vivado/vivado/axu2cga_trd.runs/bd_197a_csc_0_synth_1/prj/sol/.autopilot/db/v_csc.cpp:859->C:/TFG_Vivado/vivado/axu2cga_trd.runs/bd_197a_csc_0_synth_1/prj/sol/.autopilot/db/v_csc.cpp:460]   --->   Operation 87 'load' 'p_0_0_0_0_0509_3778_i_out_load' <Predicate = (icmp_ln769 & !icmp_ln833)> <Delay = 0.00>
ST_3 : Operation 88 [1/1] (0.00ns)   --->   "%p_0_0_0_0_0_3782_i_out_load = load i8 %p_0_0_0_0_0_3782_i_out" [C:/TFG_Vivado/vivado/axu2cga_trd.runs/bd_197a_csc_0_synth_1/prj/sol/.autopilot/db/v_csc.cpp:859->C:/TFG_Vivado/vivado/axu2cga_trd.runs/bd_197a_csc_0_synth_1/prj/sol/.autopilot/db/v_csc.cpp:460]   --->   Operation 88 'load' 'p_0_0_0_0_0_3782_i_out_load' <Predicate = (icmp_ln769 & !icmp_ln833)> <Delay = 0.00>
ST_3 : Operation 89 [1/1] (0.00ns)   --->   "%p_0_0_0_0_0509_1_3787_i_load = load i8 %p_0_0_0_0_0509_1_3787_i" [C:/TFG_Vivado/vivado/axu2cga_trd.runs/bd_197a_csc_0_synth_1/prj/sol/.autopilot/db/v_csc.cpp:859->C:/TFG_Vivado/vivado/axu2cga_trd.runs/bd_197a_csc_0_synth_1/prj/sol/.autopilot/db/v_csc.cpp:460]   --->   Operation 89 'load' 'p_0_0_0_0_0509_1_3787_i_load' <Predicate = (icmp_ln769 & !icmp_ln833)> <Delay = 0.00>
ST_3 : Operation 90 [1/1] (0.00ns)   --->   "%storemerge744791_i_load = load i8 %storemerge744791_i" [C:/TFG_Vivado/vivado/axu2cga_trd.runs/bd_197a_csc_0_synth_1/prj/sol/.autopilot/db/v_csc.cpp:859->C:/TFG_Vivado/vivado/axu2cga_trd.runs/bd_197a_csc_0_synth_1/prj/sol/.autopilot/db/v_csc.cpp:460]   --->   Operation 90 'load' 'storemerge744791_i_load' <Predicate = (icmp_ln769 & !icmp_ln833)> <Delay = 0.00>
ST_3 : Operation 91 [1/1] (0.00ns)   --->   "%mpix_cb_3 = load i8 %mpix_cb_1" [C:/TFG_Vivado/vivado/axu2cga_trd.runs/bd_197a_csc_0_synth_1/prj/sol/.autopilot/db/v_csc.cpp:859->C:/TFG_Vivado/vivado/axu2cga_trd.runs/bd_197a_csc_0_synth_1/prj/sol/.autopilot/db/v_csc.cpp:460]   --->   Operation 91 'load' 'mpix_cb_3' <Predicate = (icmp_ln769)> <Delay = 0.00>
ST_3 : Operation 92 [1/1] (0.00ns)   --->   "%mpix_cr_3 = load i8 %mpix_cr_1" [C:/TFG_Vivado/vivado/axu2cga_trd.runs/bd_197a_csc_0_synth_1/prj/sol/.autopilot/db/v_csc.cpp:859->C:/TFG_Vivado/vivado/axu2cga_trd.runs/bd_197a_csc_0_synth_1/prj/sol/.autopilot/db/v_csc.cpp:460]   --->   Operation 92 'load' 'mpix_cr_3' <Predicate = (icmp_ln769)> <Delay = 0.00>
ST_3 : Operation 93 [1/1] (0.44ns)   --->   "%select_ln859 = select i1 %icmp_ln833, i8 %mpix_cr_3, i8 %storemerge744791_i_load" [C:/TFG_Vivado/vivado/axu2cga_trd.runs/bd_197a_csc_0_synth_1/prj/sol/.autopilot/db/v_csc.cpp:859->C:/TFG_Vivado/vivado/axu2cga_trd.runs/bd_197a_csc_0_synth_1/prj/sol/.autopilot/db/v_csc.cpp:460]   --->   Operation 93 'select' 'select_ln859' <Predicate = (icmp_ln769)> <Delay = 0.44> <CoreInst = "Sel">   --->   Core 73 'Sel' <Latency = 0> <II = 1> <Delay = 0.44> <FuncUnit> <Opcode : 'select'> <InPorts = 3> <OutPorts = 1>
ST_3 : Operation 94 [1/1] (0.44ns)   --->   "%select_ln859_1 = select i1 %icmp_ln833, i8 %mpix_cb_3, i8 %p_0_0_0_0_0509_1_3787_i_load" [C:/TFG_Vivado/vivado/axu2cga_trd.runs/bd_197a_csc_0_synth_1/prj/sol/.autopilot/db/v_csc.cpp:859->C:/TFG_Vivado/vivado/axu2cga_trd.runs/bd_197a_csc_0_synth_1/prj/sol/.autopilot/db/v_csc.cpp:460]   --->   Operation 94 'select' 'select_ln859_1' <Predicate = (icmp_ln769)> <Delay = 0.44> <CoreInst = "Sel">   --->   Core 73 'Sel' <Latency = 0> <II = 1> <Delay = 0.44> <FuncUnit> <Opcode : 'select'> <InPorts = 3> <OutPorts = 1>
ST_3 : Operation 95 [1/1] (0.44ns)   --->   "%select_ln859_2 = select i1 %icmp_ln833, i8 %mpix_cr_3, i8 %p_0_0_0_0_0_3782_i_out_load" [C:/TFG_Vivado/vivado/axu2cga_trd.runs/bd_197a_csc_0_synth_1/prj/sol/.autopilot/db/v_csc.cpp:859->C:/TFG_Vivado/vivado/axu2cga_trd.runs/bd_197a_csc_0_synth_1/prj/sol/.autopilot/db/v_csc.cpp:460]   --->   Operation 95 'select' 'select_ln859_2' <Predicate = (icmp_ln769)> <Delay = 0.44> <CoreInst = "Sel">   --->   Core 73 'Sel' <Latency = 0> <II = 1> <Delay = 0.44> <FuncUnit> <Opcode : 'select'> <InPorts = 3> <OutPorts = 1>
ST_3 : Operation 96 [1/1] (0.44ns)   --->   "%select_ln859_3 = select i1 %icmp_ln833, i8 %mpix_cb_3, i8 %p_0_0_0_0_0509_3778_i_out_load" [C:/TFG_Vivado/vivado/axu2cga_trd.runs/bd_197a_csc_0_synth_1/prj/sol/.autopilot/db/v_csc.cpp:859->C:/TFG_Vivado/vivado/axu2cga_trd.runs/bd_197a_csc_0_synth_1/prj/sol/.autopilot/db/v_csc.cpp:460]   --->   Operation 96 'select' 'select_ln859_3' <Predicate = (icmp_ln769)> <Delay = 0.44> <CoreInst = "Sel">   --->   Core 73 'Sel' <Latency = 0> <II = 1> <Delay = 0.44> <FuncUnit> <Opcode : 'select'> <InPorts = 3> <OutPorts = 1>
ST_3 : Operation 97 [1/1] (0.44ns)   --->   "%select_ln859_4 = select i1 %icmp_ln833, i8 %mpix_cr_3, i8 %p_0_0_0_0_0_2774_i_out_load" [C:/TFG_Vivado/vivado/axu2cga_trd.runs/bd_197a_csc_0_synth_1/prj/sol/.autopilot/db/v_csc.cpp:859->C:/TFG_Vivado/vivado/axu2cga_trd.runs/bd_197a_csc_0_synth_1/prj/sol/.autopilot/db/v_csc.cpp:460]   --->   Operation 97 'select' 'select_ln859_4' <Predicate = (icmp_ln769)> <Delay = 0.44> <CoreInst = "Sel">   --->   Core 73 'Sel' <Latency = 0> <II = 1> <Delay = 0.44> <FuncUnit> <Opcode : 'select'> <InPorts = 3> <OutPorts = 1>
ST_3 : Operation 98 [1/1] (0.44ns)   --->   "%select_ln859_5 = select i1 %icmp_ln833, i8 %mpix_cb_3, i8 %p_0_0_0_0_0509_2770_i_out_load" [C:/TFG_Vivado/vivado/axu2cga_trd.runs/bd_197a_csc_0_synth_1/prj/sol/.autopilot/db/v_csc.cpp:859->C:/TFG_Vivado/vivado/axu2cga_trd.runs/bd_197a_csc_0_synth_1/prj/sol/.autopilot/db/v_csc.cpp:460]   --->   Operation 98 'select' 'select_ln859_5' <Predicate = (icmp_ln769)> <Delay = 0.44> <CoreInst = "Sel">   --->   Core 73 'Sel' <Latency = 0> <II = 1> <Delay = 0.44> <FuncUnit> <Opcode : 'select'> <InPorts = 3> <OutPorts = 1>
ST_3 : Operation 99 [1/1] (0.00ns)   --->   "%zext_ln908 = zext i8 %select_ln859_3" [C:/TFG_Vivado/vivado/axu2cga_trd.runs/bd_197a_csc_0_synth_1/prj/sol/.autopilot/db/v_csc.cpp:908->C:/TFG_Vivado/vivado/axu2cga_trd.runs/bd_197a_csc_0_synth_1/prj/sol/.autopilot/db/v_csc.cpp:460]   --->   Operation 99 'zext' 'zext_ln908' <Predicate = (icmp_ln769)> <Delay = 0.00>
ST_3 : Operation 100 [1/1] (0.00ns)   --->   "%zext_ln908_1 = zext i8 %select_ln859_5" [C:/TFG_Vivado/vivado/axu2cga_trd.runs/bd_197a_csc_0_synth_1/prj/sol/.autopilot/db/v_csc.cpp:908->C:/TFG_Vivado/vivado/axu2cga_trd.runs/bd_197a_csc_0_synth_1/prj/sol/.autopilot/db/v_csc.cpp:460]   --->   Operation 100 'zext' 'zext_ln908_1' <Predicate = (icmp_ln769)> <Delay = 0.00>
ST_3 : Operation 101 [1/1] (0.00ns) (grouped into TernaryAdder)   --->   "%add_ln908 = add i9 %zext_ln908_1, i9 1" [C:/TFG_Vivado/vivado/axu2cga_trd.runs/bd_197a_csc_0_synth_1/prj/sol/.autopilot/db/v_csc.cpp:908->C:/TFG_Vivado/vivado/axu2cga_trd.runs/bd_197a_csc_0_synth_1/prj/sol/.autopilot/db/v_csc.cpp:460]   --->   Operation 101 'add' 'add_ln908' <Predicate = (icmp_ln769)> <Delay = 0.00> <CoreInst = "TAddSub">   --->   Core 10 'TAddSub' <Latency = 0> <II = 1> <Delay = 0.58> <IPBlock> <Opcode : 'add' 'sub'> <InPorts = 3> <OutPorts = 1> <Sync> <CReg>
ST_3 : Operation 102 [1/1] (1.17ns) (root node of TernaryAdder)   --->   "%add_ln908_1 = add i9 %add_ln908, i9 %zext_ln908" [C:/TFG_Vivado/vivado/axu2cga_trd.runs/bd_197a_csc_0_synth_1/prj/sol/.autopilot/db/v_csc.cpp:908->C:/TFG_Vivado/vivado/axu2cga_trd.runs/bd_197a_csc_0_synth_1/prj/sol/.autopilot/db/v_csc.cpp:460]   --->   Operation 102 'add' 'add_ln908_1' <Predicate = (icmp_ln769)> <Delay = 1.17> <CoreInst = "TAddSub">   --->   Core 10 'TAddSub' <Latency = 0> <II = 1> <Delay = 0.58> <IPBlock> <Opcode : 'add' 'sub'> <InPorts = 3> <OutPorts = 1> <Sync> <CReg>
ST_3 : Operation 103 [1/1] (0.00ns)   --->   "%lshr_ln2 = partselect i8 @_ssdm_op_PartSelect.i8.i9.i32.i32, i9 %add_ln908_1, i32 1, i32 8" [C:/TFG_Vivado/vivado/axu2cga_trd.runs/bd_197a_csc_0_synth_1/prj/sol/.autopilot/db/v_csc.cpp:908->C:/TFG_Vivado/vivado/axu2cga_trd.runs/bd_197a_csc_0_synth_1/prj/sol/.autopilot/db/v_csc.cpp:460]   --->   Operation 103 'partselect' 'lshr_ln2' <Predicate = (icmp_ln769)> <Delay = 0.00>
ST_3 : Operation 104 [1/1] (0.00ns)   --->   "%zext_ln910 = zext i8 %select_ln859_2" [C:/TFG_Vivado/vivado/axu2cga_trd.runs/bd_197a_csc_0_synth_1/prj/sol/.autopilot/db/v_csc.cpp:910->C:/TFG_Vivado/vivado/axu2cga_trd.runs/bd_197a_csc_0_synth_1/prj/sol/.autopilot/db/v_csc.cpp:460]   --->   Operation 104 'zext' 'zext_ln910' <Predicate = (icmp_ln769)> <Delay = 0.00>
ST_3 : Operation 105 [1/1] (0.00ns)   --->   "%zext_ln910_1 = zext i8 %select_ln859_4" [C:/TFG_Vivado/vivado/axu2cga_trd.runs/bd_197a_csc_0_synth_1/prj/sol/.autopilot/db/v_csc.cpp:910->C:/TFG_Vivado/vivado/axu2cga_trd.runs/bd_197a_csc_0_synth_1/prj/sol/.autopilot/db/v_csc.cpp:460]   --->   Operation 105 'zext' 'zext_ln910_1' <Predicate = (icmp_ln769)> <Delay = 0.00>
ST_3 : Operation 106 [1/1] (0.00ns) (grouped into TernaryAdder)   --->   "%add_ln910 = add i9 %zext_ln910_1, i9 1" [C:/TFG_Vivado/vivado/axu2cga_trd.runs/bd_197a_csc_0_synth_1/prj/sol/.autopilot/db/v_csc.cpp:910->C:/TFG_Vivado/vivado/axu2cga_trd.runs/bd_197a_csc_0_synth_1/prj/sol/.autopilot/db/v_csc.cpp:460]   --->   Operation 106 'add' 'add_ln910' <Predicate = (icmp_ln769)> <Delay = 0.00> <CoreInst = "TAddSub">   --->   Core 10 'TAddSub' <Latency = 0> <II = 1> <Delay = 0.58> <IPBlock> <Opcode : 'add' 'sub'> <InPorts = 3> <OutPorts = 1> <Sync> <CReg>
ST_3 : Operation 107 [1/1] (1.17ns) (root node of TernaryAdder)   --->   "%add_ln910_1 = add i9 %add_ln910, i9 %zext_ln910" [C:/TFG_Vivado/vivado/axu2cga_trd.runs/bd_197a_csc_0_synth_1/prj/sol/.autopilot/db/v_csc.cpp:910->C:/TFG_Vivado/vivado/axu2cga_trd.runs/bd_197a_csc_0_synth_1/prj/sol/.autopilot/db/v_csc.cpp:460]   --->   Operation 107 'add' 'add_ln910_1' <Predicate = (icmp_ln769)> <Delay = 1.17> <CoreInst = "TAddSub">   --->   Core 10 'TAddSub' <Latency = 0> <II = 1> <Delay = 0.58> <IPBlock> <Opcode : 'add' 'sub'> <InPorts = 3> <OutPorts = 1> <Sync> <CReg>
ST_3 : Operation 108 [1/1] (0.00ns)   --->   "%trunc_ln4 = partselect i8 @_ssdm_op_PartSelect.i8.i9.i32.i32, i9 %add_ln910_1, i32 1, i32 8" [C:/TFG_Vivado/vivado/axu2cga_trd.runs/bd_197a_csc_0_synth_1/prj/sol/.autopilot/db/v_csc.cpp:909->C:/TFG_Vivado/vivado/axu2cga_trd.runs/bd_197a_csc_0_synth_1/prj/sol/.autopilot/db/v_csc.cpp:460]   --->   Operation 108 'partselect' 'trunc_ln4' <Predicate = (icmp_ln769)> <Delay = 0.00>
ST_3 : Operation 109 [1/1] (0.00ns)   --->   "%pixbuf_y_19_out_load = load i8 %pixbuf_y_19_out" [C:/TFG_Vivado/vivado/axu2cga_trd.runs/bd_197a_csc_0_synth_1/prj/sol/.autopilot/db/v_csc.cpp:927->C:/TFG_Vivado/vivado/axu2cga_trd.runs/bd_197a_csc_0_synth_1/prj/sol/.autopilot/db/v_csc.cpp:460]   --->   Operation 109 'load' 'pixbuf_y_19_out_load' <Predicate = (icmp_ln769 & !tmp & !p_read_1)> <Delay = 0.00>
ST_3 : Operation 110 [1/1] (0.00ns)   --->   "%pixbuf_y_20_out_load = load i8 %pixbuf_y_20_out" [C:/TFG_Vivado/vivado/axu2cga_trd.runs/bd_197a_csc_0_synth_1/prj/sol/.autopilot/db/v_csc.cpp:927->C:/TFG_Vivado/vivado/axu2cga_trd.runs/bd_197a_csc_0_synth_1/prj/sol/.autopilot/db/v_csc.cpp:460]   --->   Operation 110 'load' 'pixbuf_y_20_out_load' <Predicate = (icmp_ln769 & !tmp & !p_read_1)> <Delay = 0.00>
ST_3 : Operation 111 [1/1] (0.00ns)   --->   "%or_ln927_1 = bitconcatenate i48 @_ssdm_op_BitConcatenate.i48.i8.i8.i8.i8.i8.i8, i8 %trunc_ln4, i8 %lshr_ln2, i8 %pixbuf_y_20_out_load, i8 %select_ln859_4, i8 %select_ln859_5, i8 %pixbuf_y_19_out_load" [C:/TFG_Vivado/vivado/axu2cga_trd.runs/bd_197a_csc_0_synth_1/prj/sol/.autopilot/db/v_csc.cpp:927->C:/TFG_Vivado/vivado/axu2cga_trd.runs/bd_197a_csc_0_synth_1/prj/sol/.autopilot/db/v_csc.cpp:460]   --->   Operation 111 'bitconcatenate' 'or_ln927_1' <Predicate = (icmp_ln769 & !tmp & !p_read_1)> <Delay = 0.00>
ST_3 : Operation 112 [1/1] ( I:1.82ns O:1.82ns )   --->   "%write_ln927 = write void @_ssdm_op_Write.ap_fifo.volatile.i48P0A, i48 %stream_in_hresampled, i48 %or_ln927_1" [C:/TFG_Vivado/vivado/axu2cga_trd.runs/bd_197a_csc_0_synth_1/prj/sol/.autopilot/db/v_csc.cpp:927->C:/TFG_Vivado/vivado/axu2cga_trd.runs/bd_197a_csc_0_synth_1/prj/sol/.autopilot/db/v_csc.cpp:460]   --->   Operation 112 'write' 'write_ln927' <Predicate = (icmp_ln769 & !tmp & !p_read_1)> <Delay = 1.82> <CoreInst = "FIFO_SRL">   --->   Core 80 'FIFO_SRL' <Latency = 0> <II = 1> <Delay = 2.25> <Storage> <Opcode : 'read' 'write' 'nbread' 'nbwrite'> <Ports = 0> <Width = 48> <Depth = 16> <FIFO>
ST_3 : Operation 113 [1/1] (0.00ns)   --->   "%br_ln0 = br void %if.end478.i"   --->   Operation 113 'br' 'br_ln0' <Predicate = (icmp_ln769 & !tmp & !p_read_1)> <Delay = 0.00>
ST_3 : Operation 114 [1/1] (0.00ns)   --->   "%inpix_0_0_0_0_0_load = load i8 %inpix_0_0_0_0_0_load745_i_out" [C:/TFG_Vivado/vivado/axu2cga_trd.runs/bd_197a_csc_0_synth_1/prj/sol/.autopilot/db/v_csc.cpp:925->C:/TFG_Vivado/vivado/axu2cga_trd.runs/bd_197a_csc_0_synth_1/prj/sol/.autopilot/db/v_csc.cpp:460]   --->   Operation 114 'load' 'inpix_0_0_0_0_0_load' <Predicate = (icmp_ln769 & !tmp & p_read_1)> <Delay = 0.00>
ST_3 : Operation 115 [1/1] (0.00ns)   --->   "%inpix_0_1_0_0_0_load = load i8 %inpix_0_1_0_0_0_load747_i_out" [C:/TFG_Vivado/vivado/axu2cga_trd.runs/bd_197a_csc_0_synth_1/prj/sol/.autopilot/db/v_csc.cpp:925->C:/TFG_Vivado/vivado/axu2cga_trd.runs/bd_197a_csc_0_synth_1/prj/sol/.autopilot/db/v_csc.cpp:460]   --->   Operation 115 'load' 'inpix_0_1_0_0_0_load' <Predicate = (icmp_ln769 & !tmp & p_read_1)> <Delay = 0.00>
ST_3 : Operation 116 [1/1] (0.00ns)   --->   "%inpix_0_2_0_0_0_load = load i8 %inpix_0_2_0_0_0_load749_i_out" [C:/TFG_Vivado/vivado/axu2cga_trd.runs/bd_197a_csc_0_synth_1/prj/sol/.autopilot/db/v_csc.cpp:925->C:/TFG_Vivado/vivado/axu2cga_trd.runs/bd_197a_csc_0_synth_1/prj/sol/.autopilot/db/v_csc.cpp:460]   --->   Operation 116 'load' 'inpix_0_2_0_0_0_load' <Predicate = (icmp_ln769 & !tmp & p_read_1)> <Delay = 0.00>
ST_3 : Operation 117 [1/1] (0.00ns)   --->   "%inpix_0_3_0_0_0_load = load i8 %inpix_0_3_0_0_0_load751_i_out" [C:/TFG_Vivado/vivado/axu2cga_trd.runs/bd_197a_csc_0_synth_1/prj/sol/.autopilot/db/v_csc.cpp:925->C:/TFG_Vivado/vivado/axu2cga_trd.runs/bd_197a_csc_0_synth_1/prj/sol/.autopilot/db/v_csc.cpp:460]   --->   Operation 117 'load' 'inpix_0_3_0_0_0_load' <Predicate = (icmp_ln769 & !tmp & p_read_1)> <Delay = 0.00>
ST_3 : Operation 118 [1/1] (0.00ns)   --->   "%inpix_0_4_0_0_0_load = load i8 %inpix_0_4_0_0_0_load753_i_out" [C:/TFG_Vivado/vivado/axu2cga_trd.runs/bd_197a_csc_0_synth_1/prj/sol/.autopilot/db/v_csc.cpp:925->C:/TFG_Vivado/vivado/axu2cga_trd.runs/bd_197a_csc_0_synth_1/prj/sol/.autopilot/db/v_csc.cpp:460]   --->   Operation 118 'load' 'inpix_0_4_0_0_0_load' <Predicate = (icmp_ln769 & !tmp & p_read_1)> <Delay = 0.00>
ST_3 : Operation 119 [1/1] (0.00ns)   --->   "%inpix_0_5_0_0_0_load = load i8 %inpix_0_5_0_0_0_load755_i_out" [C:/TFG_Vivado/vivado/axu2cga_trd.runs/bd_197a_csc_0_synth_1/prj/sol/.autopilot/db/v_csc.cpp:925->C:/TFG_Vivado/vivado/axu2cga_trd.runs/bd_197a_csc_0_synth_1/prj/sol/.autopilot/db/v_csc.cpp:460]   --->   Operation 119 'load' 'inpix_0_5_0_0_0_load' <Predicate = (icmp_ln769 & !tmp & p_read_1)> <Delay = 0.00>
ST_3 : Operation 120 [1/1] (0.00ns)   --->   "%or_ln925_1 = bitconcatenate i48 @_ssdm_op_BitConcatenate.i48.i8.i8.i8.i8.i8.i8, i8 %inpix_0_5_0_0_0_load, i8 %inpix_0_4_0_0_0_load, i8 %inpix_0_3_0_0_0_load, i8 %inpix_0_2_0_0_0_load, i8 %inpix_0_1_0_0_0_load, i8 %inpix_0_0_0_0_0_load" [C:/TFG_Vivado/vivado/axu2cga_trd.runs/bd_197a_csc_0_synth_1/prj/sol/.autopilot/db/v_csc.cpp:925->C:/TFG_Vivado/vivado/axu2cga_trd.runs/bd_197a_csc_0_synth_1/prj/sol/.autopilot/db/v_csc.cpp:460]   --->   Operation 120 'bitconcatenate' 'or_ln925_1' <Predicate = (icmp_ln769 & !tmp & p_read_1)> <Delay = 0.00>
ST_3 : Operation 121 [1/1] ( I:1.82ns O:1.82ns )   --->   "%write_ln925 = write void @_ssdm_op_Write.ap_fifo.volatile.i48P0A, i48 %stream_in_hresampled, i48 %or_ln925_1" [C:/TFG_Vivado/vivado/axu2cga_trd.runs/bd_197a_csc_0_synth_1/prj/sol/.autopilot/db/v_csc.cpp:925->C:/TFG_Vivado/vivado/axu2cga_trd.runs/bd_197a_csc_0_synth_1/prj/sol/.autopilot/db/v_csc.cpp:460]   --->   Operation 121 'write' 'write_ln925' <Predicate = (icmp_ln769 & !tmp & p_read_1)> <Delay = 1.82> <CoreInst = "FIFO_SRL">   --->   Core 80 'FIFO_SRL' <Latency = 0> <II = 1> <Delay = 2.25> <Storage> <Opcode : 'read' 'write' 'nbread' 'nbwrite'> <Ports = 0> <Width = 48> <Depth = 16> <FIFO>
ST_3 : Operation 122 [1/1] (0.00ns)   --->   "%br_ln925 = br void %if.end478.i" [C:/TFG_Vivado/vivado/axu2cga_trd.runs/bd_197a_csc_0_synth_1/prj/sol/.autopilot/db/v_csc.cpp:925->C:/TFG_Vivado/vivado/axu2cga_trd.runs/bd_197a_csc_0_synth_1/prj/sol/.autopilot/db/v_csc.cpp:460]   --->   Operation 122 'br' 'br_ln925' <Predicate = (icmp_ln769 & !tmp & p_read_1)> <Delay = 0.00>
ST_3 : Operation 123 [1/1] (0.00ns)   --->   "%p_0_0_0_0_0517757_i_load = load i8 %p_0_0_0_0_0517757_i" [C:/TFG_Vivado/vivado/axu2cga_trd.runs/bd_197a_csc_0_synth_1/prj/sol/.autopilot/db/v_csc.cpp:745->C:/TFG_Vivado/vivado/axu2cga_trd.runs/bd_197a_csc_0_synth_1/prj/sol/.autopilot/db/v_csc.cpp:460]   --->   Operation 123 'load' 'p_0_0_0_0_0517757_i_load' <Predicate = (icmp_ln769)> <Delay = 0.00>
ST_3 : Operation 124 [1/1] (0.00ns)   --->   "%p_0_3_0_0_0759_i_load = load i8 %p_0_3_0_0_0759_i" [C:/TFG_Vivado/vivado/axu2cga_trd.runs/bd_197a_csc_0_synth_1/prj/sol/.autopilot/db/v_csc.cpp:745->C:/TFG_Vivado/vivado/axu2cga_trd.runs/bd_197a_csc_0_synth_1/prj/sol/.autopilot/db/v_csc.cpp:460]   --->   Operation 124 'load' 'p_0_3_0_0_0759_i_load' <Predicate = (icmp_ln769)> <Delay = 0.00>
ST_3 : Operation 125 [1/1] (0.48ns)   --->   "%store_ln745 = store i8 %p_0_3_0_0_0759_i_load, i8 %pixbuf_y_3" [C:/TFG_Vivado/vivado/axu2cga_trd.runs/bd_197a_csc_0_synth_1/prj/sol/.autopilot/db/v_csc.cpp:745->C:/TFG_Vivado/vivado/axu2cga_trd.runs/bd_197a_csc_0_synth_1/prj/sol/.autopilot/db/v_csc.cpp:460]   --->   Operation 125 'store' 'store_ln745' <Predicate = (icmp_ln769)> <Delay = 0.48>
ST_3 : Operation 126 [1/1] (0.48ns)   --->   "%store_ln745 = store i8 %p_0_0_0_0_0517757_i_load, i8 %pixbuf_y_2" [C:/TFG_Vivado/vivado/axu2cga_trd.runs/bd_197a_csc_0_synth_1/prj/sol/.autopilot/db/v_csc.cpp:745->C:/TFG_Vivado/vivado/axu2cga_trd.runs/bd_197a_csc_0_synth_1/prj/sol/.autopilot/db/v_csc.cpp:460]   --->   Operation 126 'store' 'store_ln745' <Predicate = (icmp_ln769)> <Delay = 0.48>
ST_3 : Operation 127 [1/1] (0.48ns)   --->   "%store_ln745 = store i8 %pixbuf_y_7, i8 %pixbuf_y_1" [C:/TFG_Vivado/vivado/axu2cga_trd.runs/bd_197a_csc_0_synth_1/prj/sol/.autopilot/db/v_csc.cpp:745->C:/TFG_Vivado/vivado/axu2cga_trd.runs/bd_197a_csc_0_synth_1/prj/sol/.autopilot/db/v_csc.cpp:460]   --->   Operation 127 'store' 'store_ln745' <Predicate = (icmp_ln769)> <Delay = 0.48>
ST_3 : Operation 128 [1/1] (0.48ns)   --->   "%store_ln745 = store i8 %pixbuf_y_6, i8 %pixbuf_y" [C:/TFG_Vivado/vivado/axu2cga_trd.runs/bd_197a_csc_0_synth_1/prj/sol/.autopilot/db/v_csc.cpp:745->C:/TFG_Vivado/vivado/axu2cga_trd.runs/bd_197a_csc_0_synth_1/prj/sol/.autopilot/db/v_csc.cpp:460]   --->   Operation 128 'store' 'store_ln745' <Predicate = (icmp_ln769)> <Delay = 0.48>
ST_3 : Operation 129 [1/1] (0.00ns)   --->   "%store_ln745 = store i8 %pixbuf_y_5, i8 %pixbuf_y_20_out" [C:/TFG_Vivado/vivado/axu2cga_trd.runs/bd_197a_csc_0_synth_1/prj/sol/.autopilot/db/v_csc.cpp:745->C:/TFG_Vivado/vivado/axu2cga_trd.runs/bd_197a_csc_0_synth_1/prj/sol/.autopilot/db/v_csc.cpp:460]   --->   Operation 129 'store' 'store_ln745' <Predicate = (icmp_ln769)> <Delay = 0.00>
ST_3 : Operation 130 [1/1] (0.00ns)   --->   "%store_ln745 = store i8 %pixbuf_y_4, i8 %pixbuf_y_19_out" [C:/TFG_Vivado/vivado/axu2cga_trd.runs/bd_197a_csc_0_synth_1/prj/sol/.autopilot/db/v_csc.cpp:745->C:/TFG_Vivado/vivado/axu2cga_trd.runs/bd_197a_csc_0_synth_1/prj/sol/.autopilot/db/v_csc.cpp:460]   --->   Operation 130 'store' 'store_ln745' <Predicate = (icmp_ln769)> <Delay = 0.00>
ST_3 : Operation 131 [1/1] (0.48ns)   --->   "%store_ln859 = store i8 %mpix_cr_3, i8 %storemerge744791_i" [C:/TFG_Vivado/vivado/axu2cga_trd.runs/bd_197a_csc_0_synth_1/prj/sol/.autopilot/db/v_csc.cpp:859->C:/TFG_Vivado/vivado/axu2cga_trd.runs/bd_197a_csc_0_synth_1/prj/sol/.autopilot/db/v_csc.cpp:460]   --->   Operation 131 'store' 'store_ln859' <Predicate = (icmp_ln769)> <Delay = 0.48>
ST_3 : Operation 132 [1/1] (0.48ns)   --->   "%store_ln859 = store i8 %mpix_cb_3, i8 %p_0_0_0_0_0509_1_3787_i" [C:/TFG_Vivado/vivado/axu2cga_trd.runs/bd_197a_csc_0_synth_1/prj/sol/.autopilot/db/v_csc.cpp:859->C:/TFG_Vivado/vivado/axu2cga_trd.runs/bd_197a_csc_0_synth_1/prj/sol/.autopilot/db/v_csc.cpp:460]   --->   Operation 132 'store' 'store_ln859' <Predicate = (icmp_ln769)> <Delay = 0.48>
ST_3 : Operation 133 [1/1] (0.00ns)   --->   "%store_ln859 = store i8 %select_ln859, i8 %p_0_0_0_0_0_3782_i_out" [C:/TFG_Vivado/vivado/axu2cga_trd.runs/bd_197a_csc_0_synth_1/prj/sol/.autopilot/db/v_csc.cpp:859->C:/TFG_Vivado/vivado/axu2cga_trd.runs/bd_197a_csc_0_synth_1/prj/sol/.autopilot/db/v_csc.cpp:460]   --->   Operation 133 'store' 'store_ln859' <Predicate = (icmp_ln769)> <Delay = 0.00>
ST_3 : Operation 134 [1/1] (0.00ns)   --->   "%store_ln859 = store i8 %select_ln859_1, i8 %p_0_0_0_0_0509_3778_i_out" [C:/TFG_Vivado/vivado/axu2cga_trd.runs/bd_197a_csc_0_synth_1/prj/sol/.autopilot/db/v_csc.cpp:859->C:/TFG_Vivado/vivado/axu2cga_trd.runs/bd_197a_csc_0_synth_1/prj/sol/.autopilot/db/v_csc.cpp:460]   --->   Operation 134 'store' 'store_ln859' <Predicate = (icmp_ln769)> <Delay = 0.00>
ST_3 : Operation 135 [1/1] (0.00ns)   --->   "%store_ln859 = store i8 %select_ln859_2, i8 %p_0_0_0_0_0_2774_i_out" [C:/TFG_Vivado/vivado/axu2cga_trd.runs/bd_197a_csc_0_synth_1/prj/sol/.autopilot/db/v_csc.cpp:859->C:/TFG_Vivado/vivado/axu2cga_trd.runs/bd_197a_csc_0_synth_1/prj/sol/.autopilot/db/v_csc.cpp:460]   --->   Operation 135 'store' 'store_ln859' <Predicate = (icmp_ln769)> <Delay = 0.00>
ST_3 : Operation 136 [1/1] (0.00ns)   --->   "%store_ln859 = store i8 %select_ln859_3, i8 %p_0_0_0_0_0509_2770_i_out" [C:/TFG_Vivado/vivado/axu2cga_trd.runs/bd_197a_csc_0_synth_1/prj/sol/.autopilot/db/v_csc.cpp:859->C:/TFG_Vivado/vivado/axu2cga_trd.runs/bd_197a_csc_0_synth_1/prj/sol/.autopilot/db/v_csc.cpp:460]   --->   Operation 136 'store' 'store_ln859' <Predicate = (icmp_ln769)> <Delay = 0.00>
ST_3 : Operation 137 [1/1] (0.00ns)   --->   "%br_ln769 = br void %for.body37.i" [C:/TFG_Vivado/vivado/axu2cga_trd.runs/bd_197a_csc_0_synth_1/prj/sol/.autopilot/db/v_csc.cpp:769->C:/TFG_Vivado/vivado/axu2cga_trd.runs/bd_197a_csc_0_synth_1/prj/sol/.autopilot/db/v_csc.cpp:460]   --->   Operation 137 'br' 'br_ln769' <Predicate = (icmp_ln769)> <Delay = 0.00>
ST_3 : Operation 138 [1/1] (0.00ns)   --->   "%mpix_cb_1_load = load i8 %mpix_cb_1"   --->   Operation 138 'load' 'mpix_cb_1_load' <Predicate = (!icmp_ln769)> <Delay = 0.00>
ST_3 : Operation 139 [1/1] (0.00ns)   --->   "%mpix_cr_1_load = load i8 %mpix_cr_1"   --->   Operation 139 'load' 'mpix_cr_1_load' <Predicate = (!icmp_ln769)> <Delay = 0.00>
ST_3 : Operation 140 [1/1] (0.00ns)   --->   "%write_ln0 = write void @_ssdm_op_Write.ap_auto.i8P0A, i8 %pixbuf_y_24_out, i8 %pixbuf_y_7"   --->   Operation 140 'write' 'write_ln0' <Predicate = (!icmp_ln769)> <Delay = 0.00>
ST_3 : Operation 141 [1/1] (0.00ns)   --->   "%write_ln0 = write void @_ssdm_op_Write.ap_auto.i8P0A, i8 %pixbuf_y_23_out, i8 %pixbuf_y_6"   --->   Operation 141 'write' 'write_ln0' <Predicate = (!icmp_ln769)> <Delay = 0.00>
ST_3 : Operation 142 [1/1] (0.00ns)   --->   "%store_ln0 = store i8 %pixbuf_y_5, i8 %pixbuf_y_22_out"   --->   Operation 142 'store' 'store_ln0' <Predicate = (!icmp_ln769)> <Delay = 0.00>
ST_3 : Operation 143 [1/1] (0.00ns)   --->   "%store_ln0 = store i8 %pixbuf_y_4, i8 %pixbuf_y_21_out"   --->   Operation 143 'store' 'store_ln0' <Predicate = (!icmp_ln769)> <Delay = 0.00>
ST_3 : Operation 144 [1/1] (0.00ns)   --->   "%write_ln0 = write void @_ssdm_op_Write.ap_auto.i8P0A, i8 %mpix_cr_8_out, i8 %mpix_cr_1_load"   --->   Operation 144 'write' 'write_ln0' <Predicate = (!icmp_ln769)> <Delay = 0.00>
ST_3 : Operation 145 [1/1] (0.00ns)   --->   "%write_ln0 = write void @_ssdm_op_Write.ap_auto.i8P0A, i8 %mpix_cb_8_out, i8 %mpix_cb_1_load"   --->   Operation 145 'write' 'write_ln0' <Predicate = (!icmp_ln769)> <Delay = 0.00>
ST_3 : Operation 146 [1/1] (0.48ns)   --->   "%ret_ln0 = ret"   --->   Operation 146 'ret' 'ret_ln0' <Predicate = (!icmp_ln769)> <Delay = 0.48>


============================================================
+ Verbose Summary: Timing violations
============================================================
Target clock period: 5.000ns, clock uncertainty: 1.350ns.

 <State 1>: 1.994ns
The critical path consists of the following:
	'store' operation ('store_ln725', C:/TFG_Vivado/vivado/axu2cga_trd.runs/bd_197a_csc_0_synth_1/prj/sol/.autopilot/db/v_csc.cpp:725->C:/TFG_Vivado/vivado/axu2cga_trd.runs/bd_197a_csc_0_synth_1/prj/sol/.autopilot/db/v_csc.cpp:460) of constant 0 15 bit on local variable 'x', C:/TFG_Vivado/vivado/axu2cga_trd.runs/bd_197a_csc_0_synth_1/prj/sol/.autopilot/db/v_csc.cpp:725->C:/TFG_Vivado/vivado/axu2cga_trd.runs/bd_197a_csc_0_synth_1/prj/sol/.autopilot/db/v_csc.cpp:460 [71]  (0.489 ns)
	'load' operation 15 bit ('x', C:/TFG_Vivado/vivado/axu2cga_trd.runs/bd_197a_csc_0_synth_1/prj/sol/.autopilot/db/v_csc.cpp:769->C:/TFG_Vivado/vivado/axu2cga_trd.runs/bd_197a_csc_0_synth_1/prj/sol/.autopilot/db/v_csc.cpp:460) on local variable 'x', C:/TFG_Vivado/vivado/axu2cga_trd.runs/bd_197a_csc_0_synth_1/prj/sol/.autopilot/db/v_csc.cpp:725->C:/TFG_Vivado/vivado/axu2cga_trd.runs/bd_197a_csc_0_synth_1/prj/sol/.autopilot/db/v_csc.cpp:460 [76]  (0.000 ns)
	'icmp' operation 1 bit ('icmp_ln769', C:/TFG_Vivado/vivado/axu2cga_trd.runs/bd_197a_csc_0_synth_1/prj/sol/.autopilot/db/v_csc.cpp:769->C:/TFG_Vivado/vivado/axu2cga_trd.runs/bd_197a_csc_0_synth_1/prj/sol/.autopilot/db/v_csc.cpp:460) [82]  (1.016 ns)
	'store' operation ('store_ln725', C:/TFG_Vivado/vivado/axu2cga_trd.runs/bd_197a_csc_0_synth_1/prj/sol/.autopilot/db/v_csc.cpp:725->C:/TFG_Vivado/vivado/axu2cga_trd.runs/bd_197a_csc_0_synth_1/prj/sol/.autopilot/db/v_csc.cpp:460) of variable 'x', C:/TFG_Vivado/vivado/axu2cga_trd.runs/bd_197a_csc_0_synth_1/prj/sol/.autopilot/db/v_csc.cpp:769->C:/TFG_Vivado/vivado/axu2cga_trd.runs/bd_197a_csc_0_synth_1/prj/sol/.autopilot/db/v_csc.cpp:460 15 bit on local variable 'x', C:/TFG_Vivado/vivado/axu2cga_trd.runs/bd_197a_csc_0_synth_1/prj/sol/.autopilot/db/v_csc.cpp:725->C:/TFG_Vivado/vivado/axu2cga_trd.runs/bd_197a_csc_0_synth_1/prj/sol/.autopilot/db/v_csc.cpp:460 [168]  (0.489 ns)

 <State 2>: 2.314ns
The critical path consists of the following:
	fifo read operation ('stream_in_read', C:/TFG_Vivado/vivado/axu2cga_trd.runs/bd_197a_csc_0_synth_1/prj/sol/.autopilot/db/v_csc.cpp:779->C:/TFG_Vivado/vivado/axu2cga_trd.runs/bd_197a_csc_0_synth_1/prj/sol/.autopilot/db/v_csc.cpp:460) on port 'stream_in' (C:/TFG_Vivado/vivado/axu2cga_trd.runs/bd_197a_csc_0_synth_1/prj/sol/.autopilot/db/v_csc.cpp:779->C:/TFG_Vivado/vivado/axu2cga_trd.runs/bd_197a_csc_0_synth_1/prj/sol/.autopilot/db/v_csc.cpp:460) [93]  (1.825 ns)
	'store' operation ('store_ln738', C:/TFG_Vivado/vivado/axu2cga_trd.runs/bd_197a_csc_0_synth_1/prj/sol/.autopilot/db/v_csc.cpp:738->C:/TFG_Vivado/vivado/axu2cga_trd.runs/bd_197a_csc_0_synth_1/prj/sol/.autopilot/db/v_csc.cpp:460) of variable 'mpix_cr', C:/TFG_Vivado/vivado/axu2cga_trd.runs/bd_197a_csc_0_synth_1/prj/sol/.autopilot/db/v_csc.cpp:779->C:/TFG_Vivado/vivado/axu2cga_trd.runs/bd_197a_csc_0_synth_1/prj/sol/.autopilot/db/v_csc.cpp:460 8 bit on local variable 'mpix_cr', C:/TFG_Vivado/vivado/axu2cga_trd.runs/bd_197a_csc_0_synth_1/prj/sol/.autopilot/db/v_csc.cpp:738->C:/TFG_Vivado/vivado/axu2cga_trd.runs/bd_197a_csc_0_synth_1/prj/sol/.autopilot/db/v_csc.cpp:460 [100]  (0.489 ns)

 <State 3>: 3.443ns
The critical path consists of the following:
	'load' operation 8 bit ('p_0_0_0_0_0509_2770_i_out_load', C:/TFG_Vivado/vivado/axu2cga_trd.runs/bd_197a_csc_0_synth_1/prj/sol/.autopilot/db/v_csc.cpp:859->C:/TFG_Vivado/vivado/axu2cga_trd.runs/bd_197a_csc_0_synth_1/prj/sol/.autopilot/db/v_csc.cpp:460) on local variable 'p_0_0_0_0_0509_2770_i_out' [112]  (0.000 ns)
	'select' operation 8 bit ('select_ln859_5', C:/TFG_Vivado/vivado/axu2cga_trd.runs/bd_197a_csc_0_synth_1/prj/sol/.autopilot/db/v_csc.cpp:859->C:/TFG_Vivado/vivado/axu2cga_trd.runs/bd_197a_csc_0_synth_1/prj/sol/.autopilot/db/v_csc.cpp:460) [126]  (0.445 ns)
	'add' operation 9 bit ('add_ln908', C:/TFG_Vivado/vivado/axu2cga_trd.runs/bd_197a_csc_0_synth_1/prj/sol/.autopilot/db/v_csc.cpp:908->C:/TFG_Vivado/vivado/axu2cga_trd.runs/bd_197a_csc_0_synth_1/prj/sol/.autopilot/db/v_csc.cpp:460) [129]  (0.000 ns)
	'add' operation 9 bit ('add_ln908_1', C:/TFG_Vivado/vivado/axu2cga_trd.runs/bd_197a_csc_0_synth_1/prj/sol/.autopilot/db/v_csc.cpp:908->C:/TFG_Vivado/vivado/axu2cga_trd.runs/bd_197a_csc_0_synth_1/prj/sol/.autopilot/db/v_csc.cpp:460) [130]  (1.173 ns)
	fifo write operation ('write_ln927', C:/TFG_Vivado/vivado/axu2cga_trd.runs/bd_197a_csc_0_synth_1/prj/sol/.autopilot/db/v_csc.cpp:927->C:/TFG_Vivado/vivado/axu2cga_trd.runs/bd_197a_csc_0_synth_1/prj/sol/.autopilot/db/v_csc.cpp:460) on port 'stream_in_hresampled' (C:/TFG_Vivado/vivado/axu2cga_trd.runs/bd_197a_csc_0_synth_1/prj/sol/.autopilot/db/v_csc.cpp:927->C:/TFG_Vivado/vivado/axu2cga_trd.runs/bd_197a_csc_0_synth_1/prj/sol/.autopilot/db/v_csc.cpp:460) [145]  (1.825 ns)


============================================================
+ Verbose Summary: Binding
============================================================
N/A
* FSMD analyzer results:
  - Output states:
 - Input state : 
  - Chain level:
	State 1
	State 2
	State 3


============================================================
+ Verbose Summary: Datapath Resource usage 
============================================================
N/A
