ECHO est  desactivado.
"PYTHONPATH" variable is set greater than default max string limit of "519" characters.
Please ignore this, if you have already made changes to your system registry to accept more than
default limit of 519 characters.
ECHO est  desactivado.
  **** HLS Build v2025.2 6295257
Sourcing Tcl script 'C:/TFG_Vivado/vivado/axu2cga_trd.runs/design_1_v_frmbuf_wr_1_0_synth_1/runhls.tcl'
INFO: [HLS 200-1510] Running: open_project -reset prj 
WARNING: [HLS 200-2182] The 'prj' project will not automatically appear within Vitis IDE workspaces and is meant only for TCL batch use.  Please use open_component instead of open_project/open_solution to generate Vitis IDE compatible component files and directory structure.
Resolution: For help on HLS 200-2182 see docs.amd.com/access/sources/dita/topic?Doc_Version=2025.2%20English&url=ug1448-hls-guidance&resourceid=200-2182.html
INFO: [HLS 200-10] Opening and resetting solution 'C:/TFG_Vivado/vivado/axu2cga_trd.runs/design_1_v_frmbuf_wr_1_0_synth_1/prj'.
INFO: [HLS 200-1510] Running: set_top v_frmbuf_wr 
INFO: [HLS 200-1510] Running: open_solution sol 
INFO: [HLS 200-10] Creating and opening solution 'C:/TFG_Vivado/vivado/axu2cga_trd.runs/design_1_v_frmbuf_wr_1_0_synth_1/prj/sol'.
INFO: [HLS 200-1505] Using default flow_target 'vivado'
Resolution: For help on HLS 200-1505 see docs.amd.com/access/sources/dita/topic?Doc_Version=2025.2%20English&url=ug1448-hls-guidance&resourceid=200-1505.html
INFO: [HLS 200-1510] Running: set_part xczu2cg-sfvc784-1-e 
INFO: [HLS 200-1611] Setting target device to 'xczu2cg-sfvc784-1-e'
INFO: [HLS 200-1510] Running: add_files -cflags  -I c:/TFG_Vivado/vivado/axu2cga_trd.gen/sources_1/bd/design_1/ip/design_1_v_frmbuf_wr_1_0/src/hls -I c:/TFG_Vivado/vivado/axu2cga_trd.gen/sources_1/bd/design_1/ip/design_1_v_frmbuf_wr_1_0/src  c:/TFG_Vivado/vivado/axu2cga_trd.gen/sources_1/bd/design_1/ip/design_1_v_frmbuf_wr_1_0/src/v_frmbuf_wr_config.h 
INFO: [HLS 200-10] Adding design file 'c:/TFG_Vivado/vivado/axu2cga_trd.gen/sources_1/bd/design_1/ip/design_1_v_frmbuf_wr_1_0/src/v_frmbuf_wr_config.h' to the project
INFO: [HLS 200-1510] Running: add_files -cflags  -I c:/TFG_Vivado/vivado/axu2cga_trd.gen/sources_1/bd/design_1/ip/design_1_v_frmbuf_wr_1_0/src/hls -I c:/TFG_Vivado/vivado/axu2cga_trd.gen/sources_1/bd/design_1/ip/design_1_v_frmbuf_wr_1_0/src  c:/TFG_Vivado/vivado/axu2cga_trd.gen/sources_1/bd/design_1/ip/design_1_v_frmbuf_wr_1_0/src/v_frmbuf_wr.cpp 
INFO: [HLS 200-10] Adding design file 'c:/TFG_Vivado/vivado/axu2cga_trd.gen/sources_1/bd/design_1/ip/design_1_v_frmbuf_wr_1_0/src/v_frmbuf_wr.cpp' to the project
INFO: [HLS 200-1510] Running: add_files -cflags  -I c:/TFG_Vivado/vivado/axu2cga_trd.gen/sources_1/bd/design_1/ip/design_1_v_frmbuf_wr_1_0/src/hls -I c:/TFG_Vivado/vivado/axu2cga_trd.gen/sources_1/bd/design_1/ip/design_1_v_frmbuf_wr_1_0/src  c:/TFG_Vivado/vivado/axu2cga_trd.gen/sources_1/bd/design_1/ip/design_1_v_frmbuf_wr_1_0/src/v_frmbuf_wr.h 
INFO: [HLS 200-10] Adding design file 'c:/TFG_Vivado/vivado/axu2cga_trd.gen/sources_1/bd/design_1/ip/design_1_v_frmbuf_wr_1_0/src/v_frmbuf_wr.h' to the project
INFO: [HLS 200-1510] Running: add_files -cflags  -I c:/TFG_Vivado/vivado/axu2cga_trd.gen/sources_1/bd/design_1/ip/design_1_v_frmbuf_wr_1_0/src/hls -I c:/TFG_Vivado/vivado/axu2cga_trd.gen/sources_1/bd/design_1/ip/design_1_v_frmbuf_wr_1_0/src  c:/TFG_Vivado/vivado/axu2cga_trd.gen/sources_1/bd/design_1/ip/design_1_v_frmbuf_wr_1_0/src/hls_video.h 
INFO: [HLS 200-10] Adding design file 'c:/TFG_Vivado/vivado/axu2cga_trd.gen/sources_1/bd/design_1/ip/design_1_v_frmbuf_wr_1_0/src/hls_video.h' to the project
INFO: [HLS 200-1510] Running: add_files -cflags  -I c:/TFG_Vivado/vivado/axu2cga_trd.gen/sources_1/bd/design_1/ip/design_1_v_frmbuf_wr_1_0/src/hls -I c:/TFG_Vivado/vivado/axu2cga_trd.gen/sources_1/bd/design_1/ip/design_1_v_frmbuf_wr_1_0/src  c:/TFG_Vivado/vivado/axu2cga_trd.gen/sources_1/bd/design_1/ip/design_1_v_frmbuf_wr_1_0/src/hls_opencv.h 
INFO: [HLS 200-10] Adding design file 'c:/TFG_Vivado/vivado/axu2cga_trd.gen/sources_1/bd/design_1/ip/design_1_v_frmbuf_wr_1_0/src/hls_opencv.h' to the project
INFO: [HLS 200-1510] Running: add_files -cflags  -I c:/TFG_Vivado/vivado/axu2cga_trd.gen/sources_1/bd/design_1/ip/design_1_v_frmbuf_wr_1_0/src/hls -I c:/TFG_Vivado/vivado/axu2cga_trd.gen/sources_1/bd/design_1/ip/design_1_v_frmbuf_wr_1_0/src  c:/TFG_Vivado/vivado/axu2cga_trd.gen/sources_1/bd/design_1/ip/design_1_v_frmbuf_wr_1_0/src/hls/hls_axi_io.h 
INFO: [HLS 200-10] Adding design file 'c:/TFG_Vivado/vivado/axu2cga_trd.gen/sources_1/bd/design_1/ip/design_1_v_frmbuf_wr_1_0/src/hls/hls_axi_io.h' to the project
INFO: [HLS 200-1510] Running: add_files -cflags  -I c:/TFG_Vivado/vivado/axu2cga_trd.gen/sources_1/bd/design_1/ip/design_1_v_frmbuf_wr_1_0/src/hls -I c:/TFG_Vivado/vivado/axu2cga_trd.gen/sources_1/bd/design_1/ip/design_1_v_frmbuf_wr_1_0/src  c:/TFG_Vivado/vivado/axu2cga_trd.gen/sources_1/bd/design_1/ip/design_1_v_frmbuf_wr_1_0/src/hls/hls_video_arithm.h 
INFO: [HLS 200-10] Adding design file 'c:/TFG_Vivado/vivado/axu2cga_trd.gen/sources_1/bd/design_1/ip/design_1_v_frmbuf_wr_1_0/src/hls/hls_video_arithm.h' to the project
INFO: [HLS 200-1510] Running: add_files -cflags  -I c:/TFG_Vivado/vivado/axu2cga_trd.gen/sources_1/bd/design_1/ip/design_1_v_frmbuf_wr_1_0/src/hls -I c:/TFG_Vivado/vivado/axu2cga_trd.gen/sources_1/bd/design_1/ip/design_1_v_frmbuf_wr_1_0/src  c:/TFG_Vivado/vivado/axu2cga_trd.gen/sources_1/bd/design_1/ip/design_1_v_frmbuf_wr_1_0/src/hls/hls_video_core.h 
INFO: [HLS 200-10] Adding design file 'c:/TFG_Vivado/vivado/axu2cga_trd.gen/sources_1/bd/design_1/ip/design_1_v_frmbuf_wr_1_0/src/hls/hls_video_core.h' to the project
INFO: [HLS 200-1510] Running: add_files -cflags  -I c:/TFG_Vivado/vivado/axu2cga_trd.gen/sources_1/bd/design_1/ip/design_1_v_frmbuf_wr_1_0/src/hls -I c:/TFG_Vivado/vivado/axu2cga_trd.gen/sources_1/bd/design_1/ip/design_1_v_frmbuf_wr_1_0/src  c:/TFG_Vivado/vivado/axu2cga_trd.gen/sources_1/bd/design_1/ip/design_1_v_frmbuf_wr_1_0/src/hls/hls_video_fast.h 
INFO: [HLS 200-10] Adding design file 'c:/TFG_Vivado/vivado/axu2cga_trd.gen/sources_1/bd/design_1/ip/design_1_v_frmbuf_wr_1_0/src/hls/hls_video_fast.h' to the project
INFO: [HLS 200-1510] Running: add_files -cflags  -I c:/TFG_Vivado/vivado/axu2cga_trd.gen/sources_1/bd/design_1/ip/design_1_v_frmbuf_wr_1_0/src/hls -I c:/TFG_Vivado/vivado/axu2cga_trd.gen/sources_1/bd/design_1/ip/design_1_v_frmbuf_wr_1_0/src  c:/TFG_Vivado/vivado/axu2cga_trd.gen/sources_1/bd/design_1/ip/design_1_v_frmbuf_wr_1_0/src/hls/hls_video_haar.h 
INFO: [HLS 200-10] Adding design file 'c:/TFG_Vivado/vivado/axu2cga_trd.gen/sources_1/bd/design_1/ip/design_1_v_frmbuf_wr_1_0/src/hls/hls_video_haar.h' to the project
INFO: [HLS 200-1510] Running: add_files -cflags  -I c:/TFG_Vivado/vivado/axu2cga_trd.gen/sources_1/bd/design_1/ip/design_1_v_frmbuf_wr_1_0/src/hls -I c:/TFG_Vivado/vivado/axu2cga_trd.gen/sources_1/bd/design_1/ip/design_1_v_frmbuf_wr_1_0/src  c:/TFG_Vivado/vivado/axu2cga_trd.gen/sources_1/bd/design_1/ip/design_1_v_frmbuf_wr_1_0/src/hls/hls_video_harris.h 
INFO: [HLS 200-10] Adding design file 'c:/TFG_Vivado/vivado/axu2cga_trd.gen/sources_1/bd/design_1/ip/design_1_v_frmbuf_wr_1_0/src/hls/hls_video_harris.h' to the project
INFO: [HLS 200-1510] Running: add_files -cflags  -I c:/TFG_Vivado/vivado/axu2cga_trd.gen/sources_1/bd/design_1/ip/design_1_v_frmbuf_wr_1_0/src/hls -I c:/TFG_Vivado/vivado/axu2cga_trd.gen/sources_1/bd/design_1/ip/design_1_v_frmbuf_wr_1_0/src  c:/TFG_Vivado/vivado/axu2cga_trd.gen/sources_1/bd/design_1/ip/design_1_v_frmbuf_wr_1_0/src/hls/hls_video_histogram.h 
INFO: [HLS 200-10] Adding design file 'c:/TFG_Vivado/vivado/axu2cga_trd.gen/sources_1/bd/design_1/ip/design_1_v_frmbuf_wr_1_0/src/hls/hls_video_histogram.h' to the project
INFO: [HLS 200-1510] Running: add_files -cflags  -I c:/TFG_Vivado/vivado/axu2cga_trd.gen/sources_1/bd/design_1/ip/design_1_v_frmbuf_wr_1_0/src/hls -I c:/TFG_Vivado/vivado/axu2cga_trd.gen/sources_1/bd/design_1/ip/design_1_v_frmbuf_wr_1_0/src  c:/TFG_Vivado/vivado/axu2cga_trd.gen/sources_1/bd/design_1/ip/design_1_v_frmbuf_wr_1_0/src/hls/hls_video_hough.h 
INFO: [HLS 200-10] Adding design file 'c:/TFG_Vivado/vivado/axu2cga_trd.gen/sources_1/bd/design_1/ip/design_1_v_frmbuf_wr_1_0/src/hls/hls_video_hough.h' to the project
INFO: [HLS 200-1510] Running: add_files -cflags  -I c:/TFG_Vivado/vivado/axu2cga_trd.gen/sources_1/bd/design_1/ip/design_1_v_frmbuf_wr_1_0/src/hls -I c:/TFG_Vivado/vivado/axu2cga_trd.gen/sources_1/bd/design_1/ip/design_1_v_frmbuf_wr_1_0/src  c:/TFG_Vivado/vivado/axu2cga_trd.gen/sources_1/bd/design_1/ip/design_1_v_frmbuf_wr_1_0/src/hls/hls_video_imgbase.h 
INFO: [HLS 200-10] Adding design file 'c:/TFG_Vivado/vivado/axu2cga_trd.gen/sources_1/bd/design_1/ip/design_1_v_frmbuf_wr_1_0/src/hls/hls_video_imgbase.h' to the project
INFO: [HLS 200-1510] Running: add_files -cflags  -I c:/TFG_Vivado/vivado/axu2cga_trd.gen/sources_1/bd/design_1/ip/design_1_v_frmbuf_wr_1_0/src/hls -I c:/TFG_Vivado/vivado/axu2cga_trd.gen/sources_1/bd/design_1/ip/design_1_v_frmbuf_wr_1_0/src  c:/TFG_Vivado/vivado/axu2cga_trd.gen/sources_1/bd/design_1/ip/design_1_v_frmbuf_wr_1_0/src/hls/hls_video_imgproc.h 
INFO: [HLS 200-10] Adding design file 'c:/TFG_Vivado/vivado/axu2cga_trd.gen/sources_1/bd/design_1/ip/design_1_v_frmbuf_wr_1_0/src/hls/hls_video_imgproc.h' to the project
INFO: [HLS 200-1510] Running: add_files -cflags  -I c:/TFG_Vivado/vivado/axu2cga_trd.gen/sources_1/bd/design_1/ip/design_1_v_frmbuf_wr_1_0/src/hls -I c:/TFG_Vivado/vivado/axu2cga_trd.gen/sources_1/bd/design_1/ip/design_1_v_frmbuf_wr_1_0/src  c:/TFG_Vivado/vivado/axu2cga_trd.gen/sources_1/bd/design_1/ip/design_1_v_frmbuf_wr_1_0/src/hls/hls_video_io.h 
INFO: [HLS 200-10] Adding design file 'c:/TFG_Vivado/vivado/axu2cga_trd.gen/sources_1/bd/design_1/ip/design_1_v_frmbuf_wr_1_0/src/hls/hls_video_io.h' to the project
INFO: [HLS 200-1510] Running: add_files -cflags  -I c:/TFG_Vivado/vivado/axu2cga_trd.gen/sources_1/bd/design_1/ip/design_1_v_frmbuf_wr_1_0/src/hls -I c:/TFG_Vivado/vivado/axu2cga_trd.gen/sources_1/bd/design_1/ip/design_1_v_frmbuf_wr_1_0/src  c:/TFG_Vivado/vivado/axu2cga_trd.gen/sources_1/bd/design_1/ip/design_1_v_frmbuf_wr_1_0/src/hls/hls_video_mem.h 
INFO: [HLS 200-10] Adding design file 'c:/TFG_Vivado/vivado/axu2cga_trd.gen/sources_1/bd/design_1/ip/design_1_v_frmbuf_wr_1_0/src/hls/hls_video_mem.h' to the project
INFO: [HLS 200-1510] Running: add_files -cflags  -I c:/TFG_Vivado/vivado/axu2cga_trd.gen/sources_1/bd/design_1/ip/design_1_v_frmbuf_wr_1_0/src/hls -I c:/TFG_Vivado/vivado/axu2cga_trd.gen/sources_1/bd/design_1/ip/design_1_v_frmbuf_wr_1_0/src  c:/TFG_Vivado/vivado/axu2cga_trd.gen/sources_1/bd/design_1/ip/design_1_v_frmbuf_wr_1_0/src/hls/hls_video_stereobm.h 
INFO: [HLS 200-10] Adding design file 'c:/TFG_Vivado/vivado/axu2cga_trd.gen/sources_1/bd/design_1/ip/design_1_v_frmbuf_wr_1_0/src/hls/hls_video_stereobm.h' to the project
INFO: [HLS 200-1510] Running: add_files -cflags  -I c:/TFG_Vivado/vivado/axu2cga_trd.gen/sources_1/bd/design_1/ip/design_1_v_frmbuf_wr_1_0/src/hls -I c:/TFG_Vivado/vivado/axu2cga_trd.gen/sources_1/bd/design_1/ip/design_1_v_frmbuf_wr_1_0/src  c:/TFG_Vivado/vivado/axu2cga_trd.gen/sources_1/bd/design_1/ip/design_1_v_frmbuf_wr_1_0/src/hls/hls_video_types.h 
INFO: [HLS 200-10] Adding design file 'c:/TFG_Vivado/vivado/axu2cga_trd.gen/sources_1/bd/design_1/ip/design_1_v_frmbuf_wr_1_0/src/hls/hls_video_types.h' to the project
INFO: [HLS 200-1510] Running: add_files -cflags  -I c:/TFG_Vivado/vivado/axu2cga_trd.gen/sources_1/bd/design_1/ip/design_1_v_frmbuf_wr_1_0/src/hls -I c:/TFG_Vivado/vivado/axu2cga_trd.gen/sources_1/bd/design_1/ip/design_1_v_frmbuf_wr_1_0/src  c:/TFG_Vivado/vivado/axu2cga_trd.gen/sources_1/bd/design_1/ip/design_1_v_frmbuf_wr_1_0/src/hls/hls_video_undistort.h 
INFO: [HLS 200-10] Adding design file 'c:/TFG_Vivado/vivado/axu2cga_trd.gen/sources_1/bd/design_1/ip/design_1_v_frmbuf_wr_1_0/src/hls/hls_video_undistort.h' to the project
INFO: [HLS 200-1510] Running: create_clock -period 5 -name ap_clk 
INFO: [SYN 201-201] Setting up clock 'ap_clk' with a period of 5ns.
INFO: [HLS 200-1510] Running: config_interface -m_axi_flush_mode 
INFO: [HLS 200-1510] Running: config_interface -m_axi_conservative_mode 
INFO: [HLS 200-1510] Running: config_interface -m_axi_addr64=false 
INFO: [HLS 200-1510] Running: config_rtl -module_prefix design_1_v_frmbuf_wr_1_0_ 
INFO: [HLS 200-1510] Running: config_export -vendor xilinx.com -library ip -version 3.0 
INFO: [HLS 200-1510] Running: csynth_design 
INFO: [HLS 200-111] Finished File checks and directory preparation: CPU user time: 0 seconds. CPU system time: 0 seconds. Elapsed time: 0.253 seconds; current allocated memory: 136.539 MB.
INFO: [HLS 200-2191] C-Synthesis will use clang-16 as the compiler
INFO: [HLS 200-10] Analyzing design file 'C:/TFG_Vivado/vivado/axu2cga_trd.gen/sources_1/bd/design_1/ip/design_1_v_frmbuf_wr_1_0/src/v_frmbuf_wr.cpp' ... 
WARNING: [HLS 207-6591] unused parameter 'dstImg3' (C:/TFG_Vivado/vivado/axu2cga_trd.runs/design_1_v_frmbuf_wr_1_0_synth_1/prj/sol/.autopilot/db/v_frmbuf_wr.cpp:1576:15)
INFO: [HLS 200-111] Finished Source Code Analysis and Preprocessing: CPU user time: 2 seconds. CPU system time: 0 seconds. Elapsed time: 28.147 seconds; current allocated memory: 155.086 MB.
INFO: [HLS 200-777] Using interface defaults for 'Vivado' flow target.
INFO: [HLS 200-1995] There were 3,521 instructions in the design after the 'Compile/Link' phase of compilation. See the Design Size Report for more details (C:/TFG_Vivado/vivado/axu2cga_trd.runs/design_1_v_frmbuf_wr_1_0_synth_1/prj/sol/syn/report/csynth_design_size.rpt:2)
INFO: [HLS 200-1995] There were 2,095 instructions in the design after the 'Unroll/Inline (step 1)' phase of compilation. See the Design Size Report for more details (C:/TFG_Vivado/vivado/axu2cga_trd.runs/design_1_v_frmbuf_wr_1_0_synth_1/prj/sol/syn/report/csynth_design_size.rpt:2)
INFO: [HLS 200-1995] There were 1,516 instructions in the design after the 'Unroll/Inline (step 2)' phase of compilation. See the Design Size Report for more details (C:/TFG_Vivado/vivado/axu2cga_trd.runs/design_1_v_frmbuf_wr_1_0_synth_1/prj/sol/syn/report/csynth_design_size.rpt:2)
INFO: [HLS 200-1995] There were 1,232 instructions in the design after the 'Unroll/Inline (step 3)' phase of compilation. See the Design Size Report for more details (C:/TFG_Vivado/vivado/axu2cga_trd.runs/design_1_v_frmbuf_wr_1_0_synth_1/prj/sol/syn/report/csynth_design_size.rpt:2)
INFO: [HLS 200-1995] There were 1,160 instructions in the design after the 'Unroll/Inline (step 4)' phase of compilation. See the Design Size Report for more details (C:/TFG_Vivado/vivado/axu2cga_trd.runs/design_1_v_frmbuf_wr_1_0_synth_1/prj/sol/syn/report/csynth_design_size.rpt:2)
INFO: [HLS 200-1995] There were 1,094 instructions in the design after the 'Array/Struct (step 1)' phase of compilation. See the Design Size Report for more details (C:/TFG_Vivado/vivado/axu2cga_trd.runs/design_1_v_frmbuf_wr_1_0_synth_1/prj/sol/syn/report/csynth_design_size.rpt:2)
INFO: [HLS 200-1995] There were 966 instructions in the design after the 'Array/Struct (step 2)' phase of compilation. See the Design Size Report for more details (C:/TFG_Vivado/vivado/axu2cga_trd.runs/design_1_v_frmbuf_wr_1_0_synth_1/prj/sol/syn/report/csynth_design_size.rpt:2)
INFO: [HLS 200-1995] There were 991 instructions in the design after the 'Array/Struct (step 3)' phase of compilation. See the Design Size Report for more details (C:/TFG_Vivado/vivado/axu2cga_trd.runs/design_1_v_frmbuf_wr_1_0_synth_1/prj/sol/syn/report/csynth_design_size.rpt:2)
INFO: [HLS 200-1995] There were 1,916 instructions in the design after the 'Array/Struct (step 4)' phase of compilation. See the Design Size Report for more details (C:/TFG_Vivado/vivado/axu2cga_trd.runs/design_1_v_frmbuf_wr_1_0_synth_1/prj/sol/syn/report/csynth_design_size.rpt:2)
INFO: [HLS 200-1995] There were 1,979 instructions in the design after the 'Array/Struct (step 5)' phase of compilation. See the Design Size Report for more details (C:/TFG_Vivado/vivado/axu2cga_trd.runs/design_1_v_frmbuf_wr_1_0_synth_1/prj/sol/syn/report/csynth_design_size.rpt:2)
INFO: [HLS 200-1995] There were 1,943 instructions in the design after the 'Performance (step 1)' phase of compilation. See the Design Size Report for more details (C:/TFG_Vivado/vivado/axu2cga_trd.runs/design_1_v_frmbuf_wr_1_0_synth_1/prj/sol/syn/report/csynth_design_size.rpt:2)
INFO: [HLS 200-1995] There were 1,904 instructions in the design after the 'Performance (step 2)' phase of compilation. See the Design Size Report for more details (C:/TFG_Vivado/vivado/axu2cga_trd.runs/design_1_v_frmbuf_wr_1_0_synth_1/prj/sol/syn/report/csynth_design_size.rpt:2)
INFO: [HLS 200-1995] There were 1,858 instructions in the design after the 'Performance (step 3)' phase of compilation. See the Design Size Report for more details (C:/TFG_Vivado/vivado/axu2cga_trd.runs/design_1_v_frmbuf_wr_1_0_synth_1/prj/sol/syn/report/csynth_design_size.rpt:2)
INFO: [HLS 200-1995] There were 1,858 instructions in the design after the 'Performance (step 4)' phase of compilation. See the Design Size Report for more details (C:/TFG_Vivado/vivado/axu2cga_trd.runs/design_1_v_frmbuf_wr_1_0_synth_1/prj/sol/syn/report/csynth_design_size.rpt:2)
INFO: [HLS 200-1995] There were 1,854 instructions in the design after the 'HW Transforms (step 1)' phase of compilation. See the Design Size Report for more details (C:/TFG_Vivado/vivado/axu2cga_trd.runs/design_1_v_frmbuf_wr_1_0_synth_1/prj/sol/syn/report/csynth_design_size.rpt:2)
INFO: [HLS 200-1995] There were 1,595 instructions in the design after the 'HW Transforms (step 2)' phase of compilation. See the Design Size Report for more details (C:/TFG_Vivado/vivado/axu2cga_trd.runs/design_1_v_frmbuf_wr_1_0_synth_1/prj/sol/syn/report/csynth_design_size.rpt:2)
INFO: [HLS 214-131] Inlining function 'void hls::AXIGetBitFields<48, ap_uint<8> >(ap_uint<48>, int, int, ap_uint<8>&)' into 'void hls::AXIGetBitFields<48, ap_uint<8> >(hls::axis<ap_uint<48>, 1ul, 1ul, 1ul, (unsigned char)56, false>, int, int, ap_uint<8>&)' (c:/TFG_Vivado/vivado/axu2cga_trd.gen/sources_1/bd/design_1/ip/design_1_v_frmbuf_wr_1_0/src/hls/hls_axi_io.h:85:5)
INFO: [HLS 214-131] Inlining function 'hls::Scalar<6, ap_uint<8> >::Scalar()' into 'AXIvideo2MultiPixStream(hls::stream<hls::axis<ap_uint<48>, 1ul, 1ul, 1ul, (unsigned char)56, false>, 0>&, hls::stream<hls::Scalar<6, ap_uint<8> >, 0>&, unsigned short&, unsigned short&, unsigned char&)' (C:/TFG_Vivado/vivado/axu2cga_trd.runs/design_1_v_frmbuf_wr_1_0_synth_1/prj/sol/.autopilot/db/v_frmbuf_wr.cpp:296:18)
INFO: [HLS 214-131] Inlining function 'void hls::AXIGetBitFields<48, ap_uint<8> >(hls::axis<ap_uint<48>, 1ul, 1ul, 1ul, (unsigned char)56, false>, int, int, ap_uint<8>&)' into 'AXIvideo2MultiPixStream(hls::stream<hls::axis<ap_uint<48>, 1ul, 1ul, 1ul, (unsigned char)56, false>, 0>&, hls::stream<hls::Scalar<6, ap_uint<8> >, 0>&, unsigned short&, unsigned short&, unsigned char&)' (C:/TFG_Vivado/vivado/axu2cga_trd.runs/design_1_v_frmbuf_wr_1_0_synth_1/prj/sol/.autopilot/db/v_frmbuf_wr.cpp:360:6)
INFO: [HLS 214-131] Inlining function 'hls::Scalar<6, ap_uint<8> >::Scalar()' into 'MultiPixStream2Bytes(hls::stream<hls::Scalar<6, ap_uint<8> >, 0>&, STREAM_PLANES&, unsigned short&, unsigned short&, unsigned short&, unsigned short&)' (C:/TFG_Vivado/vivado/axu2cga_trd.runs/design_1_v_frmbuf_wr_1_0_synth_1/prj/sol/.autopilot/db/v_frmbuf_wr.cpp:431:18)
INFO: [HLS 214-377] Adding 'pix' into disaggregation list because there's array-partition pragma applied on the struct field (c:/TFG_Vivado/vivado/axu2cga_trd.gen/sources_1/bd/design_1/ip/design_1_v_frmbuf_wr_1_0/src/hls/hls_video_core.h:198:1)
INFO: [HLS 214-377] Adding 'bytePlanes' into disaggregation list because there's stream pragma applied on the struct field (C:/TFG_Vivado/vivado/axu2cga_trd.runs/design_1_v_frmbuf_wr_1_0_synth_1/prj/sol/.autopilot/db/v_frmbuf_wr.cpp:119:1)
INFO: [HLS 214-377] Adding 'bytePlanes' into disaggregation list because there's stream pragma applied on the struct field (C:/TFG_Vivado/vivado/axu2cga_trd.runs/design_1_v_frmbuf_wr_1_0_synth_1/prj/sol/.autopilot/db/v_frmbuf_wr.cpp:115:1)
INFO: [HLS 214-210] Disaggregating variable 'pix' (C:/TFG_Vivado/vivado/axu2cga_trd.runs/design_1_v_frmbuf_wr_1_0_synth_1/prj/sol/.autopilot/db/v_frmbuf_wr.cpp:296:18)
Resolution: For help on HLS 214-210 see docs.amd.com/access/sources/dita/topic?Doc_Version=2025.2%20English&url=ug1448-hls-guidance&resourceid=214-210.html
INFO: [HLS 214-210] Disaggregating variable 'pix' (C:/TFG_Vivado/vivado/axu2cga_trd.runs/design_1_v_frmbuf_wr_1_0_synth_1/prj/sol/.autopilot/db/v_frmbuf_wr.cpp:431:18)
Resolution: For help on HLS 214-210 see docs.amd.com/access/sources/dita/topic?Doc_Version=2025.2%20English&url=ug1448-hls-guidance&resourceid=214-210.html
INFO: [HLS 214-210] Disaggregating variable 'bytePlanes' (C:/TFG_Vivado/vivado/axu2cga_trd.runs/design_1_v_frmbuf_wr_1_0_synth_1/prj/sol/.autopilot/db/v_frmbuf_wr.cpp:104:16)
Resolution: For help on HLS 214-210 see docs.amd.com/access/sources/dita/topic?Doc_Version=2025.2%20English&url=ug1448-hls-guidance&resourceid=214-210.html
INFO: [HLS 214-291] Loop 'VITIS_LOOP_824_2' is marked as complete unroll implied by the pipeline pragma (C:/TFG_Vivado/vivado/axu2cga_trd.runs/design_1_v_frmbuf_wr_1_0_synth_1/prj/sol/.autopilot/db/v_frmbuf_wr.cpp:824:23)
INFO: [HLS 214-291] Loop 'VITIS_LOOP_828_3' is marked as complete unroll implied by the pipeline pragma (C:/TFG_Vivado/vivado/axu2cga_trd.runs/design_1_v_frmbuf_wr_1_0_synth_1/prj/sol/.autopilot/db/v_frmbuf_wr.cpp:828:24)
INFO: [HLS 214-291] Loop 'VITIS_LOOP_830_4' is marked as complete unroll implied by the pipeline pragma (C:/TFG_Vivado/vivado/axu2cga_trd.runs/design_1_v_frmbuf_wr_1_0_synth_1/prj/sol/.autopilot/db/v_frmbuf_wr.cpp:830:25)
INFO: [HLS 214-291] Loop 'VITIS_LOOP_866_6' is marked as complete unroll implied by the pipeline pragma (C:/TFG_Vivado/vivado/axu2cga_trd.runs/design_1_v_frmbuf_wr_1_0_synth_1/prj/sol/.autopilot/db/v_frmbuf_wr.cpp:866:23)
INFO: [HLS 214-291] Loop 'VITIS_LOOP_870_7' is marked as complete unroll implied by the pipeline pragma (C:/TFG_Vivado/vivado/axu2cga_trd.runs/design_1_v_frmbuf_wr_1_0_synth_1/prj/sol/.autopilot/db/v_frmbuf_wr.cpp:870:24)
INFO: [HLS 214-291] Loop 'VITIS_LOOP_907_9' is marked as complete unroll implied by the pipeline pragma (C:/TFG_Vivado/vivado/axu2cga_trd.runs/design_1_v_frmbuf_wr_1_0_synth_1/prj/sol/.autopilot/db/v_frmbuf_wr.cpp:907:23)
INFO: [HLS 214-291] Loop 'VITIS_LOOP_911_10' is marked as complete unroll implied by the pipeline pragma (C:/TFG_Vivado/vivado/axu2cga_trd.runs/design_1_v_frmbuf_wr_1_0_synth_1/prj/sol/.autopilot/db/v_frmbuf_wr.cpp:911:25)
INFO: [HLS 214-291] Loop 'VITIS_LOOP_1093_12' is marked as complete unroll implied by the pipeline pragma (C:/TFG_Vivado/vivado/axu2cga_trd.runs/design_1_v_frmbuf_wr_1_0_synth_1/prj/sol/.autopilot/db/v_frmbuf_wr.cpp:1093:25)
INFO: [HLS 214-291] Loop 'VITIS_LOOP_1097_13' is marked as complete unroll implied by the pipeline pragma (C:/TFG_Vivado/vivado/axu2cga_trd.runs/design_1_v_frmbuf_wr_1_0_synth_1/prj/sol/.autopilot/db/v_frmbuf_wr.cpp:1097:26)
INFO: [HLS 214-291] Loop 'VITIS_LOOP_1099_14' is marked as complete unroll implied by the pipeline pragma (C:/TFG_Vivado/vivado/axu2cga_trd.runs/design_1_v_frmbuf_wr_1_0_synth_1/prj/sol/.autopilot/db/v_frmbuf_wr.cpp:1099:27)
INFO: [HLS 214-291] Loop 'VITIS_LOOP_1108_15' is marked as complete unroll implied by the pipeline pragma (C:/TFG_Vivado/vivado/axu2cga_trd.runs/design_1_v_frmbuf_wr_1_0_synth_1/prj/sol/.autopilot/db/v_frmbuf_wr.cpp:1108:25)
INFO: [HLS 214-291] Loop 'VITIS_LOOP_350_1' is marked as complete unroll implied by the pipeline pragma (C:/TFG_Vivado/vivado/axu2cga_trd.runs/design_1_v_frmbuf_wr_1_0_synth_1/prj/sol/.autopilot/db/v_frmbuf_wr.cpp:350:22)
INFO: [HLS 214-291] Loop 'VITIS_LOOP_352_2' is marked as complete unroll implied by the pipeline pragma (C:/TFG_Vivado/vivado/axu2cga_trd.runs/design_1_v_frmbuf_wr_1_0_synth_1/prj/sol/.autopilot/db/v_frmbuf_wr.cpp:352:23)
INFO: [HLS 214-186] Unrolling loop 'VITIS_LOOP_824_2' (C:/TFG_Vivado/vivado/axu2cga_trd.runs/design_1_v_frmbuf_wr_1_0_synth_1/prj/sol/.autopilot/db/v_frmbuf_wr.cpp:824:23) in function 'MultiPixStream2Bytes' completely with a factor of 4 (C:/TFG_Vivado/vivado/axu2cga_trd.runs/design_1_v_frmbuf_wr_1_0_synth_1/prj/sol/.autopilot/db/v_frmbuf_wr.cpp:430:0)
INFO: [HLS 214-186] Unrolling loop 'VITIS_LOOP_828_3' (C:/TFG_Vivado/vivado/axu2cga_trd.runs/design_1_v_frmbuf_wr_1_0_synth_1/prj/sol/.autopilot/db/v_frmbuf_wr.cpp:828:24) in function 'MultiPixStream2Bytes' completely with a factor of 2 (C:/TFG_Vivado/vivado/axu2cga_trd.runs/design_1_v_frmbuf_wr_1_0_synth_1/prj/sol/.autopilot/db/v_frmbuf_wr.cpp:430:0)
INFO: [HLS 214-186] Unrolling loop 'VITIS_LOOP_830_4' (C:/TFG_Vivado/vivado/axu2cga_trd.runs/design_1_v_frmbuf_wr_1_0_synth_1/prj/sol/.autopilot/db/v_frmbuf_wr.cpp:830:25) in function 'MultiPixStream2Bytes' completely with a factor of 2 (C:/TFG_Vivado/vivado/axu2cga_trd.runs/design_1_v_frmbuf_wr_1_0_synth_1/prj/sol/.autopilot/db/v_frmbuf_wr.cpp:430:0)
INFO: [HLS 214-186] Unrolling loop 'VITIS_LOOP_866_6' (C:/TFG_Vivado/vivado/axu2cga_trd.runs/design_1_v_frmbuf_wr_1_0_synth_1/prj/sol/.autopilot/db/v_frmbuf_wr.cpp:866:23) in function 'MultiPixStream2Bytes' completely with a factor of 4 (C:/TFG_Vivado/vivado/axu2cga_trd.runs/design_1_v_frmbuf_wr_1_0_synth_1/prj/sol/.autopilot/db/v_frmbuf_wr.cpp:430:0)
INFO: [HLS 214-186] Unrolling loop 'VITIS_LOOP_870_7' (C:/TFG_Vivado/vivado/axu2cga_trd.runs/design_1_v_frmbuf_wr_1_0_synth_1/prj/sol/.autopilot/db/v_frmbuf_wr.cpp:870:24) in function 'MultiPixStream2Bytes' completely with a factor of 2 (C:/TFG_Vivado/vivado/axu2cga_trd.runs/design_1_v_frmbuf_wr_1_0_synth_1/prj/sol/.autopilot/db/v_frmbuf_wr.cpp:430:0)
INFO: [HLS 214-186] Unrolling loop 'VITIS_LOOP_907_9' (C:/TFG_Vivado/vivado/axu2cga_trd.runs/design_1_v_frmbuf_wr_1_0_synth_1/prj/sol/.autopilot/db/v_frmbuf_wr.cpp:907:23) in function 'MultiPixStream2Bytes' completely with a factor of 8 (C:/TFG_Vivado/vivado/axu2cga_trd.runs/design_1_v_frmbuf_wr_1_0_synth_1/prj/sol/.autopilot/db/v_frmbuf_wr.cpp:430:0)
INFO: [HLS 214-186] Unrolling loop 'VITIS_LOOP_911_10' (C:/TFG_Vivado/vivado/axu2cga_trd.runs/design_1_v_frmbuf_wr_1_0_synth_1/prj/sol/.autopilot/db/v_frmbuf_wr.cpp:911:25) in function 'MultiPixStream2Bytes' completely with a factor of 2 (C:/TFG_Vivado/vivado/axu2cga_trd.runs/design_1_v_frmbuf_wr_1_0_synth_1/prj/sol/.autopilot/db/v_frmbuf_wr.cpp:430:0)
INFO: [HLS 214-186] Unrolling loop 'VITIS_LOOP_1093_12' (C:/TFG_Vivado/vivado/axu2cga_trd.runs/design_1_v_frmbuf_wr_1_0_synth_1/prj/sol/.autopilot/db/v_frmbuf_wr.cpp:1093:25) in function 'MultiPixStream2Bytes' completely with a factor of 8 (C:/TFG_Vivado/vivado/axu2cga_trd.runs/design_1_v_frmbuf_wr_1_0_synth_1/prj/sol/.autopilot/db/v_frmbuf_wr.cpp:430:0)
INFO: [HLS 214-186] Unrolling loop 'VITIS_LOOP_1097_13' (C:/TFG_Vivado/vivado/axu2cga_trd.runs/design_1_v_frmbuf_wr_1_0_synth_1/prj/sol/.autopilot/db/v_frmbuf_wr.cpp:1097:26) in function 'MultiPixStream2Bytes' completely with a factor of 2 (C:/TFG_Vivado/vivado/axu2cga_trd.runs/design_1_v_frmbuf_wr_1_0_synth_1/prj/sol/.autopilot/db/v_frmbuf_wr.cpp:430:0)
INFO: [HLS 214-186] Unrolling loop 'VITIS_LOOP_1099_14' (C:/TFG_Vivado/vivado/axu2cga_trd.runs/design_1_v_frmbuf_wr_1_0_synth_1/prj/sol/.autopilot/db/v_frmbuf_wr.cpp:1099:27) in function 'MultiPixStream2Bytes' completely with a factor of 3 (C:/TFG_Vivado/vivado/axu2cga_trd.runs/design_1_v_frmbuf_wr_1_0_synth_1/prj/sol/.autopilot/db/v_frmbuf_wr.cpp:430:0)
INFO: [HLS 214-186] Unrolling loop 'VITIS_LOOP_1108_15' (C:/TFG_Vivado/vivado/axu2cga_trd.runs/design_1_v_frmbuf_wr_1_0_synth_1/prj/sol/.autopilot/db/v_frmbuf_wr.cpp:1108:25) in function 'MultiPixStream2Bytes' completely with a factor of 3 (C:/TFG_Vivado/vivado/axu2cga_trd.runs/design_1_v_frmbuf_wr_1_0_synth_1/prj/sol/.autopilot/db/v_frmbuf_wr.cpp:430:0)
INFO: [HLS 214-186] Unrolling loop 'VITIS_LOOP_350_1' (C:/TFG_Vivado/vivado/axu2cga_trd.runs/design_1_v_frmbuf_wr_1_0_synth_1/prj/sol/.autopilot/db/v_frmbuf_wr.cpp:350:22) in function 'AXIvideo2MultiPixStream' completely with a factor of 2 (C:/TFG_Vivado/vivado/axu2cga_trd.runs/design_1_v_frmbuf_wr_1_0_synth_1/prj/sol/.autopilot/db/v_frmbuf_wr.cpp:290:0)
INFO: [HLS 214-186] Unrolling loop 'VITIS_LOOP_352_2' (C:/TFG_Vivado/vivado/axu2cga_trd.runs/design_1_v_frmbuf_wr_1_0_synth_1/prj/sol/.autopilot/db/v_frmbuf_wr.cpp:352:23) in function 'AXIvideo2MultiPixStream' completely with a factor of 3 (C:/TFG_Vivado/vivado/axu2cga_trd.runs/design_1_v_frmbuf_wr_1_0_synth_1/prj/sol/.autopilot/db/v_frmbuf_wr.cpp:290:0)
INFO: [HLS 214-178] Inlining function 'hls::axis<ap_uint<48>, 1ul, 1ul, 1ul, (unsigned char)56, false>::axis()' into 'AXIvideo2MultiPixStream(hls::stream<hls::axis<ap_uint<48>, 1ul, 1ul, 1ul, (unsigned char)56, false>, 0>&, hls::stream<hls::Scalar<6, ap_uint<8> >, 0>&, unsigned short&, unsigned short&, unsigned char&)' (C:/TFG_Vivado/vivado/axu2cga_trd.runs/design_1_v_frmbuf_wr_1_0_synth_1/prj/sol/.autopilot/db/v_frmbuf_wr.cpp:290:0)
WARNING: [HLS 214-464] Skipping array undecay on variable length array 'HwReg_frm_buffer'. (C:/TFG_Vivado/vivado/axu2cga_trd.runs/design_1_v_frmbuf_wr_1_0_synth_1/prj/sol/.autopilot/db/v_frmbuf_wr.cpp:98:0)
WARNING: [HLS 214-464] Skipping array undecay on variable length array 'HwReg_frm_buffer2'. (C:/TFG_Vivado/vivado/axu2cga_trd.runs/design_1_v_frmbuf_wr_1_0_synth_1/prj/sol/.autopilot/db/v_frmbuf_wr.cpp:98:0)
INFO: [HLS 214-248] Applying array_partition to 'pix': Complete partitioning on dimension 1. (C:/TFG_Vivado/vivado/axu2cga_trd.runs/design_1_v_frmbuf_wr_1_0_synth_1/prj/sol/.autopilot/db/v_frmbuf_wr.cpp:431:18)
INFO: [HLS 214-241] Aggregating fifo (hls::stream) variable 'img' with compact=bit mode in 48-bits (C:/TFG_Vivado/vivado/axu2cga_trd.runs/design_1_v_frmbuf_wr_1_0_synth_1/prj/sol/.autopilot/db/v_frmbuf_wr.cpp:100:18)
INFO: [HLS 214-115] Multiple burst writes of variable length and bit width 128 in loop 'VITIS_LOOP_1599_1'(C:/TFG_Vivado/vivado/axu2cga_trd.runs/design_1_v_frmbuf_wr_1_0_synth_1/prj/sol/.autopilot/db/v_frmbuf_wr.cpp:1599:28) has been inferred on bundle 'mm_video'. These burst requests might be further partitioned into multiple requests during RTL generation, based on max_read_burst_length or max_write_burst_length settings. (C:/TFG_Vivado/vivado/axu2cga_trd.runs/design_1_v_frmbuf_wr_1_0_synth_1/prj/sol/.autopilot/db/v_frmbuf_wr.cpp:1599:28)
INFO: [HLS 214-115] Multiple burst writes of variable length and bit width 128 in loop 'VITIS_LOOP_1609_2'(C:/TFG_Vivado/vivado/axu2cga_trd.runs/design_1_v_frmbuf_wr_1_0_synth_1/prj/sol/.autopilot/db/v_frmbuf_wr.cpp:1609:32) has been inferred on bundle 'mm_video'. These burst requests might be further partitioned into multiple requests during RTL generation, based on max_read_burst_length or max_write_burst_length settings. (C:/TFG_Vivado/vivado/axu2cga_trd.runs/design_1_v_frmbuf_wr_1_0_synth_1/prj/sol/.autopilot/db/v_frmbuf_wr.cpp:1609:32)
INFO: [HLS 200-111] Finished Compiling Optimization and Transform: CPU user time: 1 seconds. CPU system time: 0 seconds. Elapsed time: 9.683 seconds; current allocated memory: 157.551 MB.
INFO: [HLS 200-111] Finished Checking Pragmas: CPU user time: 0 seconds. CPU system time: 0 seconds. Elapsed time: 0.001 seconds; current allocated memory: 157.551 MB.
INFO: [HLS 200-10] Starting code transformations ...
INFO: [HLS 200-111] Finished Standard Transforms: CPU user time: 0 seconds. CPU system time: 0 seconds. Elapsed time: 0.134 seconds; current allocated memory: 163.719 MB.
INFO: [HLS 200-10] Checking synthesizability ...
INFO: [HLS 200-111] Finished Checking Synthesizability: CPU user time: 0 seconds. CPU system time: 0 seconds. Elapsed time: 0.101 seconds; current allocated memory: 167.523 MB.
WARNING: [XFORM 203-561] Updating loop upper bound from 4096 to 720 for loop 'VITIS_LOOP_821_1' (C:/TFG_Vivado/vivado/axu2cga_trd.runs/design_1_v_frmbuf_wr_1_0_synth_1/prj/sol/.autopilot/db/v_frmbuf_wr.cpp:431:18) in function 'MultiPixStream2Bytes'.
WARNING: [XFORM 203-561] Ignored invalid trip count directive (MAX (= 720) < AVE (= 2048)) for loop 'VITIS_LOOP_821_1' (C:/TFG_Vivado/vivado/axu2cga_trd.runs/design_1_v_frmbuf_wr_1_0_synth_1/prj/sol/.autopilot/db/v_frmbuf_wr.cpp:431:18) in function 'MultiPixStream2Bytes'.
WARNING: [XFORM 203-561] Updating loop upper bound from 4320 to 1080 for loop 'loop_YUYV8' (C:/TFG_Vivado/vivado/axu2cga_trd.runs/design_1_v_frmbuf_wr_1_0_synth_1/prj/sol/.autopilot/db/v_frmbuf_wr.cpp:819:1) in function 'MultiPixStream2Bytes'.
WARNING: [XFORM 203-561] Updating loop lower bound from 0 to 64 for loop 'loop_YUYV8' (C:/TFG_Vivado/vivado/axu2cga_trd.runs/design_1_v_frmbuf_wr_1_0_synth_1/prj/sol/.autopilot/db/v_frmbuf_wr.cpp:819:1) in function 'MultiPixStream2Bytes'.
WARNING: [XFORM 203-561] Ignored invalid trip count directive (MAX (= 1080) < AVE (= 2160)) for loop 'loop_YUYV8' (C:/TFG_Vivado/vivado/axu2cga_trd.runs/design_1_v_frmbuf_wr_1_0_synth_1/prj/sol/.autopilot/db/v_frmbuf_wr.cpp:819:1) in function 'MultiPixStream2Bytes'.
WARNING: [XFORM 203-561] Updating loop upper bound from 4096 to 720 for loop 'VITIS_LOOP_863_5' (C:/TFG_Vivado/vivado/axu2cga_trd.runs/design_1_v_frmbuf_wr_1_0_synth_1/prj/sol/.autopilot/db/v_frmbuf_wr.cpp:431:18) in function 'MultiPixStream2Bytes'.
WARNING: [XFORM 203-561] Ignored invalid trip count directive (MAX (= 720) < AVE (= 2048)) for loop 'VITIS_LOOP_863_5' (C:/TFG_Vivado/vivado/axu2cga_trd.runs/design_1_v_frmbuf_wr_1_0_synth_1/prj/sol/.autopilot/db/v_frmbuf_wr.cpp:431:18) in function 'MultiPixStream2Bytes'.
WARNING: [XFORM 203-561] Updating loop upper bound from 4320 to 1080 for loop 'loop_UYVY8' (C:/TFG_Vivado/vivado/axu2cga_trd.runs/design_1_v_frmbuf_wr_1_0_synth_1/prj/sol/.autopilot/db/v_frmbuf_wr.cpp:861:1) in function 'MultiPixStream2Bytes'.
WARNING: [XFORM 203-561] Updating loop lower bound from 0 to 64 for loop 'loop_UYVY8' (C:/TFG_Vivado/vivado/axu2cga_trd.runs/design_1_v_frmbuf_wr_1_0_synth_1/prj/sol/.autopilot/db/v_frmbuf_wr.cpp:861:1) in function 'MultiPixStream2Bytes'.
WARNING: [XFORM 203-561] Ignored invalid trip count directive (MAX (= 1080) < AVE (= 2160)) for loop 'loop_UYVY8' (C:/TFG_Vivado/vivado/axu2cga_trd.runs/design_1_v_frmbuf_wr_1_0_synth_1/prj/sol/.autopilot/db/v_frmbuf_wr.cpp:861:1) in function 'MultiPixStream2Bytes'.
WARNING: [XFORM 203-561] Updating loop upper bound from 4096 to 720 for loop 'VITIS_LOOP_904_8' (C:/TFG_Vivado/vivado/axu2cga_trd.runs/design_1_v_frmbuf_wr_1_0_synth_1/prj/sol/.autopilot/db/v_frmbuf_wr.cpp:431:18) in function 'MultiPixStream2Bytes'.
WARNING: [XFORM 203-561] Ignored invalid trip count directive (MAX (= 720) < AVE (= 2048)) for loop 'VITIS_LOOP_904_8' (C:/TFG_Vivado/vivado/axu2cga_trd.runs/design_1_v_frmbuf_wr_1_0_synth_1/prj/sol/.autopilot/db/v_frmbuf_wr.cpp:431:18) in function 'MultiPixStream2Bytes'.
WARNING: [XFORM 203-561] Updating loop upper bound from 4320 to 1080 for loop 'loop_Y_UV8_Y_UV8_420' (C:/TFG_Vivado/vivado/axu2cga_trd.runs/design_1_v_frmbuf_wr_1_0_synth_1/prj/sol/.autopilot/db/v_frmbuf_wr.cpp:902:1) in function 'MultiPixStream2Bytes'.
WARNING: [XFORM 203-561] Updating loop lower bound from 0 to 64 for loop 'loop_Y_UV8_Y_UV8_420' (C:/TFG_Vivado/vivado/axu2cga_trd.runs/design_1_v_frmbuf_wr_1_0_synth_1/prj/sol/.autopilot/db/v_frmbuf_wr.cpp:902:1) in function 'MultiPixStream2Bytes'.
WARNING: [XFORM 203-561] Ignored invalid trip count directive (MAX (= 1080) < AVE (= 2160)) for loop 'loop_Y_UV8_Y_UV8_420' (C:/TFG_Vivado/vivado/axu2cga_trd.runs/design_1_v_frmbuf_wr_1_0_synth_1/prj/sol/.autopilot/db/v_frmbuf_wr.cpp:902:1) in function 'MultiPixStream2Bytes'.
WARNING: [XFORM 203-561] Updating loop upper bound from 1366 to 240 for loop 'VITIS_LOOP_1090_11' (C:/TFG_Vivado/vivado/axu2cga_trd.runs/design_1_v_frmbuf_wr_1_0_synth_1/prj/sol/.autopilot/db/v_frmbuf_wr.cpp:431:18) in function 'MultiPixStream2Bytes'.
WARNING: [XFORM 203-561] Ignored invalid trip count directive (MAX (= 240) < AVE (= 683)) for loop 'VITIS_LOOP_1090_11' (C:/TFG_Vivado/vivado/axu2cga_trd.runs/design_1_v_frmbuf_wr_1_0_synth_1/prj/sol/.autopilot/db/v_frmbuf_wr.cpp:431:18) in function 'MultiPixStream2Bytes'.
WARNING: [XFORM 203-561] Updating loop upper bound from 4320 to 1080 for loop 'loop_RGB8_YUV8' (C:/TFG_Vivado/vivado/axu2cga_trd.runs/design_1_v_frmbuf_wr_1_0_synth_1/prj/sol/.autopilot/db/v_frmbuf_wr.cpp:1088:1) in function 'MultiPixStream2Bytes'.
WARNING: [XFORM 203-561] Updating loop lower bound from 0 to 64 for loop 'loop_RGB8_YUV8' (C:/TFG_Vivado/vivado/axu2cga_trd.runs/design_1_v_frmbuf_wr_1_0_synth_1/prj/sol/.autopilot/db/v_frmbuf_wr.cpp:1088:1) in function 'MultiPixStream2Bytes'.
WARNING: [XFORM 203-561] Ignored invalid trip count directive (MAX (= 1080) < AVE (= 2160)) for loop 'loop_RGB8_YUV8' (C:/TFG_Vivado/vivado/axu2cga_trd.runs/design_1_v_frmbuf_wr_1_0_synth_1/prj/sol/.autopilot/db/v_frmbuf_wr.cpp:1088:1) in function 'MultiPixStream2Bytes'.
WARNING: [XFORM 203-561] Updating loop upper bound from 4096 to 720 for loop 'VITIS_LOOP_1599_1' (C:/TFG_Vivado/vivado/axu2cga_trd.runs/design_1_v_frmbuf_wr_1_0_synth_1/prj/sol/.autopilot/db/v_frmbuf_wr.cpp:1599:37) in function 'Bytes2AXIMMvideo'.
WARNING: [XFORM 203-561] Ignored invalid trip count directive (MAX (= 720) < AVE (= 2048)) for loop 'VITIS_LOOP_1599_1' (C:/TFG_Vivado/vivado/axu2cga_trd.runs/design_1_v_frmbuf_wr_1_0_synth_1/prj/sol/.autopilot/db/v_frmbuf_wr.cpp:1599:37) in function 'Bytes2AXIMMvideo'.
WARNING: [XFORM 203-561] Updating loop upper bound from 4096 to 720 for loop 'VITIS_LOOP_1609_2' (C:/TFG_Vivado/vivado/axu2cga_trd.runs/design_1_v_frmbuf_wr_1_0_synth_1/prj/sol/.autopilot/db/v_frmbuf_wr.cpp:1609:41) in function 'Bytes2AXIMMvideo'.
WARNING: [XFORM 203-561] Ignored invalid trip count directive (MAX (= 720) < AVE (= 2048)) for loop 'VITIS_LOOP_1609_2' (C:/TFG_Vivado/vivado/axu2cga_trd.runs/design_1_v_frmbuf_wr_1_0_synth_1/prj/sol/.autopilot/db/v_frmbuf_wr.cpp:1609:41) in function 'Bytes2AXIMMvideo'.
WARNING: [XFORM 203-561] Updating loop upper bound from 4320 to 1080 for loop 'loop_Bytes2AXIMMvideo_2planes' (C:/TFG_Vivado/vivado/axu2cga_trd.runs/design_1_v_frmbuf_wr_1_0_synth_1/prj/sol/.autopilot/db/v_frmbuf_wr.cpp:1596:1) in function 'Bytes2AXIMMvideo'.
WARNING: [XFORM 203-561] Updating loop lower bound from 0 to 64 for loop 'loop_Bytes2AXIMMvideo_2planes' (C:/TFG_Vivado/vivado/axu2cga_trd.runs/design_1_v_frmbuf_wr_1_0_synth_1/prj/sol/.autopilot/db/v_frmbuf_wr.cpp:1596:1) in function 'Bytes2AXIMMvideo'.
WARNING: [XFORM 203-561] Ignored invalid trip count directive (MAX (= 1080) < AVE (= 2160)) for loop 'loop_Bytes2AXIMMvideo_2planes' (C:/TFG_Vivado/vivado/axu2cga_trd.runs/design_1_v_frmbuf_wr_1_0_synth_1/prj/sol/.autopilot/db/v_frmbuf_wr.cpp:1596:1) in function 'Bytes2AXIMMvideo'.
WARNING: [XFORM 203-561] Updating loop upper bound from 32767 to 960 for loop 'loop_width' (C:/TFG_Vivado/vivado/axu2cga_trd.runs/design_1_v_frmbuf_wr_1_0_synth_1/prj/sol/.autopilot/db/v_frmbuf_wr.cpp:307:7) in function 'AXIvideo2MultiPixStream'.
WARNING: [XFORM 203-561] Ignored invalid trip count directive (MAX (= 960) < AVE (= 16383)) for loop 'loop_width' (C:/TFG_Vivado/vivado/axu2cga_trd.runs/design_1_v_frmbuf_wr_1_0_synth_1/prj/sol/.autopilot/db/v_frmbuf_wr.cpp:307:7) in function 'AXIvideo2MultiPixStream'.
WARNING: [XFORM 203-561] Updating loop upper bound from 65535 to 1080 for loop 'loop_height' (C:/TFG_Vivado/vivado/axu2cga_trd.runs/design_1_v_frmbuf_wr_1_0_synth_1/prj/sol/.autopilot/db/v_frmbuf_wr.cpp:307:7) in function 'AXIvideo2MultiPixStream'.
WARNING: [XFORM 203-561] Ignored invalid trip count directive (MAX (= 1080) < AVE (= 32767)) for loop 'loop_height' (C:/TFG_Vivado/vivado/axu2cga_trd.runs/design_1_v_frmbuf_wr_1_0_synth_1/prj/sol/.autopilot/db/v_frmbuf_wr.cpp:307:7) in function 'AXIvideo2MultiPixStream'.
WARNING: [HLS 200-805] An internal stream 'img' (C:/TFG_Vivado/vivado/axu2cga_trd.runs/design_1_v_frmbuf_wr_1_0_synth_1/prj/sol/.autopilot/db/v_frmbuf_wr.cpp:100) with default size can result in deadlock. Please consider resizing the stream using the directive 'set_directive_stream' or the 'HLS stream' pragma.
INFO: [HLS 200-1947] Using 'stable' for argument 'HwReg_frm_buffer' of dataflow function 'FrmbufWrHlsDataFlow' (C:/TFG_Vivado/vivado/axu2cga_trd.runs/design_1_v_frmbuf_wr_1_0_synth_1/prj/sol/.autopilot/db/v_frmbuf_wr.cpp:100:1).
INFO: [HLS 200-1947] Using 'stable' for argument 'HwReg_frm_buffer2' of dataflow function 'FrmbufWrHlsDataFlow' (C:/TFG_Vivado/vivado/axu2cga_trd.runs/design_1_v_frmbuf_wr_1_0_synth_1/prj/sol/.autopilot/db/v_frmbuf_wr.cpp:100:1).
INFO: [HLS 200-1947] Using 'stable' for argument 'WidthInBytes.val2' of dataflow function 'FrmbufWrHlsDataFlow' (C:/TFG_Vivado/vivado/axu2cga_trd.runs/design_1_v_frmbuf_wr_1_0_synth_1/prj/sol/.autopilot/db/v_frmbuf_wr.cpp:100:1).
INFO: [HLS 200-1947] Using 'stable' for argument 'colorFormat.val3' of dataflow function 'FrmbufWrHlsDataFlow' (C:/TFG_Vivado/vivado/axu2cga_trd.runs/design_1_v_frmbuf_wr_1_0_synth_1/prj/sol/.autopilot/db/v_frmbuf_wr.cpp:100:1).
INFO: [XFORM 203-712] Applying dataflow to function 'FrmbufWrHlsDataFlow' (C:/TFG_Vivado/vivado/axu2cga_trd.runs/design_1_v_frmbuf_wr_1_0_synth_1/prj/sol/.autopilot/db/v_frmbuf_wr.cpp:100:1), detected/extracted 3 process function(s): 
	 'AXIvideo2MultiPixStream'
	 'MultiPixStream2Bytes'
	 'Bytes2AXIMMvideo'.
INFO: [XFORM 203-401] Performing if-conversion on hyperblock from (C:/TFG_Vivado/vivado/axu2cga_trd.runs/design_1_v_frmbuf_wr_1_0_synth_1/prj/sol/.autopilot/db/v_frmbuf_wr.cpp:1072:47) to (C:/TFG_Vivado/vivado/axu2cga_trd.runs/design_1_v_frmbuf_wr_1_0_synth_1/prj/sol/.autopilot/db/v_frmbuf_wr.cpp:1086:3) in function 'MultiPixStream2Bytes'... converting 3 basic blocks.
INFO: [XFORM 203-401] Performing if-conversion on hyperblock from (c:/TFG_Vivado/vivado/axu2cga_trd.gen/sources_1/bd/design_1/ip/design_1_v_frmbuf_wr_1_0/src/hls/hls_axi_io.h:83:39) to (C:/TFG_Vivado/vivado/axu2cga_trd.runs/design_1_v_frmbuf_wr_1_0_synth_1/prj/sol/.autopilot/db/v_frmbuf_wr.cpp:326:3) in function 'AXIvideo2MultiPixStream'... converting 7 basic blocks.
INFO: [XFORM 203-11] Balancing expressions in function 'Bytes2AXIMMvideo' (C:/TFG_Vivado/vivado/axu2cga_trd.runs/design_1_v_frmbuf_wr_1_0_synth_1/prj/sol/.autopilot/db/v_frmbuf_wr.cpp:1573:32)...3 expression(s) balanced.
INFO: [HLS 200-111] Finished Loop, function and other optimizations: CPU user time: 0 seconds. CPU system time: 0 seconds. Elapsed time: 1.99 seconds; current allocated memory: 189.906 MB.
INFO: [HLS 200-111] Finished Architecture Synthesis: CPU user time: 1 seconds. CPU system time: 0 seconds. Elapsed time: 0.339 seconds; current allocated memory: 309.125 MB.
INFO: [HLS 200-10] Starting hardware synthesis ...
INFO: [HLS 200-10] Synthesizing 'v_frmbuf_wr' ...
WARNING: [SYN 201-103] Legalizing function name 'reg<unsigned short>' to 'reg_unsigned_short_s'.
INFO: [HLS 200-10] ----------------------------------------------------------------
INFO: [HLS 200-42] -- Implementing module 'reg_unsigned_short_s' 
INFO: [HLS 200-10] ----------------------------------------------------------------
INFO: [SCHED 204-11] Starting scheduling ...
INFO: [SCHED 204-61] Pipelining function 'reg<unsigned short>'.
INFO: [HLS 200-1470] Pipelining result : Target II = 1, Final II = 1, Depth = 2, function 'reg<unsigned short>'
INFO: [SCHED 204-11] Finished scheduling.
INFO: [HLS 200-111] Finished Scheduling: CPU user time: 0 seconds. CPU system time: 0 seconds. Elapsed time: 0.113 seconds; current allocated memory: 312.723 MB.
INFO: [BIND 205-100] Starting micro-architecture generation ...
INFO: [BIND 205-101] Performing variable lifetime analysis.
INFO: [BIND 205-101] Exploring resource sharing.
INFO: [BIND 205-101] Binding ...
INFO: [BIND 205-100] Finished micro-architecture generation.
INFO: [HLS 200-111] Finished Binding: CPU user time: 0 seconds. CPU system time: 0 seconds. Elapsed time: 0.023 seconds; current allocated memory: 313.676 MB.
INFO: [HLS 200-10] ----------------------------------------------------------------
INFO: [HLS 200-42] -- Implementing module 'AXIvideo2MultiPixStream_Pipeline_loop_wait_for_start' 
INFO: [HLS 200-10] ----------------------------------------------------------------
INFO: [SCHED 204-11] Starting scheduling ...
INFO: [SCHED 204-61] Pipelining loop 'loop_wait_for_start'.
INFO: [HLS 200-1470] Pipelining result : Target II = 1, Final II = 1, Depth = 1, loop 'loop_wait_for_start'
INFO: [SCHED 204-11] Finished scheduling.
INFO: [HLS 200-111] Finished Scheduling: CPU user time: 0 seconds. CPU system time: 0 seconds. Elapsed time: 0.018 seconds; current allocated memory: 314.320 MB.
INFO: [BIND 205-100] Starting micro-architecture generation ...
INFO: [BIND 205-101] Performing variable lifetime analysis.
INFO: [BIND 205-101] Exploring resource sharing.
INFO: [BIND 205-101] Binding ...
INFO: [BIND 205-100] Finished micro-architecture generation.
INFO: [HLS 200-111] Finished Binding: CPU user time: 0 seconds. CPU system time: 0 seconds. Elapsed time: 0.013 seconds; current allocated memory: 314.520 MB.
INFO: [HLS 200-10] ----------------------------------------------------------------
INFO: [HLS 200-42] -- Implementing module 'AXIvideo2MultiPixStream_Pipeline_loop_width' 
INFO: [HLS 200-10] ----------------------------------------------------------------
INFO: [SCHED 204-11] Starting scheduling ...
INFO: [SCHED 204-61] Pipelining loop 'loop_width'.
INFO: [HLS 200-1470] Pipelining result : Target II = 1, Final II = 1, Depth = 3, loop 'loop_width'
INFO: [SCHED 204-11] Finished scheduling.
INFO: [HLS 200-111] Finished Scheduling: CPU user time: 0 seconds. CPU system time: 0 seconds. Elapsed time: 0.032 seconds; current allocated memory: 315.141 MB.
INFO: [BIND 205-100] Starting micro-architecture generation ...
INFO: [BIND 205-101] Performing variable lifetime analysis.
INFO: [BIND 205-101] Exploring resource sharing.
INFO: [BIND 205-101] Binding ...
INFO: [BIND 205-100] Finished micro-architecture generation.
INFO: [HLS 200-111] Finished Binding: CPU user time: 0 seconds. CPU system time: 0 seconds. Elapsed time: 0.016 seconds; current allocated memory: 315.246 MB.
INFO: [HLS 200-10] ----------------------------------------------------------------
INFO: [HLS 200-42] -- Implementing module 'AXIvideo2MultiPixStream_Pipeline_loop_wait_for_eol' 
INFO: [HLS 200-10] ----------------------------------------------------------------
INFO: [SCHED 204-11] Starting scheduling ...
INFO: [SCHED 204-61] Pipelining loop 'loop_wait_for_eol'.
INFO: [HLS 200-1470] Pipelining result : Target II = 1, Final II = 1, Depth = 1, loop 'loop_wait_for_eol'
INFO: [SCHED 204-11] Finished scheduling.
INFO: [HLS 200-111] Finished Scheduling: CPU user time: 0 seconds. CPU system time: 0 seconds. Elapsed time: 0.026 seconds; current allocated memory: 315.656 MB.
INFO: [BIND 205-100] Starting micro-architecture generation ...
INFO: [BIND 205-101] Performing variable lifetime analysis.
INFO: [BIND 205-101] Exploring resource sharing.
INFO: [BIND 205-101] Binding ...
INFO: [BIND 205-100] Finished micro-architecture generation.
INFO: [HLS 200-111] Finished Binding: CPU user time: 0 seconds. CPU system time: 0 seconds. Elapsed time: 0.012 seconds; current allocated memory: 315.723 MB.
INFO: [HLS 200-10] ----------------------------------------------------------------
INFO: [HLS 200-42] -- Implementing module 'AXIvideo2MultiPixStream' 
INFO: [HLS 200-10] ----------------------------------------------------------------
INFO: [SCHED 204-11] Starting scheduling ...
INFO: [SCHED 204-11] Finished scheduling.
INFO: [HLS 200-111] Finished Scheduling: CPU user time: 0 seconds. CPU system time: 0 seconds. Elapsed time: 0.023 seconds; current allocated memory: 315.891 MB.
INFO: [BIND 205-100] Starting micro-architecture generation ...
INFO: [BIND 205-101] Performing variable lifetime analysis.
INFO: [BIND 205-101] Exploring resource sharing.
INFO: [BIND 205-101] Binding ...
INFO: [BIND 205-100] Finished micro-architecture generation.
INFO: [HLS 200-111] Finished Binding: CPU user time: 0 seconds. CPU system time: 0 seconds. Elapsed time: 1.874 seconds; current allocated memory: 315.969 MB.
INFO: [HLS 200-10] ----------------------------------------------------------------
INFO: [HLS 200-42] -- Implementing module 'MultiPixStream2Bytes_Pipeline_VITIS_LOOP_1090_11' 
INFO: [HLS 200-10] ----------------------------------------------------------------
INFO: [SCHED 204-11] Starting scheduling ...
INFO: [SCHED 204-61] Pipelining loop 'VITIS_LOOP_1090_11'.
INFO: [HLS 200-1470] Pipelining result : Target II = 8, Final II = 8, Depth = 10, loop 'VITIS_LOOP_1090_11'
INFO: [SCHED 204-11] Finished scheduling.
INFO: [HLS 200-111] Finished Scheduling: CPU user time: 0 seconds. CPU system time: 0 seconds. Elapsed time: 0.092 seconds; current allocated memory: 319.211 MB.
INFO: [BIND 205-100] Starting micro-architecture generation ...
INFO: [BIND 205-101] Performing variable lifetime analysis.
INFO: [BIND 205-101] Exploring resource sharing.
INFO: [BIND 205-101] Binding ...
INFO: [BIND 205-100] Finished micro-architecture generation.
INFO: [HLS 200-111] Finished Binding: CPU user time: 0 seconds. CPU system time: 0 seconds. Elapsed time: 0.037 seconds; current allocated memory: 319.223 MB.
INFO: [HLS 200-10] ----------------------------------------------------------------
INFO: [HLS 200-42] -- Implementing module 'MultiPixStream2Bytes_Pipeline_VITIS_LOOP_904_8' 
INFO: [HLS 200-10] ----------------------------------------------------------------
INFO: [SCHED 204-11] Starting scheduling ...
INFO: [SCHED 204-61] Pipelining loop 'VITIS_LOOP_904_8'.
INFO: [HLS 200-1470] Pipelining result : Target II = 8, Final II = 8, Depth = 10, loop 'VITIS_LOOP_904_8'
INFO: [SCHED 204-11] Finished scheduling.
INFO: [HLS 200-111] Finished Scheduling: CPU user time: 0 seconds. CPU system time: 0 seconds. Elapsed time: 0.087 seconds; current allocated memory: 320.340 MB.
INFO: [BIND 205-100] Starting micro-architecture generation ...
INFO: [BIND 205-101] Performing variable lifetime analysis.
INFO: [BIND 205-101] Exploring resource sharing.
INFO: [BIND 205-101] Binding ...
INFO: [BIND 205-100] Finished micro-architecture generation.
INFO: [HLS 200-111] Finished Binding: CPU user time: 0 seconds. CPU system time: 0 seconds. Elapsed time: 0.03 seconds; current allocated memory: 320.434 MB.
INFO: [HLS 200-10] ----------------------------------------------------------------
INFO: [HLS 200-42] -- Implementing module 'MultiPixStream2Bytes_Pipeline_VITIS_LOOP_863_5' 
INFO: [HLS 200-10] ----------------------------------------------------------------
INFO: [SCHED 204-11] Starting scheduling ...
INFO: [SCHED 204-61] Pipelining loop 'VITIS_LOOP_863_5'.
INFO: [HLS 200-1470] Pipelining result : Target II = 4, Final II = 4, Depth = 6, loop 'VITIS_LOOP_863_5'
INFO: [SCHED 204-11] Finished scheduling.
INFO: [HLS 200-111] Finished Scheduling: CPU user time: 0 seconds. CPU system time: 1 seconds. Elapsed time: 0.056 seconds; current allocated memory: 321.047 MB.
INFO: [BIND 205-100] Starting micro-architecture generation ...
INFO: [BIND 205-101] Performing variable lifetime analysis.
INFO: [BIND 205-101] Exploring resource sharing.
INFO: [BIND 205-101] Binding ...
INFO: [BIND 205-100] Finished micro-architecture generation.
INFO: [HLS 200-111] Finished Binding: CPU user time: 0 seconds. CPU system time: 0 seconds. Elapsed time: 0.022 seconds; current allocated memory: 321.047 MB.
INFO: [HLS 200-10] ----------------------------------------------------------------
INFO: [HLS 200-42] -- Implementing module 'MultiPixStream2Bytes_Pipeline_VITIS_LOOP_821_1' 
INFO: [HLS 200-10] ----------------------------------------------------------------
INFO: [SCHED 204-11] Starting scheduling ...
INFO: [SCHED 204-61] Pipelining loop 'VITIS_LOOP_821_1'.
INFO: [HLS 200-1470] Pipelining result : Target II = 4, Final II = 4, Depth = 6, loop 'VITIS_LOOP_821_1'
INFO: [SCHED 204-11] Finished scheduling.
INFO: [HLS 200-111] Finished Scheduling: CPU user time: 0 seconds. CPU system time: 0 seconds. Elapsed time: 0.049 seconds; current allocated memory: 321.625 MB.
INFO: [BIND 205-100] Starting micro-architecture generation ...
INFO: [BIND 205-101] Performing variable lifetime analysis.
INFO: [BIND 205-101] Exploring resource sharing.
INFO: [BIND 205-101] Binding ...
INFO: [BIND 205-100] Finished micro-architecture generation.
INFO: [HLS 200-111] Finished Binding: CPU user time: 0 seconds. CPU system time: 0 seconds. Elapsed time: 1.633 seconds; current allocated memory: 321.715 MB.
INFO: [HLS 200-10] ----------------------------------------------------------------
INFO: [HLS 200-42] -- Implementing module 'MultiPixStream2Bytes' 
INFO: [HLS 200-10] ----------------------------------------------------------------
INFO: [SCHED 204-11] Starting scheduling ...
INFO: [SCHED 204-11] Finished scheduling.
INFO: [HLS 200-111] Finished Scheduling: CPU user time: 0 seconds. CPU system time: 0 seconds. Elapsed time: 0.078 seconds; current allocated memory: 322.906 MB.
INFO: [BIND 205-100] Starting micro-architecture generation ...
INFO: [BIND 205-101] Performing variable lifetime analysis.
INFO: [BIND 205-101] Exploring resource sharing.
INFO: [BIND 205-101] Binding ...
INFO: [BIND 205-100] Finished micro-architecture generation.
INFO: [HLS 200-111] Finished Binding: CPU user time: 0 seconds. CPU system time: 0 seconds. Elapsed time: 0.036 seconds; current allocated memory: 323.113 MB.
INFO: [HLS 200-10] ----------------------------------------------------------------
INFO: [HLS 200-42] -- Implementing module 'Bytes2AXIMMvideo_Pipeline_VITIS_LOOP_1599_1' 
INFO: [HLS 200-10] ----------------------------------------------------------------
INFO: [SCHED 204-11] Starting scheduling ...
INFO: [SCHED 204-61] Pipelining loop 'VITIS_LOOP_1599_1'.
INFO: [HLS 200-1470] Pipelining result : Target II = 1, Final II = 1, Depth = 3, loop 'VITIS_LOOP_1599_1'
INFO: [SCHED 204-11] Finished scheduling.
INFO: [HLS 200-111] Finished Scheduling: CPU user time: 0 seconds. CPU system time: 0 seconds. Elapsed time: 0.044 seconds; current allocated memory: 323.367 MB.
INFO: [BIND 205-100] Starting micro-architecture generation ...
INFO: [BIND 205-101] Performing variable lifetime analysis.
INFO: [BIND 205-101] Exploring resource sharing.
INFO: [BIND 205-101] Binding ...
INFO: [BIND 205-100] Finished micro-architecture generation.
INFO: [HLS 200-111] Finished Binding: CPU user time: 0 seconds. CPU system time: 0 seconds. Elapsed time: 0.011 seconds; current allocated memory: 323.371 MB.
INFO: [HLS 200-10] ----------------------------------------------------------------
INFO: [HLS 200-42] -- Implementing module 'Bytes2AXIMMvideo_Pipeline_VITIS_LOOP_1609_2' 
INFO: [HLS 200-10] ----------------------------------------------------------------
INFO: [SCHED 204-11] Starting scheduling ...
INFO: [SCHED 204-61] Pipelining loop 'VITIS_LOOP_1609_2'.
INFO: [HLS 200-1470] Pipelining result : Target II = 1, Final II = 1, Depth = 3, loop 'VITIS_LOOP_1609_2'
INFO: [SCHED 204-11] Finished scheduling.
INFO: [HLS 200-111] Finished Scheduling: CPU user time: 0 seconds. CPU system time: 0 seconds. Elapsed time: 0.017 seconds; current allocated memory: 323.527 MB.
INFO: [BIND 205-100] Starting micro-architecture generation ...
INFO: [BIND 205-101] Performing variable lifetime analysis.
INFO: [BIND 205-101] Exploring resource sharing.
INFO: [BIND 205-101] Binding ...
INFO: [BIND 205-100] Finished micro-architecture generation.
INFO: [HLS 200-111] Finished Binding: CPU user time: 0 seconds. CPU system time: 0 seconds. Elapsed time: 0.011 seconds; current allocated memory: 323.641 MB.
INFO: [HLS 200-10] ----------------------------------------------------------------
INFO: [HLS 200-42] -- Implementing module 'Bytes2AXIMMvideo' 
INFO: [HLS 200-10] ----------------------------------------------------------------
INFO: [SCHED 204-11] Starting scheduling ...
INFO: [SCHED 204-11] Finished scheduling.
INFO: [HLS 200-111] Finished Scheduling: CPU user time: 0 seconds. CPU system time: 0 seconds. Elapsed time: 0.04 seconds; current allocated memory: 324.820 MB.
INFO: [BIND 205-100] Starting micro-architecture generation ...
INFO: [BIND 205-101] Performing variable lifetime analysis.
INFO: [BIND 205-101] Exploring resource sharing.
INFO: [BIND 205-101] Binding ...
INFO: [BIND 205-100] Finished micro-architecture generation.
INFO: [HLS 200-111] Finished Binding: CPU user time: 0 seconds. CPU system time: 0 seconds. Elapsed time: 1.77 seconds; current allocated memory: 325.145 MB.
INFO: [HLS 200-10] ----------------------------------------------------------------
INFO: [HLS 200-42] -- Implementing module 'FrmbufWrHlsDataFlow' 
INFO: [HLS 200-10] ----------------------------------------------------------------
INFO: [SCHED 204-11] Starting scheduling ...
INFO: [SCHED 204-11] Finished scheduling.
INFO: [HLS 200-111] Finished Scheduling: CPU user time: 1 seconds. CPU system time: 0 seconds. Elapsed time: 0.051 seconds; current allocated memory: 325.434 MB.
INFO: [BIND 205-100] Starting micro-architecture generation ...
INFO: [BIND 205-101] Performing variable lifetime analysis.
INFO: [BIND 205-101] Exploring resource sharing.
INFO: [BIND 205-101] Binding ...
INFO: [BIND 205-100] Finished micro-architecture generation.
INFO: [HLS 200-111] Finished Binding: CPU user time: 0 seconds. CPU system time: 0 seconds. Elapsed time: 0.014 seconds; current allocated memory: 325.699 MB.
INFO: [HLS 200-10] ----------------------------------------------------------------
INFO: [HLS 200-42] -- Implementing module 'v_frmbuf_wr' 
INFO: [HLS 200-10] ----------------------------------------------------------------
INFO: [SCHED 204-11] Starting scheduling ...
INFO: [SCHED 204-11] Finished scheduling.
INFO: [HLS 200-111] Finished Scheduling: CPU user time: 0 seconds. CPU system time: 0 seconds. Elapsed time: 0.026 seconds; current allocated memory: 326.203 MB.
INFO: [BIND 205-100] Starting micro-architecture generation ...
INFO: [BIND 205-101] Performing variable lifetime analysis.
INFO: [BIND 205-101] Exploring resource sharing.
INFO: [BIND 205-101] Binding ...
INFO: [BIND 205-100] Finished micro-architecture generation.
INFO: [HLS 200-111] Finished Binding: CPU user time: 0 seconds. CPU system time: 0 seconds. Elapsed time: 0.015 seconds; current allocated memory: 326.305 MB.
INFO: [HLS 200-10] ----------------------------------------------------------------
INFO: [HLS 200-10] -- Generating RTL for module 'reg_unsigned_short_s' 
INFO: [HLS 200-10] ----------------------------------------------------------------
INFO: [HLS 200-1030] Apply Unified Pipeline Control on module 'reg_unsigned_short_s' pipeline 'reg<unsigned short>' pipeline type 'function pipeline'
INFO: [RTGEN 206-100] Finished creating RTL model for 'reg_unsigned_short_s'.
INFO: [HLS 200-111] Finished Creating RTL model: CPU user time: 0 seconds. CPU system time: 0 seconds. Elapsed time: 0.051 seconds; current allocated memory: 327.555 MB.
INFO: [HLS 200-10] ----------------------------------------------------------------
INFO: [HLS 200-10] -- Generating RTL for module 'AXIvideo2MultiPixStream_Pipeline_loop_wait_for_start' 
INFO: [HLS 200-10] ----------------------------------------------------------------
INFO: [RTGEN 206-100] Finished creating RTL model for 'AXIvideo2MultiPixStream_Pipeline_loop_wait_for_start'.
INFO: [HLS 200-111] Finished Creating RTL model: CPU user time: 0 seconds. CPU system time: 0 seconds. Elapsed time: 0.044 seconds; current allocated memory: 328.715 MB.
INFO: [HLS 200-10] ----------------------------------------------------------------
INFO: [HLS 200-10] -- Generating RTL for module 'AXIvideo2MultiPixStream_Pipeline_loop_width' 
INFO: [HLS 200-10] ----------------------------------------------------------------
INFO: [HLS 200-1030] Apply Unified Pipeline Control on module 'AXIvideo2MultiPixStream_Pipeline_loop_width' pipeline 'loop_width' pipeline type 'loop pipeline'
INFO: [RTGEN 206-100] Generating core module 'sparsemux_5_8_8_1_1': 1 instance(s).
INFO: [RTGEN 206-100] Finished creating RTL model for 'AXIvideo2MultiPixStream_Pipeline_loop_width'.
INFO: [HLS 200-111] Finished Creating RTL model: CPU user time: 0 seconds. CPU system time: 0 seconds. Elapsed time: 0.054 seconds; current allocated memory: 330.531 MB.
INFO: [HLS 200-10] ----------------------------------------------------------------
INFO: [HLS 200-10] -- Generating RTL for module 'AXIvideo2MultiPixStream_Pipeline_loop_wait_for_eol' 
INFO: [HLS 200-10] ----------------------------------------------------------------
INFO: [RTGEN 206-100] Finished creating RTL model for 'AXIvideo2MultiPixStream_Pipeline_loop_wait_for_eol'.
INFO: [HLS 200-111] Finished Creating RTL model: CPU user time: 0 seconds. CPU system time: 0 seconds. Elapsed time: 1.76 seconds; current allocated memory: 332.164 MB.
INFO: [HLS 200-10] ----------------------------------------------------------------
INFO: [HLS 200-10] -- Generating RTL for module 'AXIvideo2MultiPixStream' 
INFO: [HLS 200-10] ----------------------------------------------------------------
INFO: [RTGEN 206-100] Finished creating RTL model for 'AXIvideo2MultiPixStream'.
INFO: [HLS 200-111] Finished Creating RTL model: CPU user time: 0 seconds. CPU system time: 0 seconds. Elapsed time: 0.045 seconds; current allocated memory: 332.711 MB.
INFO: [HLS 200-10] ----------------------------------------------------------------
INFO: [HLS 200-10] -- Generating RTL for module 'MultiPixStream2Bytes_Pipeline_VITIS_LOOP_1090_11' 
INFO: [HLS 200-10] ----------------------------------------------------------------
INFO: [HLS 200-1030] Apply Unified Pipeline Control on module 'MultiPixStream2Bytes_Pipeline_VITIS_LOOP_1090_11' pipeline 'VITIS_LOOP_1090_11' pipeline type 'loop pipeline'
INFO: [RTGEN 206-100] Finished creating RTL model for 'MultiPixStream2Bytes_Pipeline_VITIS_LOOP_1090_11'.
INFO: [HLS 200-111] Finished Creating RTL model: CPU user time: 0 seconds. CPU system time: 0 seconds. Elapsed time: 0.099 seconds; current allocated memory: 335.961 MB.
INFO: [HLS 200-10] ----------------------------------------------------------------
INFO: [HLS 200-10] -- Generating RTL for module 'MultiPixStream2Bytes_Pipeline_VITIS_LOOP_904_8' 
INFO: [HLS 200-10] ----------------------------------------------------------------
INFO: [HLS 200-1030] Apply Unified Pipeline Control on module 'MultiPixStream2Bytes_Pipeline_VITIS_LOOP_904_8' pipeline 'VITIS_LOOP_904_8' pipeline type 'loop pipeline'
INFO: [RTGEN 206-100] Finished creating RTL model for 'MultiPixStream2Bytes_Pipeline_VITIS_LOOP_904_8'.
INFO: [HLS 200-111] Finished Creating RTL model: CPU user time: 0 seconds. CPU system time: 0 seconds. Elapsed time: 0.15 seconds; current allocated memory: 341.570 MB.
INFO: [HLS 200-10] ----------------------------------------------------------------
INFO: [HLS 200-10] -- Generating RTL for module 'MultiPixStream2Bytes_Pipeline_VITIS_LOOP_863_5' 
INFO: [HLS 200-10] ----------------------------------------------------------------
INFO: [HLS 200-1030] Apply Unified Pipeline Control on module 'MultiPixStream2Bytes_Pipeline_VITIS_LOOP_863_5' pipeline 'VITIS_LOOP_863_5' pipeline type 'loop pipeline'
INFO: [RTGEN 206-100] Finished creating RTL model for 'MultiPixStream2Bytes_Pipeline_VITIS_LOOP_863_5'.
INFO: [HLS 200-111] Finished Creating RTL model: CPU user time: 0 seconds. CPU system time: 0 seconds. Elapsed time: 0.116 seconds; current allocated memory: 344.871 MB.
INFO: [HLS 200-10] ----------------------------------------------------------------
INFO: [HLS 200-10] -- Generating RTL for module 'MultiPixStream2Bytes_Pipeline_VITIS_LOOP_821_1' 
INFO: [HLS 200-10] ----------------------------------------------------------------
INFO: [HLS 200-1030] Apply Unified Pipeline Control on module 'MultiPixStream2Bytes_Pipeline_VITIS_LOOP_821_1' pipeline 'VITIS_LOOP_821_1' pipeline type 'loop pipeline'
INFO: [RTGEN 206-100] Finished creating RTL model for 'MultiPixStream2Bytes_Pipeline_VITIS_LOOP_821_1'.
INFO: [HLS 200-111] Finished Creating RTL model: CPU user time: 0 seconds. CPU system time: 0 seconds. Elapsed time: 0.088 seconds; current allocated memory: 346.836 MB.
INFO: [HLS 200-10] ----------------------------------------------------------------
INFO: [HLS 200-10] -- Generating RTL for module 'MultiPixStream2Bytes' 
INFO: [HLS 200-10] ----------------------------------------------------------------
INFO: [RTGEN 206-100] Generating core module 'mul_10ns_12ns_21_1_1': 1 instance(s).
INFO: [RTGEN 206-100] Finished creating RTL model for 'MultiPixStream2Bytes'.
INFO: [HLS 200-111] Finished Creating RTL model: CPU user time: 0 seconds. CPU system time: 0 seconds. Elapsed time: 1.506 seconds; current allocated memory: 350.621 MB.
INFO: [HLS 200-10] ----------------------------------------------------------------
INFO: [HLS 200-10] -- Generating RTL for module 'Bytes2AXIMMvideo_Pipeline_VITIS_LOOP_1599_1' 
INFO: [HLS 200-10] ----------------------------------------------------------------
INFO: [HLS 200-1030] Apply Unified Pipeline Control on module 'Bytes2AXIMMvideo_Pipeline_VITIS_LOOP_1599_1' pipeline 'VITIS_LOOP_1599_1' pipeline type 'loop pipeline'
WARNING: [RTGEN 206-101] Setting dangling out port 'Bytes2AXIMMvideo_Pipeline_VITIS_LOOP_1599_1/m_axi_mm_video_0_AWVALID' to 0.
WARNING: [RTGEN 206-101] Setting dangling out port 'Bytes2AXIMMvideo_Pipeline_VITIS_LOOP_1599_1/m_axi_mm_video_0_AWADDR' to 0.
WARNING: [RTGEN 206-101] Setting dangling out port 'Bytes2AXIMMvideo_Pipeline_VITIS_LOOP_1599_1/m_axi_mm_video_0_AWID' to 0.
WARNING: [RTGEN 206-101] Setting dangling out port 'Bytes2AXIMMvideo_Pipeline_VITIS_LOOP_1599_1/m_axi_mm_video_0_AWLEN' to 0.
WARNING: [RTGEN 206-101] Setting dangling out port 'Bytes2AXIMMvideo_Pipeline_VITIS_LOOP_1599_1/m_axi_mm_video_0_AWSIZE' to 0.
WARNING: [RTGEN 206-101] Setting dangling out port 'Bytes2AXIMMvideo_Pipeline_VITIS_LOOP_1599_1/m_axi_mm_video_0_AWBURST' to 0.
WARNING: [RTGEN 206-101] Setting dangling out port 'Bytes2AXIMMvideo_Pipeline_VITIS_LOOP_1599_1/m_axi_mm_video_0_AWLOCK' to 0.
WARNING: [RTGEN 206-101] Setting dangling out port 'Bytes2AXIMMvideo_Pipeline_VITIS_LOOP_1599_1/m_axi_mm_video_0_AWCACHE' to 0.
WARNING: [RTGEN 206-101] Setting dangling out port 'Bytes2AXIMMvideo_Pipeline_VITIS_LOOP_1599_1/m_axi_mm_video_0_AWPROT' to 0.
WARNING: [RTGEN 206-101] Setting dangling out port 'Bytes2AXIMMvideo_Pipeline_VITIS_LOOP_1599_1/m_axi_mm_video_0_AWQOS' to 0.
WARNING: [RTGEN 206-101] Setting dangling out port 'Bytes2AXIMMvideo_Pipeline_VITIS_LOOP_1599_1/m_axi_mm_video_0_AWREGION' to 0.
WARNING: [RTGEN 206-101] Setting dangling out port 'Bytes2AXIMMvideo_Pipeline_VITIS_LOOP_1599_1/m_axi_mm_video_0_AWUSER' to 0.
WARNING: [RTGEN 206-101] Setting dangling out port 'Bytes2AXIMMvideo_Pipeline_VITIS_LOOP_1599_1/m_axi_mm_video_0_BREADY' to 0.
INFO: [RTGEN 206-100] Finished creating RTL model for 'Bytes2AXIMMvideo_Pipeline_VITIS_LOOP_1599_1'.
INFO: [HLS 200-111] Finished Creating RTL model: CPU user time: 0 seconds. CPU system time: 0 seconds. Elapsed time: 0.115 seconds; current allocated memory: 355.289 MB.
INFO: [HLS 200-10] ----------------------------------------------------------------
INFO: [HLS 200-10] -- Generating RTL for module 'Bytes2AXIMMvideo_Pipeline_VITIS_LOOP_1609_2' 
INFO: [HLS 200-10] ----------------------------------------------------------------
INFO: [HLS 200-1030] Apply Unified Pipeline Control on module 'Bytes2AXIMMvideo_Pipeline_VITIS_LOOP_1609_2' pipeline 'VITIS_LOOP_1609_2' pipeline type 'loop pipeline'
WARNING: [RTGEN 206-101] Setting dangling out port 'Bytes2AXIMMvideo_Pipeline_VITIS_LOOP_1609_2/m_axi_mm_video_0_AWVALID' to 0.
WARNING: [RTGEN 206-101] Setting dangling out port 'Bytes2AXIMMvideo_Pipeline_VITIS_LOOP_1609_2/m_axi_mm_video_0_AWADDR' to 0.
WARNING: [RTGEN 206-101] Setting dangling out port 'Bytes2AXIMMvideo_Pipeline_VITIS_LOOP_1609_2/m_axi_mm_video_0_AWID' to 0.
WARNING: [RTGEN 206-101] Setting dangling out port 'Bytes2AXIMMvideo_Pipeline_VITIS_LOOP_1609_2/m_axi_mm_video_0_AWLEN' to 0.
WARNING: [RTGEN 206-101] Setting dangling out port 'Bytes2AXIMMvideo_Pipeline_VITIS_LOOP_1609_2/m_axi_mm_video_0_AWSIZE' to 0.
WARNING: [RTGEN 206-101] Setting dangling out port 'Bytes2AXIMMvideo_Pipeline_VITIS_LOOP_1609_2/m_axi_mm_video_0_AWBURST' to 0.
WARNING: [RTGEN 206-101] Setting dangling out port 'Bytes2AXIMMvideo_Pipeline_VITIS_LOOP_1609_2/m_axi_mm_video_0_AWLOCK' to 0.
WARNING: [RTGEN 206-101] Setting dangling out port 'Bytes2AXIMMvideo_Pipeline_VITIS_LOOP_1609_2/m_axi_mm_video_0_AWCACHE' to 0.
WARNING: [RTGEN 206-101] Setting dangling out port 'Bytes2AXIMMvideo_Pipeline_VITIS_LOOP_1609_2/m_axi_mm_video_0_AWPROT' to 0.
WARNING: [RTGEN 206-101] Setting dangling out port 'Bytes2AXIMMvideo_Pipeline_VITIS_LOOP_1609_2/m_axi_mm_video_0_AWQOS' to 0.
WARNING: [RTGEN 206-101] Setting dangling out port 'Bytes2AXIMMvideo_Pipeline_VITIS_LOOP_1609_2/m_axi_mm_video_0_AWREGION' to 0.
WARNING: [RTGEN 206-101] Setting dangling out port 'Bytes2AXIMMvideo_Pipeline_VITIS_LOOP_1609_2/m_axi_mm_video_0_AWUSER' to 0.
WARNING: [RTGEN 206-101] Setting dangling out port 'Bytes2AXIMMvideo_Pipeline_VITIS_LOOP_1609_2/m_axi_mm_video_0_BREADY' to 0.
INFO: [RTGEN 206-100] Finished creating RTL model for 'Bytes2AXIMMvideo_Pipeline_VITIS_LOOP_1609_2'.
INFO: [HLS 200-111] Finished Creating RTL model: CPU user time: 0 seconds. CPU system time: 0 seconds. Elapsed time: 1.888 seconds; current allocated memory: 355.289 MB.
INFO: [HLS 200-10] ----------------------------------------------------------------
INFO: [HLS 200-10] -- Generating RTL for module 'Bytes2AXIMMvideo' 
INFO: [HLS 200-10] ----------------------------------------------------------------
INFO: [RTGEN 206-100] Finished creating RTL model for 'Bytes2AXIMMvideo'.
INFO: [HLS 200-111] Finished Creating RTL model: CPU user time: 1 seconds. CPU system time: 0 seconds. Elapsed time: 0.106 seconds; current allocated memory: 359.180 MB.
INFO: [HLS 200-10] ----------------------------------------------------------------
INFO: [HLS 200-10] -- Generating RTL for module 'FrmbufWrHlsDataFlow' 
INFO: [HLS 200-10] ----------------------------------------------------------------
WARNING: [RTGEN 206-101] Setting dangling out port 'FrmbufWrHlsDataFlow/m_axi_mm_video_0_ARVALID' to 0.
WARNING: [RTGEN 206-101] Setting dangling out port 'FrmbufWrHlsDataFlow/m_axi_mm_video_0_ARADDR' to 0.
WARNING: [RTGEN 206-101] Setting dangling out port 'FrmbufWrHlsDataFlow/m_axi_mm_video_0_ARID' to 0.
WARNING: [RTGEN 206-101] Setting dangling out port 'FrmbufWrHlsDataFlow/m_axi_mm_video_0_ARLEN' to 0.
WARNING: [RTGEN 206-101] Setting dangling out port 'FrmbufWrHlsDataFlow/m_axi_mm_video_0_ARSIZE' to 0.
WARNING: [RTGEN 206-101] Setting dangling out port 'FrmbufWrHlsDataFlow/m_axi_mm_video_0_ARBURST' to 0.
WARNING: [RTGEN 206-101] Setting dangling out port 'FrmbufWrHlsDataFlow/m_axi_mm_video_0_ARLOCK' to 0.
WARNING: [RTGEN 206-101] Setting dangling out port 'FrmbufWrHlsDataFlow/m_axi_mm_video_0_ARCACHE' to 0.
WARNING: [RTGEN 206-101] Setting dangling out port 'FrmbufWrHlsDataFlow/m_axi_mm_video_0_ARPROT' to 0.
WARNING: [RTGEN 206-101] Setting dangling out port 'FrmbufWrHlsDataFlow/m_axi_mm_video_0_ARQOS' to 0.
WARNING: [RTGEN 206-101] Setting dangling out port 'FrmbufWrHlsDataFlow/m_axi_mm_video_0_ARREGION' to 0.
WARNING: [RTGEN 206-101] Setting dangling out port 'FrmbufWrHlsDataFlow/m_axi_mm_video_0_ARUSER' to 0.
WARNING: [RTGEN 206-101] Setting dangling out port 'FrmbufWrHlsDataFlow/m_axi_mm_video_0_RREADY' to 0.
INFO: [RTGEN 206-100] Finished creating RTL model for 'FrmbufWrHlsDataFlow'.
INFO: [RTMG 210-285] Implementing FIFO 'img_U(design_1_v_frmbuf_wr_1_0_fifo_w48_d2_S)' using Shift Registers.
INFO: [RTMG 210-285] Implementing FIFO 'bytePlanes_plane0_U(design_1_v_frmbuf_wr_1_0_fifo_w128_d241_B)' using Block RAMs.
INFO: [RTMG 210-285] Implementing FIFO 'bytePlanes_plane1_U(design_1_v_frmbuf_wr_1_0_fifo_w128_d241_B)' using Block RAMs.
INFO: [RTMG 210-285] Implementing FIFO 'start_for_MultiPixStream2Bytes_U0_U(design_1_v_frmbuf_wr_1_0_start_for_MultiPixStream2Bytes_U0)' using Shift Registers.
INFO: [RTMG 210-285] Implementing FIFO 'start_for_Bytes2AXIMMvideo_U0_U(design_1_v_frmbuf_wr_1_0_start_for_Bytes2AXIMMvideo_U0)' using Shift Registers.
INFO: [HLS 200-111] Finished Creating RTL model: CPU user time: 0 seconds. CPU system time: 0 seconds. Elapsed time: 0.192 seconds; current allocated memory: 362.785 MB.
INFO: [HLS 200-10] ----------------------------------------------------------------
INFO: [HLS 200-10] -- Generating RTL for module 'v_frmbuf_wr' 
INFO: [HLS 200-10] ----------------------------------------------------------------
WARNING: [RTGEN 206-101] Design contains AXI ports. Reset is fixed to synchronous and active low.
INFO: [RTGEN 206-500] Setting interface mode on port 'v_frmbuf_wr/mm_video' to 'm_axi'.
INFO: [RTGEN 206-500] Setting interface mode on port 'v_frmbuf_wr/width' to 's_axilite & ap_none'.
INFO: [RTGEN 206-500] Setting interface mode on port 'v_frmbuf_wr/height' to 's_axilite & ap_none'.
INFO: [RTGEN 206-500] Setting interface mode on port 'v_frmbuf_wr/stride' to 's_axilite & ap_none'.
INFO: [RTGEN 206-500] Setting interface mode on port 'v_frmbuf_wr/video_format' to 's_axilite & ap_none'.
INFO: [RTGEN 206-500] Setting interface mode on port 'v_frmbuf_wr/frm_buffer' to 's_axilite & ap_none'.
INFO: [RTGEN 206-500] Setting interface mode on port 'v_frmbuf_wr/frm_buffer2' to 's_axilite & ap_none'.
INFO: [RTGEN 206-500] Setting interface mode on port 'v_frmbuf_wr/frm_buffer3' to 's_axilite & ap_none'.
INFO: [RTGEN 206-500] Setting interface mode on port 'v_frmbuf_wr/s_axis_video_V_data_V' to 'axis' (register, both mode).
INFO: [RTGEN 206-500] Setting interface mode on port 'v_frmbuf_wr/s_axis_video_V_keep_V' to 'axis' (register, both mode).
INFO: [RTGEN 206-500] Setting interface mode on port 'v_frmbuf_wr/s_axis_video_V_strb_V' to 'axis' (register, both mode).
INFO: [RTGEN 206-500] Setting interface mode on port 'v_frmbuf_wr/s_axis_video_V_user_V' to 'axis' (register, both mode).
INFO: [RTGEN 206-500] Setting interface mode on port 'v_frmbuf_wr/s_axis_video_V_last_V' to 'axis' (register, both mode).
INFO: [RTGEN 206-500] Setting interface mode on port 'v_frmbuf_wr/s_axis_video_V_id_V' to 'axis' (register, both mode).
INFO: [RTGEN 206-500] Setting interface mode on port 'v_frmbuf_wr/s_axis_video_V_dest_V' to 'axis' (register, both mode).
INFO: [RTGEN 206-500] Setting interface mode on function 'v_frmbuf_wr' to 's_axilite & ap_ctrl_hs'.
INFO: [RTGEN 206-100] Bundling port 'width', 'height', 'stride', 'video_format', 'frm_buffer', 'frm_buffer2', 'frm_buffer3' and 'return' to AXI-Lite port CTRL.
INFO: [RTGEN 206-100] Generating core module 'mul_14s_3ns_14_1_1': 1 instance(s).
INFO: [RTGEN 206-100] Finished creating RTL model for 'v_frmbuf_wr'.
INFO: [RTMG 210-279] Implementing memory 'design_1_v_frmbuf_wr_1_0_BYTES_PER_PIXEL_ROM_AUTO_1R' using auto ROMs.
INFO: [RTMG 210-279] Implementing memory 'design_1_v_frmbuf_wr_1_0_MEMORY2LIVE_ROM_AUTO_1R' using auto ROMs.
INFO: [HLS 200-111] Finished Creating RTL model: CPU user time: 0 seconds. CPU system time: 0 seconds. Elapsed time: 1.786 seconds; current allocated memory: 364.582 MB.
INFO: [HLS 200-111] Finished Generating all RTL models: CPU user time: 0 seconds. CPU system time: 0 seconds. Elapsed time: 0.5 seconds; current allocated memory: 368.625 MB.
INFO: [HLS 200-1603] Design has inferred MAXI bursts and missed bursts, see Vitis HLS GUI synthesis summary report for detailed information.
INFO: [HLS 200-2225] Wrote inferred directives to file C:/TFG_Vivado/vivado/axu2cga_trd.runs/design_1_v_frmbuf_wr_1_0_synth_1/prj/sol/syn/inferred_directives.ini
INFO: [HLS 200-111] Finished Updating report files: CPU user time: 1 seconds. CPU system time: 1 seconds. Elapsed time: 1.915 seconds; current allocated memory: 378.449 MB.
INFO: [VHDL 208-304] Generating VHDL RTL for v_frmbuf_wr with prefix design_1_v_frmbuf_wr_1_0_.
INFO: [VLOG 209-307] Generating Verilog RTL for v_frmbuf_wr with prefix design_1_v_frmbuf_wr_1_0_.
INFO: [HLS 200-789] **** Estimated Fmax: 273.97 MHz
INFO: [HLS 200-2161] Finished Command csynth_design Elapsed time: 00:00:58; Allocated memory: 242.172 MB.
INFO: [HLS 200-1510] Running: export_design -format ip_catalog 
INFO: [IMPL 213-8] Exporting RTL as a Vivado IP.
!! WARNING !!
"PYTHONPATH" variable is set greater than default max string limit of "519" characters.
Please ignore this, if you have already made changes to your system registry to accept more than
default limit of 519 characters.
!! WARNING !!

****** Vivado v2025.2 (64-bit)
  **** SW Build 6299465 on Fri Nov 14 19:35:11 GMT 2025
  **** IP Build 6300035 on Fri Nov 14 10:48:45 MST 2025
  **** SharedData Build 6298862 on Thu Nov 13 04:50:51 MST 2025
  **** Start of session at: Wed Jan 21 13:08:09 2026
    ** Copyright 1986-2022 Xilinx, Inc. All Rights Reserved.
    ** Copyright 2022-2025 Advanced Micro Devices, Inc. All Rights Reserved.

source run_ippack.tcl -notrace
INFO: calling package_hls_ip ip_types=vitis sysgen json_file=C:/TFG_Vivado/vivado/axu2cga_trd.runs/design_1_v_frmbuf_wr_1_0_synth_1/prj/sol/sol_data.json outdir=C:/TFG_Vivado/vivado/axu2cga_trd.runs/design_1_v_frmbuf_wr_1_0_synth_1/prj/sol/impl/ip srcdir=C:/TFG_Vivado/vivado/axu2cga_trd.runs/design_1_v_frmbuf_wr_1_0_synth_1/prj/sol ippack_options_dict=subcore_use_xci_files false ippack_options_dict=subcore_use_xci_files false
INFO: Copied 1 ipmisc file(s) to C:/TFG_Vivado/vivado/axu2cga_trd.runs/design_1_v_frmbuf_wr_1_0_synth_1/prj/sol/impl/ip/misc
INFO: Copied 37 verilog file(s) to C:/TFG_Vivado/vivado/axu2cga_trd.runs/design_1_v_frmbuf_wr_1_0_synth_1/prj/sol/impl/ip/hdl/verilog
INFO: Copied 28 vhdl file(s) to C:/TFG_Vivado/vivado/axu2cga_trd.runs/design_1_v_frmbuf_wr_1_0_synth_1/prj/sol/impl/ip/hdl/vhdl
INFO: Copied 10 swdriver file(s) to C:/TFG_Vivado/vivado/axu2cga_trd.runs/design_1_v_frmbuf_wr_1_0_synth_1/prj/sol/impl/ip/drivers
INFO: Import ports from HDL: C:/TFG_Vivado/vivado/axu2cga_trd.runs/design_1_v_frmbuf_wr_1_0_synth_1/prj/sol/impl/ip/hdl/vhdl/design_1_v_frmbuf_wr_1_0_v_frmbuf_wr.vhd (design_1_v_frmbuf_wr_1_0_v_frmbuf_wr)
INFO: Add axi4lite interface s_axi_CTRL
INFO: Add clock interface ap_clk
INFO: Add reset interface ap_rst_n
INFO: Add interrupt interface interrupt
INFO: [IP_Flow 19-234] Refreshing IP repositories
INFO: [IP_Flow 19-1704] No user IP repositories specified
INFO: [IP_Flow 19-2313] Loaded Vivado IP repository 'C:/AMDDesignTools/2025.2/Vivado/data/ip'.
INFO: Add axi4full interface m_axi_mm_video
INFO: Add axi4stream interface s_axis_video
INFO: Calling post_process_vitis to specialize IP
INFO: Calling post_process_sysgen to specialize IP
Generating sysgen info xml from json file
INFO: Created IP C:/TFG_Vivado/vivado/axu2cga_trd.runs/design_1_v_frmbuf_wr_1_0_synth_1/prj/sol/impl/ip/component.xml
INFO: Created IP archive C:/TFG_Vivado/vivado/axu2cga_trd.runs/design_1_v_frmbuf_wr_1_0_synth_1/prj/sol/impl/ip/xilinx_com_ip_v_frmbuf_wr_3_0.zip
INFO: [Common 17-206] Exiting Vivado at Wed Jan 21 13:08:17 2026...
INFO: [HLS 200-802] Generated output file prj/sol/impl/export.zip
INFO: [HLS 200-2161] Finished Command export_design Elapsed time: 00:00:09; Allocated memory: 4.125 MB.
INFO: [HLS 200-112] Total CPU user time: 7 seconds. Total CPU system time: 3 seconds. Total elapsed time: 72.642 seconds; peak allocated memory: 382.598 MB.
INFO: [vitis-run 60-791] Total elapsed time: 0h 1m 16s
INFO: [vitis-run 60-1662] Stopping dispatch session having empty uuid.
